 ftlib_x86

 Timestamp is 51ba276c (Fri Jun 14 00:11:24 2013)

 Preferred load address is 10000000

 Start         Length     Name                   Class
 0001:00000000 000d4982H .text                   CODE
 0001:000d4990 00000109H .text$x                 CODE
 0002:00000000 0000015cH .idata$5                DATA
 0002:0000015c 00000004H .CRT$XCA                DATA
 0002:00000160 00000004H .CRT$XCZ                DATA
 0002:00000164 00000004H .CRT$XIA                DATA
 0002:00000168 00000014H .CRT$XIC                DATA
 0002:0000017c 00000004H .CRT$XIZ                DATA
 0002:00000180 00000004H .CRT$XPA                DATA
 0002:00000184 00000008H .CRT$XPX                DATA
 0002:0000018c 00000004H .CRT$XPXA               DATA
 0002:00000190 00000004H .CRT$XPZ                DATA
 0002:00000194 00000004H .CRT$XTA                DATA
 0002:00000198 00000004H .CRT$XTZ                DATA
 0002:000001a0 0002e120H .rdata                  DATA
 0002:0002e2c0 00000051H .rdata$debug            DATA
 0002:0002e314 000001c4H .rdata$r                DATA
 0002:0002e4e0 0000002cH .rdata$sxdata           DATA
 0002:0002e50c 00000004H .rtc$IAA                DATA
 0002:0002e510 00000070H .rtc$IMZ                DATA
 0002:0002e580 00000004H .rtc$IZZ                DATA
 0002:0002e584 00000004H .rtc$TAA                DATA
 0002:0002e588 00000070H .rtc$TMZ                DATA
 0002:0002e5f8 00000004H .rtc$TZZ                DATA
 0002:0002e600 00000d20H .xdata$x                DATA
 0002:0002f320 00000014H .idata$2                DATA
 0002:0002f334 00000014H .idata$3                DATA
 0002:0002f348 0000015cH .idata$4                DATA
 0002:0002f4a4 00000640H .idata$6                DATA
 0002:0002faf0 0000004cH .edata                  DATA
 0003:00000000 0000cdc0H .data                   DATA
 0003:0000cdc0 00014ee0H .bss                    DATA

  Address         Publics by Value              Rva+Base       Lib:Object

 0000:00000000       __except_list              00000000     <absolute>
 0000:0000000b       ___safe_se_handler_count   0000000b     <absolute>
 0000:00000000       ___ImageBase               10000000     <linker-defined>
 0001:00000000       _FTLIB_InitSubsystems      10001000 f   ftlib.obj
 0001:00000090       _FTLIB_PrecacheFonts       10001090 f   ftlib.obj
 0001:00001a80       _FTLIB_RegisterFont        10002a80 f   ftlib.obj
 0001:00001c40       _FTLIB_TouchFont           10002c40 f   ftlib.obj
 0001:00001cd0       _FTLIB_FreeFonts           10002cd0 f   ftlib.obj
 0001:00001ed0       _FTLIB_ShutdownSubsystems  10002ed0 f   ftlib.obj
 0001:00001f20       _FTLIB_PrintFontList       10002f20 f   ftlib.obj
 0001:00002040       _FTLIB_fontHeight          10003040 f   ftlib_draw.obj
 0001:00002060       _FTLIB_strWidth            10003060 f   ftlib_draw.obj
 0001:00002200       _FTLIB_StrlenForWidth      10003200 f   ftlib_draw.obj
 0001:000023a0       _FTLIB_DrawRawChar         100033a0 f   ftlib_draw.obj
 0001:000024d0       _FTLIB_DrawClampString     100034d0 f   ftlib_draw.obj
 0001:00002840       _FTLIB_DrawRawString       10003840 f   ftlib_draw.obj
 0001:00002aa0       _FTLIB_API                 10003aa0 f   ftlib_main.obj
 0001:00002ab0       _FTLIB_Init                10003ab0 f   ftlib_main.obj
 0001:00002b60       _FTLIB_Shutdown            10003b60 f   ftlib_main.obj
 0001:00002c00       _FTLIB_CopyString          10003c00 f   ftlib_main.obj
 0001:00002ca0       _Sys_Error                 10003ca0 f   ftlib_main.obj
 0001:00002d80       _Com_Printf                10003d80 f   ftlib_main.obj
 0001:00002e60       _Com_DPrintf               10003e60 f   ftlib_main.obj
 0001:00002f50       _GetFTLibAPI               10003f50 f   ftlib_syscalls.obj
 0001:00002ff0       _DirToByte                 10003ff0 f   q_math.obj
 0001:00003140       _ByteToDir                 10004140 f   q_math.obj
 0001:000031b0       _ColorNormalize            100041b0 f   q_math.obj
 0001:000032b0       _NormToLatLong             100042b0 f   q_math.obj
 0001:000033a0       _MakeNormalVectors         100043a0 f   q_math.obj
 0001:000034d0       _RotatePointAroundVector   100044d0 f   q_math.obj
 0001:00003740       _AngleVectors              10004740 f   q_math.obj
 0001:00003960       _VecToAngles               10004960 f   q_math.obj
 0001:00003af0       _AnglesToAxis              10004af0 f   q_math.obj
 0001:00003b60       _NormalVectorToAxis        10004b60 f   q_math.obj
 0001:00003c90       _BuildBoxPoints            10004c90 f   q_math.obj
 0001:00003e30       _ProjectPointOntoPlane     10004e30 f   q_math.obj
 0001:00003f50       _PerpendicularVector       10004f50 f   q_math.obj
 0001:00004070       _ProjectPointOntoVector    10005070 f   q_math.obj
 0001:000041a0       _DistanceFromLineSquared   100051a0 f   q_math.obj
 0001:000043c0       _Q_RSqrt                   100053c0 f   q_math.obj
 0001:00004440       _Q_rand                    10005440 f   q_math.obj
 0001:00004480       _Q_bitcount                10005480 f   q_math.obj
 0001:000044e0       _LerpAngle                 100054e0 f   q_math.obj
 0001:00004540       _AngleSubtract             10005540 f   q_math.obj
 0001:000045a0       _AnglesSubtract            100055a0 f   q_math.obj
 0001:00004610       _AngleNormalize360         10005610 f   q_math.obj
 0001:00004660       _AngleNormalize180         10005660 f   q_math.obj
 0001:000046a0       _AngleDelta                100056a0 f   q_math.obj
 0001:000046e0       _anglemod                  100056e0 f   q_math.obj
 0001:00004720       _CalcFov                   10005720 f   q_math.obj
 0001:000047d0       _AdjustFov                 100057d0 f   q_math.obj
 0001:00004920       _BoxOnPlaneSide            10005920 f   q_math.obj
 0001:00004ca0       _SignbitsForPlane          10005ca0 f   q_math.obj
 0001:00004d10       _PlaneTypeForNormal        10005d10 f   q_math.obj
 0001:00004d70       _CategorizePlane           10005d70 f   q_math.obj
 0001:00004e90       _PlaneFromPoints           10005e90 f   q_math.obj
 0001:00004fe0       _ComparePlanes             10005fe0 f   q_math.obj
 0001:00005090       _SnapVector                10006090 f   q_math.obj
 0001:00005170       _SnapPlane                 10006170 f   q_math.obj
 0001:00005240       _ClearBounds               10006240 f   q_math.obj
 0001:00005290       _BoundsIntersect           10006290 f   q_math.obj
 0001:00005330       _BoundsAndSphereIntersect  10006330 f   q_math.obj
 0001:00005430       _AddPointToBounds          10006430 f   q_math.obj
 0001:000054b0       _RadiusFromBounds          100064b0 f   q_math.obj
 0001:000055e0       _VectorNormalize           100065e0 f   q_math.obj
 0001:00005690       _VectorNormalize2          10006690 f   q_math.obj
 0001:00005750       _Vector4Normalize          10006750 f   q_math.obj
 0001:00005820       _VectorNormalizeFast       10006820 f   q_math.obj
 0001:000058b0       __VectorMA                 100068b0 f   q_math.obj
 0001:00005900       __DotProduct               10006900 f   q_math.obj
 0001:00005940       __VectorSubtract           10006940 f   q_math.obj
 0001:00005980       __VectorAdd                10006980 f   q_math.obj
 0001:000059c0       __VectorCopy               100069c0 f   q_math.obj
 0001:000059f0       _Q_log2                    100069f0 f   q_math.obj
 0001:00005a20       _VectorReflect             10006a20 f   q_math.obj
 0001:00005ab0       _Matrix3_Identity          10006ab0 f   q_math.obj
 0001:00005b30       _Matrix3_Copy              10006b30 f   q_math.obj
 0001:00005b50       _Matrix3_Compare           10006b50 f   q_math.obj
 0001:00005ba0       _Matrix3_Multiply          10006ba0 f   q_math.obj
 0001:00005d40       _Matrix3_TransformVector   10006d40 f   q_math.obj
 0001:00005dd0       _Matrix3_Transpose         10006dd0 f   q_math.obj
 0001:00005e40       _Matrix3_FromAngles        10006e40 f   q_math.obj
 0001:00005e70       _Matrix3_ToAngles          10006e70 f   q_math.obj
 0001:00005ff0       _Matrix3_Rotate            10006ff0 f   q_math.obj
 0001:00006170       _Matrix3_FromPoints        10007170 f   q_math.obj
 0001:00006370       _Matrix3_Normalize         10007370 f   q_math.obj
 0001:000063b0       _Quat_Identity             100073b0 f   q_math.obj
 0001:000063e0       _Quat_Copy                 100073e0 f   q_math.obj
 0001:00006420       _Quat_Quat3                10007420 f   q_math.obj
 0001:000064f0       _Quat_Compare              100074f0 f   q_math.obj
 0001:00006550       _Quat_Conjugate            10007550 f   q_math.obj
 0001:00006590       _Quat_DotProduct           10007590 f   q_math.obj
 0001:000065e0       _Quat_Normalize            100075e0 f   q_math.obj
 0001:000066a0       _Quat_Inverse              100076a0 f   q_math.obj
 0001:000066d0       _Quat_FromMatrix3          100076d0 f   q_math.obj
 0001:00006910       _Quat_Multiply             10007910 f   q_math.obj
 0001:00006a00       _Quat_Lerp                 10007a00 f   q_math.obj
 0001:00006c20       _Quat_Vectors              10007c20 f   q_math.obj
 0001:00006d50       _Quat_ToMatrix3            10007d50 f   q_math.obj
 0001:00006d80       _Quat_TransformVector      10007d80 f   q_math.obj
 0001:00006ed0       _Quat_ConcatTransforms     10007ed0 f   q_math.obj
 0001:00006f40       _DualQuat_Identity         10007f40 f   q_math.obj
 0001:00006f90       _DualQuat_Copy             10007f90 f   q_math.obj
 0001:00006fd0       _DualQuat_FromAnglesAndVector 10007fd0 f   q_math.obj
 0001:00007060       _DualQuat_FromMatrix3AndVector 10008060 f   q_math.obj
 0001:00007170       _DualQuat_FromQuatAndVector 10008170 f   q_math.obj
 0001:000071a0       _DualQuat_FromQuat3AndVector 100081a0 f   q_math.obj
 0001:000071d0       _DualQuat_GetVector        100081d0 f   q_math.obj
 0001:00007330       _DualQuat_ToQuatAndVector  10008330 f   q_math.obj
 0001:00007360       _DualQuat_ToMatrix3AndVector 10008360 f   q_math.obj
 0001:00007390       _DualQuat_Invert           10008390 f   q_math.obj
 0001:00007460       _DualQuat_Normalize        10008460 f   q_math.obj
 0001:00007580       _DualQuat_Multiply         10008580 f   q_math.obj
 0001:00007670       _DualQuat_Lerp             10008670 f   q_math.obj
 0001:000076c0       _LogisticCDF               100086c0 f   q_math.obj
 0001:00007700       _LogisticPDF               10008700 f   q_math.obj
 0001:00007760       _NormalCDF                 10008760 f   q_math.obj
 0001:00007970       _NormalPDF                 10008970 f   q_math.obj
 0001:000079d0       _COM_SanitizeFilePath      100089d0 f   q_shared.obj
 0001:00007a40       _COM_ValidateFilename      10008a40 f   q_shared.obj
 0001:00007aa0       _COM_ValidateRelativeFilename 10008aa0 f   q_shared.obj
 0001:00007b10       _COM_StripExtension        10008b10 f   q_shared.obj
 0001:00007b90       _COM_FileExtension         10008b90 f   q_shared.obj
 0001:00007c20       _COM_DefaultExtension      10008c20 f   q_shared.obj
 0001:00007d10       _COM_ReplaceExtension      10008d10 f   q_shared.obj
 0001:00007dc0       _COM_FileBase              10008dc0 f   q_shared.obj
 0001:00007e00       _COM_StripFilename         10008e00 f   q_shared.obj
 0001:00007e40       _COM_FilePathLength        10008e40 f   q_shared.obj
 0001:00007e80       _ShortSwap                 10008e80 f   q_shared.obj
 0001:00007ec0       _LongSwap                  10008ec0 f   q_shared.obj
 0001:00007f30       _FloatSwap                 10008f30 f   q_shared.obj
 0001:00007fb0       _Swap_Init                 10008fb0 f   q_shared.obj
 0001:00007fc0       _tv                        10008fc0 f   q_shared.obj
 0001:00008010       _vtos                      10009010 f   q_shared.obj
 0001:00008090       _va                        10009090 f   q_shared.obj
 0001:00008100       _COM_Compress              10009100 f   q_shared.obj
 0001:00008310       _COM_ParseExt2             10009310 f   q_shared.obj
 0001:00008590       _Q_GrabCharFromColorString 10009590 f   q_shared.obj
 0001:00008690       _Q_GrabWCharFromColorString 10009690 f   q_shared.obj
 0001:000087a0       _COM_RemoveColorTokensExt  100097a0 f   q_shared.obj
 0001:000088e0       _COM_SanitizeColorString   100098e0 f   q_shared.obj
 0001:00008ac0       _Q_ColorStringTerminator   10009ac0 f   q_shared.obj
 0001:00008c40       _COM_RemoveJunkChars       10009c40 f   q_shared.obj
 0001:00008db0       _COM_ReadColorRGBString    10009db0 f   q_shared.obj
 0001:00008e10       _COM_ValidatePlayerColor   10009e10 f   q_shared.obj
 0001:00008ee0       _Q_memset32                10009ee0 f   q_shared.obj
 0001:00008f20       _Q_strncpyz                10009f20 f   q_shared.obj
 0001:00008f80       _Q_strncatz                10009f80 f   q_shared.obj
 0001:00009020       _Q_vsnprintfz              1000a020 f   q_shared.obj
 0001:000090a0       _Q_snprintfz               1000a0a0 f   q_shared.obj
 0001:000090e0       _Q_strupr                  1000a0e0 f   q_shared.obj
 0001:00009140       _Q_strlwr                  1000a140 f   q_shared.obj
 0001:000091a0       _Q_strlocate               1000a1a0 f   q_shared.obj
 0001:00009250       _Q_strcount                1000a250 f   q_shared.obj
 0001:000092e0       _Q_strrstr                 1000a2e0 f   q_shared.obj
 0001:00009340       _Q_trim                    1000a340 f   q_shared.obj
 0001:00009430       _Q_WCharToUtf8             1000a430 f   q_shared.obj
 0001:00009530       _Q_Utf8SyncPos             1000a530 f   q_shared.obj
 0001:000095a0       _Q_GrabWCharFromUtf8String 1000a5a0 f   q_shared.obj
 0001:00009760       _Q_isdigit                 1000a760 f   q_shared.obj
 0001:000097b0       _Q_chrreplace              1000a7b0 f   q_shared.obj
 0001:00009800       _COM_ValidateConfigstring  1000a800 f   q_shared.obj
 0001:000098a0       _Info_Validate             1000a8a0 f   q_shared.obj
 0001:00009a30       _Info_ValueForKey          1000aa30 f   q_shared.obj
 0001:00009dc0       _Info_RemoveKey            1000adc0 f   q_shared.obj
 0001:00009f00       _Info_SetValueForKey       1000af00 f   q_shared.obj
 0001:0000a140       _Q_GainForAttenuation      1000b140 f   q_shared.obj
 0001:0000a390       _BlockAllocator            1000b390 f   q_shared.obj
 0001:0000a430       _BA_Alloc                  1000b430 f   q_shared.obj
 0001:0000a550       _BlockAllocator_Free       1000b550 f   q_shared.obj
 0001:0000a5e0       _LinearAllocator           1000b5e0 f   q_shared.obj
 0001:0000a6b0       _LA_Alloc                  1000b6b0 f   q_shared.obj
 0001:0000a7b0       _LA_Pointer                1000b7b0 f   q_shared.obj
 0001:0000a7f0       _LA_Size                   1000b7f0 f   q_shared.obj
 0001:0000a800       _LinearAllocator_Free      1000b800 f   q_shared.obj
 0001:0000a830       _FT_Add_Default_Modules    1000b830 f   libfreetypestat:ftinit.obj
 0001:0000a8b0       _FT_Init_FreeType          1000b8b0 f   libfreetypestat:ftinit.obj
 0001:0000a930       _FT_Done_FreeType          1000b930 f   libfreetypestat:ftinit.obj
 0001:0000a980       _FT_Get_Advance            1000b980 f   libfreetypestat:ftbase.obj
 0001:0000ab00       _FT_Get_Advances           1000bb00 f   libfreetypestat:ftbase.obj
 0001:0000acb0       _FT_RoundFix               1000bcb0 f   libfreetypestat:ftbase.obj
 0001:0000acf0       _FT_CeilFix                1000bcf0 f   libfreetypestat:ftbase.obj
 0001:0000ad30       _FT_FloorFix               1000bd30 f   libfreetypestat:ftbase.obj
 0001:0000ad70       _FT_Sqrt32                 1000bd70 f   libfreetypestat:ftbase.obj
 0001:0000ade0       _FT_MulDiv                 1000bde0 f   libfreetypestat:ftbase.obj
 0001:0000b150       _FT_MulDiv_No_Round        1000c150 f   libfreetypestat:ftbase.obj
 0001:0000b2b0       _FT_MulFix                 1000c2b0 f   libfreetypestat:ftbase.obj
 0001:0000b310       _FT_DivFix                 1000c310 f   libfreetypestat:ftbase.obj
 0001:0000b450       _FT_Matrix_Multiply        1000c450 f   libfreetypestat:ftbase.obj
 0001:0000b580       _FT_Matrix_Invert          1000c580 f   libfreetypestat:ftbase.obj
 0001:0000b670       _FT_Matrix_Multiply_Scaled 1000c670 f   libfreetypestat:ftbase.obj
 0001:0000b7c0       _FT_Vector_Transform_Scaled 1000c7c0 f   libfreetypestat:ftbase.obj
 0001:0000b890       _FT_SqrtFixed              1000c890 f   libfreetypestat:ftbase.obj
 0001:0000b930       _ft_corner_orientation     1000c930 f   libfreetypestat:ftbase.obj
 0001:0000baa0       _ft_corner_is_flat         1000caa0 f   libfreetypestat:ftbase.obj
 0001:0000bb70       _FT_GlyphLoader_New        1000cb70 f   libfreetypestat:ftbase.obj
 0001:0000bc00       _FT_GlyphLoader_Rewind     1000cc00 f   libfreetypestat:ftbase.obj
 0001:0000bc60       _FT_GlyphLoader_Reset      1000cc60 f   libfreetypestat:ftbase.obj
 0001:0000bd60       _FT_GlyphLoader_Done       1000cd60 f   libfreetypestat:ftbase.obj
 0001:0000bdb0       _FT_GlyphLoader_CreateExtra 1000cdb0 f   libfreetypestat:ftbase.obj
 0001:0000bf00       _FT_GlyphLoader_CheckPoints 1000cf00 f   libfreetypestat:ftbase.obj
 0001:0000c150       _FT_GlyphLoader_CheckSubGlyphs 1000d150 f   libfreetypestat:ftbase.obj
 0001:0000c290       _FT_GlyphLoader_Prepare    1000d290 f   libfreetypestat:ftbase.obj
 0001:0000c2f0       _FT_GlyphLoader_Add        1000d2f0 f   libfreetypestat:ftbase.obj
 0001:0000c3d0       _FT_GlyphLoader_CopyPoints 1000d3d0 f   libfreetypestat:ftbase.obj
 0001:0000c510       _ft_service_list_lookup    1000d510 f   libfreetypestat:ftbase.obj
 0001:0000c590       _ft_validator_init         1000d590 f   libfreetypestat:ftbase.obj
 0001:0000c5c0       _ft_validator_run          1000d5c0 f   libfreetypestat:ftbase.obj
 0001:0000c5d0       _ft_validator_error        1000d5d0 f   libfreetypestat:ftbase.obj
 0001:0000c610       _FT_Stream_New             1000d610 f   libfreetypestat:ftbase.obj
 0001:0000c7a0       _FT_Stream_Free            1000d7a0 f   libfreetypestat:ftbase.obj
 0001:0000c800       _ft_glyphslot_free_bitmap  1000d800 f   libfreetypestat:ftbase.obj
 0001:0000c890       _ft_glyphslot_set_bitmap   1000d890 f   libfreetypestat:ftbase.obj
 0001:0000c8e0       _ft_glyphslot_alloc_bitmap 1000d8e0 f   libfreetypestat:ftbase.obj
 0001:0000c9b0       _FT_New_GlyphSlot          1000d9b0 f   libfreetypestat:ftbase.obj
 0001:0000cd10       _FT_Done_GlyphSlot         1000dd10 f   libfreetypestat:ftbase.obj
 0001:0000cde0       _FT_Set_Transform          1000dde0 f   libfreetypestat:ftbase.obj
 0001:0000cef0       _FT_Load_Glyph             1000def0 f   libfreetypestat:ftbase.obj
 0001:0000d6a0       _FT_Load_Char              1000e6a0 f   libfreetypestat:ftbase.obj
 0001:0000d700       _FT_New_Face               1000e700 f   libfreetypestat:ftbase.obj
 0001:0000d790       _FT_New_Memory_Face        1000e790 f   libfreetypestat:ftbase.obj
 0001:0000d830       _FT_Open_Face              1000e830 f   libfreetypestat:ftbase.obj
 0001:0000f690       _FT_Attach_File            10010690 f   libfreetypestat:ftbase.obj
 0001:0000f720       _FT_Attach_Stream          10010720 f   libfreetypestat:ftbase.obj
 0001:0000f840       _FT_Reference_Face         10010840 f   libfreetypestat:ftbase.obj
 0001:0000f870       _FT_Done_Face              10010870 f   libfreetypestat:ftbase.obj
 0001:0000fb60       _FT_New_Size               10010b60 f   libfreetypestat:ftbase.obj
 0001:0000fd10       _FT_Done_Size              10010d10 f   libfreetypestat:ftbase.obj
 0001:0000fe20       _FT_Match_Size             10010e20 f   libfreetypestat:ftbase.obj
 0001:0000ff90       _ft_synthesize_vertical_metrics 10010f90 f   libfreetypestat:ftbase.obj
 0001:00010030       _FT_Select_Metrics         10011030 f   libfreetypestat:ftbase.obj
 0001:000101d0       _FT_Request_Metrics        100111d0 f   libfreetypestat:ftbase.obj
 0001:00010510       _FT_Select_Size            10011510 f   libfreetypestat:ftbase.obj
 0001:000105b0       _FT_Request_Size           100115b0 f   libfreetypestat:ftbase.obj
 0001:00010700       _FT_Set_Char_Size          10011700 f   libfreetypestat:ftbase.obj
 0001:000107f0       _FT_Set_Pixel_Sizes        100117f0 f   libfreetypestat:ftbase.obj
 0001:000108e0       _FT_Get_Kerning            100118e0 f   libfreetypestat:ftbase.obj
 0001:00010a60       _FT_Get_Track_Kerning      10011a60 f   libfreetypestat:ftbase.obj
 0001:00010b30       _FT_Select_Charmap         10011b30 f   libfreetypestat:ftbase.obj
 0001:00010c20       _FT_Set_Charmap            10011c20 f   libfreetypestat:ftbase.obj
 0001:00010d00       _FT_Get_Charmap_Index      10011d00 f   libfreetypestat:ftbase.obj
 0001:00010e40       _FT_CMap_Done              10011e40 f   libfreetypestat:ftbase.obj
 0001:00010fd0       _FT_CMap_New               10011fd0 f   libfreetypestat:ftbase.obj
 0001:00011160       _FT_Get_Char_Index         10012160 f   libfreetypestat:ftbase.obj
 0001:00011210       _FT_Get_First_Char         10012210 f   libfreetypestat:ftbase.obj
 0001:000112d0       _FT_Get_Next_Char          100122d0 f   libfreetypestat:ftbase.obj
 0001:000113c0       _FT_Face_GetCharVariantIndex 100123c0 f   libfreetypestat:ftbase.obj
 0001:000115e0       _FT_Face_GetCharVariantIsDefault 100125e0 f   libfreetypestat:ftbase.obj
 0001:000116f0       _FT_Face_GetVariantSelectors 100126f0 f   libfreetypestat:ftbase.obj
 0001:00011770       _FT_Face_GetVariantsOfChar 10012770 f   libfreetypestat:ftbase.obj
 0001:00011840       _FT_Face_GetCharsOfVariant 10012840 f   libfreetypestat:ftbase.obj
 0001:00011910       _FT_Get_Name_Index         10012910 f   libfreetypestat:ftbase.obj
 0001:00011a30       _FT_Get_Glyph_Name         10012a30 f   libfreetypestat:ftbase.obj
 0001:00011b80       _FT_Get_Postscript_Name    10012b80 f   libfreetypestat:ftbase.obj
 0001:00011ca0       _FT_Get_Sfnt_Table         10012ca0 f   libfreetypestat:ftbase.obj
 0001:00011d50       _FT_Load_Sfnt_Table        10012d50 f   libfreetypestat:ftbase.obj
 0001:00011e10       _FT_Sfnt_Table_Info        10012e10 f   libfreetypestat:ftbase.obj
 0001:00011f00       _FT_Get_CMap_Language_ID   10012f00 f   libfreetypestat:ftbase.obj
 0001:00012000       _FT_Get_CMap_Format        10013000 f   libfreetypestat:ftbase.obj
 0001:00012100       _FT_Activate_Size          10013100 f   libfreetypestat:ftbase.obj
 0001:00012150       _FT_Lookup_Renderer        10013150 f   libfreetypestat:ftbase.obj
 0001:00012270       _FT_Get_Renderer           10013270 f   libfreetypestat:ftbase.obj
 0001:00012290       _FT_Set_Renderer           10013290 f   libfreetypestat:ftbase.obj
 0001:000123a0       _FT_Render_Glyph_Internal  100133a0 f   libfreetypestat:ftbase.obj
 0001:00012500       _FT_Render_Glyph           10013500 f   libfreetypestat:ftbase.obj
 0001:00012560       _FT_Add_Module             10013560 f   libfreetypestat:ftbase.obj
 0001:00012a00       _FT_Get_Module             10013a00 f   libfreetypestat:ftbase.obj
 0001:00012aa0       _FT_Get_Module_Interface   10013aa0 f   libfreetypestat:ftbase.obj
 0001:00012b00       _ft_module_get_service     10013b00 f   libfreetypestat:ftbase.obj
 0001:00012c40       _FT_Remove_Module          10013c40 f   libfreetypestat:ftbase.obj
 0001:00012f40       _FT_Reference_Library      10013f40 f   libfreetypestat:ftbase.obj
 0001:00012f60       _FT_New_Library            10013f60 f   libfreetypestat:ftbase.obj
 0001:00013090       _FT_Library_Version        10014090 f   libfreetypestat:ftbase.obj
 0001:00013110       _FT_Done_Library           10014110 f   libfreetypestat:ftbase.obj
 0001:00013340       _FT_Set_Debug_Hook         10014340 f   libfreetypestat:ftbase.obj
 0001:00013370       _FT_Get_TrueType_Engine_Type 10014370 f   libfreetypestat:ftbase.obj
 0001:000133f0       _ft_stub_set_char_sizes    100143f0 f   libfreetypestat:ftbase.obj
 0001:000134d0       _ft_stub_set_pixel_sizes   100144d0 f   libfreetypestat:ftbase.obj
 0001:00013590       _FT_Get_SubGlyph_Info      10014590 f   libfreetypestat:ftbase.obj
 0001:00013640       _FT_Outline_Decompose      10014640 f   libfreetypestat:ftbase.obj
 0001:00013f40       _FT_Outline_New_Internal   10014f40 f   libfreetypestat:ftbase.obj
 0001:000140a0       _FT_Outline_New            100150a0 f   libfreetypestat:ftbase.obj
 0001:000140e0       _FT_Outline_Check          100150e0 f   libfreetypestat:ftbase.obj
 0001:000141a0       _FT_Outline_Copy           100151a0 f   libfreetypestat:ftbase.obj
 0001:000142a0       _FT_Outline_Done_Internal  100152a0 f   libfreetypestat:ftbase.obj
 0001:00014370       _FT_Outline_Done           10015370 f   libfreetypestat:ftbase.obj
 0001:000143a0       _FT_Outline_Get_CBox       100153a0 f   libfreetypestat:ftbase.obj
 0001:000144d0       _FT_Outline_Translate      100154d0 f   libfreetypestat:ftbase.obj
 0001:00014550       _FT_Outline_Reverse        10015550 f   libfreetypestat:ftbase.obj
 0001:000146c0       _FT_Outline_Render         100156c0 f   libfreetypestat:ftbase.obj
 0001:00014800       _FT_Outline_Get_Bitmap     10015800 f   libfreetypestat:ftbase.obj
 0001:000148b0       _FT_Vector_Transform       100158b0 f   libfreetypestat:ftbase.obj
 0001:00014960       _FT_Outline_Transform      10015960 f   libfreetypestat:ftbase.obj
 0001:000149d0       _FT_Outline_Embolden       100159d0 f   libfreetypestat:ftbase.obj
 0001:00014ce0       _FT_Outline_Get_Orientation 10015ce0 f   libfreetypestat:ftbase.obj
 0001:000150e0       _FT_Raccess_Get_HeaderInfo 100160e0 f   libfreetypestat:ftbase.obj
 0001:00015370       _FT_Raccess_Get_DataOffsets 10016370 f   libfreetypestat:ftbase.obj
 0001:00015700       _FT_Raccess_Guess          10016700 f   libfreetypestat:ftbase.obj
 0001:000161d0       _FT_Get_Sfnt_Name_Count    100171d0 f   libfreetypestat:ftbase.obj
 0001:00016210       _FT_Get_Sfnt_Name          10017210 f   libfreetypestat:ftbase.obj
 0001:000163e0       _FT_Stream_OpenMemory      100173e0 f   libfreetypestat:ftbase.obj
 0001:00016420       _FT_Stream_Close           10017420 f   libfreetypestat:ftbase.obj
 0001:00016460       _FT_Stream_Seek            10017460 f   libfreetypestat:ftbase.obj
 0001:00016510       _FT_Stream_Skip            10017510 f   libfreetypestat:ftbase.obj
 0001:00016540       _FT_Stream_Pos             10017540 f   libfreetypestat:ftbase.obj
 0001:00016550       _FT_Stream_Read            10017550 f   libfreetypestat:ftbase.obj
 0001:00016580       _FT_Stream_ReadAt          10017580 f   libfreetypestat:ftbase.obj
 0001:00016670       _FT_Stream_TryRead         10017670 f   libfreetypestat:ftbase.obj
 0001:00016730       _FT_Stream_ExtractFrame    10017730 f   libfreetypestat:ftbase.obj
 0001:00016790       _FT_Stream_ReleaseFrame    10017790 f   libfreetypestat:ftbase.obj
 0001:000167f0       _FT_Stream_EnterFrame      100177f0 f   libfreetypestat:ftbase.obj
 0001:00016a00       _FT_Stream_ExitFrame       10017a00 f   libfreetypestat:ftbase.obj
 0001:00016a80       _FT_Stream_GetChar         10017a80 f   libfreetypestat:ftbase.obj
 0001:00016b00       _FT_Stream_GetUShort       10017b00 f   libfreetypestat:ftbase.obj
 0001:00016ba0       _FT_Stream_GetUShortLE     10017ba0 f   libfreetypestat:ftbase.obj
 0001:00016c40       _FT_Stream_GetUOffset      10017c40 f   libfreetypestat:ftbase.obj
 0001:00016cf0       _FT_Stream_GetULong        10017cf0 f   libfreetypestat:ftbase.obj
 0001:00016da0       _FT_Stream_GetULongLE      10017da0 f   libfreetypestat:ftbase.obj
 0001:00016e50       _FT_Stream_ReadChar        10017e50 f   libfreetypestat:ftbase.obj
 0001:00016f70       _FT_Stream_ReadUShort      10017f70 f   libfreetypestat:ftbase.obj
 0001:000170c0       _FT_Stream_ReadUShortLE    100180c0 f   libfreetypestat:ftbase.obj
 0001:00017210       _FT_Stream_ReadUOffset     10018210 f   libfreetypestat:ftbase.obj
 0001:00017370       _FT_Stream_ReadULong       10018370 f   libfreetypestat:ftbase.obj
 0001:000174e0       _FT_Stream_ReadULongLE     100184e0 f   libfreetypestat:ftbase.obj
 0001:00017650       _FT_Stream_ReadFields      10018650 f   libfreetypestat:ftbase.obj
 0001:000179d0       _FT_Cos                    100189d0 f   libfreetypestat:ftbase.obj
 0001:00017bf0       _FT_Sin                    10018bf0 f   libfreetypestat:ftbase.obj
 0001:00017c10       _FT_Tan                    10018c10 f   libfreetypestat:ftbase.obj
 0001:00017c90       _FT_Atan2                  10018c90 f   libfreetypestat:ftbase.obj
 0001:00018010       _FT_Vector_Unit            10019010 f   libfreetypestat:ftbase.obj
 0001:00018060       _FT_Vector_Rotate          10019060 f   libfreetypestat:ftbase.obj
 0001:00018280       _FT_Vector_Length          10019280 f   libfreetypestat:ftbase.obj
 0001:00018380       _FT_Vector_Polarize        10019380 f   libfreetypestat:ftbase.obj
 0001:00018450       _FT_Vector_From_Polar      10019450 f   libfreetypestat:ftbase.obj
 0001:00018480       _FT_Angle_Diff             10019480 f   libfreetypestat:ftbase.obj
 0001:000184d0       _ft_mem_alloc              100194d0 f   libfreetypestat:ftbase.obj
 0001:00018570       _ft_mem_qalloc             10019570 f   libfreetypestat:ftbase.obj
 0001:000185f0       _ft_mem_realloc            100195f0 f   libfreetypestat:ftbase.obj
 0001:000186b0       _ft_mem_qrealloc           100196b0 f   libfreetypestat:ftbase.obj
 0001:00018810       _ft_mem_free               10019810 f   libfreetypestat:ftbase.obj
 0001:00018840       _ft_mem_dup                10019840 f   libfreetypestat:ftbase.obj
 0001:000188e0       _ft_mem_strdup             100198e0 f   libfreetypestat:ftbase.obj
 0001:00018950       _ft_mem_strcpyn            10019950 f   libfreetypestat:ftbase.obj
 0001:000189a0       _FT_List_Find              100199a0 f   libfreetypestat:ftbase.obj
 0001:000189e0       _FT_List_Add               100199e0 f   libfreetypestat:ftbase.obj
 0001:00018a30       _FT_List_Insert            10019a30 f   libfreetypestat:ftbase.obj
 0001:00018a80       _FT_List_Remove            10019a80 f   libfreetypestat:ftbase.obj
 0001:00018ae0       _FT_List_Up                10019ae0 f   libfreetypestat:ftbase.obj
 0001:00018b60       _FT_List_Iterate           10019b60 f   libfreetypestat:ftbase.obj
 0001:00018be0       _FT_List_Finalize          10019be0 f   libfreetypestat:ftbase.obj
 0001:00018c90       _ft_highpow2               10019c90 f   libfreetypestat:ftbase.obj
 0001:00018cc0       _FT_Alloc                  10019cc0 f   libfreetypestat:ftbase.obj
 0001:00018d40       _FT_QAlloc                 10019d40 f   libfreetypestat:ftbase.obj
 0001:00018dc0       _FT_Realloc                10019dc0 f   libfreetypestat:ftbase.obj
 0001:00018e40       _FT_QRealloc               10019e40 f   libfreetypestat:ftbase.obj
 0001:00018ec0       _FT_Free                   10019ec0 f   libfreetypestat:ftbase.obj
 0001:000326b0       _ps_hints_apply            100336b0 f   libfreetypestat:pshinter.obj
 0001:00067bc0       _TT_New_Context            10068bc0 f   libfreetypestat:truetype.obj
 0001:00067dc0       _TT_RunIns                 10068dc0 f   libfreetypestat:truetype.obj
 0001:000715e0       _af_glyph_hints_dump_points 100725e0 f   libfreetypestat:autofit.obj
 0001:000715f0       _af_glyph_hints_dump_segments 100725f0 f   libfreetypestat:autofit.obj
 0001:00071600       _af_glyph_hints_get_num_segments 10072600 f   libfreetypestat:autofit.obj
 0001:00071620       _af_glyph_hints_get_segment_offset 10072620 f   libfreetypestat:autofit.obj
 0001:00071640       _af_glyph_hints_dump_edges 10072640 f   libfreetypestat:autofit.obj
 0001:0007aab0       _FT_Message                1007bab0 f   libfreetypestat:ftdebug.obj
 0001:0007ab20       _FT_Panic                  1007bb20 f   libfreetypestat:ftdebug.obj
 0001:0007ab80       _ft_debug_init             1007bb80 f   libfreetypestat:ftdebug.obj
 0001:0007ad80       _FT_Stream_Open            1007bd80 f   libfreetypestat:ftsystem.obj
 0001:0007afa0       _FT_New_Memory             1007bfa0 f   libfreetypestat:ftsystem.obj
 0001:0007b070       _FT_Done_Memory            1007c070 f   libfreetypestat:ftsystem.obj
 0001:0007b090       _FT_Stream_OpenLZW         1007c090 f   libfreetypestat:ftlzw.obj
 0001:0007b7b0       _ft_lzwstate_reset         1007c7b0 f   libfreetypestat:ftlzw.obj
 0001:0007b810       _ft_lzwstate_init          1007c810 f   libfreetypestat:ftlzw.obj
 0001:0007b890       _ft_lzwstate_done          1007c890 f   libfreetypestat:ftlzw.obj
 0001:0007b930       _ft_lzwstate_io            1007c930 f   libfreetypestat:ftlzw.obj
 0001:0007c240       _FT_Stream_OpenGzip        1007d240 f   libfreetypestat:ftgzip.obj
 0001:00080c12       _OutputDebugStringA@4      10081c12 f   kernel32:KERNEL32.dll
 0001:00080c20       __RTC_CheckEsp             10081c20 f   LIBCMTD:_stack_.obj
 0001:00080c50       @_RTC_CheckStackVars@8     10081c50 f   LIBCMTD:_stack_.obj
 0001:00080cc0       @_RTC_AllocaHelper@12      10081cc0 f   LIBCMTD:_stack_.obj
 0001:00080d00       @_RTC_CheckStackVars2@12   10081d00 f   LIBCMTD:_stack_.obj
 0001:00080de0       __RTC_InitBase             10081de0 f   LIBCMTD:_init_.obj
 0001:00080e10       __RTC_Shutdown             10081e10 f   LIBCMTD:_init_.obj
 0001:00080e30       __wassert                  10081e30 f   LIBCMTD:wassert.obj
 0001:000819c0       __invoke_watson_if_error   100829c0 f i LIBCMTD:wassert.obj
 0001:00081a30       _strlen                    10082a30 f   LIBCMTD:strlen.obj
 0001:00081ac0       @__security_check_cookie@4 10082ac0 f   LIBCMTD:secchk.obj
 0001:00081ad0       _memcpy                    10082ad0 f   LIBCMTD:memcpy.obj
 0001:00081e40       _memset                    10082e40 f   LIBCMTD:memset.obj
 0001:00081ec0       __fpmath                   10082ec0 f   LIBCMTD:_fpinit_.obj
 0001:00081ee0       __cfltcvt_init             10082ee0 f   LIBCMTD:_fpinit_.obj
 0001:00081f50       ___setfflag                10082f50 f   LIBCMTD:_fpinit_.obj
 0001:00081f70       __chkstk                   10082f70 f   LIBCMTD:chkstk.obj
 0001:00081f70       __alloca_probe             10082f70     LIBCMTD:chkstk.obj
 0001:00081fa0       __stricmp_l                10082fa0 f   LIBCMTD:stricmp.obj
 0001:00082150       ??0_LocaleUpdate@@QAE@PAUlocaleinfo_struct@@@Z 10083150 f i LIBCMTD:stricmp.obj
 0001:00082230       ??1_LocaleUpdate@@QAE@XZ   10083230 f i LIBCMTD:stricmp.obj
 0001:00082260       ?GetLocaleT@_LocaleUpdate@@QAEPAUlocaleinfo_struct@@XZ 10083260 f i LIBCMTD:stricmp.obj
 0001:00082270       ___ascii_stricmp           10083270 f   LIBCMTD:stricmp.obj
 0001:000822f0       __stricmp                  100832f0 f   LIBCMTD:stricmp.obj
 0001:00082400       _atan2                     10083400 f   LIBCMTD:_87ctriga_.obj
 0001:0008240a       __CIatan2                  1008340a f   LIBCMTD:_87ctriga_.obj
 0001:00082420       _acos                      10083420 f   LIBCMTD:_acos_.obj
 0001:00082460       __CIacos                   10083460 f   LIBCMTD:_acos_.obj
 0001:0008249b       __CIacos_default           1008349b f   LIBCMTD:_acos_.obj
 0001:000824af       __acos_default             100834af     LIBCMTD:_acos_.obj
 0001:00082570       __ftol2_sse                10083570 f   LIBCMTD:ftol2.obj
 0001:00082579       __ftol2_pentium4           10083579 f   LIBCMTD:ftol2.obj
 0001:0008258c       __ftol2_sse_excpt          1008358c f   LIBCMTD:ftol2.obj
 0001:000825a6       __ftol2                    100835a6 f   LIBCMTD:ftol2.obj
 0001:00082620       _sin                       10083620 f   LIBCMTD:_sin_.obj
 0001:00082660       __CIsin                    10083660 f   LIBCMTD:_sin_.obj
 0001:0008269b       __CIsin_default            1008369b f   LIBCMTD:_sin_.obj
 0001:000826af       __sin_default              100836af     LIBCMTD:_sin_.obj
 0001:00082750       _cos                       10083750 f   LIBCMTD:_cos_.obj
 0001:00082790       __CIcos                    10083790 f   LIBCMTD:_cos_.obj
 0001:000827cb       __CIcos_default            100837cb f   LIBCMTD:_cos_.obj
 0001:000827df       __cos_default              100837df     LIBCMTD:_cos_.obj
 0001:00082880       __CIsqrt                   10083880 f   LIBCMTD:_sqrt_.obj
 0001:00082894       _sqrt                      10083894     LIBCMTD:_sqrt_.obj
 0001:00082940       _fabs                      10083940 f   LIBCMTD:_fabs_.obj
 0001:00082a40       _atan                      10083a40 f   LIBCMTD:_atan_.obj
 0001:00082a80       __CIatan                   10083a80 f   LIBCMTD:_atan_.obj
 0001:00082abb       __CIatan_default           10083abb f   LIBCMTD:_atan_.obj
 0001:00082acf       __atan_default             10083acf     LIBCMTD:_atan_.obj
 0001:00082b60       _tan                       10083b60 f   LIBCMTD:_tan_.obj
 0001:00082ba0       __CItan                    10083ba0 f   LIBCMTD:_tan_.obj
 0001:00082bdb       __CItan_default            10083bdb f   LIBCMTD:_tan_.obj
 0001:00082bef       __tan_default              10083bef     LIBCMTD:_tan_.obj
 0001:00082c90       _asin                      10083c90 f   LIBCMTD:_asin_.obj
 0001:00082cd0       __CIasin                   10083cd0 f   LIBCMTD:_asin_.obj
 0001:00082d0b       __CIasin_default           10083d0b f   LIBCMTD:_asin_.obj
 0001:00082d1f       __asin_default             10083d1f     LIBCMTD:_asin_.obj
 0001:00082de0       _exp                       10083de0 f   LIBCMTD:_87ctran_.obj
 0001:00082e1c       __CIexp                    10083e1c f   LIBCMTD:_87ctran_.obj
 0001:00082e57       __exp_default              10083e57 f   LIBCMTD:_87ctran_.obj
 0001:00082e61       __CIexp_default            10083e61 f   LIBCMTD:_87ctran_.obj
 0001:00082e70       _abs                       10083e70 f   LIBCMTD:abs.obj
 0001:00082ea0       __abs64                    10083ea0 f   LIBCMTD:abs.obj
 0001:00082f00       _strchr                    10083f00 f   LIBCMTD:strchr.obj
 0001:00082f06       ___from_strstr_to_strchr   10083f06     LIBCMTD:strchr.obj
 0001:00082fc0       _strstr                    10083fc0 f   LIBCMTD:strstr.obj
 0001:00083050       _strrchr                   10084050 f   LIBCMTD:strrchr.obj
 0001:00083080       __isalpha_l                10084080 f i LIBCMTD:_ctype.obj
 0001:00083110       _isalpha                   10084110 f i LIBCMTD:_ctype.obj
 0001:00083150       __isupper_l                10084150 f i LIBCMTD:_ctype.obj
 0001:000831d0       _isupper                   100841d0 f i LIBCMTD:_ctype.obj
 0001:00083200       __islower_l                10084200 f i LIBCMTD:_ctype.obj
 0001:00083280       _islower                   10084280 f i LIBCMTD:_ctype.obj
 0001:000832b0       __isdigit_l                100842b0 f i LIBCMTD:_ctype.obj
 0001:00083330       _isdigit                   10084330 f i LIBCMTD:_ctype.obj
 0001:00083360       __isxdigit_l               10084360 f i LIBCMTD:_ctype.obj
 0001:000833f0       _isxdigit                  100843f0 f i LIBCMTD:_ctype.obj
 0001:00083430       __isspace_l                10084430 f i LIBCMTD:_ctype.obj
 0001:000834b0       _isspace                   100844b0 f i LIBCMTD:_ctype.obj
 0001:000834e0       __ispunct_l                100844e0 f i LIBCMTD:_ctype.obj
 0001:00083560       _ispunct                   10084560 f i LIBCMTD:_ctype.obj
 0001:00083590       __isalnum_l                10084590 f i LIBCMTD:_ctype.obj
 0001:00083620       _isalnum                   10084620 f i LIBCMTD:_ctype.obj
 0001:00083660       __isprint_l                10084660 f i LIBCMTD:_ctype.obj
 0001:000836f0       _isprint                   100846f0 f i LIBCMTD:_ctype.obj
 0001:00083730       __isgraph_l                10084730 f i LIBCMTD:_ctype.obj
 0001:000837c0       _isgraph                   100847c0 f i LIBCMTD:_ctype.obj
 0001:00083800       __iscntrl_l                10084800 f i LIBCMTD:_ctype.obj
 0001:00083880       _iscntrl                   10084880 f i LIBCMTD:_ctype.obj
 0001:000838b0       ___isascii                 100848b0 f i LIBCMTD:_ctype.obj
 0001:000838d0       ___toascii                 100848d0 f i LIBCMTD:_ctype.obj
 0001:000838e0       __iscsymf_l                100848e0 f i LIBCMTD:_ctype.obj
 0001:00083920       ___iscsymf                 10084920 f i LIBCMTD:_ctype.obj
 0001:00083960       __iscsym_l                 10084960 f i LIBCMTD:_ctype.obj
 0001:000839a0       ___iscsym                  100849a0 f i LIBCMTD:_ctype.obj
 0001:000839e0       _sscanf                    100849e0 f   LIBCMTD:sscanf.obj
 0001:00083b70       __sscanf_l                 10084b70 f   LIBCMTD:sscanf.obj
 0001:00083ba0       _sscanf_s                  10084ba0 f   LIBCMTD:sscanf.obj
 0001:00083bd0       __sscanf_s_l               10084bd0 f   LIBCMTD:sscanf.obj
 0001:00083c00       __vsnprintf_l              10084c00 f   LIBCMTD:vsnprint.obj
 0001:00083dc0       __vsnprintf                10084dc0 f   LIBCMTD:vsnprint.obj
 0001:00083df0       __toupper                  10084df0 f   LIBCMTD:toupper.obj
 0001:00083e00       __toupper_l                10084e00 f   LIBCMTD:toupper.obj
 0001:00083fe0       _toupper                   10084fe0 f   LIBCMTD:toupper.obj
 0001:00084030       __tolower                  10085030 f   LIBCMTD:tolower.obj
 0001:00084040       __tolower_l                10085040 f   LIBCMTD:tolower.obj
 0001:00084220       _tolower                   10085220 f   LIBCMTD:tolower.obj
 0001:00084270       _memmove                   10085270 f   LIBCMTD:memmove.obj
 0001:000845e0       _strncpy                   100855e0 f   LIBCMTD:strncpy.obj
 0001:00084710       _strncmp                   10085710 f   LIBCMTD:strncmp.obj
 0001:00084890       _pow                       10085890 f   LIBCMTD:_pow_.obj
 0001:000848d0       __CIpow                    100858d0 f   LIBCMTD:_pow_.obj
 0001:0008490b       __CIpow_default            1008590b f   LIBCMTD:_pow_.obj
 0001:00084924       __pow_default              10085924     LIBCMTD:_pow_.obj
 0001:00084b20       __CRT_INIT@12              10085b20 f   LIBCMTD:dllcrt0.obj
 0001:00084d40       __DllMainCRTStartup@12     10085d40 f   LIBCMTD:dllcrt0.obj
 0001:00084f30       _strcmp                    10085f30 f   LIBCMTD:strcmp.obj
 0001:00084fc0       _longjmp                   10085fc0 f   LIBCMTD:longjmp.obj
 0001:00085080       _memcmp                    10086080 f   LIBCMTD:memcmp.obj
 0001:00085af0       _qsort                     10086af0 f   LIBCMTD:qsort.obj
 0001:000860a0       _strcpy                    100870a0 f   LIBCMTD:strcat.obj
 0001:000860b0       _strcat                    100870b0 f   LIBCMTD:strcat.obj
 0001:000861a0       _sprintf                   100871a0 f   LIBCMTD:sprintf.obj
 0001:00086340       __sprintf_l                10087340 f   LIBCMTD:sprintf.obj
 0001:00086370       _sprintf_s                 10087370 f   LIBCMTD:sprintf.obj
 0001:000863a0       __sprintf_s_l              100873a0 f   LIBCMTD:sprintf.obj
 0001:000863d0       __snprintf_s               100873d0 f   LIBCMTD:sprintf.obj
 0001:00086400       __snprintf_s_l             10087400 f   LIBCMTD:sprintf.obj
 0001:00086430       __sprintf_p                10087430 f   LIBCMTD:sprintf.obj
 0001:00086460       __sprintf_p_l              10087460 f   LIBCMTD:sprintf.obj
 0001:00086490       __scprintf                 10087490 f   LIBCMTD:sprintf.obj
 0001:000864b0       __scprintf_p               100874b0 f   LIBCMTD:sprintf.obj
 0001:000864d0       __scprintf_l               100874d0 f   LIBCMTD:sprintf.obj
 0001:00086500       __scprintf_p_l             10087500 f   LIBCMTD:sprintf.obj
 0001:00086530       __setjmp3                  10087530 f   LIBCMTD:setjmp3.obj
 0001:000865b0       _memchr                    100875b0 f   LIBCMTD:memchr.obj
 0001:00086660       _atol                      10087660 f   LIBCMTD:atox.obj
 0001:00086680       __atol_l                   10087680 f   LIBCMTD:atox.obj
 0001:000866a0       _atoi                      100876a0 f   LIBCMTD:atox.obj
 0001:000866c0       __atoi_l                   100876c0 f   LIBCMTD:atox.obj
 0001:000866e0       __atoi64                   100876e0 f   LIBCMTD:atox.obj
 0001:00086700       __atoi64_l                 10087700 f   LIBCMTD:atox.obj
 0001:00086720       __vsprintf_l               10087720 f   LIBCMTD:vsprintf.obj
 0001:000868c0       _vsprintf                  100878c0 f   LIBCMTD:vsprintf.obj
 0001:000868e0       __vscprintf_helper         100878e0 f   LIBCMTD:vsprintf.obj
 0001:000869c0       __vscprintf                100879c0 f   LIBCMTD:vsprintf.obj
 0001:000869e0       __vscprintf_l              100879e0 f   LIBCMTD:vsprintf.obj
 0001:00086a00       __vscprintf_p              10087a00 f   LIBCMTD:vsprintf.obj
 0001:00086a20       __vscprintf_p_l            10087a20 f   LIBCMTD:vsprintf.obj
 0001:00086a40       _vprintf_helper            10087a40 f   LIBCMTD:vprintf.obj
 0001:00086b60       __vprintf_l                10087b60 f   LIBCMTD:vprintf.obj
 0001:00086b80       __vprintf_s_l              10087b80 f   LIBCMTD:vprintf.obj
 0001:00086ba0       __vprintf_p_l              10087ba0 f   LIBCMTD:vprintf.obj
 0001:00086bc0       _vprintf                   10087bc0 f   LIBCMTD:vprintf.obj
 0001:00086be0       _vprintf_s                 10087be0 f   LIBCMTD:vprintf.obj
 0001:00086c00       __vprintf_p                10087c00 f   LIBCMTD:vprintf.obj
 0001:00086c20       __cinit                    10087c20 f   LIBCMTD:crt0dat.obj
 0001:00086cc0       _exit                      10087cc0 f   LIBCMTD:crt0dat.obj
 0001:00086ce0       __exit                     10087ce0 f   LIBCMTD:crt0dat.obj
 0001:00086d00       __cexit                    10087d00 f   LIBCMTD:crt0dat.obj
 0001:00086d20       __c_exit                   10087d20 f   LIBCMTD:crt0dat.obj
 0001:00086d40       __amsg_exit                10087d40 f   LIBCMTD:crt0dat.obj
 0001:00086d70       ___freeCrtMemory           10087d70 f   LIBCMTD:crt0dat.obj
 0001:000870b0       ___crtCorExitProcess       100880b0 f   LIBCMTD:crt0dat.obj
 0001:000870f0       ___crtExitProcess          100880f0 f   LIBCMTD:crt0dat.obj
 0001:00087110       __lockexit                 10088110 f   LIBCMTD:crt0dat.obj
 0001:00087130       __unlockexit               10088130 f   LIBCMTD:crt0dat.obj
 0001:00087150       __init_pointers            10088150 f   LIBCMTD:crt0dat.obj
 0001:000871e0       __initterm_e               100881e0 f   LIBCMTD:crt0dat.obj
 0001:00087220       __get_wpgmptr              10088220 f   LIBCMTD:crt0dat.obj
 0001:00087310       __get_pgmptr               10088310 f   LIBCMTD:crt0dat.obj
 0001:00087400       _getenv                    10088400 f   LIBCMTD:getenv.obj
 0001:00087550       __getenv_helper_nolock     10088550 f   LIBCMTD:getenv.obj
 0001:00087670       _getenv_s                  10088670 f   LIBCMTD:getenv.obj
 0001:000878a0       __dupenv_s                 100888a0 f   LIBCMTD:getenv.obj
 0001:000878d0       __dupenv_s_dbg             100888d0 f   LIBCMTD:getenv.obj
 0001:00087b20       _fclose                    10088b20 f   LIBCMTD:fclose.obj
 0001:00087c30       __fclose_nolock            10088c30 f   LIBCMTD:fclose.obj
 0001:00087d30       _ftell                     10088d30 f   LIBCMTD:ftell.obj
 0001:00087e20       __ftell_nolock             10088e20 f   LIBCMTD:ftell.obj
 0001:000880f0       _fseek                     100890f0 f   LIBCMTD:fseek.obj
 0001:00088260       __fseek_nolock             10089260 f   LIBCMTD:fseek.obj
 0001:00088340       __fsopen                   10089340 f   LIBCMTD:fopen.obj
 0001:00088550       _fopen                     10089550 f   LIBCMTD:fopen.obj
 0001:00088570       _fopen_s                   10089570 f   LIBCMTD:fopen.obj
 0001:00088610       _fread_s                   10089610 f   LIBCMTD:fread.obj
 0001:00088740       __fread_nolock_s           10089740 f   LIBCMTD:fread.obj
 0001:00088d20       _fread                     10089d20 f   LIBCMTD:fread.obj
 0001:00088d50       __fread_nolock             10089d50 f   LIBCMTD:fread.obj
 0001:00088d80       _malloc                    10089d80 f   LIBCMTD:dbgmalloc.obj
 0001:00088db0       _realloc                   10089db0 f   LIBCMTD:dbgrealloc.obj
 0001:00088de0       _free                      10089de0 f   LIBCMTD:dbgfree.obj
 0001:00088e00       ?_RTC_Failure@@YAXPAXH@Z   10089e00 f   LIBCMTD:_error_.obj
 0001:000891b0       ?_RTC_StackFailure@@YAXPAXPBD@Z 1008a1b0 f   LIBCMTD:_error_.obj
 0001:000892b0       ?_RTC_AllocaFailure@@YAXPAXPAU_RTC_ALLOCA_NODE@@H@Z 1008a2b0 f   LIBCMTD:_error_.obj
 0001:00089460       __RTC_UninitUse            1008a460 f   LIBCMTD:_error_.obj
 0001:00089550       __RTC_NumErrors            1008a550 f   LIBCMTD:_userapi_.obj
 0001:00089560       __RTC_GetErrDesc           1008a560 f   LIBCMTD:_userapi_.obj
 0001:00089580       __RTC_SetErrorType         1008a580 f   LIBCMTD:_userapi_.obj
 0001:000895b0       __RTC_SetErrorFunc         1008a5b0 f   LIBCMTD:_userapi_.obj
 0001:000895d0       __RTC_SetErrorFuncW        1008a5d0 f   LIBCMTD:_userapi_.obj
 0001:000895f0       ?_RTC_GetErrorFunc@@YAP6AHHPBDH00ZZPBX@Z 1008a5f0 f   LIBCMTD:_userapi_.obj
 0001:00089600       ?_RTC_GetErrorFuncW@@YAP6AHHPB_WH00ZZPBX@Z 1008a600 f   LIBCMTD:_userapi_.obj
 0001:00089610       __chkesp                   1008a610 f   LIBCMTD:chkesp.obj
 0001:00089650       __CRT_RTC_INIT             1008a650 f   LIBCMTD:chkesp.obj
 0001:00089660       __CRT_RTC_INITW            1008a660 f   LIBCMTD:chkesp.obj
 0001:00089670       __initp_misc_winsig        1008a670 f   LIBCMTD:winsig.obj
 0001:000896a0       _signal                    1008a6a0 f   LIBCMTD:winsig.obj
 0001:00089b40       _raise                     1008ab40 f   LIBCMTD:winsig.obj
 0001:00089eb0       ___get_sigabrt             1008aeb0 f   LIBCMTD:winsig.obj
 0001:00089ed0       ___fpecode                 1008aed0 f   LIBCMTD:winsig.obj
 0001:00089ee0       ___pxcptinfoptrs           1008aee0 f   LIBCMTD:winsig.obj
 0001:00089ef0       ___crtMessageBoxW          1008aef0 f   LIBCMTD:crtmboxw.obj
 0001:0008a110       __itow_s                   1008b110 f   LIBCMTD:xtows.obj
 0001:0008a4f0       __ltow_s                   1008b4f0 f   LIBCMTD:xtows.obj
 0001:0008a530       __ultow_s                  1008b530 f   LIBCMTD:xtows.obj
 0001:0008a550       __i64tow_s                 1008b550 f   LIBCMTD:xtows.obj
 0001:0008a970       __ui64tow_s                1008b970 f   LIBCMTD:xtows.obj
 0001:0008a990       _wcsncat_s                 1008b990 f   LIBCMTD:wcsncat_s.obj
 0001:0008ae40       _wcsncpy_s                 1008be40 f   LIBCMTD:wcsncpy_s.obj
 0001:0008b250       _wcscat_s                  1008c250 f   LIBCMTD:wcscat_s.obj
 0001:0008b640       _wcscpy_s                  1008c640 f   LIBCMTD:wcscpy_s.obj
 0001:0008b920       _fflush                    1008c920 f   LIBCMTD:fflush.obj
 0001:0008b9c0       __fflush_nolock            1008c9c0 f   LIBCMTD:fflush.obj
 0001:0008ba20       __flush                    1008ca20 f   LIBCMTD:fflush.obj
 0001:0008bae0       __flushall                 1008cae0 f   LIBCMTD:fflush.obj
 0001:0008bcb0       _fwprintf                  1008ccb0 f   LIBCMTD:fwprintf.obj
 0001:0008be30       __fwprintf_l               1008ce30 f   LIBCMTD:fwprintf.obj
 0001:0008be60       __fwprintf_s_l             1008ce60 f   LIBCMTD:fwprintf.obj
 0001:0008be90       _fwprintf_s                1008ce90 f   LIBCMTD:fwprintf.obj
 0001:0008bec0       __fwprintf_p_l             1008cec0 f   LIBCMTD:fwprintf.obj
 0001:0008bef0       __fwprintf_p               1008cef0 f   LIBCMTD:fwprintf.obj
 0001:0008bf20       _setvbuf                   1008cf20 f   LIBCMTD:setvbuf.obj
 0001:0008c1f0       ___iob_func                1008d1f0 f   LIBCMTD:_file.obj
 0001:0008c200       ___initstdio               1008d200 f   LIBCMTD:_file.obj
 0001:0008c350       ___endstdio                1008d350 f   LIBCMTD:_file.obj
 0001:0008c380       __lock_file                1008d380 f   LIBCMTD:_file.obj
 0001:0008c3e0       __lock_file2               1008d3e0 f   LIBCMTD:_file.obj
 0001:0008c420       __unlock_file              1008d420 f   LIBCMTD:_file.obj
 0001:0008c480       __unlock_file2             1008d480 f   LIBCMTD:_file.obj
 0001:0008c4c0       _abort                     1008d4c0 f   LIBCMTD:abort.obj
 0001:0008c520       __set_abort_behavior       1008d520 f   LIBCMTD:abort.obj
 0001:0008c550       _wcslen                    1008d550 f   LIBCMTD:wcslen.obj
 0001:0008c580       __set_error_mode           1008d580 f   LIBCMTD:errmode.obj
 0001:0008c640       ___set_app_type            1008d640 f   LIBCMTD:errmode.obj
 0001:0008c650       __initp_misc_invarg        1008d650 f   LIBCMTD:invarg.obj
 0001:0008c660       __invalid_parameter        1008d660 f   LIBCMTD:invarg.obj
 0001:0008c6c0       __invoke_watson            1008d6c0 f   LIBCMTD:invarg.obj
 0001:0008c6f0       __call_reportfault         1008d6f0 f   LIBCMTD:invarg.obj
 0001:0008c840       __set_invalid_parameter_handler 1008d840 f   LIBCMTD:invarg.obj
 0001:0008c880       __get_invalid_parameter_handler 1008d880 f   LIBCMTD:invarg.obj
 0001:0008c8b0       ?_invalid_parameter@@YAXPBG00II@Z 1008d8b0 f   LIBCMTD:invarg.obj
 0001:0008c8e0       ?_invoke_watson@@YAXPBG00II@Z 1008d8e0 f   LIBCMTD:invarg.obj
 0001:0008c900       __vswprintf_helper         1008d900 f   LIBCMTD:vswprnc.obj
 0001:0008cb60       __vswprintf_c              1008db60 f   LIBCMTD:vswprnc.obj
 0001:0008cbb0       __vswprintf_c_l            1008dbb0 f   LIBCMTD:vswprnc.obj
 0001:0008cc00       __vswprintf_s_l            1008dc00 f   LIBCMTD:vswprnc.obj
 0001:0008ce70       _vswprintf_s               1008de70 f   LIBCMTD:vswprnc.obj
 0001:0008cea0       __vsnwprintf_s_l           1008dea0 f   LIBCMTD:vswprnc.obj
 0001:0008d250       __vsnwprintf_s             1008e250 f   LIBCMTD:vswprnc.obj
 0001:0008d280       __vswprintf_p              1008e280 f   LIBCMTD:vswprnc.obj
 0001:0008d2d0       __vswprintf_p_l            1008e2d0 f   LIBCMTD:vswprnc.obj
 0001:0008d320       ___report_gsfailure        1008e320 f   LIBCMTD:gs_report.obj
 0001:0008d430       __VEC_memcpy               1008e430 f   LIBCMTD:p4_memcpy.obj
 0001:0008d540       ___sse2_available_init     1008e540 f   LIBCMTD:cpu_disp.obj
 0001:0008d560       __VEC_memzero              1008e560 f   LIBCMTD:p4_memset.obj
 0001:0008d620       __setdefaultprecision      1008e620 f   LIBCMTD:fp8.obj
 0001:0008d660       __forcdecpt                1008e660 f   LIBCMTD:cvt.obj
 0001:0008d680       __forcdecpt_l              1008e680 f   LIBCMTD:cvt.obj
 0001:0008d740       __cropzeros                1008e740 f   LIBCMTD:cvt.obj
 0001:0008d760       __cropzeros_l              1008e760 f   LIBCMTD:cvt.obj
 0001:0008d870       __positive                 1008e870 f   LIBCMTD:cvt.obj
 0001:0008d8a0       __fassign_l                1008e8a0 f   LIBCMTD:cvt.obj
 0001:0008d900       __fassign                  1008e900 f   LIBCMTD:cvt.obj
 0001:0008d920       __cftoe_l                  1008e920 f   LIBCMTD:cvt.obj
 0001:0008de70       __cftoe                    1008ee70 f   LIBCMTD:cvt.obj
 0001:0008dea0       __cftoa_l                  1008eea0 f   LIBCMTD:cvt.obj
 0001:0008e680       ?strrchr@@YAPADPADH@Z      1008f680 f i LIBCMTD:cvt.obj
 0001:0008e6a0       __cftoa                    1008f6a0 f   LIBCMTD:cvt.obj
 0001:0008e6d0       __cftof_l                  1008f6d0 f   LIBCMTD:cvt.obj
 0001:0008eae0       __cftof                    1008fae0 f   LIBCMTD:cvt.obj
 0001:0008eb10       __cftog_l                  1008fb10 f   LIBCMTD:cvt.obj
 0001:0008ed40       __cftog                    1008fd40 f   LIBCMTD:cvt.obj
 0001:0008ed70       __cfltcvt_l                1008fd70 f   LIBCMTD:cvt.obj
 0001:0008ee30       __cfltcvt                  1008fe30 f   LIBCMTD:cvt.obj
 0001:0008ee90       __initp_misc_cfltcvt_tab   1008fe90 f   LIBCMTD:cmiscdat.obj
 0001:0008eed0       __dosmaperr                1008fed0 f   LIBCMTD:dosmap.obj
 0001:0008ef00       __get_errno_from_oserr     1008ff00 f   LIBCMTD:dosmap.obj
 0001:0008ef80       __set_errno                1008ff80 f   LIBCMTD:dosmap.obj
 0001:0008efb0       __get_errno                1008ffb0 f   LIBCMTD:dosmap.obj
 0001:0008f030       __set_doserrno             10090030 f   LIBCMTD:dosmap.obj
 0001:0008f060       __get_doserrno             10090060 f   LIBCMTD:dosmap.obj
 0001:0008f0e0       __errno                    100900e0 f   LIBCMTD:dosmap.obj
 0001:0008f110       ___doserrno                10090110 f   LIBCMTD:dosmap.obj
 0001:0008f140       __CrtSetReportHookW2       10090140 f   LIBCMTD:dbgrptw.obj
 0001:0008f470       __CrtDbgReportW            10090470 f   LIBCMTD:dbgrptw.obj
 0001:0008f4b0       __CrtDbgReportWV           100904b0 f i LIBCMTD:dbgrptw.obj
 0001:0008f4e0       ___crtMessageWindowW       100904e0 f   LIBCMTD:dbgrptw.obj
 0001:0008f8e0       __invoke_watson_if_oneof   100908e0 f i LIBCMTD:dbgrptw.obj
 0001:0008f920       ?_CrtDbgReportW@@YAHHPBGH00ZZ 10090920 f   LIBCMTD:dbgrptw.obj
 0001:0008f960       ___updatetmbcinfo          10090960 f   LIBCMTD:mbctype.obj
 0001:0008fa70       __setmbcp                  10090a70 f   LIBCMTD:mbctype.obj
 0001:0008fe20       __setmbcp_nolock           10090e20 f   LIBCMTD:mbctype.obj
 0001:00090610       __getmbcp                  10091610 f   LIBCMTD:mbctype.obj
 0001:00090680       ___initmbctable            10091680 f   LIBCMTD:mbctype.obj
 0001:000906b0       ___addlocaleref            100916b0 f   LIBCMTD:localref.obj
 0001:000907d0       ___removelocaleref         100917d0 f   LIBCMTD:localref.obj
 0001:00090900       ___freetlocinfo            10091900 f   LIBCMTD:localref.obj
 0001:00090be0       __updatetlocinfoEx_nolock  10091be0 f   LIBCMTD:localref.obj
 0001:00090c60       ___updatetlocinfo          10091c60 f   LIBCMTD:localref.obj
 0001:00090d30       __encoded_null             10091d30 f   LIBCMTD:tidtable.obj
 0001:00090d40       ___crtTlsAlloc@4           10091d40 f   LIBCMTD:tidtable.obj
 0001:00090d50       ___fls_getvalue@4          10091d50 f   LIBCMTD:tidtable.obj
 0001:00090d70       ___get_flsindex            10091d70 f   LIBCMTD:tidtable.obj
 0001:00090d80       ___set_flsgetvalue         10091d80 f   LIBCMTD:tidtable.obj
 0001:00090dd0       ___fls_setvalue@8          10091dd0 f   LIBCMTD:tidtable.obj
 0001:00090df0       __mtinit                   10091df0 f   LIBCMTD:tidtable.obj
 0001:00090ff0       __mtterm                   10091ff0 f   LIBCMTD:tidtable.obj
 0001:00091050       __initptd                  10092050 f   LIBCMTD:tidtable.obj
 0001:00091180       __getptd_noexit            10092180 f   LIBCMTD:tidtable.obj
 0001:00091240       __getptd                   10092240 f   LIBCMTD:tidtable.obj
 0001:00091270       __freefls@4                10092270 f   LIBCMTD:tidtable.obj
 0001:00091480       __freeptd                  10092480 f   LIBCMTD:tidtable.obj
 0001:00091500       ___threadid                10092500 f   LIBCMTD:tidtable.obj
 0001:00091510       ___threadhandle            10092510 f   LIBCMTD:tidtable.obj
 0001:00091520       ____setlc_active_func      10092520 f   LIBCMTD:setlocal.obj
 0001:00091530       ____unguarded_readlc_active_add_func 10092530 f   LIBCMTD:setlocal.obj
 0001:00091540       __configthreadlocale       10092540 f   LIBCMTD:setlocal.obj
 0001:00091650       __locterm                  10092650 f   LIBCMTD:setlocal.obj
 0001:000916f0       __free_locale              100926f0 f   LIBCMTD:setlocal.obj
 0001:00091830       ___free_locale             10092830 f   LIBCMTD:setlocal.obj
 0001:00091850       __create_locale            10092850 f   LIBCMTD:setlocal.obj
 0001:00091a80       ___create_locale           10092a80 f   LIBCMTD:setlocal.obj
 0001:00091aa0       __get_current_locale       10092aa0 f   LIBCMTD:setlocal.obj
 0001:00091bc0       ___get_current_locale      10092bc0 f   LIBCMTD:setlocal.obj
 0001:00091bd0       _setlocale                 10092bd0 f   LIBCMTD:setlocal.obj
 0001:00092a80       __expandlocale             10093a80 f   LIBCMTD:setlocal.obj
 0001:00092d30       ___init_dummy              10093d30 f   LIBCMTD:setlocal.obj
 0001:00092d40       __strcats                  10093d40 f   LIBCMTD:setlocal.obj
 0001:00092dc0       ___lc_strtolc              10093dc0 f   LIBCMTD:setlocal.obj
 0001:00092fc0       ___lc_lctostr              10093fc0 f   LIBCMTD:setlocal.obj
 0001:0009307c       __fFATN2                   1009407c     LIBCMTD:_87triga_.obj
 0001:000930cc       __rtpiby2                  100940cc     LIBCMTD:_87triga_.obj
 0001:00093110       __cintrindisp2             10094110 f   LIBCMTD:_87cdisp_.obj
 0001:0009314e       __cintrindisp1             1009414e f   LIBCMTD:_87cdisp_.obj
 0001:0009318b       __ctrandisp2               1009418b f   LIBCMTD:_87cdisp_.obj
 0001:0009331a       __ctrandisp1               1009431a f   LIBCMTD:_87cdisp_.obj
 0001:0009334d       __fload                    1009434d f   LIBCMTD:_87cdisp_.obj
 0001:00093390       __set_SSE2_enable          10094390 f   LIBCMTD:_mathfcns_.obj
 0001:000933b0       __sse2_mathfcns_init       100943b0 f   LIBCMTD:_mathfcns_.obj
 0001:000933d0       __CIacos_pentium4          100943d0 f   LIBCMTD:_acos_pentium4_.obj
 0001:000933e8       __acos_pentium4            100943e8     LIBCMTD:_acos_pentium4_.obj
 0001:00093930       __trandisp1                10094930 f   LIBCMTD:_87disp_.obj
 0001:00093997       __trandisp2                10094997 f   LIBCMTD:_87disp_.obj
 0001:00093a23       __rttospopde               10094a23     LIBCMTD:_87disp_.obj
 0001:00093a28       __rttospop                 10094a28     LIBCMTD:_87disp_.obj
 0001:00093a2a       __rtnospop                 10094a2a     LIBCMTD:_87disp_.obj
 0001:00093a2c       __rttosnpop                10094a2c     LIBCMTD:_87disp_.obj
 0001:00093a2d       __rtnospopde               10094a2d     LIBCMTD:_87disp_.obj
 0001:00093a34       __rtzeropop                10094a34     LIBCMTD:_87disp_.obj
 0001:00093a36       __rtzeronpop               10094a36     LIBCMTD:_87disp_.obj
 0001:00093a3b       __rtonepop                 10094a3b     LIBCMTD:_87disp_.obj
 0001:00093a3d       __rtonenpop                10094a3d     LIBCMTD:_87disp_.obj
 0001:00093a42       __tosnan1                  10094a42     LIBCMTD:_87disp_.obj
 0001:00093a6d       __nosnan2                  10094a6d     LIBCMTD:_87disp_.obj
 0001:00093a6f       __tosnan2                  10094a6f     LIBCMTD:_87disp_.obj
 0001:00093a97       __nan2                     10094a97     LIBCMTD:_87disp_.obj
 0001:00093ad6       __rtindfpop                10094ad6     LIBCMTD:_87disp_.obj
 0001:00093ad8       __rtindfnpop               10094ad8     LIBCMTD:_87disp_.obj
 0001:00093ae9       __rttosnpopde              10094ae9     LIBCMTD:_87disp_.obj
 0001:00093af3       __rtchsifneg               10094af3     LIBCMTD:_87disp_.obj
 0001:00093b00       __startTwoArgErrorHandling 10094b00 f   LIBCMTD:_genexcep_.obj
 0001:00093b17       __startOneArgErrorHandling 10094b17 f   LIBCMTD:_genexcep_.obj
 0001:00093b60       __twoToTOS                 10094b60 f   LIBCMTD:_common_.obj
 0001:00093b75       __load_CW                  10094b75 f   LIBCMTD:_common_.obj
 0001:00093b8c       __convertTOStoQNaN         10094b8c f   LIBCMTD:_common_.obj
 0001:00093ba5       __fload_withFB             10094ba5 f   LIBCMTD:_common_.obj
 0001:00093be8       __checkTOS_withFB          10094be8 f   LIBCMTD:_common_.obj
 0001:00093bfe       __fast_exit                10094bfe f   LIBCMTD:_common_.obj
 0001:00093c0b       __math_exit                10094c0b f   LIBCMTD:_common_.obj
 0001:00093c35       __check_overflow_exit      10094c35 f   LIBCMTD:_common_.obj
 0001:00093c49       __check_range_exit         10094c49 f   LIBCMTD:_common_.obj
 0001:00093cf0       __CIsin_pentium4           10094cf0 f   LIBCMTD:_sin_pentium4_.obj
 0001:00093d08       __sin_pentium4             10094d08     LIBCMTD:_sin_pentium4_.obj
 0001:00093ec0       __CIcos_pentium4           10094ec0 f   LIBCMTD:_cos_pentium4_.obj
 0001:00093ed8       __cos_pentium4             10094ed8     LIBCMTD:_cos_pentium4_.obj
 0001:00094070       __handle_qnan1             10095070 f   LIBCMTD:_fpexcept_.obj
 0001:000940d0       __handle_qnan2             100950d0 f   LIBCMTD:_fpexcept_.obj
 0001:00094140       __except1                  10095140 f   LIBCMTD:_fpexcept_.obj
 0001:00094240       __except2                  10095240 f   LIBCMTD:_fpexcept_.obj
 0001:00094350       __raise_exc_ex             10095350 f   LIBCMTD:_fpexcept_.obj
 0001:00094880       __raise_exc                10095880 f   LIBCMTD:_fpexcept_.obj
 0001:000948b0       __raise_excf               100958b0 f   LIBCMTD:_fpexcept_.obj
 0001:000948e0       __handle_exc               100958e0 f   LIBCMTD:_fpexcept_.obj
 0001:00094bf0       __umatherr                 10095bf0 f   LIBCMTD:_fpexcept_.obj
 0001:00094c90       __set_errno_from_matherr   10095c90 f   LIBCMTD:_fpexcept_.obj
 0001:00094d20       __errcode                  10095d20 f   LIBCMTD:_fpexcept_.obj
 0001:00094d90       __set_exp                  10095d90 f   LIBCMTD:_util_.obj
 0001:00094dd0       __get_exp                  10095dd0 f   LIBCMTD:_util_.obj
 0001:00094e00       __add_exp                  10095e00 f   LIBCMTD:_util_.obj
 0001:00094e40       __set_bexp                 10095e40 f   LIBCMTD:_util_.obj
 0001:00094e70       __sptype                   10095e70 f   LIBCMTD:_util_.obj
 0001:00094ef0       __decomp                   10095ef0 f   LIBCMTD:_util_.obj
 0001:00095020       __statfp                   10096020 f   LIBCMTD:_fpctrl_.obj
 0001:00095040       __clrfp                    10096040 f   LIBCMTD:_fpctrl_.obj
 0001:00095060       __ctrlfp                   10096060 f   LIBCMTD:_fpctrl_.obj
 0001:00095090       __set_statfp               10096090 f   LIBCMTD:_fpctrl_.obj
 0001:00095100       ___get_fpsr_sse2           10096100 f   LIBCMTD:_fpctrl_.obj
 0001:00095130       ___set_fpsr_sse2           10096130 f   LIBCMTD:_fpctrl_.obj
 0001:00095210       ___fclrf_sse2              10096210 f   LIBCMTD:_fpctrl_.obj
 0001:00095230       ___statfp_sse2             10096230 f   LIBCMTD:_fpctrl_.obj
 0001:00095260       ___clrfp_sse2              10096260 f   LIBCMTD:_fpctrl_.obj
 0001:000952a0       ___ctrlfp_sse2             100962a0 f   LIBCMTD:_fpctrl_.obj
 0001:00095300       ___set_statfp_sse2         10096300 f   LIBCMTD:_fpctrl_.obj
 0001:00095330       __CIatan_pentium4          10096330 f   LIBCMTD:_atan_pentium4_.obj
 0001:00095348       __atan_pentium4            10096348     LIBCMTD:_atan_pentium4_.obj
 0001:00095620       __CItan_pentium4           10096620 f   LIBCMTD:_tan_pentium4_.obj
 0001:00095638       __tan_pentium4             10096638     LIBCMTD:_tan_pentium4_.obj
 0001:00095880       __CIasin_pentium4          10096880 f   LIBCMTD:_asin_pentium4_.obj
 0001:00095898       __asin_pentium4            10096898     LIBCMTD:_asin_pentium4_.obj
 0001:00095e00       __CIexp_pentium4           10096e00 f   LIBCMTD:_exp_pentium4_.obj
 0001:00095e18       __exp_pentium4             10096e18     LIBCMTD:_exp_pentium4_.obj
 0001:000960d1       __fFEXP                    100970d1     LIBCMTD:_87tran_.obj
 0001:00096128       __rtinfpopse               10097128     LIBCMTD:_87tran_.obj
 0001:0009612a       __rtinfnpopse              1009712a     LIBCMTD:_87tran_.obj
 0001:0009613a       __fFLN                     1009713a     LIBCMTD:_87tran_.obj
 0001:000961ef       __rtinfpop                 100971ef     LIBCMTD:_87tran_.obj
 0001:000961f1       __rtinfnpop                100971f1     LIBCMTD:_87tran_.obj
 0001:0009620e       __ffexpm1                  1009720e     LIBCMTD:_87tran_.obj
 0001:000962c0       __chvalidator              100972c0 f   LIBCMTD:isctype.obj
 0001:00096310       __chvalidator_l            10097310 f   LIBCMTD:isctype.obj
 0001:000963c0       __isctype_l                100973c0 f   LIBCMTD:isctype.obj
 0001:000964e0       __isctype                  100974e0 f   LIBCMTD:isctype.obj
 0001:00096520       __input_l                  10097520 f   LIBCMTD:input.obj
 0001:00097da0       __INTRN_LOCALE_CONV        10098da0 f i LIBCMTD:input.obj
 0001:00097ed0       __input_s_l                10098ed0 f   LIBCMTD:inputs.obj
 0001:00099c10       __flsbuf                   1009ac10 f   LIBCMTD:_flsbuf.obj
 0001:00099ed0       __output_l                 1009aed0 f   LIBCMTD:output.obj
 0001:0009b340       _get_int_arg               1009c340 f i LIBCMTD:output.obj
 0001:0009b360       _get_int64_arg             1009c360 f i LIBCMTD:output.obj
 0001:0009b380       _get_short_arg             1009c380 f i LIBCMTD:output.obj
 0001:0009b3a0       ___crtLCMapStringA         1009c3a0 f   LIBCMTD:a_map.obj
 0001:0009b690       __MarkAllocaS              1009c690 f i LIBCMTD:a_map.obj
 0001:0009b6c0       __freea                    1009c6c0 f i LIBCMTD:a_map.obj
 0001:0009b780       __isleadbyte_l             1009c780 f i LIBCMTD:_wctype.obj
 0001:0009b7d0       _isleadbyte                1009c7d0 f i LIBCMTD:_wctype.obj
 0001:0009b7f0       __iswalpha_l               1009c7f0 f i LIBCMTD:_wctype.obj
 0001:0009b810       _iswalpha                  1009c810 f i LIBCMTD:_wctype.obj
 0001:0009b830       __iswupper_l               1009c830 f i LIBCMTD:_wctype.obj
 0001:0009b850       _iswupper                  1009c850 f i LIBCMTD:_wctype.obj
 0001:0009b870       __iswlower_l               1009c870 f i LIBCMTD:_wctype.obj
 0001:0009b890       _iswlower                  1009c890 f i LIBCMTD:_wctype.obj
 0001:0009b8b0       __iswdigit_l               1009c8b0 f i LIBCMTD:_wctype.obj
 0001:0009b8d0       _iswdigit                  1009c8d0 f i LIBCMTD:_wctype.obj
 0001:0009b8f0       __iswxdigit_l              1009c8f0 f i LIBCMTD:_wctype.obj
 0001:0009b910       _iswxdigit                 1009c910 f i LIBCMTD:_wctype.obj
 0001:0009b930       __iswspace_l               1009c930 f i LIBCMTD:_wctype.obj
 0001:0009b950       _iswspace                  1009c950 f i LIBCMTD:_wctype.obj
 0001:0009b970       __iswpunct_l               1009c970 f i LIBCMTD:_wctype.obj
 0001:0009b990       _iswpunct                  1009c990 f i LIBCMTD:_wctype.obj
 0001:0009b9b0       __iswalnum_l               1009c9b0 f i LIBCMTD:_wctype.obj
 0001:0009b9d0       _iswalnum                  1009c9d0 f i LIBCMTD:_wctype.obj
 0001:0009b9f0       __iswprint_l               1009c9f0 f i LIBCMTD:_wctype.obj
 0001:0009ba10       _iswprint                  1009ca10 f i LIBCMTD:_wctype.obj
 0001:0009ba30       __iswgraph_l               1009ca30 f i LIBCMTD:_wctype.obj
 0001:0009ba50       _iswgraph                  1009ca50 f i LIBCMTD:_wctype.obj
 0001:0009ba70       __iswcntrl_l               1009ca70 f i LIBCMTD:_wctype.obj
 0001:0009ba90       _iswcntrl                  1009ca90 f i LIBCMTD:_wctype.obj
 0001:0009bab0       _iswascii                  1009cab0 f i LIBCMTD:_wctype.obj
 0001:0009bad0       __iswcsym_l                1009cad0 f i LIBCMTD:_wctype.obj
 0001:0009bb10       ___iswcsym                 1009cb10 f i LIBCMTD:_wctype.obj
 0001:0009bb50       __iswcsymf_l               1009cb50 f i LIBCMTD:_wctype.obj
 0001:0009bb90       ___iswcsymf                1009cb90 f i LIBCMTD:_wctype.obj
 0001:0009bbd0       __CIpow_pentium4           1009cbd0 f   LIBCMTD:_pow_pentium4_.obj
 0001:0009bbe9       __pow_pentium4             1009cbe9     LIBCMTD:_pow_pentium4_.obj
 0001:0009c730       __powhlp                   1009d730 f   LIBCMTD:_powhlp_.obj
 0001:0009c8e0       __d_inttype                1009d8e0 f   LIBCMTD:_powhlp_.obj
 0001:0009c970       __malloc_dbg               1009d970 f   LIBCMTD:dbgheap.obj
 0001:0009c9a0       __nh_malloc                1009d9a0 f   LIBCMTD:dbgheap.obj
 0001:0009c9c0       __nh_malloc_dbg            1009d9c0 f   LIBCMTD:dbgheap.obj
 0001:0009caa0       __heap_alloc               1009daa0 f   LIBCMTD:dbgheap.obj
 0001:0009ce80       __heap_alloc_dbg           1009de80 f   LIBCMTD:dbgheap.obj
 0001:0009cee0       __calloc_dbg_impl          1009dee0 f   LIBCMTD:dbgheap.obj
 0001:0009cf60       __calloc_dbg               1009df60 f   LIBCMTD:dbgheap.obj
 0001:0009cfc0       __recalloc                 1009dfc0 f   LIBCMTD:dbgheap.obj
 0001:0009cff0       __realloc_dbg              1009dff0 f   LIBCMTD:dbgheap.obj
 0001:0009d690       __recalloc_dbg             1009e690 f   LIBCMTD:dbgheap.obj
 0001:0009d740       __expand                   1009e740 f   LIBCMTD:dbgheap.obj
 0001:0009d770       __expand_dbg               1009e770 f   LIBCMTD:dbgheap.obj
 0001:0009d880       __free_nolock              1009e880 f   LIBCMTD:dbgheap.obj
 0001:0009d8a0       __free_dbg                 1009e8a0 f   LIBCMTD:dbgheap.obj
 0001:0009d920       __free_dbg_nolock          1009e920 f   LIBCMTD:dbgheap.obj
 0001:0009de00       __msize                    1009ee00 f   LIBCMTD:dbgheap.obj
 0001:0009de20       __msize_dbg                1009ee20 f   LIBCMTD:dbgheap.obj
 0001:0009e010       __CrtSetBreakAlloc         1009f010 f   LIBCMTD:dbgheap.obj
 0001:0009e030       __CrtSetDbgBlockType       1009f030 f   LIBCMTD:dbgheap.obj
 0001:0009e120       __CrtSetAllocHook          1009f120 f   LIBCMTD:dbgheap.obj
 0001:0009e140       __CrtGetAllocHook          1009f140 f   LIBCMTD:dbgheap.obj
 0001:0009e190       __CrtCheckMemory           1009f190 f   LIBCMTD:dbgheap.obj
 0001:0009e5f0       __CrtSetDbgFlag            1009f5f0 f   LIBCMTD:dbgheap.obj
 0001:0009e740       __CrtDoForAllClientObjects 1009f740 f   LIBCMTD:dbgheap.obj
 0001:0009e860       __CrtIsValidPointer        1009f860 f   LIBCMTD:dbgheap.obj
 0001:0009e870       __CrtIsValidHeapPointer    1009f870 f   LIBCMTD:dbgheap.obj
 0001:0009e8c0       __CrtIsMemoryBlock         1009f8c0 f   LIBCMTD:dbgheap.obj
 0001:0009ea30       __CrtReportBlockType       1009fa30 f   LIBCMTD:dbgheap.obj
 0001:0009ea60       __CrtSetDumpClient         1009fa60 f   LIBCMTD:dbgheap.obj
 0001:0009ea80       __CrtGetDumpClient         1009fa80 f   LIBCMTD:dbgheap.obj
 0001:0009ea90       __CrtMemCheckpoint         1009fa90 f   LIBCMTD:dbgheap.obj
 0001:0009ecb0       __CrtMemDifference         1009fcb0 f   LIBCMTD:dbgheap.obj
 0001:0009eed0       __CrtMemDumpAllObjectsSince 1009fed0 f   LIBCMTD:dbgheap.obj
 0001:0009f3c0       __CrtDumpMemoryLeaks       100a03c0 f   LIBCMTD:dbgheap.obj
 0001:0009f440       __CrtMemDumpStatistics     100a0440 f   LIBCMTD:dbgheap.obj
 0001:0009f550       __aligned_malloc           100a0550 f   LIBCMTD:dbgheap.obj
 0001:0009f570       __aligned_malloc_dbg       100a0570 f   LIBCMTD:dbgheap.obj
 0001:0009f5a0       __aligned_realloc          100a05a0 f   LIBCMTD:dbgheap.obj
 0001:0009f5d0       __aligned_recalloc         100a05d0 f   LIBCMTD:dbgheap.obj
 0001:0009f600       __aligned_realloc_dbg      100a0600 f   LIBCMTD:dbgheap.obj
 0001:0009f630       __aligned_recalloc_dbg     100a0630 f   LIBCMTD:dbgheap.obj
 0001:0009f660       __aligned_offset_malloc    100a0660 f   LIBCMTD:dbgheap.obj
 0001:0009f680       __aligned_offset_malloc_dbg 100a0680 f   LIBCMTD:dbgheap.obj
 0001:0009f840       __aligned_offset_realloc   100a0840 f   LIBCMTD:dbgheap.obj
 0001:0009f870       __aligned_offset_recalloc  100a0870 f   LIBCMTD:dbgheap.obj
 0001:0009f8a0       __aligned_offset_realloc_dbg 100a08a0 f   LIBCMTD:dbgheap.obj
 0001:0009fb90       __aligned_offset_recalloc_dbg 100a0b90 f   LIBCMTD:dbgheap.obj
 0001:0009fc50       __aligned_free             100a0c50 f   LIBCMTD:dbgheap.obj
 0001:0009fc70       __aligned_free_dbg         100a0c70 f   LIBCMTD:dbgheap.obj
 0001:0009fd20       __CrtSetDebugFillThreshold 100a0d20 f   LIBCMTD:dbgheap.obj
 0001:0009fd40       __CrtSetCheckCount         100a0d40 f   LIBCMTD:dbgheap.obj
 0001:0009fd60       __CrtGetCheckCount         100a0d60 f   LIBCMTD:dbgheap.obj
 0001:0009fd70       __aligned_msize            100a0d70 f   LIBCMTD:dbgheap.obj
 0001:0009fd90       __aligned_msize_dbg        100a0d90 f   LIBCMTD:dbgheap.obj
 0001:0009fea0       __ioinit                   100a0ea0 f   LIBCMTD:ioinit.obj
 0001:000a02b0       __ioterm                   100a12b0 f   LIBCMTD:ioinit.obj
 0001:000a0350       __setenvp                  100a1350 f   LIBCMTD:stdenvp.obj
 0001:000a04f0       __setargv                  100a14f0 f   LIBCMTD:stdargv.obj
 0001:000a0610       __set_pgmptr               100a1610 f i LIBCMTD:stdargv.obj
 0001:000a0980       ___crtGetEnvironmentStringsA 100a1980 f   LIBCMTD:a_env.obj
 0001:000a0a80       __RTC_Initialize           100a1a80 f   LIBCMTD:_initsect_.obj
 0001:000a0ab0       __RTC_Terminate            100a1ab0 f   LIBCMTD:_initsect_.obj
 0001:000a0ae0       __heap_init                100a1ae0 f   LIBCMTD:heapinit.obj
 0001:000a0b20       __heap_term                100a1b20 f   LIBCMTD:heapinit.obj
 0001:000a0b40       __get_heap_handle          100a1b40 f   LIBCMTD:heapinit.obj
 0001:000a0b80       __except_handler4          100a1b80 f   LIBCMTD:chandler4.obj
 0001:000a0da0       ___security_init_cookie    100a1da0 f   LIBCMTD:gs_support.obj
 0001:000a0e80       ___CppXcptFilter           100a1e80 f   LIBCMTD:winxfltr.obj
 0001:000a0eb0       __XcptFilter               100a1eb0 f   LIBCMTD:winxfltr.obj
 0001:000a1110       _DllMain@12                100a2110 f   LIBCMTD:dllmain.obj
 0001:000a1120       __global_unwind2           100a2120 f   LIBCMTD:exsup.obj
 0001:000a1185       __local_unwind2            100a2185 f   LIBCMTD:exsup.obj
 0001:000a1209       __abnormal_termination     100a2209 f   LIBCMTD:exsup.obj
 0001:000a122c       __NLG_Notify1              100a222c f   LIBCMTD:exsup.obj
 0001:000a1235       __NLG_Notify               100a2235 f   LIBCMTD:exsup.obj
 0001:000a124c       __NLG_Dispatch             100a224c     LIBCMTD:exsup.obj
 0001:000a124c       __NLG_Dispatch2            100a224c     LIBCMTD:exsup.obj
 0001:000a1254       __NLG_Call                 100a2254 f   LIBCMTD:exsup.obj
 0001:000a1256       __NLG_Return2              100a2256     LIBCMTD:exsup.obj
 0001:000a1260       __rt_probe_read4@4         100a2260 f   LIBCMTD:sehsupp.obj
 0001:000a1300       __vsnprintf_helper         100a2300 f   LIBCMTD:vsnprnc.obj
 0001:000a14f0       __vsnprintf_c              100a24f0 f   LIBCMTD:vsnprnc.obj
 0001:000a1540       __vsnprintf_c_l            100a2540 f   LIBCMTD:vsnprnc.obj
 0001:000a1590       __vsprintf_s_l             100a2590 f   LIBCMTD:vsnprnc.obj
 0001:000a1800       _vsprintf_s                100a2800 f   LIBCMTD:vsnprnc.obj
 0001:000a1830       __vsnprintf_s_l            100a2830 f   LIBCMTD:vsnprnc.obj
 0001:000a1bd0       __vsnprintf_s              100a2bd0 f   LIBCMTD:vsnprnc.obj
 0001:000a1c00       __vsprintf_p               100a2c00 f   LIBCMTD:vsnprnc.obj
 0001:000a1c50       __vsprintf_p_l             100a2c50 f   LIBCMTD:vsnprnc.obj
 0001:000a1ca0       _strtol                    100a2ca0 f   LIBCMTD:strtol.obj
 0001:000a21d0       __strtol_l                 100a31d0 f   LIBCMTD:strtol.obj
 0001:000a2200       _strtoul                   100a3200 f   LIBCMTD:strtol.obj
 0001:000a2250       __strtoul_l                100a3250 f   LIBCMTD:strtol.obj
 0001:000a2280       __strtoi64                 100a3280 f   LIBCMTD:strtoq.obj
 0001:000a27f0       __strtoi64_l               100a37f0 f   LIBCMTD:strtoq.obj
 0001:000a2820       __strtoui64                100a3820 f   LIBCMTD:strtoq.obj
 0001:000a2870       __strtoui64_l              100a3870 f   LIBCMTD:strtoq.obj
 0001:000a28a0       __validate_param_reuseA    100a38a0 f   LIBCMTD:outputp.obj
 0001:000a2b10       __output_p_l               100a3b10 f   LIBCMTD:outputp.obj
 0001:000a6720       _get_crtdouble_arg         100a7720 f i LIBCMTD:outputp.obj
 0001:000a6740       __stbuf                    100a7740 f   LIBCMTD:_sftbuf.obj
 0001:000a68a0       __ftbuf                    100a78a0 f   LIBCMTD:_sftbuf.obj
 0001:000a6930       __output_s_l               100a7930 f   LIBCMTD:outputs.obj
 0001:000a7f00       __onexit                   100a8f00 f   LIBCMTD:onexit.obj
 0001:000a80d0       _atexit                    100a90d0 f   LIBCMTD:onexit.obj
 0001:000a80f0       ___onexitinit              100a90f0 f   LIBCMTD:onexit.obj
 0001:000a8150       __ValidateImageBase        100a9150 f   LIBCMTD:pesect.obj
[...]
 0001:00077cc0       _af_cjk_hints_compute_edges 10078cc0 f   libfreetypestat:autofit.obj
 0001:00078230       _af_cjk_hints_compute_blue_edges 10079230 f   libfreetypestat:autofit.obj
 0001:00078450       _af_cjk_hint_edges         10079450 f   libfreetypestat:autofit.obj
 0001:00078b00       _af_cjk_align_linked_edge  10079b00 f   libfreetypestat:autofit.obj
 0001:00078b70       _af_cjk_compute_stem_width 10079b70 f   libfreetypestat:autofit.obj
 0001:00078dc0       _af_cjk_snap_width         10079dc0 f   libfreetypestat:autofit.obj
 0001:00078e80       _af_cjk_align_serif_edge   10079e80 f   libfreetypestat:autofit.obj
 0001:00078eb0       _af_hint_normal_stem       10079eb0 f   libfreetypestat:autofit.obj
 0001:00079170       _af_cjk_align_edge_points  1007a170 f   libfreetypestat:autofit.obj
 0001:00079320       _af_indic_metrics_init     1007a320 f   libfreetypestat:autofit.obj
 0001:000793b0       _af_indic_metrics_scale    1007a3b0 f   libfreetypestat:autofit.obj
 0001:000793d0       _af_indic_hints_init       1007a3d0 f   libfreetypestat:autofit.obj
 0001:000793f0       _af_indic_hints_apply      1007a3f0 f   libfreetypestat:autofit.obj
 0001:00079410       _af_autofitter_init        1007a410 f   libfreetypestat:autofit.obj
 0001:00079440       _af_loader_init            1007a440 f   libfreetypestat:autofit.obj
 0001:00079490       _af_autofitter_done        1007a490 f   libfreetypestat:autofit.obj
 0001:000794b0       _af_loader_done            1007a4b0 f   libfreetypestat:autofit.obj
 0001:00079500       _af_autofitter_load_glyph  1007a500 f   libfreetypestat:autofit.obj
 0001:00079530       _af_loader_load_glyph      1007a530 f   libfreetypestat:autofit.obj
 0001:00079700       _af_face_globals_get_metrics 1007a700 f   libfreetypestat:autofit.obj
 0001:000798c0       _af_loader_reset           1007a8c0 f   libfreetypestat:autofit.obj
 0001:00079950       _af_face_globals_new       1007a950 f   libfreetypestat:autofit.obj
 0001:00079a30       _af_face_globals_compute_script_coverage 1007aa30 f   libfreetypestat:autofit.obj
 0001:00079ca0       _af_face_globals_free      1007aca0 f   libfreetypestat:autofit.obj
 0001:00079de0       _af_loader_load_g          1007ade0 f   libfreetypestat:autofit.obj
 0001:0007aa80       _af_face_globals_is_digit  1007ba80 f   libfreetypestat:autofit.obj
 0001:0007aef0       _ft_ansi_stream_close      1007bef0 f   libfreetypestat:ftsystem.obj
 0001:0007af30       _ft_ansi_stream_io         1007bf30 f   libfreetypestat:ftsystem.obj
 0001:0007b000       _ft_alloc                  1007c000 f   libfreetypestat:ftsystem.obj
 0001:0007b020       _ft_realloc                1007c020 f   libfreetypestat:ftsystem.obj
 0001:0007b050       _ft_free                   1007c050 f   libfreetypestat:ftsystem.obj
 0001:0007b1c0       _ft_lzw_check_header       1007c1c0 f   libfreetypestat:ftlzw.obj
 0001:0007b270       _ft_lzw_file_init          1007c270 f   libfreetypestat:ftlzw.obj
 0001:0007b320       _ft_lzw_stream_close       1007c320 f   libfreetypestat:ftlzw.obj
 0001:0007b390       _ft_lzw_file_done          1007c390 f   libfreetypestat:ftlzw.obj
 0001:0007b3d0       _ft_lzw_stream_io          1007c3d0 f   libfreetypestat:ftlzw.obj
 0001:0007b410       _ft_lzw_file_io            1007c410 f   libfreetypestat:ftlzw.obj
 0001:0007b5a0       _ft_lzw_file_reset         1007c5a0 f   libfreetypestat:ftlzw.obj
 0001:0007b630       _ft_lzw_file_fill_output   1007c630 f   libfreetypestat:ftlzw.obj
 0001:0007b6c0       _ft_lzw_file_skip_output   1007c6c0 f   libfreetypestat:ftlzw.obj
 0001:0007bde0       _ft_lzwstate_get_code      1007cde0 f   libfreetypestat:ftlzw.obj
 0001:0007bfa0       _ft_lzwstate_refill        1007cfa0 f   libfreetypestat:ftlzw.obj
 0001:0007c050       _ft_lzwstate_stack_grow    1007d050 f   libfreetypestat:ftlzw.obj
 0001:0007c140       _ft_lzwstate_prefix_grow   1007d140 f   libfreetypestat:ftlzw.obj
 0001:0007c480       _ft_gzip_check_header      1007d480 f   libfreetypestat:ftgzip.obj
 0001:0007c630       _ft_gzip_file_init         1007d630 f   libfreetypestat:ftgzip.obj
 0001:0007c750       _inflateInit2_             1007d750 f   libfreetypestat:ftgzip.obj
 0001:0007c8d0       _inflate_blocks_new        1007d8d0 f   libfreetypestat:ftgzip.obj
 0001:0007ca20       _inflate_blocks_reset      1007da20 f   libfreetypestat:ftgzip.obj
 0001:0007cb00       _inflate_codes_free        1007db00 f   libfreetypestat:ftgzip.obj
 0001:0007cb30       _inflateReset              1007db30 f   libfreetypestat:ftgzip.obj
 0001:0007cbb0       _inflateEnd                1007dbb0 f   libfreetypestat:ftgzip.obj
 0001:0007cc30       _inflate_blocks_free       1007dc30 f   libfreetypestat:ftgzip.obj
 0001:0007ccc0       _adler32                   1007dcc0 f   libfreetypestat:ftgzip.obj
 0001:0007cf20       _ft_gzip_alloc             1007df20 f   libfreetypestat:ftgzip.obj
 0001:0007cfa0       _ft_gzip_free              1007dfa0 f   libfreetypestat:ftgzip.obj
 0001:0007cfd0       _zcalloc                   1007dfd0 f   libfreetypestat:ftgzip.obj
 0001:0007cff0       _zcfree                    1007dff0 f   libfreetypestat:ftgzip.obj
 0001:0007d010       _ft_gzip_file_done         1007e010 f   libfreetypestat:ftgzip.obj
 0001:0007d0a0       _ft_gzip_file_io           1007e0a0 f   libfreetypestat:ftgzip.obj
 0001:0007d1e0       _ft_gzip_file_reset        1007e1e0 f   libfreetypestat:ftgzip.obj
 0001:0007d2b0       _ft_gzip_file_fill_output  1007e2b0 f   libfreetypestat:ftgzip.obj
 0001:0007d3a0       _inflate                   1007e3a0 f   libfreetypestat:ftgzip.obj
 0001:0007da90       _inflate_blocks            1007ea90 f   libfreetypestat:ftgzip.obj
 0001:0007ef40       _inflate_trees_bits        1007ff40 f   libfreetypestat:ftgzip.obj
 0001:0007f050       _huft_build                10080050 f   libfreetypestat:ftgzip.obj
 0001:0007f810       _inflate_trees_dynamic     10080810 f   libfreetypestat:ftgzip.obj
 0001:0007fa10       _inflate_trees_fixed       10080a10 f   libfreetypestat:ftgzip.obj
 0001:0007fa50       _inflate_flush             10080a50 f   libfreetypestat:ftgzip.obj
 0001:0007fc60       _inflate_codes_new         10080c60 f   libfreetypestat:ftgzip.obj
 0001:0007fce0       _inflate_codes             10080ce0 f   libfreetypestat:ftgzip.obj
 0001:00080910       _ft_gzip_file_fill_input   10081910 f   libfreetypestat:ftgzip.obj
 0001:00080a10       _ft_gzip_file_skip_output  10081a10 f   libfreetypestat:ftgzip.obj
 0001:00080ab0       _ft_gzip_stream_close      10081ab0 f   libfreetypestat:ftgzip.obj
 0001:00080b20       _ft_gzip_stream_io         10081b20 f   libfreetypestat:ftgzip.obj
 0001:00080b60       _ft_gzip_get_uncompressed_size 10081b60 f   libfreetypestat:ftgzip.obj
 0001:000819f0       _swprintf                  100829f0 f   LIBCMTD:wassert.obj
 0001:00083a10       _vscan_fn                  10084a10 f   LIBCMTD:sscanf.obj
 0001:00084d70       ___DllMainCRTStartup       10085d70 f   LIBCMTD:dllcrt0.obj
 0001:00085240       _cmpBYTE                   10086240 f   LIBCMTD:memcmp.obj
 0001:00085270       _cmpResult                 10086270 f   LIBCMTD:memcmp.obj
 0001:00085290       _unaligned_memcmp          10086290 f   LIBCMTD:memcmp.obj
 0001:000859a0       _cmpWORD                   100869a0 f   LIBCMTD:memcmp.obj
 0001:00085a20       _cmpDWORD                  10086a20 f   LIBCMTD:memcmp.obj
 0001:00085fe0       _shortsort                 10086fe0 f   LIBCMTD:qsort.obj
 0001:00086050       _swap                      10087050 f   LIBCMTD:qsort.obj
 0001:00086ec0       _doexit                    10087ec0 f   LIBCMTD:crt0dat.obj
 0001:000871b0       __initterm                 100881b0 f   LIBCMTD:crt0dat.obj
 0001:00087700       __getenv_s_helper          10088700 f   LIBCMTD:getenv.obj
 0001:00087970       __dupenv_s_helper          10088970 f   LIBCMTD:getenv.obj
 0001:00088e60       ?failwithmessage@@YAXPAXHHPBD@Z 10089e60 f   LIBCMTD:_error_.obj
 0001:00089080       ?DebuggerProbe@@YAHK@Z     1008a080 f   LIBCMTD:_error_.obj
 0001:00089110       ?DebuggerRuntime@@YAHKHPAXPB_W@Z 1008a110 f   LIBCMTD:_error_.obj
 0001:000893f0       ?_getMemBlockDataString@@YAXPAD00I@Z 1008a3f0 f   LIBCMTD:_error_.obj
 0001:00089a50       _ctrlevent_capture@4       1008aa50 f   LIBCMTD:winsig.obj
 0001:00089e50       _siglookup                 1008ae50 f   LIBCMTD:winsig.obj
 0001:0008a170       _xtow_s@20                 1008b170 f   LIBCMTD:xtows.obj
 0001:0008a5a0       @x64tow_s@24               1008b5a0 f   LIBCMTD:xtows.obj
 0001:0008bb00       _flsall                    1008cb00 f   LIBCMTD:fflush.obj
 0001:0008dae0       __cftoe2_l                 1008eae0 f   LIBCMTD:cvt.obj
 0001:0008e880       __cftof2_l                 1008f880 f   LIBCMTD:cvt.obj
 0001:0008ee60       __shift                    1008fe60 f   LIBCMTD:cvt.obj
 0001:0008fd10       ?getSystemCP@@YAHH@Z       10090d10 f   LIBCMTD:mbctype.obj
 0001:00090170       ?CPtoLCID@@YAHH@Z          10091170 f   LIBCMTD:mbctype.obj
 0001:000901f0       ?setSBCS@@YAXPAUthreadmbcinfostruct@@@Z 100911f0 f   LIBCMTD:mbctype.obj
 0001:000902d0       ?setSBUpLow@@YAXPAUthreadmbcinfostruct@@@Z 100912d0 f   LIBCMTD:mbctype.obj
 0001:00091a30       __copytlocinfo_nolock      10092a30 f   LIBCMTD:setlocal.obj
 0001:00091e30       _sync_legacy_variables_lk  10092e30 f   LIBCMTD:setlocal.obj
 0001:00091e70       __setlocale_nolock         10092e70 f   LIBCMTD:setlocal.obj
 0001:00092260       __setlocale_set_cat        10093260 f   LIBCMTD:setlocal.obj
 0001:00092790       __setlocale_get_all        10093790 f   LIBCMTD:setlocal.obj
 0001:00094cd0       __get_fname                10095cd0 f   LIBCMTD:_fpexcept_.obj
 0001:00097ca0       ___check_float_string      10098ca0 f   LIBCMTD:input.obj
 0001:00097dc0       __hextodec                 10098dc0 f   LIBCMTD:input.obj
 0001:00097e00       __inc                      10098e00 f   LIBCMTD:input.obj
 0001:00097e60       __un_inc                   10098e60 f   LIBCMTD:input.obj
 0001:00097e80       __whiteout                 10098e80 f   LIBCMTD:input.obj
 0001:00099a00       ___check_float_string      1009aa00 f   LIBCMTD:inputs.obj
 0001:00099b00       __hextodec                 1009ab00 f   LIBCMTD:inputs.obj
 0001:00099b40       __inc                      1009ab40 f   LIBCMTD:inputs.obj
 0001:00099ba0       __un_inc                   1009aba0 f   LIBCMTD:inputs.obj
 0001:00099bc0       __whiteout                 1009abc0 f   LIBCMTD:inputs.obj
 0001:0009b1a0       _write_char                1009c1a0 f   LIBCMTD:output.obj
 0001:0009b250       _write_multi_char          1009c250 f   LIBCMTD:output.obj
 0001:0009b290       _write_string              1009c290 f   LIBCMTD:output.obj
 0001:0009b400       ?__crtLCMapStringA_stat@@YAHPAUlocaleinfo_struct@@KKPBDHPADHHH@Z 1009c400 f   LIBCMTD:a_map.obj
 0001:0009b730       ?strncnt@@YAHPBDH@Z        1009c730 f   LIBCMTD:a_map.obj
 0001:0009ca20       __nh_malloc_dbg_impl       1009da20 f   LIBCMTD:dbgheap.obj
 0001:0009cac0       __heap_alloc_dbg_impl      1009dac0 f   LIBCMTD:dbgheap.obj
 0001:0009d090       _realloc_help              1009e090 f   LIBCMTD:dbgheap.obj
 0001:0009e150       _CheckBytes                1009f150 f   LIBCMTD:dbgheap.obj
 0001:0009ef10       ?_CrtMemDumpAllObjectsSince_stat@@YAXPBU_CrtMemState@@PAUlocaleinfo_struct@@@Z 1009ff10 f   LIBCMTD:dbgheap.obj
 0001:0009f220       __printMemBlockData        100a0220 f   LIBCMTD:dbgheap.obj
 0001:000a0620       _parse_cmdline             100a1620 f   LIBCMTD:stdargv.obj
 0001:000a0d40       _ValidateLocalCookies      100a1d40 f   LIBCMTD:chandler4.obj
 0001:000a10b0       _xcptlookup                100a20b0 f   LIBCMTD:winxfltr.obj
 0001:000a1140       __unwind_handler           100a2140 f   LIBCMTD:exsup.obj
 0001:000a1cf0       ?strtoxl@@YAKPAUlocaleinfo_struct@@PBDPAPBDHH@Z 100a2cf0 f   LIBCMTD:strtol.obj
 0001:000a22d0       ?strtoxq@@YA_KPAUlocaleinfo_struct@@PBDPAPBDHH@Z 100a32d0 f   LIBCMTD:strtoq.obj
 0001:000a6580       _write_char                100a7580 f   LIBCMTD:outputp.obj
 0001:000a6630       _write_multi_char          100a7630 f   LIBCMTD:outputp.obj
 0001:000a6670       _write_string              100a7670 f   LIBCMTD:outputp.obj
 0001:000a7d60       _write_char                100a8d60 f   LIBCMTD:outputs.obj
 0001:000a7e10       _write_multi_char          100a8e10 f   LIBCMTD:outputs.obj
 0001:000a7e50       _write_string              100a8e50 f   LIBCMTD:outputs.obj
 0001:000a7f80       __onexit_nolock            100a8f80 f   LIBCMTD:onexit.obj
 0001:000aa9e0       __unwind_handler4          100ab9e0 f   LIBCMTD:exsup4.obj
 0001:000ac330       ?GetPdbDll@@YAPAUHINSTANCE__@@XZ 100ad330 f   LIBCMTD:_pdblkup_.obj
 0001:000ac420       ?GetPdbDllFromInstallPath@@YAPAUHINSTANCE__@@XZ 100ad420 f   LIBCMTD:_pdblkup_.obj
 0001:000ac5e0       ?GetPdbDllPathFromFilePath@@YAHPB_WPA_WI@Z 100ad5e0 f   LIBCMTD:_pdblkup_.obj
 0001:000aef90       _write_char                100aff90 f   LIBCMTD:woutput.obj
 0001:000aeff0       _write_multi_char          100afff0 f   LIBCMTD:woutput.obj
 0001:000af030       _write_string              100b0030 f   LIBCMTD:woutput.obj
 0001:000b06e0       _write_char                100b16e0 f   LIBCMTD:woutputs.obj
 0001:000b0740       _write_multi_char          100b1740 f   LIBCMTD:woutputs.obj
 0001:000b0780       _write_string              100b1780 f   LIBCMTD:woutputs.obj
 0001:000b40e0       _write_char                100b50e0 f   LIBCMTD:woutputp.obj
 0001:000b4140       _write_multi_char          100b5140 f   LIBCMTD:woutputp.obj
 0001:000b4180       _write_string              100b5180 f   LIBCMTD:woutputp.obj
 0001:000b67c0       ?CatchGuardHandler@@YA?AW4_EXCEPTION_DISPOSITION@@PAUEHExceptionRecord@@PAUCatchGuardRN@@PAX2@Z 100b77c0 f   LIBCMTD:_trnsctrl_.obj
 0001:000b6900       ?TranslatorGuardHandler@@YA?AW4_EXCEPTION_DISPOSITION@@PAUEHExceptionRecord@@PAUTranslatorGuardRN@@PAX2@Z 100b7900 f   LIBCMTD:_trnsctrl_.obj
 0001:000b6b50       ?__crtGetStringTypeA_stat@@YAHPAUlocaleinfo_struct@@KPBDHPAGHHH@Z 100b7b50 f   LIBCMTD:a_str.obj
 0001:000b6d50       __get_lc_time              100b7d50 f   LIBCMTD:inittime.obj
 0001:000b8330       _fix_grouping              100b9330 f   LIBCMTD:initnum.obj
 0001:000b89d0       _fix_grouping              100b99d0 f   LIBCMTD:initmon.obj
 0001:000b9ef0       _TranslateName             100baef0 f   LIBCMTD:getqloc.obj
 0001:000b9f80       _GetLcidFromLangCountry    100baf80 f   LIBCMTD:getqloc.obj
 0001:000ba040       _LangCountryEnumProc@4     100bb040 f   LIBCMTD:getqloc.obj
 0001:000ba480       _GetLcidFromLanguage       100bb480 f   LIBCMTD:getqloc.obj
 0001:000ba500       _LanguageEnumProc@4        100bb500 f   LIBCMTD:getqloc.obj
 0001:000ba6a0       _GetLcidFromCountry        100bb6a0 f   LIBCMTD:getqloc.obj
 0001:000ba6f0       _CountryEnumProc@4         100bb6f0 f   LIBCMTD:getqloc.obj
 0001:000ba7f0       _GetLcidFromDefault        100bb7f0 f   LIBCMTD:getqloc.obj
 0001:000ba830       _ProcessCodePage           100bb830 f   LIBCMTD:getqloc.obj
 0001:000ba8e0       _TestDefaultCountry        100bb8e0 f   LIBCMTD:getqloc.obj
 0001:000ba930       _TestDefaultLanguage       100bb930 f   LIBCMTD:getqloc.obj
 0001:000ba9b0       _LcidFromHexString         100bb9b0 f   LIBCMTD:getqloc.obj
 0001:000baa30       _GetPrimaryLen             100bba30 f   LIBCMTD:getqloc.obj
 0001:000bd190       __is_LFH_enabled           100be190 f   LIBCMTD:expand.obj
 0001:000bd680       ?x_ismbbtype_l@@YAHPAUlocaleinfo_struct@@IHH@Z 100be680 f   LIBCMTD:ismbbyte.obj
 0001:000bd7e0       ?__crtGetLocaleInfoA_stat@@YAHPAUlocaleinfo_struct@@KKPADH@Z 100be7e0 f   LIBCMTD:a_loc.obj
 0001:000bd950       ?__crtCompareStringA_stat@@YAHPAUlocaleinfo_struct@@KKPBDH1HH@Z 100be950 f   LIBCMTD:a_cmp.obj
 0001:000bdce0       ?strncnt@@YAHPBDH@Z        100bece0 f   LIBCMTD:a_cmp.obj
 0001:000be4a0       _findenv                   100bf4a0 f   LIBCMTD:setenv.obj
 0001:000be520       _copy_environ              100bf520 f   LIBCMTD:setenv.obj
 0001:000bf350       __tsopen_nolock            100c0350 f   LIBCMTD:open.obj
 0001:000c1ce0       ?wcstoxl@@YAKPB_WPAPB_WHH@Z 100c2ce0 f   LIBCMTD:wcstol.obj
 0001:000c2440       __abstract_cw              100c3440 f   LIBCMTD:_ieee87_.obj
 0001:000c2590       __hw_cw                    100c3590 f   LIBCMTD:_ieee87_.obj
 0001:000c26f0       __abstract_sw              100c36f0 f   LIBCMTD:_ieee87_.obj
 0001:000c2780       ___statusfp_sse2           100c3780 f   LIBCMTD:_ieee87_.obj
 0001:000c27a0       ___clearfp_sse2            100c37a0 f   LIBCMTD:_ieee87_.obj
 0001:000c27d0       ___control87_sse2          100c37d0 f   LIBCMTD:_ieee87_.obj
 0001:000c2850       ___abstract_cw_sse2        100c3850 f   LIBCMTD:_ieee87_.obj
 0001:000c29a0       ___hw_cw_sse2              100c39a0 f   LIBCMTD:_ieee87_.obj
 0001:000c2af0       ___abstract_sw_sse2        100c3af0 f   LIBCMTD:_ieee87_.obj
 0001:000c2b80       ___fpreset_sse2            100c3b80 f   LIBCMTD:_ieee87_.obj
 0001:000c5240       _xtoa_s@20                 100c6240 f   LIBCMTD:xtoas.obj
 0001:000c5660       @x64toa_s@24               100c6660 f   LIBCMTD:xtoas.obj
 0001:000c5f10       ?wcsncnt@@YAIPB_WI@Z       100c6f10 f   LIBCMTD:wcstombs.obj
 0001:000c6800       ?FindHandler@@YAXPAUEHExceptionRecord@@PAUEHRegistrationNode@@PAU_CONTEXT@@PAXPBU_s_FuncInfo@@EH1@Z 100c7800 f   LIBCMTD:frame.obj
 0001:000c6d50       ?FindHandlerForForeignException@@YAXPAUEHExceptionRecord@@PAUEHRegistrationNode@@PAU_CONTEXT@@PAXPBU_s_FuncInfo@@HH1@Z 100c7d50 f   LIBCMTD:frame.obj
 0001:000c7190       ?CatchIt@@YAXPAUEHExceptionRecord@@PAUEHRegistrationNode@@PAU_CONTEXT@@PAXPBU_s_FuncInfo@@PBU_s_HandlerType@@PBU_s_CatchableType@@PBU_s_TryBlockMapEntry@@H1E@Z 100c8190 f   LIBCMTD:frame.obj
 0001:000c7250       ?CallCatchBlock@@YAPAXPAUEHExceptionRecord@@PAUEHRegistrationNode@@PAU_CONTEXT@@PBU_s_FuncInfo@@PAXHK@Z 100c8250 f   LIBCMTD:frame.obj
 0001:000c74e0       ?ExFilterRethrow@@YAHPAU_EXCEPTION_POINTERS@@@Z 100c84e0 f   LIBCMTD:frame.obj
 0001:000c8150       ?IsInExceptionSpec@@YAEPAUEHExceptionRecord@@PBU_s_ESTypeList@@@Z 100c9150 f   LIBCMTD:frame.obj
 0001:000c8210       ?CallUnexpected@@YAXPBU_s_ESTypeList@@@Z 100c9210 f   LIBCMTD:frame.obj
 0001:000c825e       __catch$?CallUnexpected@@YAXPBU_s_ESTypeList@@@Z$0 100c925e f   LIBCMTD:frame.obj
 0001:000c82a0       ?Is_bad_exception_allowed@@YAEPBU_s_ESTypeList@@@Z 100c92a0 f   LIBCMTD:frame.obj
 0001:000d4610       ?und_strlen@@YAIPBD@Z      100d5610 f   LIBCMTD:undname.obj
 0001:000d4650       ?und_memcpy@@YAXPADPBDI@Z  100d5650 f   LIBCMTD:undname.obj
 0001:000d4690       ?und_strncmp@@YAIPBD0I@Z   100d5690 f   LIBCMTD:undname.obj
 0001:000d4990       __unwindfunclet$?getSystemCP@@YAHH@Z$0 100d5990 f   LIBCMTD:mbctype.obj
 0001:000d4998       __ehhandler$?getSystemCP@@YAHH@Z 100d5998 f   LIBCMTD:mbctype.obj
 0001:000d49c0       __unwindfunclet$?strtoxl@@YAKPAUlocaleinfo_struct@@PBDPAPBDHH@Z$0 100d59c0 f   LIBCMTD:strtol.obj
 0001:000d49c8       __ehhandler$?strtoxl@@YAKPAUlocaleinfo_struct@@PBDPAPBDHH@Z 100d59c8 f   LIBCMTD:strtol.obj
 0001:000d49f0       __unwindfunclet$?strtoxq@@YA_KPAUlocaleinfo_struct@@PBDPAPBDHH@Z$0 100d59f0 f   LIBCMTD:strtoq.obj
 0001:000d49f8       __ehhandler$?strtoxq@@YA_KPAUlocaleinfo_struct@@PBDPAPBDHH@Z 100d59f8 f   LIBCMTD:strtoq.obj
 0001:000d4a20       __unwindfunclet$?x_ismbbtype_l@@YAHPAUlocaleinfo_struct@@IHH@Z$0 100d5a20 f   LIBCMTD:ismbbyte.obj
 0001:000d4a28       __ehhandler$?x_ismbbtype_l@@YAHPAUlocaleinfo_struct@@IHH@Z 100d5a28 f   LIBCMTD:ismbbyte.obj
 0001:000d4a50       __ehhandler$?CallUnexpected@@YAXPBU_s_ESTypeList@@@Z 100d5a50 f   LIBCMTD:frame.obj
 0001:000d4a70       __unwindfunclet$?make@DNameStatusNode@@SAPAV1@W4DNameStatus@@@Z$0 100d5a70 f   LIBCMTD:undname.obj
 0001:000d4a7e       __ehhandler$?make@DNameStatusNode@@SAPAV1@W4DNameStatus@@@Z 100d5a7e f   LIBCMTD:undname.obj
