 tv_server_x86

 Timestamp is 51ba27ea (Fri Jun 14 00:13:30 2013)

 Preferred load address is 00400000

 Start         Length     Name                   Class
 0001:00000000 000f7457H .text                   CODE
 0001:000f7460 00000109H .text$x                 CODE
 0002:00000000 000002f8H .idata$5                DATA
 0002:000002f8 00000004H .CRT$XCA                DATA
 0002:000002fc 00000004H .CRT$XCZ                DATA
 0002:00000300 00000004H .CRT$XIA                DATA
 0002:00000304 00000014H .CRT$XIC                DATA
 0002:00000318 00000004H .CRT$XIY                DATA
 0002:0000031c 00000004H .CRT$XIZ                DATA
 0002:00000320 00000004H .CRT$XPA                DATA
 0002:00000324 00000008H .CRT$XPX                DATA
 0002:0000032c 00000004H .CRT$XPXA               DATA
 0002:00000330 00000004H .CRT$XPZ                DATA
 0002:00000334 00000004H .CRT$XTA                DATA
 0002:00000338 00000004H .CRT$XTZ                DATA
 0002:00000340 00020840H .rdata                  DATA
 0002:00020b80 00000055H .rdata$debug            DATA
 0002:00020bd8 000001c4H .rdata$r                DATA
 0002:00020da0 0000002cH .rdata$sxdata           DATA
 0002:00020dcc 00000004H .rtc$IAA                DATA
 0002:00020dd0 00000208H .rtc$IMZ                DATA
 0002:00020fd8 00000004H .rtc$IZZ                DATA
 0002:00020fdc 00000004H .rtc$TAA                DATA
 0002:00020fe0 00000208H .rtc$TMZ                DATA
 0002:000211e8 00000004H .rtc$TZZ                DATA
 0002:000211f0 00000f18H .xdata$x                DATA
 0002:00022108 00000064H .idata$2                DATA
 0002:0002216c 00000014H .idata$3                DATA
 0002:00022180 000002f8H .idata$4                DATA
 0002:00022478 00000be2H .idata$6                DATA
 0002:0002305a 00000000H .edata                  DATA
 0003:00000000 0001962cH .data                   DATA
 0003:00019640 00113524H .bss                    DATA

  Address         Publics by Value              Rva+Base       Lib:Object

 0000:00000000       __except_list              00000000     <absolute>
 0000:0000000b       ___safe_se_handler_count   0000000b     <absolute>
 0000:00000000       ___ImageBase               00400000     <linker-defined>
 0001:00000000       _Com_ScriptModule_Shutdown 00401000 f   ascript_null.obj
 0001:00000010       _Com_ScriptModule_Init     00401010 f   ascript_null.obj
 0001:00000020       _CL_Init                   00401020 f   cl_null.obj
 0001:00000030       _CL_InitDynvars            00401030 f   cl_null.obj
 0001:00000040       _CL_Disconnect             00401040 f   cl_null.obj
 0001:00000050       _CL_Shutdown               00401050 f   cl_null.obj
 0001:00000060       _CL_Frame                  00401060 f   cl_null.obj
 0001:00000070       _CL_ParseServerMessage     00401070 f   cl_null.obj
 0001:00000080       _CL_Netchan_Transmit       00401080 f   cl_null.obj
 0001:00000090       _Con_Print                 00401090 f   cl_null.obj
 0001:000000a0       _CL_GetKeyDest             004010a0 f   cl_null.obj
 0001:000000b0       _CL_GetClientState         004010b0 f   cl_null.obj
 0001:000000c0       _SCR_BeginLoadingPlaque    004010c0 f   cl_null.obj
 0001:000000d0       _SCR_EndLoadingPlaque      004010d0 f   cl_null.obj
 0001:000000e0       _SCR_ChangeSystemFontSmallSize 004010e0 f   cl_null.obj
 0001:000000f0       _Key_Init                  004010f0 f   cl_null.obj
 0001:00000120       _Key_Shutdown              00401120 f   cl_null.obj
 0001:00000140       _Key_DelegatePush          00401140 f   cl_null.obj
 0001:00000150       _Key_DelegatePop           00401150 f   cl_null.obj
 0001:00000160       _SCR_RegisterFont          00401160 f   cl_null.obj
 0001:00000170       _SCR_DrawString            00401170 f   cl_null.obj
 0001:00000180       _SCR_DrawStringWidth       00401180 f   cl_null.obj
 0001:00000190       _SCR_DrawClampString       00401190 f   cl_null.obj
 0001:000001a0       _SCR_DrawRawChar           004011a0 f   cl_null.obj
 0001:000001b0       _SCR_strHeight             004011b0 f   cl_null.obj
 0001:000001c0       _SCR_strWidth              004011c0 f   cl_null.obj
 0001:000001d0       _SCR_StrlenForWidth        004011d0 f   cl_null.obj
 0001:000001e0       _R_RegisterPic             004011e0 f   cl_null.obj
 0001:000001f0       _R_DrawStretchPic          004011f0 f   cl_null.obj
 0001:00000200       _R_DrawRotatedStretchPic   00401200 f   cl_null.obj
 0001:00000210       _R_DrawStretchPoly         00401210 f   cl_null.obj
 0001:00000220       _CM_LoadMap                00401220 f   cm_main.obj
 0001:00000b30       _CM_LoadMapMessage         00401b30 f   cm_main.obj
 0001:00000f10       _CM_ClientLoad             00401f10 f   cm_main.obj
 0001:00000f50       _CM_InlineModel            00401f50 f   cm_main.obj
 0001:00000fa0       _CM_NumInlineModels        00401fa0 f   cm_main.obj
 0001:00000fb0       _CM_InlineModelBounds      00401fb0 f   cm_main.obj
 0001:00001070       _CM_ShaderrefName          00402070 f   cm_main.obj
 0001:000010a0       _CM_EntityStringLen        004020a0 f   cm_main.obj
 0001:000010b0       _CM_EntityString           004020b0 f   cm_main.obj
 0001:000010c0       _CM_LeafCluster            004020c0 f   cm_main.obj
 0001:00001100       _CM_LeafArea               00402100 f   cm_main.obj
 0001:00001140       _CM_ClusterRowSize         00402140 f   cm_main.obj
 0001:00001180       _CM_ClusterRowLongs        00402180 f   cm_main.obj
 0001:000011d0       _CM_NumClusters            004021d0 f   cm_main.obj
 0001:00001210       _CM_PVSData                00402210 f   cm_main.obj
 0001:00001220       _CM_ClusterPVS             00402220 f   cm_main.obj
 0001:00001280       _CM_NumAreas               00402280 f   cm_main.obj
 0001:00001290       _CM_AreaRowSize            00402290 f   cm_main.obj
 0001:000012b0       _CM_FloodAreaConnections   004022b0 f   cm_main.obj
 0001:00001430       _CM_SetAreaPortalState     00402430 f   cm_main.obj
 0001:00001560       _CM_AreasConnected         00402560 f   cm_main.obj
 0001:00001610       _CM_WriteAreaBits          00402610 f   cm_main.obj
 0001:00001780       _CM_ReadAreaBits           00402780 f   cm_main.obj
 0001:00001880       _CM_WritePortalState       00402880 f   cm_main.obj
 0001:00001950       _CM_ReadPortalState        00402950 f   cm_main.obj
 0001:000019f0       _CM_HeadnodeVisible        004029f0 f   cm_main.obj
 0001:00001aa0       _CM_MergePVS               00402aa0 f   cm_main.obj
 0001:00001d40       _CM_MergeVisSets           00402d40 f   cm_main.obj
 0001:00001df0       _CM_New                    00402df0 f   cm_main.obj
 0001:00001eb0       _CM_Free                   00402eb0 f   cm_main.obj
 0001:00001f10       _CM_Init                   00402f10 f   cm_main.obj
 0001:00001fd0       _CM_Shutdown               00402fd0 f   cm_main.obj
 0001:00002010       _CM_LoadQ3BrushModel       00403010 f   cm_q3bsp.obj
 0001:00004930       _CM_InitBoxHull            00405930 f   cm_trace.obj
 0001:00004ab0       _CM_InitOctagonHull        00405ab0 f   cm_trace.obj
 0001:00004d80       _CM_ModelForBBox           00405d80 f   cm_trace.obj
 0001:00004e50       _CM_OctagonModelForBBox    00405e50 f   cm_trace.obj
 0001:00005140       _CM_PointLeafnum           00406140 f   cm_trace.obj
 0001:00005220       _CM_BoxLeafnums            00406220 f   cm_trace.obj
 0001:00005440       _CM_RoundUpToHullSize      00406440 f   cm_trace.obj
 0001:000054a0       _CM_TransformedPointContents 004064a0 f   cm_trace.obj
 0001:00005980       _CM_TransformedBoxTrace    00406980 f   cm_trace.obj
 0001:00007630       _Cbuf_Init                 00408630 f   cmd.obj
 0001:000076d0       _Cbuf_Shutdown             004086d0 f   cmd.obj
 0001:00007750       _Cbuf_FreeSpace            00408750 f   cmd.obj
 0001:000078c0       _Cbuf_EnsureSpace          004088c0 f   cmd.obj
 0001:000079c0       _Cbuf_AddText              004089c0 f   cmd.obj
 0001:00007ad0       _Cbuf_InsertText           00408ad0 f   cmd.obj
 0001:00007bf0       _Cbuf_ExecuteText          00408bf0 f   cmd.obj
 0001:00007c60       _Cbuf_Execute              00408c60 f   cmd.obj
 0001:00007e60       _Cbuf_AddEarlyCommands     00408e60 f   cmd.obj
 0001:00008000       _Cbuf_AddLateCommands      00409000 f   cmd.obj
 0001:000081e0       _Cmd_WriteAliases          004091e0 f   cmd.obj
 0001:00008310       _Cmd_Argc                  00409310 f   cmd.obj
 0001:00008320       _Cmd_Argv                  00409320 f   cmd.obj
 0001:00008350       _Cmd_Args                  00409350 f   cmd.obj
 0001:00008360       _Cmd_TokenizeString        00409360 f   cmd.obj
 0001:00008580       _Cmd_AddCommand            00409580 f   cmd.obj
 0001:00008720       _Cmd_RemoveCommand         00409720 f   cmd.obj
 0001:00008810       _Cmd_Exists                00409810 f   cmd.obj
 0001:000088c0       _Cmd_SetCompletionFunc     004098c0 f   cmd.obj
 0001:00008970       _Cmd_CompleteCountPossible 00409970 f   cmd.obj
 0001:00008a30       _Cmd_CompleteBuildList     00409a30 f   cmd.obj
 0001:00008b60       _Cmd_CompleteBuildArgList  00409b60 f   cmd.obj
 0001:00008c20       _Cmd_CompleteAlias         00409c20 f   cmd.obj
 0001:00008cf0       _Cmd_CompleteAliasCountPossible 00409cf0 f   cmd.obj
 0001:00008dc0       _Cmd_CompleteAliasBuildList 00409dc0 f   cmd.obj
 0001:00008ef0       _Cmd_CheckForCommand       00409ef0 f   cmd.obj
 0001:00009060       _Cmd_ExecuteString         0040a060 f   cmd.obj
 0001:00009220       _Cmd_PreInit               0040a220 f   cmd.obj
 0001:000092e0       _Cmd_Init                  0040a2e0 f   cmd.obj
 0001:0000a010       _Cmd_Shutdown              0040b010 f   cmd.obj
 0001:0000a2a0       _Com_FindBSPFormat         0040b2a0 f   common.obj
 0001:0000a370       _Com_FindFormatDescriptor  0040b370 f   common.obj
 0001:0000a440       _Com_BeginRedirect         0040b440 f   common.obj
 0001:0000a4a0       _Com_EndRedirect           0040b4a0 f   common.obj
 0001:0000a510       _Com_Printf                0040b510 f   common.obj
 0001:0000a900       _Com_DPrintf               0040b900 f   common.obj
 0001:0000a9c0       _Com_Error                 0040b9c0 f   common.obj
 0001:0000ab10       _Com_Quit                  0040bb10 f   common.obj
 0001:0000aba0       _Com_ServerState           0040bba0 f   common.obj
 0001:0000abb0       _Com_SetServerState        0040bbb0 f   common.obj
 0001:0000abc0       _Com_ClientState           0040bbc0 f   common.obj
 0001:0000abd0       _Com_SetClientState        0040bbd0 f   common.obj
 0001:0000abe0       _Com_DemoPlaying           0040bbe0 f   common.obj
 0001:0000abf0       _Com_SetDemoPlaying        0040bbf0 f   common.obj
 0001:0000ac00       _Com_DaysSince1900         0040bc00 f   common.obj
 0001:0000acb0       _Com_HashKey               0040bcb0 f   common.obj
 0001:0000ad40       _Com_SuperFastHash         0040bd40 f   common.obj
 0001:0000aec0       _Com_SuperFastHash64BitInt 0040bec0 f   common.obj
 0001:0000afd0       _Com_MD5Digest32           0040bfd0 f   common.obj
 0001:0000aff0       _COM_CheckParm             0040bff0 f   common.obj
 0001:0000b050       _COM_Argc                  0040c050 f   common.obj
 0001:0000b060       _COM_Argv                  0040c060 f   common.obj
 0001:0000b0a0       _COM_ClearArgv             0040c0a0 f   common.obj
 0001:0000b0e0       _COM_InitArgv              0040c0e0 f   common.obj
 0001:0000b180       _COM_AddParm               0040c180 f   common.obj
 0001:0000b1d0       _Com_GlobMatch             0040c1d0 f   common.obj
 0001:0000b1f0       __ZoneCopyString           0040c1f0 f   common.obj
 0001:0000b260       _TempCopyString            0040c260 f   common.obj
 0001:0000b2d0       _Info_Print                0040c2d0 f   common.obj
 0001:0000b4c0       _Com_PageInMemory          0040c4c0 f   common.obj
 0001:0000b510       _Com_AddPakToPureList      0040c510 f   common.obj
 0001:0000b5d0       _Com_CountPureListFiles    0040c5d0 f   common.obj
 0001:0000b620       _Com_FindPakInPureList     0040c620 f   common.obj
 0001:0000b670       _Com_FreePureList          0040c670 f   common.obj
 0001:0000b6e0       _COM_CPUFeatures           0040c6e0 f   common.obj
 0001:0000b8b0       _Q_malloc                  0040c8b0 f   common.obj
 0001:0000b900       _Q_realloc                 0040c900 f   common.obj
 0001:0000b950       _Q_free                    0040c950 f   common.obj
 0001:0000b970       _Qcommon_InitCommands      0040c970 f   common.obj
 0001:0000bad0       _Qcommon_ShutdownCommands  0040cad0 f   common.obj
 0001:0000bb40       _Qcommon_Init              0040cb40 f   common.obj
 0001:0000c0d0       _Qcommon_Frame             0040d0d0 f   common.obj
 0001:0000c430       _Qcommon_Shutdown          0040d430 f   common.obj
 0001:0000c500       _InitConProc               0040d500 f   conproc.obj
 0001:0000c7b0       _DeinitConProc             0040d7b0 f   conproc.obj
 0001:0000d030       _Cvar_Find                 0040e030 f   cvar.obj
 0001:0000d0c0       _Cvar_Value                0040e0c0 f   cvar.obj
 0001:0000d120       _Cvar_String               0040e120 f   cvar.obj
 0001:0000d170       _Cvar_Integer              0040e170 f   cvar.obj
 0001:0000d1c0       _Cvar_Get                  0040e1c0 f   cvar.obj
 0001:0000d6c0       _Cvar_ForceSet             0040e6c0 f   cvar.obj
 0001:0000dbf0       _Cvar_Set                  0040ebf0 f   cvar.obj
 0001:0000dc10       _Cvar_FullSet              0040ec10 f   cvar.obj
 0001:0000dc90       _Cvar_SetValue             0040ec90 f   cvar.obj
 0001:0000ddb0       _Cvar_GetLatchedVars       0040edb0 f   cvar.obj
 0001:0000e070       _Cvar_FixCheatVars         0040f070 f   cvar.obj
 0001:0000e250       _Cvar_Command              0040f250 f   cvar.obj
 0001:0000e330       _Cvar_WriteVariables       0040f330 f   cvar.obj
 0001:0000e5e0       _Cvar_Userinfo             0040f5e0 f   cvar.obj
 0001:0000e760       _Cvar_Serverinfo           0040f760 f   cvar.obj
 0001:0000e780       _Cvar_CompleteCountPossible 0040f780 f   cvar.obj
 0001:0000e830       _Cvar_CompleteBuildList    0040f830 f   cvar.obj
 0001:0000e940       _Cvar_CompleteBuildListWithFlag 0040f940 f   cvar.obj
 0001:0000ea60       _Cvar_CompleteBuildListUser 0040fa60 f   cvar.obj
 0001:0000ea80       _Cvar_CompleteBuildListServer 0040fa80 f   cvar.obj
 0001:0000eaa0       _Cvar_PreInit              0040faa0 f   cvar.obj
 0001:0000eb30       _Cvar_Init                 0040fb30 f   cvar.obj
 0001:0000f3b0       _Cvar_Shutdown             004103b0 f   cvar.obj
 0001:0000f5f0       _Dynvar_PreInit            004105f0 f   dynvar.obj
 0001:0000f670       _Dynvar_Init               00410670 f   dynvar.obj
 0001:0000f6f0       _Dynvar_Shutdown           004106f0 f   dynvar.obj
 0001:0000f840       _Dynvar_Create             00410840 f   dynvar.obj
 0001:0000f8e0       _Dynvar_Destroy            004108e0 f   dynvar.obj
 0001:0000f9e0       _Dynvar_Lookup             004109e0 f   dynvar.obj
 0001:0000fa80       _Dynvar_GetName            00410a80 f   dynvar.obj
 0001:0000fab0       _Dynvar_GetValue           00410ab0 f   dynvar.obj
 0001:0000fb20       _Dynvar_SetValue           00410b20 f   dynvar.obj
 0001:0000fbd0       _Dynvar_CallListeners      00410bd0 f   dynvar.obj
 0001:0000fcf0       _Dynvar_AddListener        00410cf0 f   dynvar.obj
 0001:0000fde0       _Dynvar_RemoveListener     00410de0 f   dynvar.obj
 0001:0000ff00       _Dynvar_CompleteCountPossible 00410f00 f   dynvar.obj
 0001:0000ffb0       _Dynvar_CompleteBuildList  00410fb0 f   dynvar.obj
 0001:000100f0       _Dynvar_CompleteDynvar     004110f0 f   dynvar.obj
 0001:000101b0       _Dynvar_Command            004111b0 f   dynvar.obj
 0001:00010860       _FS_PakNameForFile         00411860 f   files.obj
 0001:00010c80       _FS_GetExplicitPurePakList 00411c80 f   files.obj
 0001:00010f40       _FS_FirstExtension         00411f40 f   files.obj
 0001:000112d0       _FS_FOpenAbsoluteFile      004122d0 f   files.obj
 0001:00011650       _FS_IsUrl                  00412650 f   files.obj
 0001:00011680       _FS_FOpenFile              00412680 f   files.obj
 0001:00012280       _FS_FOpenBaseFile          00413280 f   files.obj
 0001:000122b0       _FS_FCloseFile             004132b0 f   files.obj
 0001:000124b0       _FS_Read                   004134b0 f   files.obj
 0001:00012890       _FS_Print                  00413890 f   files.obj
 0001:000128e0       _FS_Printf                 004138e0 f   files.obj
 0001:000129c0       _FS_Write                  004139c0 f   files.obj
 0001:00012b30       _FS_Tell                   00413b30 f   files.obj
 0001:00012b80       _FS_Seek                   00413b80 f   files.obj
 0001:00012f80       _FS_Eof                    00413f80 f   files.obj
 0001:00012fd0       _FS_Flush                  00413fd0 f   files.obj
 0001:00013020       _FS_LoadFileExt            00414020 f   files.obj
 0001:00013140       _FS_LoadBaseFileExt        00414140 f   files.obj
 0001:00013260       _FS_FreeFile               00414260 f   files.obj
 0001:00013290       _FS_FreeBaseFile           00414290 f   files.obj
 0001:000132b0       _FS_ChecksumAbsoluteFile   004142b0 f   files.obj
 0001:00013450       _FS_ChecksumBaseFile       00414450 f   files.obj
 0001:00013550       _FS_AddPurePak             00414550 f   files.obj
 0001:000135b0       _FS_RemovePurePaks         004145b0 f   files.obj
 0001:000135f0       _FS_IsPureFile             004145f0 f   files.obj
 0001:00013640       _FS_FileManifest           00414640 f   files.obj
 0001:00013690       _FS_RemoveAbsoluteFile     00414690 f   files.obj
 0001:000136d0       _FS_RemoveBaseFile         004146d0 f   files.obj
 0001:00013770       _FS_RemoveFile             00414770 f   files.obj
 0001:00013790       __FS_CopyFile              00414790 f   files.obj
 0001:00013910       _FS_CopyFile               00414910 f   files.obj
 0001:00013930       _FS_CopyBaseFile           00414930 f   files.obj
 0001:00013950       __FS_MoveFile              00414950 f   files.obj
 0001:00013a40       _FS_MoveFile               00414a40 f   files.obj
 0001:00013a60       _FS_MoveBaseFile           00414a60 f   files.obj
 0001:00013a80       _FS_FileMTime              00414a80 f   files.obj
 0001:00013ba0       _FS_BaseFileMTime          00414ba0 f   files.obj
 0001:00013bc0       _FS_RemoveAbsoluteDirectory 00414bc0 f   files.obj
 0001:00013bf0       _FS_RemoveBaseDirectory    00414bf0 f   files.obj
 0001:00013c30       _FS_RemoveDirectory        00414c30 f   files.obj
 0001:00013c80       _FS_IsPakValid             00414c80 f   files.obj
 0001:00014cc0       _FS_CheckPakExtension      00415cc0 f   files.obj
 0001:00014d60       _FS_GetFileListExt         00415d60 f   files.obj
 0001:00015b10       _FS_GetFileList            00416b10 f   files.obj
 0001:00015b50       _FS_GameDirectory          00416b50 f   files.obj
 0001:00015ba0       _FS_BaseGameDirectory      00416ba0 f   files.obj
 0001:00015bf0       _FS_WriteDirectory         00416bf0 f   files.obj
 0001:00015c00       _FS_CreateAbsolutePath     00416c00 f   files.obj
 0001:00015c60       _FS_AbsoluteNameForFile    00416c60 f   files.obj
 0001:00015cd0       _FS_AbsoluteNameForBaseFile 00416cd0 f   files.obj
 0001:00015d30       _FS_BaseNameForFile        00416d30 f   files.obj
 0001:00015dc0       _FS_GetGameDirectoryList   00416dc0 f   files.obj
 0001:00016000       _FS_SetGameDirectory       00417000 f   files.obj
 0001:00016d00       _FS_GetNotifications       00417d00 f   files.obj
 0001:00016d10       _FS_RemoveNotifications    00417d10 f   files.obj
 0001:00016d30       _FS_Init                   00417d30 f   files.obj
 0001:00017610       _FS_Rescan                 00418610 f   files.obj
 0001:000176e0       _FS_Frame                  004186e0 f   files.obj
 0001:00017780       _FS_Shutdown               00418780 f   files.obj
 0001:00017940       _glob_match                00418940 f   glob.obj
 0001:00017e60       _Irc_Connect_f             00418e60 f   irc_null.obj
 0001:00017e70       _Irc_Disconnect_f          00418e70 f   irc_null.obj
 0001:00017e80       _Irc_GetConnected_f        00418e80 f   irc_null.obj
 0001:00017e90       _Irc_SetConnected_f        00418e90 f   irc_null.obj
 0001:00017eb0       _Com_UnloadLibrary         00418eb0 f   library.obj
 0001:00017f00       _Com_LoadLibrary           00418f00 f   library.obj
 0001:00018050       _Com_UnloadGameLibrary     00419050 f   library.obj
 0001:00018220       _Com_LoadGameLibrary       00419220 f   library.obj
 0001:00018900       _md5_digest                00419900 f   md5.obj
 0001:000189a0       _md5_digest32              004199a0 f   md5.obj
 0001:00018a30       _md5_init                  00419a30 f   md5.obj
 0001:00018a70       _md5_append                00419a70 f   md5.obj
 0001:00019a30       _md5_finish                0041aa30 f   md5.obj
 0001:00019b50       _md5_reduce                0041ab50 f   md5.obj
 0001:00019c10       __Mem_AllocExt             0041ac10 f   mem.obj
 0001:00019ec0       __Mem_Alloc                0041aec0 f   mem.obj
 0001:00019ef0       __Mem_Realloc              0041aef0 f   mem.obj
 0001:00019fd0       __Mem_Free                 0041afd0 f   mem.obj
 0001:0001a240       __Mem_AllocPool            0041b240 f   mem.obj
 0001:0001a3a0       __Mem_AllocTempPool        0041b3a0 f   mem.obj
 0001:0001a3f0       __Mem_FreePool             0041b3f0 f   mem.obj
 0001:0001a690       __Mem_EmptyPool            0041b690 f   mem.obj
 0001:0001a850       _Mem_PoolTotalSize         0041b850 f   mem.obj
 0001:0001a880       __Mem_CheckSentinels       0041b880 f   mem.obj
 0001:0001a980       __Mem_CheckSentinelsGlobal 0041b980 f   mem.obj
 0001:0001ab20       _Memory_Init               0041bb20 f   mem.obj
 0001:0001aba0       _Memory_InitCommands       0041bba0 f   mem.obj
 0001:0001b330       _Memory_Shutdown           0041c330 f   mem.obj
 0001:0001b430       _Memory_ShutdownCommands   0041c430 f   mem.obj
 0001:0001b470       _MM_Init                   0041c470 f   mm_null.obj
 0001:0001b480       _MM_Shutdown               0041c480 f   mm_null.obj
 0001:0001b490       _MM_Frame                  0041c490 f   mm_null.obj
 0001:0001b4b0       _MSG_Init                  0041c4b0 f   msg.obj
 0001:0001b500       _MSG_Clear                 0041c500 f   msg.obj
 0001:0001b520       _MSG_GetSpace              0041c520 f   msg.obj
 0001:0001b5a0       _MSG_WriteData             0041c5a0 f   msg.obj
 0001:0001b5c0       _MSG_CopyData              0041c5c0 f   msg.obj
 0001:0001b5f0       _MSG_WriteChar             0041c5f0 f   msg.obj
 0001:0001b630       _MSG_WriteByte             0041c630 f   msg.obj
 0001:0001b670       _MSG_WriteShort            0041c670 f   msg.obj
 0001:0001b6b0       _MSG_WriteInt3             0041c6b0 f   msg.obj
 0001:0001b710       _MSG_WriteLong             0041c710 f   msg.obj
 0001:0001b750       _MSG_WriteFloat            0041c750 f   msg.obj
 0001:0001b7c0       _MSG_WriteDir              0041c7c0 f   msg.obj
 0001:0001b810       _MSG_WriteString           0041c810 f   msg.obj
 0001:0001b8a0       _MSG_BeginReading          0041c8a0 f   msg.obj
 0001:0001b8b0       _MSG_ReadChar              0041c8b0 f   msg.obj
 0001:0001b900       _MSG_ReadByte              0041c900 f   msg.obj
 0001:0001b950       _MSG_ReadShort             0041c950 f   msg.obj
 0001:0001b9b0       _MSG_ReadInt3              0041c9b0 f   msg.obj
 0001:0001ba50       _MSG_ReadLong              0041ca50 f   msg.obj
 0001:0001bab0       _MSG_ReadFloat             0041cab0 f   msg.obj
 0001:0001bb30       _MSG_ReadDir               0041cb30 f   msg.obj
 0001:0001bb60       _MSG_ReadData              0041cb60 f   msg.obj
 0001:0001bbb0       _MSG_SkipData              0041cbb0 f   msg.obj
 0001:0001bbe0       _MSG_ReadString            0041cbe0 f   msg.obj
 0001:0001bc80       _MSG_ReadStringLine        0041cc80 f   msg.obj
 0001:0001bca0       _MSG_WriteDeltaEntity      0041cca0 f   msg.obj
 0001:0001ca10       _MSG_ReadEntityBits        0041da10 f   msg.obj
 0001:0001cb10       _MSG_ReadDeltaEntity       0041db10 f   msg.obj
 0001:0001d100       _MSG_WriteDeltaUsercmd     0041e100 f   msg.obj
 0001:0001d2f0       _MSG_ReadDeltaUsercmd      0041e2f0 f   msg.obj
 0001:0001d430       _NET_GetPacket             0041e430 f   net.obj
 0001:0001d960       _NET_Get                   0041e960 f   net.obj
 0001:0001da00       _NET_SendPacket            0041ea00 f   net.obj
 0001:0001ded0       _NET_Send                  0041eed0 f   net.obj
 0001:0001df80       _NET_AddressToString       0041ef80 f   net.obj
 0001:0001e140       _NET_CompareBaseAddress    0041f140 f   net.obj
 0001:0001e280       _NET_GetAddressPort        0041f280 f   net.obj
 0001:0001e2e0       _NET_SetAddressPort        0041f2e0 f   net.obj
 0001:0001e340       _NET_CompareAddress        0041f340 f   net.obj
 0001:0001e4d0       _NET_InitAddress           0041f4d0 f   net.obj
 0001:0001e500       _NET_BroadcastAddress      0041f500 f   net.obj
 0001:0001e560       _NET_StringToAddress       0041f560 f   net.obj
 0001:0001ea60       _NET_IsLocalAddress        0041fa60 f   net.obj
 0001:0001eae0       _NET_IsAnyAddress          0041fae0 f   net.obj
 0001:0001eb60       _NET_IsLANAddress          0041fb60 f   net.obj
 0001:0001ec80       _NET_AsyncResolveHostname  0041fc80 f   net.obj
 0001:0001eca0       _NET_ShowIP                0041fca0 f   net.obj
 0001:0001ed20       _NET_ErrorString           0041fd20 f   net.obj
 0001:0001ed30       _NET_SetErrorString        0041fd30 f   net.obj
 0001:0001ee60       _NET_SetErrorStringFromLastError 0041fe60 f   net.obj
 0001:0001ef40       _NET_SocketTypeToString    0041ff40 f   net.obj
 0001:0001ef80       _NET_SocketToString        0041ff80 f   net.obj
 0001:0001efe0       _NET_OpenSocket            0041ffe0 f   net.obj
 0001:0001f6c0       _NET_CloseSocket           004206c0 f   net.obj
 0001:0001f830       _NET_Sleep                 00420830 f   net.obj
 0001:0001fa70       _NET_Monitor               00420a70 f   net.obj
 0001:0001fea0       _NET_Init                  00420ea0 f   net.obj
 0001:00020140       _NET_Shutdown              00421140 f   net.obj
 0001:000201a0       _Netchan_OutOfBand         004211a0 f   net_chan.obj
 0001:00020290       _Netchan_OutOfBandPrint    00421290 f   net_chan.obj
 0001:00020300       _Netchan_Setup             00421300 f   net_chan.obj
 0001:00020360       _Netchan_CompressMessage   00421360 f   net_chan.obj
 0001:00020510       _Netchan_DecompressMessage 00421510 f   net_chan.obj
 0001:000206d0       _Netchan_TransmitNextFragment 004216d0 f   net_chan.obj
 0001:00020a70       _Netchan_PushAllFragments  00421a70 f   net_chan.obj
 0001:00020ab0       _Netchan_Transmit          00421ab0 f   net_chan.obj
 0001:00020d20       _Netchan_Process           00421d20 f   net_chan.obj
 0001:00021190       _Netchan_GamePort          00422190 f   net_chan.obj
 0001:000211a0       _Netchan_Init              004221a0 f   net_chan.obj
 0001:00021210       _Netchan_Shutdown          00422210 f   net_chan.obj
 0001:00021220       _Patch_GetFlatness         00422220 f   patch.obj
 0001:00021810       _Patch_Evaluate_vec_t      00422810 f   patch.obj
 0001:00021e30       _Patch_Evaluate_qbyte      00422e30 f   patch.obj
 0001:000225b0       _DirToByte                 004235b0 f   q_math.obj
 0001:00022700       _ByteToDir                 00423700 f   q_math.obj
 0001:00022770       _ColorNormalize            00423770 f   q_math.obj
 0001:00022870       _NormToLatLong             00423870 f   q_math.obj
 0001:00022960       _MakeNormalVectors         00423960 f   q_math.obj
 0001:00022a90       _RotatePointAroundVector   00423a90 f   q_math.obj
 0001:00022d00       _AngleVectors              00423d00 f   q_math.obj
 0001:00022f20       _VecToAngles               00423f20 f   q_math.obj
 0001:000230b0       _AnglesToAxis              004240b0 f   q_math.obj
 0001:00023120       _NormalVectorToAxis        00424120 f   q_math.obj
 0001:00023250       _BuildBoxPoints            00424250 f   q_math.obj
 0001:000233f0       _ProjectPointOntoPlane     004243f0 f   q_math.obj
 0001:00023510       _PerpendicularVector       00424510 f   q_math.obj
 0001:00023630       _ProjectPointOntoVector    00424630 f   q_math.obj
 0001:00023760       _DistanceFromLineSquared   00424760 f   q_math.obj
 0001:00023980       _Q_RSqrt                   00424980 f   q_math.obj
 0001:00023a00       _Q_rand                    00424a00 f   q_math.obj
 0001:00023a40       _Q_bitcount                00424a40 f   q_math.obj
 0001:00023aa0       _LerpAngle                 00424aa0 f   q_math.obj
 0001:00023b00       _AngleSubtract             00424b00 f   q_math.obj
 0001:00023b60       _AnglesSubtract            00424b60 f   q_math.obj
 0001:00023bd0       _AngleNormalize360         00424bd0 f   q_math.obj
 0001:00023c20       _AngleNormalize180         00424c20 f   q_math.obj
 0001:00023c60       _AngleDelta                00424c60 f   q_math.obj
 0001:00023ca0       _anglemod                  00424ca0 f   q_math.obj
 0001:00023ce0       _CalcFov                   00424ce0 f   q_math.obj
 0001:00023d90       _AdjustFov                 00424d90 f   q_math.obj
 0001:00023ee0       _BoxOnPlaneSide            00424ee0 f   q_math.obj
 0001:00024260       _SignbitsForPlane          00425260 f   q_math.obj
 0001:000242d0       _PlaneTypeForNormal        004252d0 f   q_math.obj
 0001:00024330       _CategorizePlane           00425330 f   q_math.obj
 0001:00024450       _PlaneFromPoints           00425450 f   q_math.obj
 0001:000245a0       _ComparePlanes             004255a0 f   q_math.obj
 0001:00024650       _SnapVector                00425650 f   q_math.obj
 0001:00024730       _SnapPlane                 00425730 f   q_math.obj
 0001:00024800       _ClearBounds               00425800 f   q_math.obj
 0001:00024850       _BoundsIntersect           00425850 f   q_math.obj
 0001:000248f0       _BoundsAndSphereIntersect  004258f0 f   q_math.obj
 0001:000249f0       _AddPointToBounds          004259f0 f   q_math.obj
 0001:00024a70       _RadiusFromBounds          00425a70 f   q_math.obj
 0001:00024ba0       _VectorNormalize           00425ba0 f   q_math.obj
 0001:00024c50       _VectorNormalize2          00425c50 f   q_math.obj
 0001:00024d10       _Vector4Normalize          00425d10 f   q_math.obj
 0001:00024de0       _VectorNormalizeFast       00425de0 f   q_math.obj
 0001:00024e70       __VectorMA                 00425e70 f   q_math.obj
 0001:00024ec0       __DotProduct               00425ec0 f   q_math.obj
 0001:00024f00       __VectorSubtract           00425f00 f   q_math.obj
 0001:00024f40       __VectorAdd                00425f40 f   q_math.obj
 0001:00024f80       __VectorCopy               00425f80 f   q_math.obj
 0001:00024fb0       _Q_log2                    00425fb0 f   q_math.obj
 0001:00024fe0       _VectorReflect             00425fe0 f   q_math.obj
 0001:00025070       _Matrix3_Identity          00426070 f   q_math.obj
 0001:000250f0       _Matrix3_Copy              004260f0 f   q_math.obj
 0001:00025110       _Matrix3_Compare           00426110 f   q_math.obj
 0001:00025160       _Matrix3_Multiply          00426160 f   q_math.obj
 0001:00025300       _Matrix3_TransformVector   00426300 f   q_math.obj
 0001:00025390       _Matrix3_Transpose         00426390 f   q_math.obj
 0001:00025400       _Matrix3_FromAngles        00426400 f   q_math.obj
 0001:00025430       _Matrix3_ToAngles          00426430 f   q_math.obj
 0001:000255b0       _Matrix3_Rotate            004265b0 f   q_math.obj
 0001:00025730       _Matrix3_FromPoints        00426730 f   q_math.obj
 0001:00025930       _Matrix3_Normalize         00426930 f   q_math.obj
 0001:00025970       _Quat_Identity             00426970 f   q_math.obj
 0001:000259a0       _Quat_Copy                 004269a0 f   q_math.obj
 0001:000259e0       _Quat_Quat3                004269e0 f   q_math.obj
 0001:00025ab0       _Quat_Compare              00426ab0 f   q_math.obj
 0001:00025b10       _Quat_Conjugate            00426b10 f   q_math.obj
 0001:00025b50       _Quat_DotProduct           00426b50 f   q_math.obj
 0001:00025ba0       _Quat_Normalize            00426ba0 f   q_math.obj
 0001:00025c60       _Quat_Inverse              00426c60 f   q_math.obj
 0001:00025c90       _Quat_FromMatrix3          00426c90 f   q_math.obj
 0001:00025ed0       _Quat_Multiply             00426ed0 f   q_math.obj
 0001:00025fc0       _Quat_Lerp                 00426fc0 f   q_math.obj
 0001:000261e0       _Quat_Vectors              004271e0 f   q_math.obj
 0001:00026310       _Quat_ToMatrix3            00427310 f   q_math.obj
 0001:00026340       _Quat_TransformVector      00427340 f   q_math.obj
 0001:00026490       _Quat_ConcatTransforms     00427490 f   q_math.obj
 0001:00026500       _DualQuat_Identity         00427500 f   q_math.obj
 0001:00026550       _DualQuat_Copy             00427550 f   q_math.obj
 0001:00026590       _DualQuat_FromAnglesAndVector 00427590 f   q_math.obj
 0001:00026620       _DualQuat_FromMatrix3AndVector 00427620 f   q_math.obj
 0001:00026730       _DualQuat_FromQuatAndVector 00427730 f   q_math.obj
 0001:00026760       _DualQuat_FromQuat3AndVector 00427760 f   q_math.obj
 0001:00026790       _DualQuat_GetVector        00427790 f   q_math.obj
 0001:000268f0       _DualQuat_ToQuatAndVector  004278f0 f   q_math.obj
 0001:00026920       _DualQuat_ToMatrix3AndVector 00427920 f   q_math.obj
 0001:00026950       _DualQuat_Invert           00427950 f   q_math.obj
 0001:00026a20       _DualQuat_Normalize        00427a20 f   q_math.obj
 0001:00026b40       _DualQuat_Multiply         00427b40 f   q_math.obj
 0001:00026c30       _DualQuat_Lerp             00427c30 f   q_math.obj
 0001:00026c80       _LogisticCDF               00427c80 f   q_math.obj
 0001:00026cc0       _LogisticPDF               00427cc0 f   q_math.obj
 0001:00026d20       _NormalCDF                 00427d20 f   q_math.obj
 0001:00026f30       _NormalPDF                 00427f30 f   q_math.obj
 0001:00026f90       _COM_SanitizeFilePath      00427f90 f   q_shared.obj
 0001:00027000       _COM_ValidateFilename      00428000 f   q_shared.obj
 0001:00027060       _COM_ValidateRelativeFilename 00428060 f   q_shared.obj
 0001:000270d0       _COM_StripExtension        004280d0 f   q_shared.obj
 0001:00027150       _COM_FileExtension         00428150 f   q_shared.obj
 0001:000271e0       _COM_DefaultExtension      004281e0 f   q_shared.obj
 0001:000272d0       _COM_ReplaceExtension      004282d0 f   q_shared.obj
 0001:00027380       _COM_FileBase              00428380 f   q_shared.obj
 0001:000273c0       _COM_StripFilename         004283c0 f   q_shared.obj
 0001:00027400       _COM_FilePathLength        00428400 f   q_shared.obj
 0001:00027440       _ShortSwap                 00428440 f   q_shared.obj
 0001:00027480       _LongSwap                  00428480 f   q_shared.obj
 0001:000274f0       _FloatSwap                 004284f0 f   q_shared.obj
 0001:00027570       _Swap_Init                 00428570 f   q_shared.obj
 0001:00027580       _tv                        00428580 f   q_shared.obj
 0001:000275d0       _vtos                      004285d0 f   q_shared.obj
 0001:00027650       _va                        00428650 f   q_shared.obj
 0001:000276c0       _COM_Compress              004286c0 f   q_shared.obj
 0001:000278d0       _COM_ParseExt2             004288d0 f   q_shared.obj
 0001:00027b50       _Q_GrabCharFromColorString 00428b50 f   q_shared.obj
 0001:00027c50       _Q_GrabWCharFromColorString 00428c50 f   q_shared.obj
 0001:00027d60       _COM_RemoveColorTokensExt  00428d60 f   q_shared.obj
 0001:00027ea0       _COM_SanitizeColorString   00428ea0 f   q_shared.obj
 0001:00028080       _Q_ColorStringTerminator   00429080 f   q_shared.obj
 0001:00028200       _COM_RemoveJunkChars       00429200 f   q_shared.obj
 0001:00028370       _COM_ReadColorRGBString    00429370 f   q_shared.obj
 0001:000283d0       _COM_ValidatePlayerColor   004293d0 f   q_shared.obj
 0001:000284a0       _Q_memset32                004294a0 f   q_shared.obj
 0001:000284e0       _Q_strncpyz                004294e0 f   q_shared.obj
 0001:00028540       _Q_strncatz                00429540 f   q_shared.obj
 0001:000285e0       _Q_vsnprintfz              004295e0 f   q_shared.obj
 0001:00028660       _Q_snprintfz               00429660 f   q_shared.obj
 0001:000286a0       _Q_strupr                  004296a0 f   q_shared.obj
 0001:00028700       _Q_strlwr                  00429700 f   q_shared.obj
 0001:00028760       _Q_strlocate               00429760 f   q_shared.obj
 0001:00028810       _Q_strcount                00429810 f   q_shared.obj
 0001:000288a0       _Q_strrstr                 004298a0 f   q_shared.obj
 0001:00028900       _Q_trim                    00429900 f   q_shared.obj
 0001:000289f0       _Q_WCharToUtf8             004299f0 f   q_shared.obj
 0001:00028af0       _Q_Utf8SyncPos             00429af0 f   q_shared.obj
 0001:00028b60       _Q_GrabWCharFromUtf8String 00429b60 f   q_shared.obj
 0001:00028d20       _Q_isdigit                 00429d20 f   q_shared.obj
 0001:00028d70       _Q_chrreplace              00429d70 f   q_shared.obj
 0001:00028dc0       _COM_ValidateConfigstring  00429dc0 f   q_shared.obj
 0001:00028e60       _Info_Validate             00429e60 f   q_shared.obj
 0001:00028ff0       _Info_ValueForKey          00429ff0 f   q_shared.obj
 0001:00029380       _Info_RemoveKey            0042a380 f   q_shared.obj
 0001:000294c0       _Info_SetValueForKey       0042a4c0 f   q_shared.obj
 0001:00029700       _Q_GainForAttenuation      0042a700 f   q_shared.obj
 0001:00029950       _BlockAllocator            0042a950 f   q_shared.obj
 0001:000299f0       _BA_Alloc                  0042a9f0 f   q_shared.obj
 0001:00029b10       _BlockAllocator_Free       0042ab10 f   q_shared.obj
 0001:00029ba0       _LinearAllocator           0042aba0 f   q_shared.obj
 0001:00029c70       _LA_Alloc                  0042ac70 f   q_shared.obj
 0001:00029d70       _LA_Pointer                0042ad70 f   q_shared.obj
 0001:00029db0       _LA_Size                   0042adb0 f   q_shared.obj
 0001:00029dc0       _LinearAllocator_Free      0042adc0 f   q_shared.obj
 0001:00029df0       _SNAP_RecordDemoMessage    0042adf0 f   snap_demos.obj
 0001:00029e90       _SNAP_ReadDemoMessage      0042ae90 f   snap_demos.obj
 0001:00029fa0       _SNAP_BeginDemoRecording   0042afa0 f   snap_demos.obj
 0001:0002a4a0       _SNAP_ClearDemoMeta        0042b4a0 f   snap_demos.obj
 0001:0002a4c0       _SNAP_SetDemoMetaKeyValue  0042b4c0 f   snap_demos.obj
 0001:0002a6c0       _SNAP_StopDemoRecording    0042b6c0 f   snap_demos.obj
 0001:0002a7e0       _SNAP_ReadDemoMetaData     0042b7e0 f   snap_demos.obj
 0001:0002a9b0       __SHOWNET                  0042b9b0 f   snap_read.obj
 0001:0002a9e0       _SNAP_ParseBaseline        0042b9e0 f   snap_read.obj
 0001:0002aaf0       _SNAP_SkipFrame            0042baf0 f   snap_read.obj
 0001:0002ad50       _SNAP_ParseFrame           0042bd50 f   snap_read.obj
 0001:0002bd80       _SNAP_WriteFrameSnapToClient 0042cd80 f   snap_write.obj
 0001:0002d960       _SNAP_BuildClientFrameSnap 0042e960 f   snap_write.obj
 0001:0002e7f0       _SNAP_FreeClientFrames     0042f7f0 f   snap_write.obj
 0001:0002e8d0       _SVN_RevNumber             0042f8d0 f   svnrev.obj
 0001:0002e8e0       _SVN_RevString             0042f8e0 f   svnrev.obj
 0001:0002e8f0       _Trie_Create               0042f8f0 f   trie.obj
 0001:0002e970       _Trie_Destroy              0042f970 f   trie.obj
 0001:0002e9c0       _Trie_Clear                0042f9c0 f   trie.obj
 0001:0002ea10       _Trie_GetSize              0042fa10 f   trie.obj
 0001:0002ea40       _Trie_Insert               0042fa40 f   trie.obj
 0001:0002eaa0       _Trie_Remove               0042faa0 f   trie.obj
 0001:0002eb10       _Trie_Replace              0042fb10 f   trie.obj
 0001:0002eb90       _Trie_Find                 0042fb90 f   trie.obj
 0001:0002ebc0       _Trie_FindIf               0042fbc0 f   trie.obj
 0001:0002ecd0       _Trie_NoOfMatches          0042fcd0 f   trie.obj
 0001:0002ed00       _Trie_NoOfMatchesIf        0042fd00 f   trie.obj
 0001:0002eda0       _Trie_Dump                 0042fda0 f   trie.obj
 0001:0002edd0       _Trie_DumpIf               0042fdd0 f   trie.obj
 0001:0002ef30       _Trie_FreeDump             0042ff30 f   trie.obj
 0001:000307a0       _TV_Rename_f               004317a0 f   tv_cmds.obj
 0001:000309c0       _TV_AddCommands            004319c0 f   tv_cmds.obj
 0001:00030a10       _TV_RemoveCommands         00431a10 f   tv_cmds.obj
 0001:00030a60       _TV_Downstream_ClientResetCommandBuffers 00431a60 f   tv_downstream.obj
 0001:00030b90       _TV_Downstream_AddGameCommand 00431b90 f   tv_downstream.obj
 0001:00030cc0       _TV_Downstream_Msg         00431cc0 f   tv_downstream.obj
 0001:00030eb0       _TV_Downstream_FixName     00431eb0 f   tv_downstream.obj
 0001:00031390       _TV_Downstream_UserinfoChanged 00432390 f   tv_downstream.obj
 0001:00031540       _TV_Downstream_AddServerCommand 00432540 f   tv_downstream.obj
 0001:00031770       _TV_Downstream_SendServerCommand 00432770 f   tv_downstream.obj
 0001:000318b0       _TV_Downstream_AddReliableCommandsToMessage 004328b0 f   tv_downstream.obj
 0001:000319a0       _TV_Downstream_InitClientMessage 004329a0 f   tv_downstream.obj
 0001:00031a60       _TV_Downstream_SendMessageToClient 00432a60 f   tv_downstream.obj
 0001:00031b20       _TV_Downstream_DropClient  00432b20 f   tv_downstream.obj
 0001:00031de0       _TV_Downstream_ChangeStream 00432de0 f   tv_downstream.obj
 0001:00031ef0       _TV_Downstream_ReadPackets 00432ef0 f   tv_downstream.obj
 0001:000323c0       _TV_Downstream_CheckTimeouts 004333c0 f   tv_downstream.obj
 0001:00032620       _TV_Downstream_SendClientsFragments 00433620 f   tv_downstream.obj
 0001:00032720       _TV_Downstream_SendClientMessages 00433720 f   tv_downstream.obj
 0001:000328c0       _TV_Downstream_FindNextUserCommand 004338c0 f   tv_downstream.obj
 0001:000329c0       _TV_Downstream_ExecuteClientThinks 004339c0 f   tv_downstream.obj
 0001:00032ba0       _TV_Downstream_InitMaster  00433ba0 f   tv_downstream.obj
 0001:00032db0       _TV_Downstream_MasterHeartbeat 00433db0 f   tv_downstream.obj
 0001:00032eb0       _TV_Downstream_SendChannelList 00433eb0 f   tv_downstream_clcmd.obj
 0001:00032f30       _TV_Downstream_New_f       00433f30 f   tv_downstream_clcmd.obj
 0001:00033d30       _TV_Cmd_Say_f              00434d30 f   tv_downstream_clcmd.obj
 0001:000341d0       _TV_Cmd_SayCmd_f           004351d0 f   tv_downstream_clcmd.obj
 0001:00034520       _TV_Downstream_ExecuteUserCommand 00435520 f   tv_downstream_clcmd.obj
 0001:000359c0       _TV_Downstream_UpstreamlessPacket 004369c0 f   tv_downstream_oob.obj
 0001:00035aa0       _TV_Downstream_ParseClientMessage 00436aa0 f   tv_downstream_parse.obj
 0001:00035ee0       _TV_Lobby_ClientBegin      00436ee0 f   tv_lobby.obj
 0001:00035f30       _TV_Lobby_ClientDisconnect 00436f30 f   tv_lobby.obj
 0001:00035f60       _TV_Lobby_CanConnect       00436f60 f   tv_lobby.obj
 0001:00036070       _TV_Lobby_ClientConnect    00437070 f   tv_lobby.obj
 0001:000360c0       _TV_Lobby_Run              004370c0 f   tv_lobby.obj
 0001:000363a0       _TV_Init                   004373a0 f   tv_main.obj
 0001:00036880       _TV_Frame                  00437880 f   tv_main.obj
 0001:00036940       _TV_Shutdown               00437940 f   tv_main.obj
 0001:000369e0       _TV_ShutdownGame           004379e0 f   tv_main.obj
 0001:00036a00       _SV_Init                   00437a00 f   tv_main.obj
 0001:00036a20       _SV_Shutdown               00437a20 f   tv_main.obj
 0001:00036a40       _SV_ShutdownGame           00437a40 f   tv_main.obj
 0001:00036a50       _SV_Frame                  00437a50 f   tv_main.obj
 0001:00036a70       _TV_FlushRedirect          00437a70 f   tv_main.obj
 0001:00036ac0       __TVCopyString_Pool        00437ac0 f   tv_main.obj
 0001:00036b20       _TV_Relay_InitMap          00437b20 f   tv_relay.obj
 0001:00036de0       _TV_Relay_Error            00437de0 f   tv_relay.obj
 0001:00036ee0       _TV_Relay_Shutdown         00437ee0 f   tv_relay.obj
 0001:00037200       _TV_Relay_ClearState       00438200 f   tv_relay.obj
 0001:000372a0       _TV_Relay_NumPlayers       004382a0 f   tv_relay.obj
 0001:00037340       _TV_Relay_NameNotify       00438340 f   tv_relay.obj
 0001:00037500       _TV_Relay_Run              00438500 f   tv_relay.obj
 0001:000379e0       _TV_Relay_UpstreamUserinfoChanged 004389e0 f   tv_relay.obj
 0001:00037a00       _TV_Relay_Init             00438a00 f   tv_relay.obj
 0001:00037b20       _TV_Relay_SetAudioTrack    00438b20 f   tv_relay.obj
 0001:00037b60       _TV_Relay_BuildClientFrameSnap 00438b60 f   tv_relay_client.obj
 0001:00037ef0       _TV_Relay_ReconnectClients 00438ef0 f   tv_relay_client.obj
 0001:00038030       _TV_Relay_SendClientMessages 00439030 f   tv_relay_client.obj
 0001:000382d0       _TV_Relay_ClientUserinfoChanged 004392d0 f   tv_relay_client.obj
 0001:00038370       _TV_Relay_ClientCommand_f  00439370 f   tv_relay_client.obj
 0001:00038410       _TV_Relay_ClientBegin      00439410 f   tv_relay_client.obj
 0001:000384b0       _TV_Relay_ClientDisconnect 004394b0 f   tv_relay_client.obj
 0001:00038580       _TV_Relay_CanConnect       00439580 f   tv_relay_client.obj
 0001:00038600       _TV_Relay_ClientConnect    00439600 f   tv_relay_client.obj
 0001:00038710       _TV_ReleaseModule          00439710 f   tv_relay_module.obj
 0001:00038830       _TV_GetModule              00439830 f   tv_relay_module.obj
 0001:00039720       _TV_Relay_ShutdownModule   0043a720 f   tv_relay_module.obj
 0001:000397d0       _TV_Relay_InitModule       0043a7d0 f   tv_relay_module.obj
 0001:000398d0       _TV_Relay_ParseServerMessage 0043a8d0 f   tv_relay_parse.obj
 0001:0003a3e0       _TV_Relay_ParseServerCommand 0043b3e0 f   tv_relay_svcmd.obj
 0001:0003a4a0       _TV_UpstreamForText        0043b4a0 f   tv_upstream.obj
 0001:0003a760       _TV_Upstream_Userinfo      0043b760 f   tv_upstream.obj
 0001:0003a860       _TV_Upstream_SavePacket    0043b860 f   tv_upstream.obj
 0001:0003aa10       _TV_Upstream_SendConnectPacket 0043ba10 f   tv_upstream.obj
 0001:0003aa70       _TV_Upstream_Error         0043ba70 f   tv_upstream.obj
 0001:0003ab70       _TV_Upstream_Disconnect    0043bb70 f   tv_upstream.obj
 0001:0003b080       _TV_Upstream_Shutdown      0043c080 f   tv_upstream.obj
 0001:0003b440       _TV_Upstream_ClearState    0043c440 f   tv_upstream.obj
 0001:0003b4f0       _TV_Upstream_AddReliableCommand 0043c4f0 f   tv_upstream.obj
 0001:0003b5d0       _TV_Upstream_UpdateReliableCommandsToServer 0043c5d0 f   tv_upstream.obj
 0001:0003b6c0       _TV_Upstream_Run           0043c6c0 f   tv_upstream.obj
 0001:0003bf10       _TV_Upstream_SetName       0043cf10 f   tv_upstream.obj
 0001:0003c080       _TV_Upstream_SetAudioTrack 0043d080 f   tv_upstream.obj
 0001:0003c160       _TV_Upstream_Connect       0043d160 f   tv_upstream.obj
 0001:0003c450       _TV_Upstream_Reconnect_f   0043d450 f   tv_upstream.obj
 0001:0003c6c0       _TV_Upstream_New           0043d6c0 f   tv_upstream.obj
 0001:0003c890       _TV_Upstream_IsAutoRecordable 0043d890 f   tv_upstream_demos.obj
 0001:0003c9e0       _TV_Upstream_AutoRecordAction 0043d9e0 f   tv_upstream_demos.obj
 0001:0003ce50       _TV_Upstream_WriteDemoMessage 0043de50 f   tv_upstream_demos.obj
 0001:0003ce90       _TV_Upstream_StartDemoRecord 0043de90 f   tv_upstream_demos.obj
 0001:0003d210       _TV_Upstream_StopDemoRecord 0043e210 f   tv_upstream_demos.obj
 0001:0003d650       _TV_Upstream_NextDemo      0043e650 f   tv_upstream_demos.obj
 0001:0003dd00       _TV_Upstream_StartDemo     0043ed00 f   tv_upstream_demos.obj
 0001:0003df40       _TV_Upstream_StopDemo      0043ef40 f   tv_upstream_demos.obj
 0001:0003e1f0       _TV_Upstream_ConnectionlessPacket 0043f1f0 f   tv_upstream_oob.obj
 0001:0003e2d0       _TV_Upstream_ParseServerMessage 0043f2d0 f   tv_upstream_parse.obj
 0001:0003efa0       _TV_Upstream_ParseServerCommand 0043ffa0 f   tv_upstream_svcmd.obj
 0001:0003f060       _Sys_FS_FindFirst          00440060 f   win_fs.obj
 0001:0003f3e0       _Sys_FS_FindNext           004403e0 f   win_fs.obj
 0001:0003f5e0       _Sys_FS_FindClose          004405e0 f   win_fs.obj
 0001:0003f690       _Sys_FS_GetHomeDirectory   00440690 f   win_fs.obj
 0001:0003f6f0       _Sys_FS_LockFile           004406f0 f   win_fs.obj
 0001:0003f740       _Sys_FS_UnlockFile         00440740 f   win_fs.obj
 0001:0003f770       _Sys_FS_CreateDirectory    00440770 f   win_fs.obj
 0001:0003f790       _Sys_FS_RemoveDirectory    00440790 f   win_fs.obj
 0001:0003f7b0       _Sys_FS_FileMTime          004407b0 f   win_fs.obj
 0001:0003f8c0       _Sys_Library_Close         004408c0 f   win_lib.obj
 0001:0003f8f0       _Sys_Library_Open          004408f0 f   win_lib.obj
 0001:0003f920       _Sys_Library_ProcAddress   00440920 f   win_lib.obj
 0001:0003f950       _Sys_Library_ErrorString   00440950 f   win_lib.obj
 0001:0003f9b0       _Sys_NET_GetLastError      004409b0 f   win_net.obj
 0001:0003fa40       _Sys_NET_AsyncResolveHostname 00440a40 f   win_net.obj
 0001:0003fa50       _Sys_NET_SocketClose       00440a50 f   win_net.obj
 0001:0003fa80       _Sys_NET_SocketIoctl       00440a80 f   win_net.obj
 0001:0003fab0       _Sys_NET_Init              00440ab0 f   win_net.obj
 0001:0003fb60       _Sys_NET_Shutdown          00440b60 f   win_net.obj
 0001:0003fb80       _Sys_Error                 00440b80 f   win_sys.obj
 0001:0003fc70       _Sys_Quit                  00440c70 f   win_sys.obj
 0001:0003fce0       _Sys_Milliseconds          00440ce0 f   win_sys.obj
 0001:0003fe70       _Sys_Microseconds          00440e70 f   win_sys.obj
 0001:0003feb0       _Sys_Sleep                 00440eb0 f   win_sys.obj
 0001:0003fee0       _Sys_Init                  00440ee0 f   win_sys.obj
 0001:00040180       _Sys_InitDynvars           00441180 f   win_sys.obj
 0001:000402d0       _Sys_ConsoleInput          004412d0 f   win_sys.obj
 0001:00040620       _Sys_ConsoleOutput         00441620 f   win_sys.obj
 0001:00040a30       _Sys_SendKeyEvents         00441a30 f   win_sys.obj
 0001:00040b20       _Sys_GetClipboardData      00441b20 f   win_sys.obj
 0001:00040c30       _Sys_SetClipboardData      00441c30 f   win_sys.obj
 0001:00040d80       _Sys_FreeClipboardData     00441d80 f   win_sys.obj
 0001:00040da0       _Sys_OpenURLInBrowser      00441da0 f   win_sys.obj
 0001:00040dd0       _Sys_AppActivate           00441dd0 f   win_sys.obj
 0001:00041420       _WinMain@16                00442420 f   win_sys.obj
 0001:00041720       _wswcurl_formadd           00442720 f   wswcurl.obj
 0001:00041810       _wswcurl_formadd_raw       00442810 f   wswcurl.obj
 0001:00041870       _wswcurl_set_postfields    00442870 f   wswcurl.obj
 0001:000418f0       _wswcurl_urlencode         004428f0 f   wswcurl.obj
 0001:000419a0       _wswcurl_urlencode_unsafechars 004429a0 f   wswcurl.obj
 0001:00041b50       _wswcurl_urldecode         00442b50 f   wswcurl.obj
 0001:00041c50       _wswcurl_start             00442c50 f   wswcurl.obj
 0001:00041dc0       _wswcurl_getsize           00442dc0 f   wswcurl.obj
 0001:00041e30       _wswcurl_stream_callbacks  00442e30 f   wswcurl.obj
 0001:00041e60       _wswcurl_read              00442e60 f   wswcurl.obj
 0001:00042010       _wswcurl_init              00443010 f   wswcurl.obj
 0001:00042080       _wswcurl_cleanup           00443080 f   wswcurl.obj
 0001:000420f0       _wswcurl_perform           004430f0 f   wswcurl.obj
 0001:00042300       _wswcurl_perform_single    00443300 f   wswcurl.obj
 0001:00042320       _wswcurl_header            00443320 f   wswcurl.obj
 0001:00042460       _wswcurl_create            00443460 f   wswcurl.obj
 0001:00042ac0       _wswcurl_set_timeout       00443ac0 f   wswcurl.obj
 0001:00042ae0       _wswcurl_set_resume_from   00443ae0 f   wswcurl.obj
 0001:00042b40       _wswcurl_delete            00443b40 f   wswcurl.obj
 0001:00042d50       _wswcurl_isvalidhandle     00443d50 f   wswcurl.obj
 0001:00042d90       _wswcurl_get_content_type  00443d90 f   wswcurl.obj
 0001:00042e10       _wswcurl_getip             00443e10 f   wswcurl.obj
 0001:00042e90       _wswcurl_errorstr          00443e90 f   wswcurl.obj
 0001:00042eb0       _wswcurl_get_url           00443eb0 f   wswcurl.obj
 0001:00042ec0       _wswcurl_get_effective_url 00443ec0 f   wswcurl.obj
 0001:00043640       _wswcurl_tell              00444640 f   wswcurl.obj
 0001:00043650       _wswcurl_eof               00444650 f   wswcurl.obj
 0001:00043710       _TVM_ChaseClientEndSnapFrame 00444710 f   tvm_chase.obj
 0001:00044260       _TVM_ChasePlayer           00445260 f   tvm_chase.obj
 0001:00044880       _TVM_Cmd_ChaseNext         00445880 f   tvm_chase.obj
 0001:00044b10       _TVM_Cmd_ChasePrev         00445b10 f   tvm_chase.obj
 0001:00044c00       _TVM_Cmd_ChaseCam          00445c00 f   tvm_chase.obj
 0001:00044f60       _TVM_Cmd_SwitchChaseCamMode 00445f60 f   tvm_chase.obj
 0001:00044ff0       _TVM_ClientEndSnapFrame    00445ff0 f   tvm_client.obj
 0001:000452e0       _TVM_ClientIsZoom          004462e0 f   tvm_client.obj
 0001:00045340       _TVM_ClientBegin           00446340 f   tvm_client.obj
 0001:00045770       _TVM_ClientUserinfoChanged 00446770 f   tvm_client.obj
 0001:00045a80       _TVM_CanConnect            00446a80 f   tvm_client.obj
 0001:00045a90       _TVM_ClientConnect         00446a90 f   tvm_client.obj
 0001:00045d10       _TVM_ClientDisconnect      00446d10 f   tvm_client.obj
 0001:00045e00       _TVM_ClientMultiviewChanged 00446e00 f   tvm_client.obj
 0001:00045e60       _TVM_ClientThink           00446e60 f   tvm_client.obj
 0001:00046520       _GClip_ClearWorld          00447520 f   tvm_clip.obj
 0001:00046530       _GClip_UnlinkEntity        00447530 f   tvm_clip.obj
 0001:00046540       _GClip_MoveLinearProjectile 00447540 f   tvm_clip.obj
 0001:00046640       _GClip_LinkEntity          00447640 f   tvm_clip.obj
 0001:00047210       _TVM_ClientCommand         00448210 f   tvm_cmds.obj
 0001:000472f0       _TVM_RemoveGameCommands    004482f0 f   tvm_cmds.obj
 0001:000473a0       _TVM_AddGameCommands       004483a0 f   tvm_cmds.obj
 0001:000474f0       _TVM_RunLinearProjectiles  004484f0 f   tvm_frame.obj
 0001:00047640       _TVM_RunFrame              00448640 f   tvm_frame.obj
 0001:000478d0       _TVM_Printf                004488d0 f   tvm_main.obj
 0001:000479b0       _TVM_Error                 004489b0 f   tvm_main.obj
 0001:00047a90       _TVM_RelayError            00448a90 f   tvm_main.obj
 0001:00047b90       _TVM_API                   00448b90 f   tvm_main.obj
 0001:00047ba0       _TVM_InitRelay             00448ba0 f   tvm_main.obj
 0001:00047ee0       _TVM_ShutdownRelay         00448ee0 f   tvm_main.obj
 0001:00047f60       _TVM_Init                  00448f60 f   tvm_main.obj
 0001:00048000       _TVM_Shutdown              00449000 f   tvm_main.obj
 0001:00048020       _TVM_FindLocal             00449020 f   tvm_misc.obj
 0001:00048120       _TVM_AllowDownload         00449120 f   tvm_misc.obj
 0001:00048130       _TVM_PrintMsg              00449130 f   tvm_misc.obj
 0001:00048380       _TVM_CenterPrintMsg        00449380 f   tvm_misc.obj
 0001:00048490       _TVM_ConfigString          00449490 f   tvm_misc.obj
 0001:000488d0       _TVM_SetAudoTrack          004498d0 f   tvm_misc.obj
 0001:00048940       _TVM_Pmove                 00449940 f   tvm_pmove.obj
 0001:000494d0       _TVM_RelayCommand          0044a4d0 f   tvm_relay_cmds.obj
 0001:00049720       _TVM_NewFrameSnapshot      0044a720 f   tvm_relay_snap.obj
 0001:0004a390       _TVM_GetGameState          0044b390 f   tvm_snap.obj
 0001:0004a3a0       _TVM_SnapFrame             0044b3a0 f   tvm_snap.obj
 0001:0004a6d0       _TVM_ClearSnap             0044b6d0 f   tvm_snap.obj
 0001:0004a790       _TVM_SpawnEntities         0044b790 f   tvm_spawn.obj
 0001:0004a910       _TVM_SelectSpawnPoint      0044b910 f   tvm_spawnpoints.obj
 0001:0004aa90       _GetTVModuleAPI            0044ba90 f   tvm_syscalls.obj
 0001:0004ab8a       _timeEndPeriod@4           0044bb8a f   winmm:WINMM.dll
 0001:0004ab90       _timeGetTime@0             0044bb90 f   winmm:WINMM.dll
 0001:0004ab96       _timeBeginPeriod@4         0044bb96 f   winmm:WINMM.dll
 0001:0004ab9c       _recvfrom@24               0044bb9c f   ws2_32:WS2_32.dll
 0001:0004aba2       _sendto@24                 0044bba2 f   ws2_32:WS2_32.dll
 0001:0004aba8       _htonl@4                   0044bba8 f   ws2_32:WS2_32.dll
 0001:0004abae       _freeaddrinfo@4            0044bbae f   ws2_32:WS2_32.dll
 0001:0004abb4       _getaddrinfo@16            0044bbb4 f   ws2_32:WS2_32.dll
 0001:0004abba       _bind@12                   0044bbba f   ws2_32:WS2_32.dll
 0001:0004abc0       _setsockopt@20             0044bbc0 f   ws2_32:WS2_32.dll
 0001:0004abc6       _socket@12                 0044bbc6 f   ws2_32:WS2_32.dll
 0001:0004abcc       _select@20                 0044bbcc f   ws2_32:WS2_32.dll
 0001:0004abd2       ___WSAFDIsSet@8            0044bbd2 f   ws2_32:WS2_32.dll
 0001:0004abd8       _ntohl@4                   0044bbd8 f   ws2_32:WS2_32.dll
 0001:0004abde       _gethostbyname@4           0044bbde f   ws2_32:WS2_32.dll
 0001:0004abe4       _gethostname@8             0044bbe4 f   ws2_32:WS2_32.dll
 0001:0004abea       _WSAGetLastError@0         0044bbea f   ws2_32:WS2_32.dll
 0001:0004abf0       _closesocket@4             0044bbf0 f   ws2_32:WS2_32.dll
 0001:0004abf6       _ioctlsocket@12            0044bbf6 f   ws2_32:WS2_32.dll
 0001:0004abfc       _WSAStartup@8              0044bbfc f   ws2_32:WS2_32.dll
 0001:0004ac02       _WSACleanup@0              0044bc02 f   ws2_32:WS2_32.dll
 0001:0004ac10       _inflateReset              0044bc10 f   zlibstat:inflate.obj
 0001:0004ac90       _inflateReset2             0044bc90 f   zlibstat:inflate.obj
 0001:0004ad20       _inflateInit2_             0044bd20 f   zlibstat:inflate.obj
 0001:0004ade0       _inflateInit_              0044bde0 f   zlibstat:inflate.obj
 0001:0004ae00       _inflatePrime              0044be00 f   zlibstat:inflate.obj
 0001:0004af80       _inflate                   0044bf80 f   zlibstat:inflate.obj
 0001:0004c4f0       _inflateEnd                0044d4f0 f   zlibstat:inflate.obj
 0001:0004c540       _inflateSetDictionary      0044d540 f   zlibstat:inflate.obj
 0001:0004c620       _inflateGetHeader          0044d620 f   zlibstat:inflate.obj
 0001:0004c6b0       _inflateSync               0044d6b0 f   zlibstat:inflate.obj
 0001:0004c7a0       _inflateSyncPoint          0044d7a0 f   zlibstat:inflate.obj
 0001:0004c7d0       _inflateCopy               0044d7d0 f   zlibstat:inflate.obj
 0001:0004c920       _inflateUndermine          0044d920 f   zlibstat:inflate.obj
 0001:0004c950       _inflateMark               0044d950 f   zlibstat:inflate.obj
 0001:0004c9b0       _compress2                 0044d9b0 f   zlibstat:compress.obj
 0001:0004ca50       _compress                  0044da50 f   zlibstat:compress.obj
 0001:0004ca70       _compressBound             0044da70 f   zlibstat:compress.obj
 0001:0004ca90       _uncompress                0044da90 f   zlibstat:uncompr.obj
 0001:0004cb40       _zlibVersion               0044db40 f   zlibstat:zutil.obj
 0001:0004cb50       _zlibCompileFlags          0044db50 f   zlibstat:zutil.obj
 0001:0004cb60       _zError                    0044db60 f   zlibstat:zutil.obj
 0001:0004cb80       _zcalloc                   0044db80 f   zlibstat:zutil.obj
 0001:0004cba0       _zcfree                    0044dba0 f   zlibstat:zutil.obj
 0001:0004cbc0       _inflate_fast              0044dbc0 f   zlibstat:inffast.obj
 0001:0004cfe0       _inflate_table             0044dfe0 f   zlibstat:inftrees.obj
 0001:0004d480       _adler32                   0044e480 f   zlibstat:adler32.obj
 0001:0004d790       _adler32_combine           0044e790 f   zlibstat:adler32.obj
 0001:0004d7b0       _adler32_combine64         0044e7b0 f   zlibstat:adler32.obj
 0001:0004d7d0       _get_crc_table             0044e7d0 f   zlibstat:crc32.obj
 0001:0004df70       _crc32_combine             0044ef70 f   zlibstat:crc32.obj
 0001:0004df90       _crc32_combine64           0044ef90 f   zlibstat:crc32.obj
 0001:0004dfb0       _crc32                     0044efb0 f   zlibstat:crc32.obj
 0001:0004dfd0       _deflateSetDictionary      0044efd0 f   zlibstat:deflate.obj
 0001:0004e0d0       _deflateSetHeader          0044f0d0 f   zlibstat:deflate.obj
 0001:0004e100       _deflatePrime              0044f100 f   zlibstat:deflate.obj
 0001:0004e140       _deflateTune               0044f140 f   zlibstat:deflate.obj
 0001:0004e180       _deflateBound              0044f180 f   zlibstat:deflate.obj
 0001:0004e2e0       _deflateEnd                0044f2e0 f   zlibstat:deflate.obj
 0001:0004e3c0       _deflateCopy               0044f3c0 f   zlibstat:deflate.obj
 0001:0004f750       _deflateReset              00450750 f   zlibstat:deflate.obj
 0001:0004f7f0       _deflate                   004507f0 f   zlibstat:deflate.obj
 0001:00050040       _deflateInit2_             00451040 f   zlibstat:deflate.obj
 0001:00050280       _deflateParams             00451280 f   zlibstat:deflate.obj
 0001:00050380       _deflateInit_              00451380 f   zlibstat:deflate.obj
 0001:00050fd0       __tr_tally                 00451fd0 f   zlibstat:trees.obj
 0001:000516a0       __tr_init                  004526a0 f   zlibstat:trees.obj
 0001:00051a70       __tr_stored_block          00452a70 f   zlibstat:trees.obj
 0001:00051b10       __tr_align                 00452b10 f   zlibstat:trees.obj
 0001:00051d10       __tr_flush_block           00452d10 f   zlibstat:trees.obj
 0001:00051f10       _curl_formadd              00452f10 f   libcurlstat:formdata.obj
 0001:00052d10       _Curl_formclean            00453d10 f   libcurlstat:formdata.obj
 0001:00052da0       _curl_formget              00453da0 f   libcurlstat:formdata.obj
 0001:00052f90       _curl_formfree             00453f90 f   libcurlstat:formdata.obj
 0001:000530a0       _Curl_getformdata          004540a0 f   libcurlstat:formdata.obj
 0001:00053c00       _Curl_FormInit             00454c00 f   libcurlstat:formdata.obj
 0001:00053d50       _Curl_FormReader           00454d50 f   libcurlstat:formdata.obj
 0001:00053ea0       _Curl_formpostheader       00454ea0 f   libcurlstat:formdata.obj
 0001:00053f00       _Curl_FormBoundary         00454f00 f   libcurlstat:formdata.obj
 0001:00053fa0       _curl_global_init          00454fa0 f   libcurlstat:easy.obj
 0001:00054180       _curl_global_init_mem      00455180 f   libcurlstat:easy.obj
 0001:00054220       _curl_global_cleanup       00455220 f   libcurlstat:easy.obj
 0001:000542a0       _curl_easy_init            004552a0 f   libcurlstat:easy.obj
 0001:00054340       _curl_easy_setopt          00455340 f   libcurlstat:easy.obj
 0001:000543b0       _curl_easy_perform         004553b0 f   libcurlstat:easy.obj
 0001:000544d0       _curl_easy_cleanup         004554d0 f   libcurlstat:easy.obj
 0001:00054510       _Curl_easy_addmulti        00455510 f   libcurlstat:easy.obj
 0001:00054540       _Curl_easy_initHandleData  00455540 f   libcurlstat:easy.obj
 0001:00054580       _curl_easy_getinfo         00455580 f   libcurlstat:easy.obj
 0001:000545e0       _curl_easy_duphandle       004555e0 f   libcurlstat:easy.obj
 0001:00054930       _curl_easy_reset           00455930 f   libcurlstat:easy.obj
 0001:00054a50       _curl_easy_pause           00455a50 f   libcurlstat:easy.obj
 0001:00054c50       _curl_easy_recv            00455c50 f   libcurlstat:easy.obj
 0001:00054db0       _curl_easy_send            00455db0 f   libcurlstat:easy.obj
 0001:00054ea0       _curl_escape               00455ea0 f   libcurlstat:escape.obj
 0001:00054ec0       _curl_unescape             00455ec0 f   libcurlstat:escape.obj
 0001:00054ee0       _curl_easy_escape          00455ee0 f   libcurlstat:escape.obj
 0001:00055120       _curl_easy_unescape        00456120 f   libcurlstat:escape.obj
 0001:000552e0       _curl_free                 004562e0 f   libcurlstat:escape.obj
 0001:00055310       _curl_multi_init           00456310 f   libcurlstat:multi.obj
 0001:00055510       _curl_multi_add_handle     00456510 f   libcurlstat:multi.obj
 0001:000558d0       _curl_multi_remove_handle  004568d0 f   libcurlstat:multi.obj
 0001:00055c40       _Curl_multi_canPipeline    00456c40 f   libcurlstat:multi.obj
 0001:00055c50       _Curl_multi_handlePipeBreak 00456c50 f   libcurlstat:multi.obj
 0001:00055c80       _curl_multi_fdset          00456c80 f   libcurlstat:multi.obj
 0001:00056050       _curl_multi_perform        00457050 f   libcurlstat:multi.obj
 0001:00057670       _curl_multi_cleanup        00458670 f   libcurlstat:multi.obj
 0001:000578a0       _curl_multi_info_read      004588a0 f   libcurlstat:multi.obj
 0001:00057f50       _curl_multi_setopt         00458f50 f   libcurlstat:multi.obj
 0001:00058090       _curl_multi_socket         00459090 f   libcurlstat:multi.obj
 0001:00058450       _curl_multi_socket_action  00459450 f   libcurlstat:multi.obj
 0001:000584a0       _curl_multi_socket_all     004594a0 f   libcurlstat:multi.obj
 0001:000584f0       _curl_multi_timeout        004594f0 f   libcurlstat:multi.obj
 0001:00058c80       _Curl_expire               00459c80 f   libcurlstat:multi.obj
 0001:00058ff0       _curl_multi_assign         00459ff0 f   libcurlstat:multi.obj
 0001:000592d0       _curl_easy_strerror        0045a2d0 f   libcurlstat:strerror.obj
 0001:00059730       _curl_multi_strerror       0045a730 f   libcurlstat:strerror.obj
 0001:000597c0       _curl_share_strerror       0045a7c0 f   libcurlstat:strerror.obj
 0001:00059830       _Curl_strerror             0045a830 f   libcurlstat:strerror.obj
 0001:00059db0       _curl_slist_append         0045adb0 f   libcurlstat:slist.obj
 0001:00059ec0       _Curl_slist_duplicate      0045aec0 f   libcurlstat:slist.obj
 0001:00059f30       _curl_slist_free_all       0045af30 f   libcurlstat:slist.obj
 0001:00059fb0       _curl_strequal             0045afb0 f   libcurlstat:strequal.obj
 0001:00059fe0       _curl_strnequal            0045afe0 f   libcurlstat:strequal.obj
 0001:0005a010       _Curl_strlcat              0045b010 f   libcurlstat:strequal.obj
 0001:0005a130       _Curl_infof                0045b130 f   libcurlstat:sendf.obj
 0001:0005a210       _Curl_failf                0045b210 f   libcurlstat:sendf.obj
 0001:0005a320       _Curl_sendf                0045b320 f   libcurlstat:sendf.obj
 0001:0005a470       _Curl_write                0045b470 f   libcurlstat:sendf.obj
 0001:0005a560       _Curl_send_plain           0045b560 f   libcurlstat:sendf.obj
 0001:0005a640       _Curl_write_plain          0045b640 f   libcurlstat:sendf.obj
 0001:0005a6e0       _Curl_recv_plain           0045b6e0 f   libcurlstat:sendf.obj
 0001:0005a7b0       _Curl_client_write         0045b7b0 f   libcurlstat:sendf.obj
 0001:0005aaf0       _Curl_read_plain           0045baf0 f   libcurlstat:sendf.obj
 0001:0005ab70       _Curl_read                 0045bb70 f   libcurlstat:sendf.obj
 0001:0005ae00       _Curl_debug                0045be00 f   libcurlstat:sendf.obj
 0001:0005b050       _curl_mvsnprintf           0045c050 f   libcurlstat:mprintf.obj
 0001:0005d000       _curl_msnprintf            0045e000 f   libcurlstat:mprintf.obj
 0001:0005d050       _curl_maprintf             0045e050 f   libcurlstat:mprintf.obj
 0001:0005d260       _curl_mvaprintf            0045e260 f   libcurlstat:mprintf.obj
 0001:0005d350       _curl_msprintf             0045e350 f   libcurlstat:mprintf.obj
 0001:0005d3f0       _curl_mprintf              0045e3f0 f   libcurlstat:mprintf.obj
 0001:0005d450       _curl_mfprintf             0045e450 f   libcurlstat:mprintf.obj
 0001:0005d4a0       _curl_mvsprintf            0045e4a0 f   libcurlstat:mprintf.obj
 0001:0005d4e0       _curl_mvprintf             0045e4e0 f   libcurlstat:mprintf.obj
 0001:0005d510       _curl_mvfprintf            0045e510 f   libcurlstat:mprintf.obj
 0001:0005d540       _Curl_rand                 0045e540 f   libcurlstat:curl_rand.obj
 0001:0005d590       _Curl_srand                0045e590 f   libcurlstat:curl_rand.obj
 0001:0005d5e0       _Curl_resolver_global_init 0045e5e0 f   libcurlstat:asyn-thread.obj
 0001:0005d5f0       _Curl_resolver_global_cleanup 0045e5f0 f   libcurlstat:asyn-thread.obj
 0001:0005d600       _Curl_resolver_init        0045e600 f   libcurlstat:asyn-thread.obj
 0001:0005d610       _Curl_resolver_cleanup     0045e610 f   libcurlstat:asyn-thread.obj
 0001:0005d620       _Curl_resolver_duphandle   0045e620 f   libcurlstat:asyn-thread.obj
 0001:0005d630       _Curl_resolver_cancel      0045e630 f   libcurlstat:asyn-thread.obj
 0001:0005d7a0       _Curl_resolver_wait_resolv 0045e7a0 f   libcurlstat:asyn-thread.obj
 0001:0005d970       _Curl_resolver_is_resolved 0045e970 f   libcurlstat:asyn-thread.obj
 0001:0005db00       _Curl_resolver_getsock     0045eb00 f   libcurlstat:asyn-thread.obj
 0001:0005db50       _Curl_resolver_getaddrinfo 0045eb50 f   libcurlstat:asyn-thread.obj
 0001:0005e0b0       _Curl_global_host_cache_init 0045f0b0 f   libcurlstat:hostip.obj
 0001:0005e120       _Curl_global_host_cache_dtor 0045f120 f   libcurlstat:hostip.obj
 0001:0005e150       _Curl_num_addresses        0045f150 f   libcurlstat:hostip.obj
 0001:0005e190       _Curl_printable_address    0045f190 f   libcurlstat:hostip.obj
 0001:0005e200       _Curl_hostcache_prune      0045f200 f   libcurlstat:hostip.obj
 0001:0005e3e0       _Curl_cache_addr           0045f3e0 f   libcurlstat:hostip.obj
 0001:0005e570       _Curl_resolv               0045f570 f   libcurlstat:hostip.obj
 0001:0005e890       _Curl_resolv_timeout       0045f890 f   libcurlstat:hostip.obj
 0001:0005e8e0       _Curl_resolv_unlock        0045f8e0 f   libcurlstat:hostip.obj
 0001:0005e9e0       _Curl_mk_dnscache          0045f9e0 f   libcurlstat:hostip.obj
 0001:0005ea10       _Curl_freeset              0045fa10 f   libcurlstat:url.obj
 0001:0005ea80       _Curl_dupset               0045fa80 f   libcurlstat:url.obj
 0001:0005eba0       _Curl_close                0045fba0 f   libcurlstat:url.obj
 0001:0005ef20       _Curl_mk_connc             0045ff20 f   libcurlstat:url.obj
 0001:0005f010       _Curl_ch_connc             00460010 f   libcurlstat:url.obj
 0001:0005f170       _Curl_rm_connc             00460170 f   libcurlstat:url.obj
 0001:0005f200       _Curl_init_userdefined     00460200 f   libcurlstat:url.obj
 0001:0005f410       _Curl_open                 00460410 f   libcurlstat:url.obj
 0001:0005f600       _Curl_setopt               00460600 f   libcurlstat:url.obj
 0001:000622d0       _Curl_disconnect           004632d0 f   libcurlstat:url.obj
 0001:00062520       _Curl_isPipeliningEnabled  00463520 f   libcurlstat:url.obj
 0001:00062560       _Curl_addHandleToPipeline  00463560 f   libcurlstat:url.obj
 0001:00062590       _Curl_removeHandleFromPipeline 00463590 f   libcurlstat:url.obj
 0001:000625f0       _Curl_getoff_all_pipelines 004635f0 f   libcurlstat:url.obj
 0001:00062920       _Curl_connected_proxy      00463920 f   libcurlstat:url.obj
 0001:00062a10       _Curl_verboseconnect       00463a10 f   libcurlstat:url.obj
 0001:00062a90       _Curl_protocol_getsock     00463a90 f   libcurlstat:url.obj
 0001:00062ae0       _Curl_doing_getsock        00463ae0 f   libcurlstat:url.obj
 0001:00062b30       _Curl_protocol_connecting  00463b30 f   libcurlstat:url.obj
 0001:00062bb0       _Curl_protocol_doing       00463bb0 f   libcurlstat:url.obj
 0001:00062c30       _Curl_protocol_connect     00463c30 f   libcurlstat:url.obj
 0001:00062d40       _Curl_setup_conn           00463d40 f   libcurlstat:url.obj
 0001:000630e0       _Curl_connect              004640e0 f   libcurlstat:url.obj
 0001:00066570       _Curl_done                 00467570 f   libcurlstat:url.obj
 0001:00066800       _Curl_do                   00467800 f   libcurlstat:url.obj
 0001:00066ad0       _Curl_do_more              00467ad0 f   libcurlstat:url.obj
 0001:00066b40       _Curl_reset_reqproto       00467b40 f   libcurlstat:url.obj
 0001:00066bc0       _Curl_fillreadbuffer       00467bc0 f   libcurlstat:transfer.obj
 0001:00066e50       _Curl_readrewind           00467e50 f   libcurlstat:transfer.obj
 0001:00066fe0       _Curl_meets_timecondition  00467fe0 f   libcurlstat:transfer.obj
 0001:000670e0       _Curl_readwrite            004680e0 f   libcurlstat:transfer.obj
 0001:000686f0       _Curl_single_getsock       004696f0 f   libcurlstat:transfer.obj
 0001:00068830       _Curl_sleep_time           00469830 f   libcurlstat:transfer.obj
 0001:000689a0       _Curl_pretransfer          004699a0 f   libcurlstat:transfer.obj
 0001:00068d50       _Curl_posttransfer         00469d50 f   libcurlstat:transfer.obj
 0001:00068d60       _Curl_follow               00469d60 f   libcurlstat:transfer.obj
 0001:00069600       _Curl_reconnect_request    0046a600 f   libcurlstat:transfer.obj
 0001:00069750       _Curl_retry_request        0046a750 f   libcurlstat:transfer.obj
 0001:000698a0       _Curl_perform              0046a8a0 f   libcurlstat:transfer.obj
 0001:0006a300       _Curl_setup_transfer       0046b300 f   libcurlstat:transfer.obj
 0001:0006a4c0       _Curl_hash_init            0046b4c0 f   libcurlstat:hash.obj
 0001:0006a690       _Curl_hash_alloc           0046b690 f   libcurlstat:hash.obj
 0001:0006a730       _Curl_hash_add             0046b730 f   libcurlstat:hash.obj
 0001:0006a930       _Curl_hash_delete          0046b930 f   libcurlstat:hash.obj
 0001:0006aa00       _Curl_hash_pick            0046ba00 f   libcurlstat:hash.obj
 0001:0006aac0       _Curl_hash_clean           0046bac0 f   libcurlstat:hash.obj
 0001:0006ab40       _Curl_hash_clean_with_criterium 0046bb40 f   libcurlstat:hash.obj
 0001:0006ac10       _Curl_hash_destroy         0046bc10 f   libcurlstat:hash.obj
 0001:0006ac50       _Curl_hash_str             0046bc50 f   libcurlstat:hash.obj
 0001:0006acc0       _Curl_str_key_compare      0046bcc0 f   libcurlstat:hash.obj
 0001:0006ad30       _Curl_initinfo             0046bd30 f   libcurlstat:getinfo.obj
 0001:0006ae30       _Curl_getinfo              0046be30 f   libcurlstat:getinfo.obj
 0001:0006b510       _Curl_cookie_loadfiles     0046c510 f   libcurlstat:cookie.obj
 0001:0006b5c0       _Curl_cookie_add           0046c5c0 f   libcurlstat:cookie.obj
 0001:0006c9c0       _Curl_cookie_init          0046d9c0 f   libcurlstat:cookie.obj
 0001:0006cbf0       _Curl_cookie_getlist       0046dbf0 f   libcurlstat:cookie.obj
 0001:0006cf60       _Curl_cookie_clearall      0046df60 f   libcurlstat:cookie.obj
 0001:0006cfa0       _Curl_cookie_freelist      0046dfa0 f   libcurlstat:cookie.obj
 0001:0006d010       _Curl_cookie_clearsess     0046e010 f   libcurlstat:cookie.obj
 0001:0006d0f0       _Curl_cookie_cleanup       0046e0f0 f   libcurlstat:cookie.obj
 0001:0006d180       _Curl_cookie_list          0046e180 f   libcurlstat:cookie.obj
 0001:0006d3b0       _Curl_flush_cookies        0046e3b0 f   libcurlstat:cookie.obj
 0001:0006d600       _Curl_timeleft             0046e600 f   libcurlstat:connect.obj
 0001:0006d760       _Curl_persistconninfo      0046e760 f   libcurlstat:connect.obj
 0001:0006d7e0       _Curl_updateconninfo       0046e7e0 f   libcurlstat:connect.obj
 0001:0006dae0       _Curl_is_connected         0046eae0 f   libcurlstat:connect.obj
 0001:0006e0a0       _Curl_sndbufset            0046f0a0 f   libcurlstat:connect.obj
 0001:0006eef0       _Curl_connecthost          0046fef0 f   libcurlstat:connect.obj
 0001:0006f120       _Curl_getconnectinfo       00470120 f   libcurlstat:connect.obj
 0001:0006f230       _Curl_closesocket          00470230 f   libcurlstat:connect.obj
 0001:0006f290       _curlx_ultous              00470290 f   libcurlstat:warnless.obj
 0001:0006f2a0       _curlx_ultouc              004702a0 f   libcurlstat:warnless.obj
 0001:0006f2b0       _curlx_uztosi              004702b0 f   libcurlstat:warnless.obj
 0001:0006f2c0       _curlx_sltosi              004702c0 f   libcurlstat:warnless.obj
 0001:0006f2e0       _curlx_sltoui              004702e0 f   libcurlstat:warnless.obj
 0001:0006f2f0       _curlx_sltous              004702f0 f   libcurlstat:warnless.obj
 0001:0006f310       _curlx_uztosz              00470310 f   libcurlstat:warnless.obj
 0001:0006f320       _curlx_sotouz              00470320 f   libcurlstat:warnless.obj
 0001:0006f340       _curlx_sitouz              00470340 f   libcurlstat:warnless.obj
 0001:0006f350       _Curl_llist_alloc          00470350 f   libcurlstat:llist.obj
 0001:0006f3d0       _Curl_llist_insert_next    004703d0 f   libcurlstat:llist.obj
 0001:0006f4e0       _Curl_llist_remove         004704e0 f   libcurlstat:llist.obj
 0001:0006f5c0       _Curl_llist_destroy        004705c0 f   libcurlstat:llist.obj
 0001:0006f610       _Curl_llist_count          00470610 f   libcurlstat:llist.obj
 0001:0006f620       _Curl_llist_move           00470620 f   libcurlstat:llist.obj
 0001:0006f740       _Curl_splay                00470740 f   libcurlstat:splay.obj
 0001:0006f9d0       _Curl_splayinsert          004709d0 f   libcurlstat:splay.obj
 0001:0006fbc0       _Curl_splaygetbest         00470bc0 f   libcurlstat:splay.obj
 0001:0006fdb0       _Curl_splayremovebyaddr    00470db0 f   libcurlstat:splay.obj
 0001:0006ff50       _Curl_wildcard_init        00470f50 f   libcurlstat:wildcard.obj
 0001:0006ff90       _Curl_wildcard_dtor        00470f90 f   libcurlstat:wildcard.obj
 0001:00070080       _curlx_tvnow               00471080 f   libcurlstat:timeval.obj
 0001:00070110       _curlx_tvdiff              00471110 f   libcurlstat:timeval.obj
 0001:00070140       _curlx_tvdiff_secs         00471140 f   libcurlstat:timeval.obj
 0001:00070180       _Curl_tvlong               00471180 f   libcurlstat:timeval.obj
 0001:00070190       _Curl_pgrsDone             00471190 f   libcurlstat:progress.obj
 0001:00070210       _Curl_pgrsResetTimes       00471210 f   libcurlstat:progress.obj
 0001:00070250       _Curl_pgrsTime             00471250 f   libcurlstat:progress.obj
 0001:000703e0       _Curl_pgrsStartNow         004713e0 f   libcurlstat:progress.obj
 0001:00070430       _Curl_pgrsSetDownloadCounter 00471430 f   libcurlstat:progress.obj
 0001:00070450       _Curl_pgrsSetUploadCounter 00471450 f   libcurlstat:progress.obj
 0001:00070470       _Curl_pgrsSetDownloadSize  00471470 f   libcurlstat:progress.obj
 0001:000704d0       _Curl_pgrsSetUploadSize    004714d0 f   libcurlstat:progress.obj
 0001:00070530       _Curl_pgrsUpdate           00471530 f   libcurlstat:progress.obj
 0001:000716a0       _Curl_checkheaders         004726a0 f   libcurlstat:http.obj
 0001:00071720       _Curl_http_auth_act        00472720 f   libcurlstat:http.obj
 0001:00071d30       _Curl_http_output_auth     00472d30 f   libcurlstat:http.obj
 0001:00072260       _Curl_http_input_auth      00473260 f   libcurlstat:http.obj
 0001:00072530       _Curl_add_buffer_init      00473530 f   libcurlstat:http.obj
 0001:00072560       _Curl_add_buffer_send      00473560 f   libcurlstat:http.obj
 0001:00072a30       _Curl_add_bufferf          00473a30 f   libcurlstat:http.obj
 0001:00072b00       _Curl_add_buffer           00473b00 f   libcurlstat:http.obj
 0001:00072ca0       _Curl_compareheader        00473ca0 f   libcurlstat:http.obj
 0001:00072dc0       _Curl_http_connect         00473dc0 f   libcurlstat:http.obj
 0001:00072ed0       _Curl_http_done            00473ed0 f   libcurlstat:http.obj
 0001:000730b0       _Curl_add_custom_headers   004740b0 f   libcurlstat:http.obj
[...]
 0001:00089530       _ftp_state_rest_resp       0048a530 f   libcurlstat:ftp.obj
 0001:00089670       _ftp_state_stor_resp       0048a670 f   libcurlstat:ftp.obj
 0001:000897c0       _AllowServerConnect        0048a7c0 f   libcurlstat:ftp.obj
 0001:00089990       _ftp_state_get_resp        0048a990 f   libcurlstat:ftp.obj
 0001:00089cc0       _ftp_state_user_resp       0048acc0 f   libcurlstat:ftp.obj
 0001:00089ea0       _ftp_state_loggedin        0048aea0 f   libcurlstat:ftp.obj
 0001:00089f20       _ftp_state_acct_resp       0048af20 f   libcurlstat:ftp.obj
 0001:00089f90       _ftp_easy_statemach        0048af90 f   libcurlstat:ftp.obj
 0001:0008a000       _ftp_init                  0048b000 f   libcurlstat:ftp.obj
 0001:0008a110       _isBadFtpString            0048b110 f   libcurlstat:ftp.obj
 0001:0008a160       _ftp_done                  0048b160 f   libcurlstat:ftp.obj
 0001:0008a820       _freedirs                  0048b820 f   libcurlstat:ftp.obj
 0001:0008a900       _ftp_sendquote             0048b900 f   libcurlstat:ftp.obj
 0001:0008aa50       _ftp_need_type             0048ba50 f   libcurlstat:ftp.obj
 0001:0008aa80       _ftp_nb_type               0048ba80 f   libcurlstat:ftp.obj
 0001:0008ab40       _ftp_pasv_verbose          0048bb40 f   libcurlstat:ftp.obj
 0001:0008abf0       _ftp_nextconnect           0048bbf0 f   libcurlstat:ftp.obj
 0001:0008ad60       _ftp_range                 0048bd60 f   libcurlstat:ftp.obj
 0001:0008af40       _ftp_do                    0048bf40 f   libcurlstat:ftp.obj
 0001:0008b010       _wc_statemach              0048c010 f   libcurlstat:ftp.obj
 0001:0008b410       _init_wc_data              0048c410 f   libcurlstat:ftp.obj
 0001:0008b680       _wc_data_dtor              0048c680 f   libcurlstat:ftp.obj
 0001:0008b8a0       _ftp_disconnect            0048c8a0 f   libcurlstat:ftp.obj
 0001:0008b9c0       _ftp_quit                  0048c9c0 f   libcurlstat:ftp.obj
 0001:0008ba40       _ftp_parse_url_path        0048ca40 f   libcurlstat:ftp.obj
 0001:0008c060       _ftp_doing                 0048d060 f   libcurlstat:ftp.obj
 0001:0008c0c0       _ftp_dophase_done          0048d0c0 f   libcurlstat:ftp.obj
 0001:0008c1a0       _ftp_regular_transfer      0048d1a0 f   libcurlstat:ftp.obj
 0001:0008c2e0       _ftp_perform               0048d2e0 f   libcurlstat:ftp.obj
 0001:0008c3c0       _ftp_setup_connection      0048d3c0 f   libcurlstat:ftp.obj
 0001:0008ca60       _get_pair                  0048da60 f   libcurlstat:http_digest.obj
 0001:0008d5b0       _md5_to_ascii              0048e5b0 f   libcurlstat:http_digest.obj
 0001:0008d610       _digest_cleanup_one        0048e610 f   libcurlstat:http_digest.obj
 0001:0008db10       _safe_strequal             0048eb10 f   libcurlstat:sslgen.obj
 0001:0008ff40       _GetEnv                    00490f40 f   libcurlstat:getenv.obj
 0001:00090490       _zalloc_cb                 00491490 f   libcurlstat:content_encoding.obj
 0001:000904c0       _zfree_cb                  004914c0 f   libcurlstat:content_encoding.obj
 0001:000904f0       _process_zlib_error        004914f0 f   libcurlstat:content_encoding.obj
 0001:00090550       _inflate_stream            00491550 f   libcurlstat:content_encoding.obj
 0001:00090820       _exit_zlib                 00491820 f   libcurlstat:content_encoding.obj
 0001:00090c70       _check_gzip_header         00491c70 f   libcurlstat:content_encoding.obj
 0001:000915e0       _Curl_isxdigit             004925e0 f   libcurlstat:http_chunks.obj
 0001:00091800       _parsedate                 00492800 f   libcurlstat:parsedate.obj
 0001:00091e30       _checkday                  00492e30 f   libcurlstat:parsedate.obj
 0001:00091ed0       _checkmonth                00492ed0 f   libcurlstat:parsedate.obj
 0001:00091f60       _checktz                   00492f60 f   libcurlstat:parsedate.obj
 0001:00092000       _skip                      00493000 f   libcurlstat:parsedate.obj
 0001:00092040       _my_timegm                 00493040 f   libcurlstat:parsedate.obj
 0001:00092220       _gmtime                    00493220 f   libcurlstat:parsedate.obj
 0001:00092570       _decodeQuantum             00493570 f   libcurlstat:base64.obj
 0001:00094540       _MD5_Init                  00495540 f   libcurlstat:md5.obj
 0001:00094580       _MD5_Update                00495580 f   libcurlstat:md5.obj
 0001:000946a0       _MD5_Final                 004956a0 f   libcurlstat:md5.obj
 0001:000947b0       _MD5Transform              004957b0 f   libcurlstat:md5.obj
 0001:00095640       _Encode                    00496640 f   libcurlstat:md5.obj
 0001:000956f0       _Decode                    004966f0 f   libcurlstat:md5.obj
 0001:00096fe0       _ftp_pl_get_permission     00497fe0 f   libcurlstat:ftplistparser.obj
 0001:00097260       _PL_ERROR                  00498260 f   libcurlstat:ftplistparser.obj
 0001:000972d0       _ftp_pl_gettime            004982d0 f   libcurlstat:ftplistparser.obj
 0001:000972e0       _ftp_pl_insert_finfo       004982e0 f   libcurlstat:ftplistparser.obj
 0001:00097510       _loop                      00498510 f   libcurlstat:curl_fnmatch.obj
 0001:00097a10       _setcharset                00498a10 f   libcurlstat:curl_fnmatch.obj
 0001:00097ff0       _parsekeyword              00498ff0 f   libcurlstat:curl_fnmatch.obj
 0001:00099700       _swprintf                  0049a700 f   LIBCMTD:wassert.obj
 0001:0009b810       ?_expandtime@@YAHPAUlocaleinfo_struct@@DPBUtm@@PAPADPAIPAU__lc_time_data@@I@Z 0049c810 f   LIBCMTD:strftime.obj
 0001:0009c7e0       ?_store_str@@YAXPADPAPADPAI@Z 0049d7e0 f   LIBCMTD:strftime.obj
 0001:0009c830       ?_store_num@@YAXHHPAPADPAII@Z 0049d830 f   LIBCMTD:strftime.obj
 0001:0009c8e0       ?_store_number@@YAXHPAPADPAI@Z 0049d8e0 f   LIBCMTD:strftime.obj
 0001:0009c990       ?_store_winword@@YAHPAUlocaleinfo_struct@@HPBUtm@@PAPADPAIPAU__lc_time_data@@@Z 0049d990 f   LIBCMTD:strftime.obj
 0001:0009ea20       __threadstartex@4          0049fa20 f   LIBCMTD:threadex.obj
 0001:0009eab0       __callthreadstartex        0049fab0 f   LIBCMTD:threadex.obj
 0001:000a13e0       _flsall                    004a23e0 f   LIBCMTD:fflush.obj
 0001:000a1690       __make__time64_t           004a2690 f   LIBCMTD:mktime64.obj
 0001:000a1ff0       _shortsort                 004a2ff0 f   LIBCMTD:qsort.obj
 0001:000a2060       _swap                      004a3060 f   LIBCMTD:qsort.obj
 0001:000a22a0       _cmpBYTE                   004a32a0 f   LIBCMTD:memcmp.obj
 0001:000a22d0       _cmpResult                 004a32d0 f   LIBCMTD:memcmp.obj
 0001:000a22f0       _unaligned_memcmp          004a32f0 f   LIBCMTD:memcmp.obj
 0001:000a2a00       _cmpWORD                   004a3a00 f   LIBCMTD:memcmp.obj
 0001:000a2a80       _cmpDWORD                  004a3a80 f   LIBCMTD:memcmp.obj
 0001:000a3650       _vscan_fn                  004a4650 f   LIBCMTD:sscanf.obj
 0001:000a4dc0       _doexit                    004a5dc0 f   LIBCMTD:crt0dat.obj
 0001:000a50b0       __initterm                 004a60b0 f   LIBCMTD:crt0dat.obj
 0001:000a5610       ___tmainCRTStartup         004a6610 f   LIBCMTD:wincrt0.obj
 0001:000a57d0       _fast_error_exit           004a67d0 f   LIBCMTD:wincrt0.obj
 0001:000a5800       _check_managed_app         004a6800 f   LIBCMTD:wincrt0.obj
 0001:000a61f0       _IsRootUNCName             004a71f0 f   LIBCMTD:stat64.obj
 0001:000a6300       __fullpath_helper          004a7300 f   LIBCMTD:stat64.obj
 0001:000a6400       ?strtoxl@@YAKPAUlocaleinfo_struct@@PBDPAPBDHH@Z 004a7400 f   LIBCMTD:strtol.obj
 0001:000a7370       ?strtoxq@@YA_KPAUlocaleinfo_struct@@PBDPAPBDHH@Z 004a8370 f   LIBCMTD:strtoq.obj
 0001:000a7fd0       ?failwithmessage@@YAXPAXHHPBD@Z 004a8fd0 f   LIBCMTD:_error_.obj
 0001:000a81f0       ?DebuggerProbe@@YAHK@Z     004a91f0 f   LIBCMTD:_error_.obj
 0001:000a8280       ?DebuggerRuntime@@YAHKHPAXPB_W@Z 004a9280 f   LIBCMTD:_error_.obj
 0001:000a8560       ?_getMemBlockDataString@@YAXPAD00I@Z 004a9560 f   LIBCMTD:_error_.obj
 0001:000a9500       __getenv_s_helper          004aa500 f   LIBCMTD:getenv.obj
 0001:000a9770       __dupenv_s_helper          004aa770 f   LIBCMTD:getenv.obj
 0001:000aa010       _ctrlevent_capture@4       004ab010 f   LIBCMTD:winsig.obj
 0001:000aa410       _siglookup                 004ab410 f   LIBCMTD:winsig.obj
 0001:000aa730       _xtow_s@20                 004ab730 f   LIBCMTD:xtows.obj
 0001:000aab60       @x64tow_s@24               004abb60 f   LIBCMTD:xtows.obj
 0001:000ad740       __cftoe2_l                 004ae740 f   LIBCMTD:cvt.obj
 0001:000ae4e0       __cftof2_l                 004af4e0 f   LIBCMTD:cvt.obj
 0001:000aeac0       __shift                    004afac0 f   LIBCMTD:cvt.obj
 0001:000af8a0       __get_fname                004b08a0 f   LIBCMTD:_fpexcept_.obj
 0001:000b0e90       ?getSystemCP@@YAHH@Z       004b1e90 f   LIBCMTD:mbctype.obj
 0001:000b12f0       ?CPtoLCID@@YAHH@Z          004b22f0 f   LIBCMTD:mbctype.obj
 0001:000b1370       ?setSBCS@@YAXPAUthreadmbcinfostruct@@@Z 004b2370 f   LIBCMTD:mbctype.obj
 0001:000b1450       ?setSBUpLow@@YAXPAUthreadmbcinfostruct@@@Z 004b2450 f   LIBCMTD:mbctype.obj
 0001:000b2bb0       __copytlocinfo_nolock      004b3bb0 f   LIBCMTD:setlocal.obj
 0001:000b2fb0       _sync_legacy_variables_lk  004b3fb0 f   LIBCMTD:setlocal.obj
 0001:000b2ff0       __setlocale_nolock         004b3ff0 f   LIBCMTD:setlocal.obj
 0001:000b33e0       __setlocale_set_cat        004b43e0 f   LIBCMTD:setlocal.obj
 0001:000b3910       __setlocale_get_all        004b4910 f   LIBCMTD:setlocal.obj
 0001:000b45e0       __nh_malloc_dbg_impl       004b55e0 f   LIBCMTD:dbgheap.obj
 0001:000b4680       __heap_alloc_dbg_impl      004b5680 f   LIBCMTD:dbgheap.obj
 0001:000b4c50       _realloc_help              004b5c50 f   LIBCMTD:dbgheap.obj
 0001:000b5d10       _CheckBytes                004b6d10 f   LIBCMTD:dbgheap.obj
 0001:000b6ad0       ?_CrtMemDumpAllObjectsSince_stat@@YAXPBU_CrtMemState@@PAUlocaleinfo_struct@@@Z 004b7ad0 f   LIBCMTD:dbgheap.obj
 0001:000b6de0       __printMemBlockData        004b7de0 f   LIBCMTD:dbgheap.obj
 0001:000b8360       __tzset_nolock             004b9360 f   LIBCMTD:tzset.obj
 0001:000b8970       __isindst_nolock           004b9970 f   LIBCMTD:tzset.obj
 0001:000b8cd0       _cvtdate                   004b9cd0 f   LIBCMTD:tzset.obj
 0001:000b9340       __unwind_handler           004ba340 f   LIBCMTD:exsup.obj
 0001:000b9560       ?__crtLCMapStringA_stat@@YAHPAUlocaleinfo_struct@@KKPBDHPADHHH@Z 004ba560 f   LIBCMTD:a_map.obj
 0001:000b97f0       ?strncnt@@YAHPBDH@Z        004ba7f0 f   LIBCMTD:a_map.obj
 0001:000bb030       _write_char                004bc030 f   LIBCMTD:output.obj
 0001:000bb0e0       _write_multi_char          004bc0e0 f   LIBCMTD:output.obj
 0001:000bb120       _write_string              004bc120 f   LIBCMTD:output.obj
 0001:000bc2a0       _ValidateLocalCookies      004bd2a0 f   LIBCMTD:chandler4.obj
 0001:000bc710       _xcptlookup                004bd710 f   LIBCMTD:winxfltr.obj
 0001:000be810       __unwind_handler4          004bf810 f   LIBCMTD:exsup4.obj
 0001:000c5a60       ___check_float_string      004c6a60 f   LIBCMTD:input.obj
 0001:000c5b80       __hextodec                 004c6b80 f   LIBCMTD:input.obj
 0001:000c5bc0       __inc                      004c6bc0 f   LIBCMTD:input.obj
 0001:000c5c20       __un_inc                   004c6c20 f   LIBCMTD:input.obj
 0001:000c5c40       __whiteout                 004c6c40 f   LIBCMTD:input.obj
 0001:000c77c0       ___check_float_string      004c87c0 f   LIBCMTD:inputs.obj
 0001:000c78c0       __hextodec                 004c88c0 f   LIBCMTD:inputs.obj
 0001:000c7900       __inc                      004c8900 f   LIBCMTD:inputs.obj
 0001:000c7960       __un_inc                   004c8960 f   LIBCMTD:inputs.obj
 0001:000c7980       __whiteout                 004c8980 f   LIBCMTD:inputs.obj
 0001:000c8e80       __onexit_nolock            004c9e80 f   LIBCMTD:onexit.obj
 0001:000ca310       _parse_cmdline             004cb310 f   LIBCMTD:stdargv.obj
 0001:000cb120       _IsRootUNCName             004cc120 f   LIBCMTD:stat.obj
 0001:000cb230       __fullpath_helper          004cc230 f   LIBCMTD:stat.obj
 0001:000cb680       __tsopen_nolock            004cc680 f   LIBCMTD:open.obj
 0001:000cd1f0       ?CatchGuardHandler@@YA?AW4_EXCEPTION_DISPOSITION@@PAUEHExceptionRecord@@PAUCatchGuardRN@@PAX2@Z 004ce1f0 f   LIBCMTD:_trnsctrl_.obj
 0001:000cd330       ?TranslatorGuardHandler@@YA?AW4_EXCEPTION_DISPOSITION@@PAUEHExceptionRecord@@PAUTranslatorGuardRN@@PAX2@Z 004ce330 f   LIBCMTD:_trnsctrl_.obj
 0001:000cdbd0       ?GetPdbDll@@YAPAUHINSTANCE__@@XZ 004cebd0 f   LIBCMTD:_pdblkup_.obj
 0001:000cdcc0       ?GetPdbDllFromInstallPath@@YAPAUHINSTANCE__@@XZ 004cecc0 f   LIBCMTD:_pdblkup_.obj
 0001:000cde80       ?GetPdbDllPathFromFilePath@@YAHPB_WPA_WI@Z 004cee80 f   LIBCMTD:_pdblkup_.obj
 0001:000d0480       _write_char                004d1480 f   LIBCMTD:woutput.obj
 0001:000d04e0       _write_multi_char          004d14e0 f   LIBCMTD:woutput.obj
 0001:000d0520       _write_string              004d1520 f   LIBCMTD:woutput.obj
 0001:000d1aa0       _write_char                004d2aa0 f   LIBCMTD:woutputs.obj
 0001:000d1b00       _write_multi_char          004d2b00 f   LIBCMTD:woutputs.obj
 0001:000d1b40       _write_string              004d2b40 f   LIBCMTD:woutputs.obj
 0001:000d54a0       _write_char                004d64a0 f   LIBCMTD:woutputp.obj
 0001:000d5500       _write_multi_char          004d6500 f   LIBCMTD:woutputp.obj
 0001:000d5540       _write_string              004d6540 f   LIBCMTD:woutputp.obj
 0001:000d79e0       ?__crtGetStringTypeA_stat@@YAHPAUlocaleinfo_struct@@KPBDHPAGHHH@Z 004d89e0 f   LIBCMTD:a_str.obj
 0001:000d7be0       __get_lc_time              004d8be0 f   LIBCMTD:inittime.obj
 0001:000d91c0       _fix_grouping              004da1c0 f   LIBCMTD:initnum.obj
 0001:000d9860       _fix_grouping              004da860 f   LIBCMTD:initmon.obj
 0001:000da990       _TranslateName             004db990 f   LIBCMTD:getqloc.obj
 0001:000daa20       _GetLcidFromLangCountry    004dba20 f   LIBCMTD:getqloc.obj
 0001:000daae0       _LangCountryEnumProc@4     004dbae0 f   LIBCMTD:getqloc.obj
 0001:000daf20       _GetLcidFromLanguage       004dbf20 f   LIBCMTD:getqloc.obj
 0001:000dafa0       _LanguageEnumProc@4        004dbfa0 f   LIBCMTD:getqloc.obj
 0001:000db140       _GetLcidFromCountry        004dc140 f   LIBCMTD:getqloc.obj
 0001:000db190       _CountryEnumProc@4         004dc190 f   LIBCMTD:getqloc.obj
 0001:000db290       _GetLcidFromDefault        004dc290 f   LIBCMTD:getqloc.obj
 0001:000db2d0       _ProcessCodePage           004dc2d0 f   LIBCMTD:getqloc.obj
 0001:000db380       _TestDefaultCountry        004dc380 f   LIBCMTD:getqloc.obj
 0001:000db3d0       _TestDefaultLanguage       004dc3d0 f   LIBCMTD:getqloc.obj
 0001:000db450       _LcidFromHexString         004dc450 f   LIBCMTD:getqloc.obj
 0001:000db4d0       _GetPrimaryLen             004dc4d0 f   LIBCMTD:getqloc.obj
 0001:000db740       __is_LFH_enabled           004dc740 f   LIBCMTD:expand.obj
 0001:000dfc30       _write_char                004e0c30 f   LIBCMTD:outputp.obj
 0001:000dfce0       _write_multi_char          004e0ce0 f   LIBCMTD:outputp.obj
 0001:000dfd20       _write_string              004e0d20 f   LIBCMTD:outputp.obj
 0001:000e1220       _write_char                004e2220 f   LIBCMTD:outputs.obj
 0001:000e12d0       _write_multi_char          004e22d0 f   LIBCMTD:outputs.obj
 0001:000e1310       _write_string              004e2310 f   LIBCMTD:outputs.obj
 0001:000e31c0       ?__crtGetLocaleInfoA_stat@@YAHPAUlocaleinfo_struct@@KKPADH@Z 004e41c0 f   LIBCMTD:a_loc.obj
 0001:000e35e0       ?x_ismbbtype_l@@YAHPAUlocaleinfo_struct@@IHH@Z 004e45e0 f   LIBCMTD:ismbbyte.obj
 0001:000e54f0       ?FindHandler@@YAXPAUEHExceptionRecord@@PAUEHRegistrationNode@@PAU_CONTEXT@@PAXPBU_s_FuncInfo@@EH1@Z 004e64f0 f   LIBCMTD:frame.obj
 0001:000e5a40       ?FindHandlerForForeignException@@YAXPAUEHExceptionRecord@@PAUEHRegistrationNode@@PAU_CONTEXT@@PAXPBU_s_FuncInfo@@HH1@Z 004e6a40 f   LIBCMTD:frame.obj
 0001:000e5e80       ?CatchIt@@YAXPAUEHExceptionRecord@@PAUEHRegistrationNode@@PAU_CONTEXT@@PAXPBU_s_FuncInfo@@PBU_s_HandlerType@@PBU_s_CatchableType@@PBU_s_TryBlockMapEntry@@H1E@Z 004e6e80 f   LIBCMTD:frame.obj
 0001:000e5f40       ?CallCatchBlock@@YAPAXPAUEHExceptionRecord@@PAUEHRegistrationNode@@PAU_CONTEXT@@PBU_s_FuncInfo@@PAXHK@Z 004e6f40 f   LIBCMTD:frame.obj
 0001:000e61d0       ?ExFilterRethrow@@YAHPAU_EXCEPTION_POINTERS@@@Z 004e71d0 f   LIBCMTD:frame.obj
 0001:000e6e40       ?IsInExceptionSpec@@YAEPAUEHExceptionRecord@@PBU_s_ESTypeList@@@Z 004e7e40 f   LIBCMTD:frame.obj
 0001:000e6f00       ?CallUnexpected@@YAXPBU_s_ESTypeList@@@Z 004e7f00 f   LIBCMTD:frame.obj
 0001:000e6f4e       __catch$?CallUnexpected@@YAXPBU_s_ESTypeList@@@Z$0 004e7f4e f   LIBCMTD:frame.obj
 0001:000e6f90       ?Is_bad_exception_allowed@@YAEPBU_s_ESTypeList@@@Z 004e7f90 f   LIBCMTD:frame.obj
 0001:000e7b50       ?__crtCompareStringA_stat@@YAHPAUlocaleinfo_struct@@KKPBDH1HH@Z 004e8b50 f   LIBCMTD:a_cmp.obj
 0001:000e7ee0       ?strncnt@@YAHPBDH@Z        004e8ee0 f   LIBCMTD:a_cmp.obj
 0001:000e86a0       _findenv                   004e96a0 f   LIBCMTD:setenv.obj
 0001:000e8720       _copy_environ              004e9720 f   LIBCMTD:setenv.obj
 0001:000e8e90       ?wcstoxl@@YAKPB_WPAPB_WHH@Z 004e9e90 f   LIBCMTD:wcstol.obj
 0001:000e95f0       __abstract_cw              004ea5f0 f   LIBCMTD:_ieee87_.obj
 0001:000e9740       __hw_cw                    004ea740 f   LIBCMTD:_ieee87_.obj
 0001:000e98a0       __abstract_sw              004ea8a0 f   LIBCMTD:_ieee87_.obj
 0001:000e9930       ___statusfp_sse2           004ea930 f   LIBCMTD:_ieee87_.obj
 0001:000e9950       ___clearfp_sse2            004ea950 f   LIBCMTD:_ieee87_.obj
 0001:000e9980       ___control87_sse2          004ea980 f   LIBCMTD:_ieee87_.obj
 0001:000e9a00       ___abstract_cw_sse2        004eaa00 f   LIBCMTD:_ieee87_.obj
 0001:000e9b50       ___hw_cw_sse2              004eab50 f   LIBCMTD:_ieee87_.obj
 0001:000e9ca0       ___abstract_sw_sse2        004eaca0 f   LIBCMTD:_ieee87_.obj
 0001:000e9d30       ___fpreset_sse2            004ead30 f   LIBCMTD:_ieee87_.obj
 0001:000eaad0       _xtoa_s@20                 004ebad0 f   LIBCMTD:xtoas.obj
 0001:000eaef0       @x64toa_s@24               004ebef0 f   LIBCMTD:xtoas.obj
 0001:000eb7a0       ?wcsncnt@@YAIPB_WI@Z       004ec7a0 f   LIBCMTD:wcstombs.obj
 0001:000f6fe0       ?und_strlen@@YAIPBD@Z      004f7fe0 f   LIBCMTD:undname.obj
 0001:000f7020       ?und_memcpy@@YAXPADPBDI@Z  004f8020 f   LIBCMTD:undname.obj
 0001:000f7060       ?und_strncmp@@YAIPBD0I@Z   004f8060 f   LIBCMTD:undname.obj
 0001:000f7460       __unwindfunclet$?strtoxl@@YAKPAUlocaleinfo_struct@@PBDPAPBDHH@Z$0 004f8460 f   LIBCMTD:strtol.obj
 0001:000f7468       __ehhandler$?strtoxl@@YAKPAUlocaleinfo_struct@@PBDPAPBDHH@Z 004f8468 f   LIBCMTD:strtol.obj
 0001:000f7490       __unwindfunclet$?strtoxq@@YA_KPAUlocaleinfo_struct@@PBDPAPBDHH@Z$0 004f8490 f   LIBCMTD:strtoq.obj
 0001:000f7498       __ehhandler$?strtoxq@@YA_KPAUlocaleinfo_struct@@PBDPAPBDHH@Z 004f8498 f   LIBCMTD:strtoq.obj
 0001:000f74c0       __unwindfunclet$?getSystemCP@@YAHH@Z$0 004f84c0 f   LIBCMTD:mbctype.obj
 0001:000f74c8       __ehhandler$?getSystemCP@@YAHH@Z 004f84c8 f   LIBCMTD:mbctype.obj
 0001:000f74f0       __unwindfunclet$?x_ismbbtype_l@@YAHPAUlocaleinfo_struct@@IHH@Z$0 004f84f0 f   LIBCMTD:ismbbyte.obj
 0001:000f74f8       __ehhandler$?x_ismbbtype_l@@YAHPAUlocaleinfo_struct@@IHH@Z 004f84f8 f   LIBCMTD:ismbbyte.obj
 0001:000f7520       __ehhandler$?CallUnexpected@@YAXPBU_s_ESTypeList@@@Z 004f8520 f   LIBCMTD:frame.obj
 0001:000f7540       __unwindfunclet$?make@DNameStatusNode@@SAPAV1@W4DNameStatus@@@Z$0 004f8540 f   LIBCMTD:undname.obj
 0001:000f754e       __ehhandler$?make@DNameStatusNode@@SAPAV1@W4DNameStatus@@@Z 004f854e f   LIBCMTD:undname.obj
