 qfusion_x86

 Timestamp is 51ba27cb (Fri Jun 14 00:12:59 2013)

 Preferred load address is 00400000

 Start         Length     Name                   Class
 0001:00000000 002208e1H .text                   CODE
 0001:002208f0 0000114bH .text$x                 CODE
 0002:00000000 00000104H .CRT$XCA                DATA
 0002:00000104 00000104H .CRT$XCZ                DATA
 0002:00000208 00000104H .CRT$XIA                DATA
 0002:0000030c 00000118H .CRT$XIC                DATA
 0002:00000424 00000104H .CRT$XIY                DATA
 0002:00000528 00000104H .CRT$XIZ                DATA
 0002:0000062c 00000104H .CRT$XPA                DATA
 0002:00000730 00000109H .CRT$XPX                DATA
 0002:0000083c 00000104H .CRT$XPXA               DATA
 0002:00000940 00000104H .CRT$XPZ                DATA
 0002:00000a44 00000104H .CRT$XTA                DATA
 0002:00000b48 00000104H .CRT$XTZ                DATA
 0002:00000c50 0002ccb2H .rdata                  DATA
 0002:0002d904 00000157H .rdata$debug            DATA
 0002:0002da5c 0000031eH .rdata$r                DATA
 0002:0002dd80 00000134H .rdata$sxdata           DATA
 0002:0002deb4 00000104H .rtc$IAA                DATA
 0002:0002dfb8 00000451H .rtc$IMZ                DATA
 0002:0002e40c 00000104H .rtc$IZZ                DATA
 0002:0002e510 00000104H .rtc$TAA                DATA
 0002:0002e614 00000451H .rtc$TMZ                DATA
 0002:0002ea68 00000104H .rtc$TZZ                DATA
 0002:0002eb70 00001373H .xdata$x                DATA
 0002:0002fee3 00000000H .edata                  DATA
 0003:00000000 00038b08H .data                   DATA
 0003:00038b20 00636804H .bss                    DATA
 0004:00000000 00000078H .idata$2                DATA
 0004:00000078 00000014H .idata$3                DATA
 0004:0000008c 0000056cH .idata$4                DATA
 0004:000005f8 0000056cH .idata$5                DATA
 0004:00000b64 000011e5H .idata$6                DATA
 0005:00000000 00000623H .rsrc$01                DATA
 0005:00000630 000143c3H .rsrc$02                DATA

  Address         Publics by Value              Rva+Base       Lib:Object

 0000:00000000       __except_list              00000000     <absolute>
 0000:0000000b       ___safe_se_handler_count   0000000b     <absolute>
 0000:00000000       ___ImageBase               00400000     <linker-defined>
 0001:000033e0       _AC_LoadLibrary            004043e0 f   anticheat.obj
 0001:000033f0       _Com_ScriptModule_Shutdown 004043f0 f   ascript.obj
 0001:00003470       _Com_ScriptModule_Init     00404470 f   ascript.obj
 0001:00003980       _Com_asGetAngelExport      00404980 f   ascript.obj
 0001:00003b20       _AsyncStream_InitModule    00404b20 f   asyncstream.obj
 0001:00003c10       _AsyncStream_UrlEncode     00404c10 f   asyncstream.obj
 0001:00003c30       _AsyncStream_UrlDecode     00404c30 f   asyncstream.obj
 0001:00003c50       _AsyncStream_UrlEncodeUnsafeChars 00404c50 f   asyncstream.obj
 0001:00003c70       _AsyncStream_PerformRequestExt 00404c70 f   asyncstream.obj
 0001:000041f0       _AsyncStream_PerformRequest 004051f0 f   asyncstream.obj
 0001:000042a0       _AsyncStream_ShutdownModule 004052a0 f   asyncstream.obj
 0001:00004510       _base64_encode             00405510 f   base64.obj
 0001:00004740       _base64_decode             00405740 f   base64.obj
 0001:00004c10       _CIN_LoadLibrary           00405c10 f   cin.obj
 0001:000050d0       _CIN_UnloadLibrary         004060d0 f   cin.obj
 0001:00005180       _CIN_Open                  00406180 f   cin.obj
 0001:000051c0       _CIN_NeedNextFrame         004061c0 f   cin.obj
 0001:00005200       _CIN_ReadNextFrame         00406200 f   cin.obj
 0001:00005250       _CIN_Close                 00406250 f   cin.obj
 0001:00005420       _cJSON_GetErrorPtr         00406420 f   cjson.obj
 0001:00005430       _cJSON_InitHooks           00406430 f   cjson.obj
 0001:000054b0       _cJSON_Delete              004064b0 f   cjson.obj
 0001:00005580       _cJSON_Parse               00406580 f   cjson.obj
 0001:00005670       _cJSON_Print               00406670 f   cjson.obj
 0001:00005690       _cJSON_PrintUnformatted    00406690 f   cjson.obj
 0001:00006e60       _cJSON_GetArraySize        00407e60 f   cjson.obj
 0001:00006eb0       _cJSON_GetArrayItem        00407eb0 f   cjson.obj
 0001:00006ef0       _cJSON_GetObjectItem       00407ef0 f   cjson.obj
 0001:00006fe0       _cJSON_AddItemToArray      00407fe0 f   cjson.obj
 0001:00007070       _cJSON_AddItemToObject     00408070 f   cjson.obj
 0001:000070d0       _cJSON_AddItemReferenceToArray 004080d0 f   cjson.obj
 0001:00007170       _cJSON_AddItemReferenceToObject 00408170 f   cjson.obj
 0001:000071a0       _cJSON_DetachItemFromArray 004081a0 f   cjson.obj
 0001:00007240       _cJSON_DeleteItemFromArray 00408240 f   cjson.obj
 0001:00007270       _cJSON_DetachItemFromObject 00408270 f   cjson.obj
 0001:000072f0       _cJSON_DeleteItemFromObject 004082f0 f   cjson.obj
 0001:00007320       _cJSON_ReplaceItemInArray  00408320 f   cjson.obj
 0001:000073e0       _cJSON_ReplaceItemInObject 004083e0 f   cjson.obj
 0001:00007470       _cJSON_CreateNull          00408470 f   cjson.obj
 0001:000074b0       _cJSON_CreateTrue          004084b0 f   cjson.obj
 0001:000074f0       _cJSON_CreateFalse         004084f0 f   cjson.obj
 0001:00007530       _cJSON_CreateBool          00408530 f   cjson.obj
 0001:00007570       _cJSON_CreateNumber        00408570 f   cjson.obj
 0001:000075c0       _cJSON_CreateString        004085c0 f   cjson.obj
 0001:00007610       _cJSON_CreateArray         00408610 f   cjson.obj
 0001:00007650       _cJSON_CreateObject        00408650 f   cjson.obj
 0001:00007690       _cJSON_CreateIntArray      00408690 f   cjson.obj
 0001:00007740       _cJSON_CreateFloatArray    00408740 f   cjson.obj
 0001:000077f0       _cJSON_CreateDoubleArray   004087f0 f   cjson.obj
 0001:000078a0       _cJSON_CreateStringArray   004088a0 f   cjson.obj
 0001:00008290       _SCR_StopCinematic         00409290 f   cl_cin.obj
 0001:000082d0       _SCR_FinishCinematic       004092d0 f   cl_cin.obj
 0001:000082f0       _SCR_AllowCinematicConsole 004092f0 f   cl_cin.obj
 0001:00008300       _SCR_RunCinematic          00409300 f   cl_cin.obj
 0001:00008400       _SCR_DrawCinematic         00409400 f   cl_cin.obj
 0001:00008760       _SCR_PauseCinematic        00409760 f   cl_cin.obj
 0001:000087a0       _CL_PlayCinematic_f        004097a0 f   cl_cin.obj
 0001:000088e0       _CL_PauseCinematic_f       004098e0 f   cl_cin.obj
 0001:00008920       _CL_InitCinematics         00409920 f   cl_cin.obj
 0001:00008960       _CL_ShutdownCinematics     00409960 f   cl_cin.obj
 0001:00008b50       _CL_WriteDemoMessage       00409b50 f   cl_demo.obj
 0001:00008b90       _CL_Stop_f                 00409b90 f   cl_demo.obj
 0001:00008f10       _CL_Record_f               00409f10 f   cl_demo.obj
 0001:00009190       _CL_BeginDemoAviDump       0040a190 f   cl_demo.obj
 0001:00009230       _CL_DemoCompleted          0040a230 f   cl_demo.obj
 0001:00009390       _CL_ReadDemoPackets        0040a390 f   cl_demo.obj
 0001:000094c0       _CL_PlayDemo_f             0040a4c0 f   cl_demo.obj
 0001:00009890       _CL_PauseDemo_f            0040a890 f   cl_demo.obj
 0001:00009930       _CL_DemoJump_f             0040a930 f   cl_demo.obj
 0001:00009b30       _CL_PlayDemoToAvi_f        0040ab30 f   cl_demo.obj
 0001:00009bf0       _CL_ReadDemoMetaData       0040abf0 f   cl_demo.obj
 0001:0000a330       _CL_GameModule_Init        0040b330 f   cl_game.obj
 0001:0000ada0       _CL_GameModule_Reset       0040bda0 f   cl_game.obj
 0001:0000add0       _CL_GameModule_Shutdown    0040bdd0 f   cl_game.obj
 0001:0000ae40       _CL_GameModule_EscapeKey   0040be40 f   cl_game.obj
 0001:0000ae80       _CL_GameModule_GetEntitySpatilization 0040be80 f   cl_game.obj
 0001:0000aec0       _CL_GameModule_ConfigString 0040bec0 f   cl_game.obj
 0001:0000af00       _CL_GameModule_SetSensitivityScale 0040bf00 f   cl_game.obj
 0001:0000af40       _CL_GameModule_NewSnapshot 0040bf40 f   cl_game.obj
 0001:0000afe0       _CL_GameModule_RenderView  0040bfe0 f   cl_game.obj
 0001:0000b3c0       _CL_MouseMove              0040c3c0 f   cl_input.obj
 0001:0000bbc0       _CL_UpdateCommandInput     0040cbc0 f   cl_input.obj
 0001:0000c2b0       _IN_CenterView             0040d2b0 f   cl_input.obj
 0001:0000c310       _CL_InitInput              0040d310 f   cl_input.obj
 0001:0000cc70       _CL_InitInputDynvars       0040dc70 f   cl_input.obj
 0001:0000cfa0       _CL_ShutdownInput          0040dfa0 f   cl_input.obj
 0001:0000d210       _CL_UserInputFrame         0040e210 f   cl_input.obj
 0001:0000d230       _CL_WriteUcmdsToMessage    0040e230 f   cl_input.obj
 0001:0000d4e0       _CL_NewUserCommand         0040e4e0 f   cl_input.obj
 0001:0000e130       _CL_AddReliableCommand     0040f130 f   cl_main.obj
 0001:0000e1e0       _CL_UpdateClientCommandsToServer 0040f1e0 f   cl_main.obj
 0001:0000e2a0       _CL_ForwardToServer_f      0040f2a0 f   cl_main.obj
 0001:0000e300       _CL_ServerDisconnect_f     0040f300 f   cl_main.obj
 0001:0000e440       _CL_Quit                   0040f440 f   cl_main.obj
 0001:0000e460       _CL_GetClipboardData       0040f460 f   cl_main.obj
 0001:0000e480       _CL_SetClipboardData       0040f480 f   cl_main.obj
 0001:0000e4a0       _CL_FreeClipboardData      0040f4a0 f   cl_main.obj
 0001:0000e4c0       _CL_OpenURLInBrowser       0040f4c0 f   cl_main.obj
 0001:0000e4e0       _CL_GetKeyDest             0040f4e0 f   cl_main.obj
 0001:0000e4f0       _CL_SetKeyDest             0040f4f0 f   cl_main.obj
 0001:0000e540       _CL_SetOldKeyDest          0040f540 f   cl_main.obj
 0001:0000e570       _CL_ResetServerCount       0040f570 f   cl_main.obj
 0001:0000e580       _CL_ClearState             0040f580 f   cl_main.obj
 0001:0000e7a0       _CL_Disconnect             0040f7a0 f   cl_main.obj
 0001:0000ebd0       _CL_Disconnect_f           0040fbd0 f   cl_main.obj
 0001:0000ec00       _CL_Changing_f             0040fc00 f   cl_main.obj
 0001:0000ec60       _CL_ServerReconnect_f      0040fc60 f   cl_main.obj
 0001:0000ed30       _CL_Reconnect_f            0040fd30 f   cl_main.obj
 0001:0000f050       _CL_ReadPackets            00410050 f   cl_main.obj
 0001:0000fc10       _CL_RequestNextDownload    00410c10 f   cl_main.obj
 0001:000103d0       _CL_Precache_f             004113d0 f   cl_main.obj
 0001:00010450       _CL_SetClientState         00411450 f   cl_main.obj
 0001:00010540       _CL_GetClientState         00411540 f   cl_main.obj
 0001:00010550       _CL_InitMedia              00411550 f   cl_main.obj
 0001:000105f0       _CL_ShutdownMedia          004115f0 f   cl_main.obj
 0001:00010630       _CL_RestartMedia           00411630 f   cl_main.obj
 0001:00010660       _CL_S_Restart              00411660 f   cl_main.obj
 0001:000106c0       _CL_AdjustServerTime       004116c0 f   cl_main.obj
 0001:000107a0       _CL_RestartTimeDeltas      004117a0 f   cl_main.obj
 0001:00010810       _CL_SmoothTimeDeltas       00411810 f   cl_main.obj
 0001:00010910       _CL_UpdateSnapshot         00411910 f   cl_main.obj
 0001:00010ae0       _CL_Netchan_Transmit       00411ae0 f   cl_main.obj
 0001:00010b70       _CL_SendMessagesToServer   00411b70 f   cl_main.obj
 0001:00010f00       _CL_Frame                  00411f00 f   cl_main.obj
 0001:00011790       _CL_AsyncStreamRequest     00412790 f   cl_main.obj
 0001:00011880       _CL_Init                   00412880 f   cl_main.obj
 0001:00012f00       _CL_InitDynvars            00413f00 f   cl_main.obj
 0001:00012f20       _CL_Shutdown               00413f20 f   cl_main.obj
 0001:000145b0       _CL_AddDefaultRating       004155b0 f   cl_mm.obj
 0001:000146b0       _CL_AddRating              004156b0 f   cl_mm.obj
 0001:00014740       _CL_MM_Heartbeat           00415740 f   cl_mm.obj
 0001:00014820       _cl_mm_connect_done        00415820 f   cl_mm.obj
 0001:000148f0       _CL_MM_Connect             004158f0 f   cl_mm.obj
 0001:00014a00       _CL_MM_CanConnect          00415a00 f   cl_mm.obj
 0001:00014a40       _CL_MM_WaitForLogin        00415a40 f   cl_mm.obj
 0001:00014a80       _CL_MM_Frame               00415a80 f   cl_mm.obj
 0001:00014b30       _CL_MM_Initialized         00415b30 f   cl_mm.obj
 0001:00014b40       _CL_MM_Logout              00415b40 f   cl_mm.obj
 0001:000153a0       _CL_MM_Login               004163a0 f   cl_mm.obj
 0001:000155b0       _CL_MM_GetLoginState       004165b0 f   cl_mm.obj
 0001:000155e0       _CL_MM_GetLastErrorMessage 004165e0 f   cl_mm.obj
 0001:00015640       _CL_MM_GetProfileURL       00416640 f   cl_mm.obj
 0001:000156d0       _CL_MM_GetBaseWebURL       004166d0 f   cl_mm.obj
 0001:00015880       _CL_MM_Init                00416880 f   cl_mm.obj
 0001:00015a70       _CL_MM_Shutdown            00416a70 f   cl_mm.obj
 0001:000160f0       _CL_CanDownloadModules     004170f0 f   cl_parse.obj
 0001:00016120       _CL_DownloadRequest        00417120 f   cl_parse.obj
 0001:000162e0       _CL_CheckOrDownloadFile    004172e0 f   cl_parse.obj
 0001:000163c0       _CL_FreeDownloadList       004173c0 f   cl_parse.obj
 0001:00016440       _CL_DownloadDone           00417440 f   cl_parse.obj
 0001:00017240       _CL_StopServerDownload     00418240 f   cl_parse.obj
 0001:00017330       _CL_CheckDownloadTimeout   00418330 f   cl_parse.obj
 0001:00017420       _CL_DownloadStatus_f       00418420 f   cl_parse.obj
 0001:000174d0       _CL_DownloadCancel_f       004184d0 f   cl_parse.obj
 0001:00017990       _CL_ParseServerMessage     00418990 f   cl_parse.obj
 0001:00019260       _SCR_RegisterFont          0041a260 f   cl_screen.obj
 0001:00019280       _SCR_ChangeSystemFontSmallSize 0041a280 f   cl_screen.obj
 0001:00019510       _SCR_strHeight             0041a510 f   cl_screen.obj
 0001:00019530       _SCR_strWidth              0041a530 f   cl_screen.obj
 0001:00019550       _SCR_StrlenForWidth        0041a550 f   cl_screen.obj
 0001:00019570       _SCR_DrawRawChar           0041a570 f   cl_screen.obj
 0001:000195a0       _SCR_DrawClampString       0041a5a0 f   cl_screen.obj
 0001:000195e0       _SCR_DrawString            0041a5e0 f   cl_screen.obj
 0001:000197a0       _SCR_DrawStringWidth       0041a7a0 f   cl_screen.obj
 0001:00019880       _SCR_DrawFillRect          0041a880 f   cl_screen.obj
 0001:000198d0       _CL_AddNetgraph            0041a8d0 f   cl_screen.obj
 0001:00019a00       _SCR_DebugGraph            0041aa00 f   cl_screen.obj
 0001:00019a80       _SCR_InitScreen            0041aa80 f   cl_screen.obj
 0001:00019b90       _SCR_RunConsole            0041ab90 f   cl_screen.obj
 0001:00019cd0       _SCR_BeginLoadingPlaque    0041acd0 f   cl_screen.obj
 0001:00019d20       _SCR_EndLoadingPlaque      0041ad20 f   cl_screen.obj
 0001:00019d50       _SCR_RegisterConsoleMedia  0041ad50 f   cl_screen.obj
 0001:00019e60       _SCR_ShutDownConsoleMedia  0041ae60 f   cl_screen.obj
 0001:00019ef0       _SCR_UpdateScreen          0041aef0 f   cl_screen.obj
 0001:0001a910       _CL_WriteServerCache       0041b910 f   cl_serverlist.obj
 0001:0001ab30       _CL_ReadServerCache        0041bb30 f   cl_serverlist.obj
 0001:0001af70       _CL_ParseGetInfoResponse   0041bf70 f   cl_serverlist.obj
 0001:0001afb0       _CL_ParseGetStatusResponse 0041bfb0 f   cl_serverlist.obj
 0001:0001aff0       _CL_QueryGetInfoMessage_f  0041bff0 f   cl_serverlist.obj
 0001:0001b160       _CL_QueryGetStatusMessage_f 0041c160 f   cl_serverlist.obj
 0001:0001b180       _CL_PingServer_f           0041c180 f   cl_serverlist.obj
 0001:0001b340       _CL_ParseStatusMessage     0041c340 f   cl_serverlist.obj
 0001:0001b4e0       _CL_ParseGetServersResponse 0041c4e0 f   cl_serverlist.obj
 0001:0001b890       _CL_GetServers_f           0041c890 f   cl_serverlist.obj
 0001:0001bd00       _CL_InitServerList         0041cd00 f   cl_serverlist.obj
 0001:0001be30       _CL_ShutDownServerList     0041ce30 f   cl_serverlist.obj
 0001:0001c430       _CL_SoundModule_Init       0041d430 f   cl_sound.obj
 0001:0001cb70       _CL_SoundModule_Shutdown   0041db70 f   cl_sound.obj
 0001:0001cbe0       _CL_SoundModule_BeginRegistration 0041dbe0 f   cl_sound.obj
 0001:0001cc10       _CL_SoundModule_EndRegistration 0041dc10 f   cl_sound.obj
 0001:0001cc40       _CL_SoundModule_StopAllSounds 0041dc40 f   cl_sound.obj
 0001:0001cc70       _CL_SoundModule_Clear      0041dc70 f   cl_sound.obj
 0001:0001cca0       _CL_SoundModule_Update     0041dca0 f   cl_sound.obj
 0001:0001cd00       _CL_SoundModule_Activate   0041dd00 f   cl_sound.obj
 0001:0001ce30       _CL_SoundModule_RegisterSound 0041de30 f   cl_sound.obj
 0001:0001d010       _CL_SoundModule_StartFixedSound 0041e010 f   cl_sound.obj
 0001:0001d060       _CL_SoundModule_StartRelativeSound 0041e060 f   cl_sound.obj
 0001:0001d0b0       _CL_SoundModule_StartGlobalSound 0041e0b0 f   cl_sound.obj
 0001:0001d0f0       _CL_SoundModule_StartLocalSound 0041e0f0 f   cl_sound.obj
 0001:0001d180       _CL_SoundModule_AddLoopSound 0041e180 f   cl_sound.obj
 0001:0001d1d0       _CL_SoundModule_RawSamples 0041e1d0 f   cl_sound.obj
 0001:0001d220       _CL_SoundModule_GetRawSamplesTime 0041e220 f   cl_sound.obj
 0001:0001d260       _CL_SoundModule_StartBackgroundTrack 0041e260 f   cl_sound.obj
 0001:0001d340       _CL_SoundModule_StopBackgroundTrack 0041e340 f   cl_sound.obj
 0001:0001d370       _CL_SoundModule_BeginAviDemo 0041e370 f   cl_sound.obj
 0001:0001d3a0       _CL_SoundModule_StopAviDemo 0041e3a0 f   cl_sound.obj
 0001:0001d3d0       _CL_Mumble_Init            0041e3d0 f   cl_sound.obj
 0001:0001d410       _CL_Mumble_Link            0041e410 f   cl_sound.obj
 0001:0001d480       _CL_Mumble_Unlink          0041e480 f   cl_sound.obj
 0001:0001d4c0       _CL_Mumble_Update          0041e4c0 f   cl_sound.obj
 0001:0001d6c0       _CL_Mumble_Shutdown        0041e6c0 f   cl_sound.obj
 0001:0001db70       _CL_UIModule_Init          0041eb70 f   cl_ui.obj
 0001:0001e300       _CL_UIModule_Shutdown      0041f300 f   cl_ui.obj
 0001:0001e3a0       _CL_UIModule_Refresh       0041f3a0 f   cl_ui.obj
 0001:0001e490       _CL_UIModule_UpdateConnectScreen 0041f490 f   cl_ui.obj
 0001:0001e600       _CL_UIModule_Keydown       0041f600 f   cl_ui.obj
 0001:0001e640       _CL_UIModule_Keyup         0041f640 f   cl_ui.obj
 0001:0001e680       _CL_UIModule_CharEvent     0041f680 f   cl_ui.obj
 0001:0001e6c0       _CL_UIModule_ForceMenuOff  0041f6c0 f   cl_ui.obj
 0001:0001e6f0       _CL_UIModule_AddToServerList 0041f6f0 f   cl_ui.obj
 0001:0001e730       _CL_UIModule_MouseMove     0041f730 f   cl_ui.obj
 0001:0001e770       _CL_UIModule_MM_UIReply    0041f770 f   cl_ui.obj
 0001:0001ea80       _VID_Restart               0041fa80 f   cl_vid.obj
 0001:0001eaa0       _VID_Restart_f             0041faa0 f   cl_vid.obj
 0001:0001ead0       _VID_GetModeInfo           0041fad0 f   cl_vid.obj
 0001:0001eb50       _VID_SetMode               0041fb50 f   cl_vid.obj
 0001:0001eb80       _VID_CheckChanges          0041fb80 f   cl_vid.obj
 0001:0001f290       _VID_Init                  00420290 f   cl_vid.obj
 0001:0001f4f0       _VID_Shutdown              004204f0 f   cl_vid.obj
 0001:0001f810       _CM_LoadMap                00420810 f   cm_main.obj
 0001:00020120       _CM_LoadMapMessage         00421120 f   cm_main.obj
 0001:00020500       _CM_ClientLoad             00421500 f   cm_main.obj
 0001:00020540       _CM_InlineModel            00421540 f   cm_main.obj
 0001:00020590       _CM_NumInlineModels        00421590 f   cm_main.obj
 0001:000205a0       _CM_InlineModelBounds      004215a0 f   cm_main.obj
 0001:00020660       _CM_ShaderrefName          00421660 f   cm_main.obj
 0001:00020690       _CM_EntityStringLen        00421690 f   cm_main.obj
 0001:000206a0       _CM_EntityString           004216a0 f   cm_main.obj
 0001:000206b0       _CM_LeafCluster            004216b0 f   cm_main.obj
 0001:000206f0       _CM_LeafArea               004216f0 f   cm_main.obj
 0001:00020730       _CM_ClusterRowSize         00421730 f   cm_main.obj
 0001:00020770       _CM_ClusterRowLongs        00421770 f   cm_main.obj
 0001:000207c0       _CM_NumClusters            004217c0 f   cm_main.obj
 0001:00020800       _CM_PVSData                00421800 f   cm_main.obj
 0001:00020810       _CM_ClusterPVS             00421810 f   cm_main.obj
 0001:00020870       _CM_NumAreas               00421870 f   cm_main.obj
 0001:00020880       _CM_AreaRowSize            00421880 f   cm_main.obj
 0001:000208a0       _CM_FloodAreaConnections   004218a0 f   cm_main.obj
 0001:00020a20       _CM_SetAreaPortalState     00421a20 f   cm_main.obj
 0001:00020b50       _CM_AreasConnected         00421b50 f   cm_main.obj
 0001:00020c00       _CM_WriteAreaBits          00421c00 f   cm_main.obj
 0001:00020d70       _CM_ReadAreaBits           00421d70 f   cm_main.obj
 0001:00020e70       _CM_WritePortalState       00421e70 f   cm_main.obj
 0001:00020f40       _CM_ReadPortalState        00421f40 f   cm_main.obj
 0001:00020fe0       _CM_HeadnodeVisible        00421fe0 f   cm_main.obj
 0001:00021090       _CM_MergePVS               00422090 f   cm_main.obj
 0001:00021330       _CM_MergeVisSets           00422330 f   cm_main.obj
 0001:000213e0       _CM_New                    004223e0 f   cm_main.obj
 0001:000214a0       _CM_Free                   004224a0 f   cm_main.obj
 0001:00021500       _CM_Init                   00422500 f   cm_main.obj
 0001:000215c0       _CM_Shutdown               004225c0 f   cm_main.obj
 0001:00021d80       _CM_LoadQ3BrushModel       00422d80 f   cm_q3bsp.obj
 0001:000250f0       _CM_InitBoxHull            004260f0 f   cm_trace.obj
 0001:00025270       _CM_InitOctagonHull        00426270 f   cm_trace.obj
 0001:00025540       _CM_ModelForBBox           00426540 f   cm_trace.obj
 0001:00025610       _CM_OctagonModelForBBox    00426610 f   cm_trace.obj
 0001:00025900       _CM_PointLeafnum           00426900 f   cm_trace.obj
 0001:000259e0       _CM_BoxLeafnums            004269e0 f   cm_trace.obj
 0001:00025c00       _CM_RoundUpToHullSize      00426c00 f   cm_trace.obj
 0001:00025c60       _CM_TransformedPointContents 00426c60 f   cm_trace.obj
 0001:00026140       _CM_TransformedBoxTrace    00427140 f   cm_trace.obj
 0001:00028930       _Cbuf_Init                 00429930 f   cmd.obj
 0001:000289d0       _Cbuf_Shutdown             004299d0 f   cmd.obj
 0001:00028a50       _Cbuf_FreeSpace            00429a50 f   cmd.obj
 0001:00028bc0       _Cbuf_EnsureSpace          00429bc0 f   cmd.obj
 0001:00028cc0       _Cbuf_AddText              00429cc0 f   cmd.obj
 0001:00028dd0       _Cbuf_InsertText           00429dd0 f   cmd.obj
 0001:00028ef0       _Cbuf_ExecuteText          00429ef0 f   cmd.obj
 0001:00028f60       _Cbuf_Execute              00429f60 f   cmd.obj
 0001:00029160       _Cbuf_AddEarlyCommands     0042a160 f   cmd.obj
 0001:00029300       _Cbuf_AddLateCommands      0042a300 f   cmd.obj
 0001:000294e0       _Cmd_WriteAliases          0042a4e0 f   cmd.obj
 0001:00029610       _Cmd_Argc                  0042a610 f   cmd.obj
 0001:00029620       _Cmd_Argv                  0042a620 f   cmd.obj
 0001:00029650       _Cmd_Args                  0042a650 f   cmd.obj
 0001:00029660       _Cmd_TokenizeString        0042a660 f   cmd.obj
 0001:00029880       _Cmd_AddCommand            0042a880 f   cmd.obj
 0001:00029a20       _Cmd_RemoveCommand         0042aa20 f   cmd.obj
 0001:00029b10       _Cmd_Exists                0042ab10 f   cmd.obj
 0001:00029bc0       _Cmd_SetCompletionFunc     0042abc0 f   cmd.obj
 0001:00029c70       _Cmd_CompleteCountPossible 0042ac70 f   cmd.obj
 0001:00029d30       _Cmd_CompleteBuildList     0042ad30 f   cmd.obj
 0001:00029e60       _Cmd_CompleteBuildArgList  0042ae60 f   cmd.obj
 0001:00029f20       _Cmd_CompleteAlias         0042af20 f   cmd.obj
 0001:00029ff0       _Cmd_CompleteAliasCountPossible 0042aff0 f   cmd.obj
 0001:0002a0c0       _Cmd_CompleteAliasBuildList 0042b0c0 f   cmd.obj
 0001:0002a1f0       _Cmd_CheckForCommand       0042b1f0 f   cmd.obj
 0001:0002a360       _Cmd_ExecuteString         0042b360 f   cmd.obj
 0001:0002a520       _Cmd_PreInit               0042b520 f   cmd.obj
 0001:0002a5e0       _Cmd_Init                  0042b5e0 f   cmd.obj
 0001:0002b310       _Cmd_Shutdown              0042c310 f   cmd.obj
 0001:0002c0b0       _Com_FindBSPFormat         0042d0b0 f   common.obj
 0001:0002c180       _Com_FindFormatDescriptor  0042d180 f   common.obj
 0001:0002c250       _Com_BeginRedirect         0042d250 f   common.obj
 0001:0002c2b0       _Com_EndRedirect           0042d2b0 f   common.obj
 0001:0002c320       _Com_Printf                0042d320 f   common.obj
 0001:0002c710       _Com_DPrintf               0042d710 f   common.obj
 0001:0002c7d0       _Com_Error                 0042d7d0 f   common.obj
 0001:0002c920       _Com_Quit                  0042d920 f   common.obj
 0001:0002c9b0       _Com_ServerState           0042d9b0 f   common.obj
 0001:0002c9c0       _Com_SetServerState        0042d9c0 f   common.obj
 0001:0002c9d0       _Com_ClientState           0042d9d0 f   common.obj
 0001:0002c9e0       _Com_SetClientState        0042d9e0 f   common.obj
 0001:0002c9f0       _Com_DemoPlaying           0042d9f0 f   common.obj
 0001:0002ca00       _Com_SetDemoPlaying        0042da00 f   common.obj
 0001:0002ca10       _Com_DaysSince1900         0042da10 f   common.obj
 0001:0002cac0       _Com_HashKey               0042dac0 f   common.obj
 0001:0002cb50       _Com_SuperFastHash         0042db50 f   common.obj
 0001:0002ccd0       _Com_SuperFastHash64BitInt 0042dcd0 f   common.obj
 0001:0002cde0       _Com_MD5Digest32           0042dde0 f   common.obj
 0001:0002ce00       _COM_CheckParm             0042de00 f   common.obj
 0001:0002ce60       _COM_Argc                  0042de60 f   common.obj
 0001:0002ce70       _COM_Argv                  0042de70 f   common.obj
 0001:0002ceb0       _COM_ClearArgv             0042deb0 f   common.obj
 0001:0002cef0       _COM_InitArgv              0042def0 f   common.obj
 0001:0002cf90       _COM_AddParm               0042df90 f   common.obj
 0001:0002cfe0       _Com_GlobMatch             0042dfe0 f   common.obj
 0001:0002d000       __ZoneCopyString           0042e000 f   common.obj
 0001:0002d070       _TempCopyString            0042e070 f   common.obj
 0001:0002d0e0       _Info_Print                0042e0e0 f   common.obj
 0001:0002d2d0       _Com_PageInMemory          0042e2d0 f   common.obj
 0001:0002d320       _Com_AddPakToPureList      0042e320 f   common.obj
 0001:0002d3e0       _Com_CountPureListFiles    0042e3e0 f   common.obj
 0001:0002d430       _Com_FindPakInPureList     0042e430 f   common.obj
 0001:0002d480       _Com_FreePureList          0042e480 f   common.obj
 0001:0002d4f0       _COM_CPUFeatures           0042e4f0 f   common.obj
 0001:0002d6c0       _Q_malloc                  0042e6c0 f   common.obj
 0001:0002d710       _Q_realloc                 0042e710 f   common.obj
 0001:0002d760       _Q_free                    0042e760 f   common.obj
 0001:0002d780       _Qcommon_InitCommands      0042e780 f   common.obj
 0001:0002d8e0       _Qcommon_ShutdownCommands  0042e8e0 f   common.obj
 0001:0002d950       _Qcommon_Init              0042e950 f   common.obj
 0001:0002dec0       _Qcommon_Frame             0042eec0 f   common.obj
 0001:0002e220       _Qcommon_Shutdown          0042f220 f   common.obj
 0001:0002eb80       _RB_InitShading            0042fb80 f   r_backend_program.obj
 0001:0002ee80       _RB_TransformFogPlanes     0042fe80 f   r_backend_program.obj
 0001:0002f120       _RB_VertexTCCellshadeMatrix 00430120 f   r_backend_program.obj
 0001:0002f240       _RB_ApplyTCMods            00430240 f   r_backend_program.obj
 0001:0002f7e0       _RB_GetShaderpassColor     004307e0 f   r_backend_program.obj
 0001:00030340       _RB_TcGenToProgramFeatures 00431340 f   r_backend_program.obj
 0001:00030490       _RB_RenderMeshGLSLProgrammed 00431490 f   r_backend_program.obj
 0001:00033010       _RB_BindShader             00434010 f   r_backend_program.obj
 0001:00033280       _RB_SetLightstyle          00434280 f   r_backend_program.obj
 0001:000332d0       _RB_SetDlightBits          004342d0 f   r_backend_program.obj
 0001:00033310       _RB_SetShadowBits          00434310 f   r_backend_program.obj
 0001:00033350       _RB_SetBonesData           00434350 f   r_backend_program.obj
 0001:000333d0       _RB_SetPortalSurface       004343d0 f   r_backend_program.obj
 0001:00033410       _RB_SetSkyboxShader        00434410 f   r_backend_program.obj
 0001:00033430       _RB_SetSkyboxSide          00434430 f   r_backend_program.obj
 0001:00033460       _RB_SetInstanceData        00434460 f   r_backend_program.obj
 0001:00033490       _RB_BindProgram            00434490 f   r_backend_program.obj
 0001:00033540       _RB_SetShaderStateMask     00434540 f   r_backend_program.obj
 0001:00033560       _RB_DrawOutlinedElements   00434560 f   r_backend_program.obj
 0001:000338f0       _RB_DrawShadedElements     004348f0 f   r_backend_program.obj
 0001:00034ed0       _R_AddPortalSurface        00435ed0 f   r_portals.obj
 0001:000355f0       _R_DrawPortals             004365f0 f   r_portals.obj
 0001:000364f0       _R_DrawSkyPortal           004374f0 f   r_portals.obj
 0001:00037090       _R_ClearScene              00438090 f   r_scene.obj
 0001:00037100       _R_AddEntityToScene        00438100 f   r_scene.obj
 0001:00037220       _R_AddLightToScene         00438220 f   r_scene.obj
 0001:00037390       _R_AddPolyToScene          00438390 f   r_scene.obj
 0001:00037590       _R_AddLightStyleToScene    00438590 f   r_scene.obj
 0001:00037660       _R_RenderScene             00438660 f   r_scene.obj
 0001:00037880       _R_AddDebugBounds          00438880 f   r_scene.obj
 0001:00038150       _R_TraceLine               00439150 f   r_trace.obj
 0001:00039340       _InitConProc               0043a340 f   conproc.obj
 0001:000395f0       _DeinitConProc             0043a5f0 f   conproc.obj
 0001:0003a130       _Con_Close                 0043b130 f   console.obj
 0001:0003a180       _Con_ToggleConsole_f       0043b180 f   console.obj
 0001:0003a1f0       _Con_Clear_f               0043b1f0 f   console.obj
 0001:0003a260       _Con_ClearNotify           0043b260 f   console.obj
 0001:0003a2a0       _Con_SetMessageModeCvar    0043b2a0 f   console.obj
 0001:0003a300       _Con_CheckResize           0043b300 f   console.obj
 0001:0003a350       _Con_ChangeFontSize        0043b350 f   console.obj
 0001:0003a370       _Con_Init                  0043b370 f   console.obj
 0001:0003a970       _Con_Shutdown              0043b970 f   console.obj
 0001:0003a9e0       _Con_Print                 0043b9e0 f   console.obj
 0001:0003ae00       _Con_PrintSilent           0043be00 f   console.obj
 0001:0003ae20       _Q_ColorCharCount          0043be20 f   console.obj
 0001:0003aef0       _Q_ColorCharOffset         0043bef0 f   console.obj
 0001:0003afc0       _Con_DrawNotify            0043bfc0 f   console.obj
 0001:0003b340       _Con_DrawConsole           0043c340 f   console.obj
 0001:0003b8c0       _Con_CharEvent             0043c8c0 f   console.obj
 0001:0003beb0       _Con_KeyDown               0043ceb0 f   console.obj
 0001:0003d330       _Con_MessageCharEvent      0043e330 f   console.obj
 0001:0003d610       _Con_MessageKeyDown        0043e610 f   console.obj
 0001:0003e7e0       _Cvar_Find                 0043f7e0 f   cvar.obj
 0001:0003e870       _Cvar_Value                0043f870 f   cvar.obj
 0001:0003e8d0       _Cvar_String               0043f8d0 f   cvar.obj
 0001:0003e920       _Cvar_Integer              0043f920 f   cvar.obj
 0001:0003e970       _Cvar_Get                  0043f970 f   cvar.obj
 0001:0003ee70       _Cvar_ForceSet             0043fe70 f   cvar.obj
 0001:0003f3a0       _Cvar_Set                  004403a0 f   cvar.obj
 0001:0003f3c0       _Cvar_FullSet              004403c0 f   cvar.obj
 0001:0003f440       _Cvar_SetValue             00440440 f   cvar.obj
 0001:0003f560       _Cvar_GetLatchedVars       00440560 f   cvar.obj
 0001:0003f820       _Cvar_FixCheatVars         00440820 f   cvar.obj
 0001:0003fa00       _Cvar_Command              00440a00 f   cvar.obj
 0001:0003fae0       _Cvar_WriteVariables       00440ae0 f   cvar.obj
 0001:0003fd90       _Cvar_Userinfo             00440d90 f   cvar.obj
 0001:0003ff10       _Cvar_Serverinfo           00440f10 f   cvar.obj
 0001:0003ff30       _Cvar_CompleteCountPossible 00440f30 f   cvar.obj
 0001:0003ffe0       _Cvar_CompleteBuildList    00440fe0 f   cvar.obj
 0001:000400f0       _Cvar_CompleteBuildListWithFlag 004410f0 f   cvar.obj
 0001:00040210       _Cvar_CompleteBuildListUser 00441210 f   cvar.obj
 0001:00040230       _Cvar_CompleteBuildListServer 00441230 f   cvar.obj
 0001:00040250       _Cvar_PreInit              00441250 f   cvar.obj
 0001:000402e0       _Cvar_Init                 004412e0 f   cvar.obj
 0001:00040b60       _Cvar_Shutdown             00441b60 f   cvar.obj
 0001:00041710       _Dynvar_PreInit            00442710 f   dynvar.obj
 0001:00041790       _Dynvar_Init               00442790 f   dynvar.obj
 0001:00041810       _Dynvar_Shutdown           00442810 f   dynvar.obj
 0001:00041960       _Dynvar_Create             00442960 f   dynvar.obj
 0001:00041a00       _Dynvar_Destroy            00442a00 f   dynvar.obj
 0001:00041b00       _Dynvar_Lookup             00442b00 f   dynvar.obj
 0001:00041ba0       _Dynvar_GetName            00442ba0 f   dynvar.obj
 0001:00041bd0       _Dynvar_GetValue           00442bd0 f   dynvar.obj
 0001:00041c40       _Dynvar_SetValue           00442c40 f   dynvar.obj
 0001:00041cf0       _Dynvar_CallListeners      00442cf0 f   dynvar.obj
 0001:00041e10       _Dynvar_AddListener        00442e10 f   dynvar.obj
 0001:00041f00       _Dynvar_RemoveListener     00442f00 f   dynvar.obj
 0001:00042020       _Dynvar_CompleteCountPossible 00443020 f   dynvar.obj
 0001:000420d0       _Dynvar_CompleteBuildList  004430d0 f   dynvar.obj
 0001:00042210       _Dynvar_CompleteDynvar     00443210 f   dynvar.obj
 0001:000422d0       _Dynvar_Command            004432d0 f   dynvar.obj
 0001:00042e20       _FS_PakNameForFile         00443e20 f   files.obj
 0001:00043240       _FS_GetExplicitPurePakList 00444240 f   files.obj
 0001:00043500       _FS_FirstExtension         00444500 f   files.obj
 0001:00043890       _FS_FOpenAbsoluteFile      00444890 f   files.obj
 0001:00043c10       _FS_IsUrl                  00444c10 f   files.obj
 0001:00043c40       _FS_FOpenFile              00444c40 f   files.obj
 0001:00044840       _FS_FOpenBaseFile          00445840 f   files.obj
 0001:00044870       _FS_FCloseFile             00445870 f   files.obj
 0001:00044a70       _FS_Read                   00445a70 f   files.obj
 0001:00044e50       _FS_Print                  00445e50 f   files.obj
 0001:00044ea0       _FS_Printf                 00445ea0 f   files.obj
 0001:00044f80       _FS_Write                  00445f80 f   files.obj
 0001:000450f0       _FS_Tell                   004460f0 f   files.obj
 0001:00045140       _FS_Seek                   00446140 f   files.obj
 0001:00045540       _FS_Eof                    00446540 f   files.obj
 0001:00045590       _FS_Flush                  00446590 f   files.obj
 0001:000455e0       _FS_LoadFileExt            004465e0 f   files.obj
 0001:00045700       _FS_LoadBaseFileExt        00446700 f   files.obj
 0001:00045820       _FS_FreeFile               00446820 f   files.obj
 0001:00045850       _FS_FreeBaseFile           00446850 f   files.obj
 0001:00045870       _FS_ChecksumAbsoluteFile   00446870 f   files.obj
 0001:00045a10       _FS_ChecksumBaseFile       00446a10 f   files.obj
 0001:00045b10       _FS_AddPurePak             00446b10 f   files.obj
 0001:00045b70       _FS_RemovePurePaks         00446b70 f   files.obj
 0001:00045bb0       _FS_IsPureFile             00446bb0 f   files.obj
 0001:00045c00       _FS_FileManifest           00446c00 f   files.obj
 0001:00045c50       _FS_RemoveAbsoluteFile     00446c50 f   files.obj
 0001:00045c90       _FS_RemoveBaseFile         00446c90 f   files.obj
 0001:00045d30       _FS_RemoveFile             00446d30 f   files.obj
 0001:00045d50       __FS_CopyFile              00446d50 f   files.obj
 0001:00045ed0       _FS_CopyFile               00446ed0 f   files.obj
 0001:00045ef0       _FS_CopyBaseFile           00446ef0 f   files.obj
 0001:00045f10       __FS_MoveFile              00446f10 f   files.obj
 0001:00046000       _FS_MoveFile               00447000 f   files.obj
 0001:00046020       _FS_MoveBaseFile           00447020 f   files.obj
 0001:00046040       _FS_FileMTime              00447040 f   files.obj
 0001:00046160       _FS_BaseFileMTime          00447160 f   files.obj
 0001:00046180       _FS_RemoveAbsoluteDirectory 00447180 f   files.obj
 0001:000461b0       _FS_RemoveBaseDirectory    004471b0 f   files.obj
 0001:000461f0       _FS_RemoveDirectory        004471f0 f   files.obj
 0001:00046240       _FS_IsPakValid             00447240 f   files.obj
 0001:00047280       _FS_CheckPakExtension      00448280 f   files.obj
 0001:00047320       _FS_GetFileListExt         00448320 f   files.obj
 0001:000480d0       _FS_GetFileList            004490d0 f   files.obj
 0001:00048110       _FS_GameDirectory          00449110 f   files.obj
 0001:00048160       _FS_BaseGameDirectory      00449160 f   files.obj
 0001:000481b0       _FS_WriteDirectory         004491b0 f   files.obj
 0001:000481c0       _FS_CreateAbsolutePath     004491c0 f   files.obj
 0001:00048220       _FS_AbsoluteNameForFile    00449220 f   files.obj
 0001:00048290       _FS_AbsoluteNameForBaseFile 00449290 f   files.obj
 0001:000482f0       _FS_BaseNameForFile        004492f0 f   files.obj
 0001:00048380       _FS_GetGameDirectoryList   00449380 f   files.obj
 0001:000485c0       _FS_SetGameDirectory       004495c0 f   files.obj
 0001:000492c0       _FS_GetNotifications       0044a2c0 f   files.obj
 0001:000492d0       _FS_RemoveNotifications    0044a2d0 f   files.obj
 0001:000492f0       _FS_Init                   0044a2f0 f   files.obj
 0001:00049bd0       _FS_Rescan                 0044abd0 f   files.obj
 0001:00049ca0       _FS_Frame                  0044aca0 f   files.obj
 0001:00049d40       _FS_Shutdown               0044ad40 f   files.obj
 0001:0004bb30       _FTLIB_LoadLibrary         0044cb30 f   ftlib.obj
 0001:0004c000       _FTLIB_UnloadLibrary       0044d000 f   ftlib.obj
 0001:0004c0b0       _FTLIB_RegisterFont        0044d0b0 f   ftlib.obj
 0001:0004c110       _FTLIB_TouchFont           0044d110 f   ftlib.obj
 0001:0004c150       _FTLIB_PrecacheFonts       0044d150 f   ftlib.obj
 0001:0004c190       _FTLIB_FreeFonts           0044d190 f   ftlib.obj
 0001:0004c1d0       _FTLIB_FontHeight          0044d1d0 f   ftlib.obj
 0001:0004c220       _FTLIB_StringWidth         0044d220 f   ftlib.obj
 0001:0004c280       _FTLIB_StrlenForWidth      0044d280 f   ftlib.obj
 0001:0004c2e0       _FTLIB_DrawRawChar         0044d2e0 f   ftlib.obj
 0001:0004c330       _FTLIB_DrawClampString     0044d330 f   ftlib.obj
 0001:0004c390       _FTLIB_DrawRawString       0044d390 f   ftlib.obj
 0001:0004c630       _glob_match                0044d630 f   glob.obj
 0001:0004cca0       _Irc_GetConnected_f        0044dca0 f   irc.obj
 0001:0004ccb0       _Irc_SetConnected_f        0044dcb0 f   irc.obj
 0001:0004ccd0       _Irc_Connect_f             0044dcd0 f   irc.obj
 0001:0004d6f0       _Irc_Disconnect_f          0044e6f0 f   irc.obj
 0001:0004d830       _Irc_IsConnected           0044e830 f   irc.obj
 0001:0004d8f0       _Irc_HistorySize           0044e8f0 f   irc.obj
 0001:0004d940       _Irc_HistoryTotalSize      0044e940 f   irc.obj
 0001:0004d990       _Irc_GetHistoryHeadNode    0044e990 f   irc.obj
 0001:0004d9e0       _Irc_GetNextHistoryNode    0044e9e0 f   irc.obj
 0001:0004da30       _Irc_GetPrevHistoryNode    0044ea30 f   irc.obj
 0001:0004da80       _Irc_GetHistoryNodeLine    0044ea80 f   irc.obj
 0001:0004de60       _Key_StringToKeynum        0044ee60 f   keys.obj
 0001:0004dee0       _Key_KeynumToString        0044eee0 f   keys.obj
 0001:0004df60       _Key_SetBinding            0044ef60 f   keys.obj
 0001:0004e030       _Key_WriteBindings         0044f030 f   keys.obj
 0001:0004e0e0       _Key_IsNonPrintable        0044f0e0 f   keys.obj
 0001:0004e1a0       _Key_Init                  0044f1a0 f   keys.obj
 0001:0004e7d0       _Key_Shutdown              0044f7d0 f   keys.obj
 0001:0004e820       _Key_CharEvent             0044f820 f   keys.obj
 0001:0004e8e0       _Key_MouseEvent            0044f8e0 f   keys.obj
 0001:0004e9b0       _Key_Event                 0044f9b0 f   keys.obj
 0001:0004ee40       _Key_ClearStates           0044fe40 f   keys.obj
 0001:0004eed0       _Key_GetBindingBuf         0044fed0 f   keys.obj
 0001:0004eee0       _Key_IsDown                0044fee0 f   keys.obj
 0001:0004ef10       _Key_DelegatePush          0044ff10 f   keys.obj
 0001:0004efa0       _Key_DelegatePop           0044ffa0 f   keys.obj
 0001:0004f530       _mumble_link               00450530 f   libmumblelink.obj
 0001:0004f610       _mumble_update_coordinates 00450610 f   libmumblelink.obj
 0001:0004f640       _mumble_update_coordinates2 00450640 f   libmumblelink.obj
 0001:0004f720       _mumble_set_identity       00450720 f   libmumblelink.obj
 0001:0004f7a0       _mumble_set_context        004507a0 f   libmumblelink.obj
 0001:0004f810       _mumble_set_description    00450810 f   libmumblelink.obj
 0001:0004f890       _mumble_unlink             00450890 f   libmumblelink.obj
 0001:0004f8f0       _mumble_islinked           004508f0 f   libmumblelink.obj
 0001:0004fa00       _Com_UnloadLibrary         00450a00 f   library.obj
 0001:0004fa50       _Com_LoadLibrary           00450a50 f   library.obj
 0001:0004fba0       _Com_UnloadGameLibrary     00450ba0 f   library.obj
 0001:0004fd70       _Com_LoadGameLibrary       00450d70 f   library.obj
 0001:000506e0       _md5_digest                004516e0 f   md5.obj
 0001:00050780       _md5_digest32              00451780 f   md5.obj
 0001:00050810       _md5_init                  00451810 f   md5.obj
 0001:00050850       _md5_append                00451850 f   md5.obj
 0001:00051810       _md5_finish                00452810 f   md5.obj
 0001:00051930       _md5_reduce                00452930 f   md5.obj
 0001:00051eb0       __Mem_AllocExt             00452eb0 f   mem.obj
 0001:00052160       __Mem_Alloc                00453160 f   mem.obj
 0001:00052190       __Mem_Realloc              00453190 f   mem.obj
 0001:00052270       __Mem_Free                 00453270 f   mem.obj
 0001:000524e0       __Mem_AllocPool            004534e0 f   mem.obj
 0001:00052640       __Mem_AllocTempPool        00453640 f   mem.obj
 0001:00052690       __Mem_FreePool             00453690 f   mem.obj
 0001:00052930       __Mem_EmptyPool            00453930 f   mem.obj
 0001:00052af0       _Mem_PoolTotalSize         00453af0 f   mem.obj
 0001:00052b20       __Mem_CheckSentinels       00453b20 f   mem.obj
 0001:00052c20       __Mem_CheckSentinelsGlobal 00453c20 f   mem.obj
 0001:00052dc0       _Memory_Init               00453dc0 f   mem.obj
 0001:00052e40       _Memory_InitCommands       00453e40 f   mem.obj
 0001:000535d0       _Memory_Shutdown           004545d0 f   mem.obj
 0001:000536d0       _Memory_ShutdownCommands   004546d0 f   mem.obj
 0001:00053d20       _ML_CompleteBuildList      00454d20 f   mlist.obj
 0001:00053e50       _ML_Init                   00454e50 f   mlist.obj
 0001:00054950       _ML_Shutdown               00455950 f   mlist.obj
 0001:00054a00       _ML_Restart                00455a00 f   mlist.obj
 0001:00054a30       _ML_Update                 00455a30 f   mlist.obj
 0001:00054bb0       _ML_GetFilenameExt         00455bb0 f   mlist.obj
 0001:00054cd0       _ML_GetFilename            00455cd0 f   mlist.obj
 0001:00054dc0       _ML_FilenameExists         00455dc0 f   mlist.obj
 0001:00054de0       _ML_GetFullname            00455de0 f   mlist.obj
 0001:00054fd0       _ML_ValidateFilename       00455fd0 f   mlist.obj
 0001:000550b0       _ML_ValidateFullname       004560b0 f   mlist.obj
 0001:000550f0       _ML_GetMapByNum            004560f0 f   mlist.obj
 0001:00055800       _MM_PasswordRead           00456800 f   mm_common.obj
 0001:00055970       _MM_PasswordWrite          00456970 f   mm_common.obj
 0001:00055a50       _MM_ParseResponse          00456a50 f   mm_common.obj
 0001:00055d60       _MM_FreeResponse           00456d60 f   mm_common.obj
 0001:00055db0       _MM_Frame                  00456db0 f   mm_common.obj
 0001:00055dc0       _MM_Init                   00456dc0 f   mm_common.obj
 0001:00055e00       _MM_Shutdown               00456e00 f   mm_common.obj
 0001:00055fa0       _StatQuery_CreateQuery     00456fa0 f   mm_query.obj
 0001:00056100       _StatQuery_DestroyQuery    00457100 f   mm_query.obj
 0001:000561d0       _StatQuery_SetCallback     004571d0 f   mm_query.obj
 0001:000561f0       _StatQuery_Prepare         004571f0 f   mm_query.obj
 0001:00056430       _StatQuery_Send            00457430 f   mm_query.obj
 0001:00056650       _StatQuery_SetField        00457650 f   mm_query.obj
 0001:00056740       _StatQuery_CreateSection   00457740 f   mm_query.obj
 0001:000567d0       _StatQuery_CreateArray     004577d0 f   mm_query.obj
 0001:00056860       _StatQuery_SetString       00457860 f   mm_query.obj
 0001:00056890       _StatQuery_SetNumber       00457890 f   mm_query.obj
 0001:000568c0       _StatQuery_SetArrayString  004578c0 f   mm_query.obj
 0001:00056900       _StatQuery_SetArrayNumber  00457900 f   mm_query.obj
 0001:00056950       _StatQuery_AddArrayString  00457950 f   mm_query.obj
 0001:00056990       _StatQuery_AddArrayNumber  00457990 f   mm_query.obj
 0001:000569d0       _StatQuery_GetRoot         004579d0 f   mm_query.obj
 0001:000569e0       _StatQuery_GetSection      004579e0 f   mm_query.obj
 0001:00056a00       _StatQuery_GetNumber       00457a00 f   mm_query.obj
 0001:00056b90       _StatQuery_GetString       00457b90 f   mm_query.obj
 0001:00056cd0       _StatQuery_GetArraySection 00457cd0 f   mm_query.obj
 0001:00056cf0       _StatQuery_GetArrayNumber  00457cf0 f   mm_query.obj
 0001:00056d30       _StatQuery_GetArrayString  00457d30 f   mm_query.obj
 0001:00056d70       _StatQuery_GetRawResponse  00457d70 f   mm_query.obj
 0001:00056da0       _StatQuery_GetTokenizedResponse 00457da0 f   mm_query.obj
 0001:00057050       _StatQuery_Poll            00458050 f   mm_query.obj
 0001:00057070       _SQ_JSON_Alloc             00458070 f   mm_query.obj
 0001:000570a0       _SQ_JSON_Free              004580a0 f   mm_query.obj
 0001:000570d0       _StatQuery_GetAPI          004580d0 f   mm_query.obj
 0001:000570e0       _StatQuery_Init            004580e0 f   mm_query.obj
 0001:000572a0       _StatQuery_Shutdown        004582a0 f   mm_query.obj
 0001:000577e0       _Rating_Find               004587e0 f   mm_rating.obj
 0001:00057830       _Rating_FindId             00458830 f   mm_rating.obj
 0001:00057870       _Rating_Detach             00458870 f   mm_rating.obj
 0001:00057910       _Rating_DetachId           00458910 f   mm_rating.obj
 0001:00057990       _Rating_GetProbabilitySingle 00458990 f   mm_rating.obj
 0001:00057a10       _Rating_GetProbability     00458a10 f   mm_rating.obj
 0001:00057a80       _Rating_AverageRating      00458a80 f   mm_rating.obj
 0001:00057be0       _MSG_Init                  00458be0 f   msg.obj
 0001:00057c30       _MSG_Clear                 00458c30 f   msg.obj
 0001:00057c50       _MSG_GetSpace              00458c50 f   msg.obj
 0001:00057cd0       _MSG_WriteData             00458cd0 f   msg.obj
 0001:00057cf0       _MSG_CopyData              00458cf0 f   msg.obj
 0001:00057d20       _MSG_WriteChar             00458d20 f   msg.obj
 0001:00057d60       _MSG_WriteByte             00458d60 f   msg.obj
 0001:00057da0       _MSG_WriteShort            00458da0 f   msg.obj
 0001:00057de0       _MSG_WriteInt3             00458de0 f   msg.obj
 0001:00057e40       _MSG_WriteLong             00458e40 f   msg.obj
 0001:00057e80       _MSG_WriteFloat            00458e80 f   msg.obj
 0001:00057ef0       _MSG_WriteDir              00458ef0 f   msg.obj
 0001:00057f40       _MSG_WriteString           00458f40 f   msg.obj
 0001:00057fd0       _MSG_BeginReading          00458fd0 f   msg.obj
 0001:00057fe0       _MSG_ReadChar              00458fe0 f   msg.obj
 0001:00058030       _MSG_ReadByte              00459030 f   msg.obj
 0001:00058080       _MSG_ReadShort             00459080 f   msg.obj
 0001:000580e0       _MSG_ReadInt3              004590e0 f   msg.obj
 0001:00058180       _MSG_ReadLong              00459180 f   msg.obj
 0001:000581e0       _MSG_ReadFloat             004591e0 f   msg.obj
 0001:00058260       _MSG_ReadDir               00459260 f   msg.obj
 0001:00058290       _MSG_ReadData              00459290 f   msg.obj
 0001:000582e0       _MSG_SkipData              004592e0 f   msg.obj
 0001:00058310       _MSG_ReadString            00459310 f   msg.obj
 0001:000583b0       _MSG_ReadStringLine        004593b0 f   msg.obj
 0001:000583d0       _MSG_WriteDeltaEntity      004593d0 f   msg.obj
 0001:00059140       _MSG_ReadEntityBits        0045a140 f   msg.obj
 0001:00059240       _MSG_ReadDeltaEntity       0045a240 f   msg.obj
 0001:00059830       _MSG_WriteDeltaUsercmd     0045a830 f   msg.obj
 0001:00059a20       _MSG_ReadDeltaUsercmd      0045aa20 f   msg.obj
 0001:0005a340       _NET_GetPacket             0045b340 f   net.obj
 0001:0005a870       _NET_Get                   0045b870 f   net.obj
 0001:0005a910       _NET_SendPacket            0045b910 f   net.obj
 0001:0005ade0       _NET_Send                  0045bde0 f   net.obj
 0001:0005ae90       _NET_AddressToString       0045be90 f   net.obj
 0001:0005b050       _NET_CompareBaseAddress    0045c050 f   net.obj
 0001:0005b190       _NET_GetAddressPort        0045c190 f   net.obj
 0001:0005b1f0       _NET_SetAddressPort        0045c1f0 f   net.obj
 0001:0005b250       _NET_CompareAddress        0045c250 f   net.obj
 0001:0005b3e0       _NET_InitAddress           0045c3e0 f   net.obj
 0001:0005b410       _NET_BroadcastAddress      0045c410 f   net.obj
 0001:0005b470       _NET_StringToAddress       0045c470 f   net.obj
 0001:0005b970       _NET_IsLocalAddress        0045c970 f   net.obj
 0001:0005b9f0       _NET_IsAnyAddress          0045c9f0 f   net.obj
 0001:0005ba70       _NET_IsLANAddress          0045ca70 f   net.obj
 0001:0005bb90       _NET_AsyncResolveHostname  0045cb90 f   net.obj
 0001:0005bbb0       _NET_ShowIP                0045cbb0 f   net.obj
 0001:0005bc30       _NET_ErrorString           0045cc30 f   net.obj
 0001:0005bc40       _NET_SetErrorString        0045cc40 f   net.obj
 0001:0005bd70       _NET_SetErrorStringFromLastError 0045cd70 f   net.obj
 0001:0005be50       _NET_SocketTypeToString    0045ce50 f   net.obj
 0001:0005be90       _NET_SocketToString        0045ce90 f   net.obj
 0001:0005bef0       _NET_OpenSocket            0045cef0 f   net.obj
 0001:0005c5d0       _NET_CloseSocket           0045d5d0 f   net.obj
 0001:0005c740       _NET_Sleep                 0045d740 f   net.obj
 0001:0005c980       _NET_Monitor               0045d980 f   net.obj
 0001:0005cdb0       _NET_Init                  0045ddb0 f   net.obj
 0001:0005d050       _NET_Shutdown              0045e050 f   net.obj
 0001:0005dc10       _Netchan_OutOfBand         0045ec10 f   net_chan.obj
 0001:0005dd00       _Netchan_OutOfBandPrint    0045ed00 f   net_chan.obj
 0001:0005dd70       _Netchan_Setup             0045ed70 f   net_chan.obj
 0001:0005ddd0       _Netchan_CompressMessage   0045edd0 f   net_chan.obj
 0001:0005df80       _Netchan_DecompressMessage 0045ef80 f   net_chan.obj
 0001:0005e140       _Netchan_TransmitNextFragment 0045f140 f   net_chan.obj
 0001:0005e4e0       _Netchan_PushAllFragments  0045f4e0 f   net_chan.obj
 0001:0005e520       _Netchan_Transmit          0045f520 f   net_chan.obj
 0001:0005e790       _Netchan_Process           0045f790 f   net_chan.obj
 0001:0005ec00       _Netchan_GamePort          0045fc00 f   net_chan.obj
 0001:0005ec10       _Netchan_Init              0045fc10 f   net_chan.obj
 0001:0005ec80       _Netchan_Shutdown          0045fc80 f   net_chan.obj
 0001:0005f0b0       _Patch_GetFlatness         004600b0 f   patch.obj
 0001:0005f6a0       _Patch_Evaluate_vec_t      004606a0 f   patch.obj
 0001:0005fcc0       _Patch_Evaluate_qbyte      00460cc0 f   patch.obj
 0001:00060920       _DirToByte                 00461920 f   q_math.obj
 0001:00060a70       _ByteToDir                 00461a70 f   q_math.obj
 0001:00060ae0       _ColorNormalize            00461ae0 f   q_math.obj
 0001:00060be0       _NormToLatLong             00461be0 f   q_math.obj
 0001:00060cd0       _MakeNormalVectors         00461cd0 f   q_math.obj
 0001:00060e00       _RotatePointAroundVector   00461e00 f   q_math.obj
 0001:00061070       _AngleVectors              00462070 f   q_math.obj
 0001:00061290       _VecToAngles               00462290 f   q_math.obj
 0001:00061420       _AnglesToAxis              00462420 f   q_math.obj
 0001:00061490       _NormalVectorToAxis        00462490 f   q_math.obj
 0001:000615c0       _BuildBoxPoints            004625c0 f   q_math.obj
 0001:00061760       _ProjectPointOntoPlane     00462760 f   q_math.obj
 0001:00061880       _PerpendicularVector       00462880 f   q_math.obj
 0001:000619a0       _ProjectPointOntoVector    004629a0 f   q_math.obj
 0001:00061ad0       _DistanceFromLineSquared   00462ad0 f   q_math.obj
 0001:00061cf0       _Q_RSqrt                   00462cf0 f   q_math.obj
 0001:00061d70       _Q_rand                    00462d70 f   q_math.obj
 0001:00061db0       _Q_bitcount                00462db0 f   q_math.obj
 0001:00061e10       _LerpAngle                 00462e10 f   q_math.obj
 0001:00061e70       _AngleSubtract             00462e70 f   q_math.obj
 0001:00061ed0       _AnglesSubtract            00462ed0 f   q_math.obj
 0001:00061f40       _AngleNormalize360         00462f40 f   q_math.obj
 0001:00061f90       _AngleNormalize180         00462f90 f   q_math.obj
 0001:00061fd0       _AngleDelta                00462fd0 f   q_math.obj
 0001:00062010       _anglemod                  00463010 f   q_math.obj
 0001:00062050       _CalcFov                   00463050 f   q_math.obj
 0001:00062100       _AdjustFov                 00463100 f   q_math.obj
 0001:00062250       _BoxOnPlaneSide            00463250 f   q_math.obj
 0001:000625d0       _SignbitsForPlane          004635d0 f   q_math.obj
 0001:00062640       _PlaneTypeForNormal        00463640 f   q_math.obj
 0001:000626a0       _CategorizePlane           004636a0 f   q_math.obj
 0001:000627c0       _PlaneFromPoints           004637c0 f   q_math.obj
 0001:00062910       _ComparePlanes             00463910 f   q_math.obj
 0001:000629c0       _SnapVector                004639c0 f   q_math.obj
 0001:00062aa0       _SnapPlane                 00463aa0 f   q_math.obj
 0001:00062b70       _ClearBounds               00463b70 f   q_math.obj
 0001:00062bc0       _BoundsIntersect           00463bc0 f   q_math.obj
 0001:00062c60       _BoundsAndSphereIntersect  00463c60 f   q_math.obj
 0001:00062d60       _AddPointToBounds          00463d60 f   q_math.obj
 0001:00062de0       _RadiusFromBounds          00463de0 f   q_math.obj
 0001:00062f10       _VectorNormalize           00463f10 f   q_math.obj
 0001:00062fc0       _VectorNormalize2          00463fc0 f   q_math.obj
 0001:00063080       _Vector4Normalize          00464080 f   q_math.obj
 0001:00063150       _VectorNormalizeFast       00464150 f   q_math.obj
 0001:000631e0       __VectorMA                 004641e0 f   q_math.obj
 0001:00063230       __DotProduct               00464230 f   q_math.obj
 0001:00063270       __VectorSubtract           00464270 f   q_math.obj
 0001:000632b0       __VectorAdd                004642b0 f   q_math.obj
 0001:000632f0       __VectorCopy               004642f0 f   q_math.obj
 0001:00063320       _Q_log2                    00464320 f   q_math.obj
 0001:00063350       _VectorReflect             00464350 f   q_math.obj
 0001:000633e0       _Matrix3_Identity          004643e0 f   q_math.obj
 0001:00063460       _Matrix3_Copy              00464460 f   q_math.obj
 0001:00063480       _Matrix3_Compare           00464480 f   q_math.obj
 0001:000634d0       _Matrix3_Multiply          004644d0 f   q_math.obj
 0001:00063670       _Matrix3_TransformVector   00464670 f   q_math.obj
 0001:00063700       _Matrix3_Transpose         00464700 f   q_math.obj
 0001:00063770       _Matrix3_FromAngles        00464770 f   q_math.obj
 0001:000637a0       _Matrix3_ToAngles          004647a0 f   q_math.obj
 0001:00063920       _Matrix3_Rotate            00464920 f   q_math.obj
 0001:00063aa0       _Matrix3_FromPoints        00464aa0 f   q_math.obj
 0001:00063ca0       _Matrix3_Normalize         00464ca0 f   q_math.obj
 0001:00063ce0       _Quat_Identity             00464ce0 f   q_math.obj
 0001:00063d10       _Quat_Copy                 00464d10 f   q_math.obj
 0001:00063d50       _Quat_Quat3                00464d50 f   q_math.obj
 0001:00063e20       _Quat_Compare              00464e20 f   q_math.obj
 0001:00063e80       _Quat_Conjugate            00464e80 f   q_math.obj
 0001:00063ec0       _Quat_DotProduct           00464ec0 f   q_math.obj
 0001:00063f10       _Quat_Normalize            00464f10 f   q_math.obj
 0001:00063fd0       _Quat_Inverse              00464fd0 f   q_math.obj
 0001:00064000       _Quat_FromMatrix3          00465000 f   q_math.obj
 0001:00064240       _Quat_Multiply             00465240 f   q_math.obj
 0001:00064330       _Quat_Lerp                 00465330 f   q_math.obj
 0001:00064550       _Quat_Vectors              00465550 f   q_math.obj
 0001:00064680       _Quat_ToMatrix3            00465680 f   q_math.obj
 0001:000646b0       _Quat_TransformVector      004656b0 f   q_math.obj
 0001:00064800       _Quat_ConcatTransforms     00465800 f   q_math.obj
 0001:00064870       _DualQuat_Identity         00465870 f   q_math.obj
 0001:000648c0       _DualQuat_Copy             004658c0 f   q_math.obj
 0001:00064900       _DualQuat_FromAnglesAndVector 00465900 f   q_math.obj
 0001:00064990       _DualQuat_FromMatrix3AndVector 00465990 f   q_math.obj
 0001:00064aa0       _DualQuat_FromQuatAndVector 00465aa0 f   q_math.obj
 0001:00064ad0       _DualQuat_FromQuat3AndVector 00465ad0 f   q_math.obj
 0001:00064b00       _DualQuat_GetVector        00465b00 f   q_math.obj
 0001:00064c60       _DualQuat_ToQuatAndVector  00465c60 f   q_math.obj
 0001:00064c90       _DualQuat_ToMatrix3AndVector 00465c90 f   q_math.obj
 0001:00064cc0       _DualQuat_Invert           00465cc0 f   q_math.obj
 0001:00064d90       _DualQuat_Normalize        00465d90 f   q_math.obj
 0001:00064eb0       _DualQuat_Multiply         00465eb0 f   q_math.obj
 0001:00064fa0       _DualQuat_Lerp             00465fa0 f   q_math.obj
 0001:00064ff0       _LogisticCDF               00465ff0 f   q_math.obj
 0001:00065030       _LogisticPDF               00466030 f   q_math.obj
 0001:00065090       _NormalCDF                 00466090 f   q_math.obj
 0001:000652a0       _NormalPDF                 004662a0 f   q_math.obj
 0001:00066580       _COM_SanitizeFilePath      00467580 f   q_shared.obj
 0001:000665f0       _COM_ValidateFilename      004675f0 f   q_shared.obj
 0001:00066650       _COM_ValidateRelativeFilename 00467650 f   q_shared.obj
 0001:000666c0       _COM_StripExtension        004676c0 f   q_shared.obj
 0001:00066740       _COM_FileExtension         00467740 f   q_shared.obj
 0001:000667d0       _COM_DefaultExtension      004677d0 f   q_shared.obj
 0001:000668c0       _COM_ReplaceExtension      004678c0 f   q_shared.obj
 0001:00066970       _COM_FileBase              00467970 f   q_shared.obj
 0001:000669b0       _COM_StripFilename         004679b0 f   q_shared.obj
 0001:000669f0       _COM_FilePathLength        004679f0 f   q_shared.obj
 0001:00066a30       _ShortSwap                 00467a30 f   q_shared.obj
 0001:00066a70       _LongSwap                  00467a70 f   q_shared.obj
 0001:00066ae0       _FloatSwap                 00467ae0 f   q_shared.obj
 0001:00066b60       _Swap_Init                 00467b60 f   q_shared.obj
 0001:00066b70       _tv                        00467b70 f   q_shared.obj
 0001:00066bc0       _vtos                      00467bc0 f   q_shared.obj
 0001:00066c40       _va                        00467c40 f   q_shared.obj
 0001:00066cb0       _COM_Compress              00467cb0 f   q_shared.obj
 0001:00066ec0       _COM_ParseExt2             00467ec0 f   q_shared.obj
 0001:00067140       _Q_GrabCharFromColorString 00468140 f   q_shared.obj
 0001:00067240       _Q_GrabWCharFromColorString 00468240 f   q_shared.obj
 0001:00067350       _COM_RemoveColorTokensExt  00468350 f   q_shared.obj
 0001:00067490       _COM_SanitizeColorString   00468490 f   q_shared.obj
 0001:00067670       _Q_ColorStringTerminator   00468670 f   q_shared.obj
 0001:000677f0       _COM_RemoveJunkChars       004687f0 f   q_shared.obj
 0001:00067960       _COM_ReadColorRGBString    00468960 f   q_shared.obj
 0001:000679c0       _COM_ValidatePlayerColor   004689c0 f   q_shared.obj
 0001:00067a90       _Q_memset32                00468a90 f   q_shared.obj
 0001:00067ad0       _Q_strncpyz                00468ad0 f   q_shared.obj
 0001:00067b30       _Q_strncatz                00468b30 f   q_shared.obj
 0001:00067bd0       _Q_vsnprintfz              00468bd0 f   q_shared.obj
 0001:00067c50       _Q_snprintfz               00468c50 f   q_shared.obj
 0001:00067c90       _Q_strupr                  00468c90 f   q_shared.obj
 0001:00067cf0       _Q_strlwr                  00468cf0 f   q_shared.obj
 0001:00067d50       _Q_strlocate               00468d50 f   q_shared.obj
 0001:00067e00       _Q_strcount                00468e00 f   q_shared.obj
 0001:00067e90       _Q_strrstr                 00468e90 f   q_shared.obj
 0001:00067ef0       _Q_trim                    00468ef0 f   q_shared.obj
 0001:00067fe0       _Q_WCharToUtf8             00468fe0 f   q_shared.obj
 0001:000680e0       _Q_Utf8SyncPos             004690e0 f   q_shared.obj
 0001:00068150       _Q_GrabWCharFromUtf8String 00469150 f   q_shared.obj
 0001:00068310       _Q_isdigit                 00469310 f   q_shared.obj
 0001:00068360       _Q_chrreplace              00469360 f   q_shared.obj
 0001:000683b0       _COM_ValidateConfigstring  004693b0 f   q_shared.obj
 0001:00068450       _Info_Validate             00469450 f   q_shared.obj
 0001:000685e0       _Info_ValueForKey          004695e0 f   q_shared.obj
 0001:00068970       _Info_RemoveKey            00469970 f   q_shared.obj
 0001:00068ab0       _Info_SetValueForKey       00469ab0 f   q_shared.obj
 0001:00068cf0       _Q_GainForAttenuation      00469cf0 f   q_shared.obj
 0001:00068f40       _BlockAllocator            00469f40 f   q_shared.obj
 0001:00068fe0       _BA_Alloc                  00469fe0 f   q_shared.obj
 0001:00069100       _BlockAllocator_Free       0046a100 f   q_shared.obj
 0001:00069190       _LinearAllocator           0046a190 f   q_shared.obj
 0001:00069260       _LA_Alloc                  0046a260 f   q_shared.obj
 0001:00069360       _LA_Pointer                0046a360 f   q_shared.obj
 0001:000693a0       _LA_Size                   0046a3a0 f   q_shared.obj
 0001:000693b0       _LinearAllocator_Free      0046a3b0 f   q_shared.obj
 0001:00069f80       _Mod_LoadAliasMD3Model     0046af80 f   r_alias.obj
 0001:0006aeb0       _R_AliasModelLerpTag       0046beb0 f   r_alias.obj
 0001:0006b090       _R_DrawAliasSurf           0046c090 f   r_alias.obj
 0001:0006b960       _R_AliasModelBBox          0046c960 f   r_alias.obj
 0001:0006bcf0       _R_AliasModelFrameBounds   0046ccf0 f   r_alias.obj
 0001:0006bdd0       _R_AddAliasModelToDrawList 0046cdd0 f   r_alias.obj
 0001:0006c910       _RB_Init                   0046d910 f   r_backend.obj
 0001:0006c970       _RB_Shutdown               0046d970 f   r_backend.obj
 0001:0006c9a0       _RB_BeginRegistration      0046d9a0 f   r_backend.obj
 0001:0006c9c0       _RB_EndRegistration        0046d9c0 f   r_backend.obj
 0001:0006c9d0       _RB_SetTime                0046d9d0 f   r_backend.obj
 0001:0006c9f0       _RB_BeginFrame             0046d9f0 f   r_backend.obj
 0001:0006ca70       _RB_EndFrame               0046da70 f   r_backend.obj
 0001:0006ca80       _RB_StatsMessage           0046da80 f   r_backend.obj
 0001:0006ccd0       _RB_SelectTextureUnit      0046dcd0 f   r_backend.obj
 0001:0006cd30       _RB_BindTexture            0046dd30 f   r_backend.obj
 0001:0006ce10       _RB_AllocTextureNum        0046de10 f   r_backend.obj
 0001:0006ce40       _RB_FreeTextureNum         0046de40 f   r_backend.obj
 0001:0006cea0       _RB_DepthRange             0046dea0 f   r_backend.obj
 0001:0006cf80       _RB_LoadObjectMatrix       0046df80 f   r_backend.obj
 0001:0006cfa0       _RB_LoadModelviewMatrix    0046dfa0 f   r_backend.obj
 0001:0006cfc0       _RB_LoadProjectionMatrix   0046dfc0 f   r_backend.obj
 0001:0006cfe0       _RB_Cull                   0046dfe0 f   r_backend.obj
 0001:0006d060       _RB_PolygonOffset          0046e060 f   r_backend.obj
 0001:0006d0d0       _RB_SetState               0046e0d0 f   r_backend.obj
 0001:0006d560       _RB_FrontFace              0046e560 f   r_backend.obj
 0001:0006d5a0       _RB_FlipFrontFace          0046e5a0 f   r_backend.obj
 0001:0006d5d0       _RB_BindArrayBuffer        0046e5d0 f   r_backend.obj
 0001:0006d610       _RB_BindElementArrayBuffer 0046e610 f   r_backend.obj
 0001:0006d650       _RB_Scissor                0046e650 f   r_backend.obj
 0001:0006d6b0       _RB_GetScissorRegion       0046e6b0 f   r_backend.obj
 0001:0006d700       _RB_Viewport               0046e700 f   r_backend.obj
 0001:0006d740       _RB_Clear                  0046e740 f   r_backend.obj
 0001:0006daf0       _RB_BindVBO                0046eaf0 f   r_backend.obj
 0001:0006dbe0       _RB_UploadMesh             0046ebe0 f   r_backend.obj
 0001:0006de50       _RB_MapBatchMesh           0046ee50 f   r_backend.obj
 0001:0006df20       _RB_BeginBatch             0046ef20 f   r_backend.obj
 0001:0006df70       _RB_BatchMesh              0046ef70 f   r_backend.obj
 0001:0006e400       _RB_EndBatch               0046f400 f   r_backend.obj
 0001:0006e4f0       _RB_DrawElementsReal       0046f4f0 f   r_backend.obj
 0001:0006e770       _RB_GetVertexAttribs       0046f770 f   r_backend.obj
 0001:0006e780       _RB_DrawElements           0046f780 f   r_backend.obj
 0001:0006eda0       _RB_DrawElementsInstanced  0046fda0 f   r_backend.obj
 0001:0006ef30       _RB_EnableTriangleOutlines 0046ff30 f   r_backend.obj
 0001:0006f980       _R_CinList_f               00470980 f   r_cin.obj
 0001:0006faa0       _R_InitCinematics          00470aa0 f   r_cin.obj
 0001:0006fb90       _R_RunAllCinematics        00470b90 f   r_cin.obj
 0001:0006fcb0       _R_UploadCinematic         00470cb0 f   r_cin.obj
 0001:0006fdd0       _R_StartCinematic          00470dd0 f   r_cin.obj
 0001:00070080       _R_TouchCinematic          00471080 f   r_cin.obj
 0001:000700e0       _R_FreeUnusedCinematics    004710e0 f   r_cin.obj
 0001:00070150       _R_FreeCinematic           00471150 f   r_cin.obj
 0001:00070270       _R_ShutdownCinematics      00471270 f   r_cin.obj
 0001:00070560       _R_SetupFrustum            00471560 f   r_cull.obj
 0001:000709d0       _R_CullBox                 004719d0 f   r_cull.obj
 0001:00070cd0       _R_CullSphere              00471cd0 f   r_cull.obj
 0001:00070d90       _R_VisCullBox              00471d90 f   r_cull.obj
 0001:00071000       _R_VisCullSphere           00472000 f   r_cull.obj
 0001:000711f0       _R_CullModelEntity         004721f0 f   r_cull.obj
 0001:00071340       _R_CullSprite              00472340 f   r_cull.obj
 0001:00071760       _R_InitFBObjects           00472760 f   r_framebuffer.obj
 0001:000717d0       _R_RegisterFBObject        004727d0 f   r_framebuffer.obj
 0001:000718f0       _R_TouchFBObject           004728f0 f   r_framebuffer.obj
 0001:00071950       _R_ActiveFBObject          00472950 f   r_framebuffer.obj
 0001:00071960       _R_UseFBObject             00472960 f   r_framebuffer.obj
 0001:00071a20       _R_AttachTextureToFBOject  00472a20 f   r_framebuffer.obj
 0001:00071c80       _R_CheckFBObjectStatus     00472c80 f   r_framebuffer.obj
 0001:00071d10       _R_FreeUnusedFBObjects     00472d10 f   r_framebuffer.obj
 0001:00071e40       _R_ShutdownFBObjects       00472e40 f   r_framebuffer.obj
 0001:000720d0       _R_TextureMode             004730d0 f   r_image.obj
 0001:00072260       _R_AnisotropicFilter       00473260 f   r_image.obj
 0001:00072380       _R_ImageList_f             00473380 f   r_image.obj
 0001:00072570       _R_FreeImageBuffers        00473570 f   r_image.obj
 0001:000725f0       _q_jpeg_mem_src            004735f0 f   r_image.obj
 0001:000726e0       _R_LoadImage               004736e0 f   r_image.obj
 0001:00073890       _R_ReplaceImage            00474890 f   r_image.obj
 0001:00073990       _R_FindImage               00474990 f   r_image.obj
 0001:000763c0       _R_ScreenShot_f            004773c0 f   r_image.obj
 0001:00076f40       _R_EnvShot_f               00477f40 f   r_image.obj
 0001:000774b0       _R_BeginAviDemo            004784b0 f   r_image.obj
 0001:00077520       _R_WriteAviFrame           00478520 f   r_image.obj
 0001:00077710       _R_StopAviDemo             00478710 f   r_image.obj
 0001:00077750       _R_GetPortalTextureId      00478750 f   r_image.obj
 0001:000779c0       _R_GetPortalTexture        004789c0 f   r_image.obj
 0001:00077c40       _R_GetShadowmapTexture     00478c40 f   r_image.obj
 0001:00077cf0       _R_InitImages              00478cf0 f   r_image.obj
 0001:00078810       _R_TouchImage              00479810 f   r_image.obj
 0001:00078850       _R_FreeUnusedImages        00479850 f   r_image.obj
 0001:00078a70       _R_ShutdownImages          00479a70 f   r_image.obj
 0001:0007a710       _R_InitCoronas             0047b710 f   r_light.obj
 0001:0007a770       _R_BeginCoronaSurf         0047b770 f   r_light.obj
 0001:0007a790       _R_BatchCoronaSurf         0047b790 f   r_light.obj
 0001:0007add0       _R_DrawCoronas             0047bdd0 f   r_light.obj
 0001:0007afa0       _R_ShutdownCoronas         0047bfa0 f   r_light.obj
 0001:0007afb0       _R_LightForOrigin          0047bfb0 f   r_light.obj
 0001:0007bea0       _R_BuildLightmaps          0047cea0 f   r_light.obj
 0001:0007ca70       _R_TouchLightmapImages     0047da70 f   r_light.obj
 0001:0007cb00       _R_InitLightStyles         0047db00 f   r_light.obj
 0001:0007cbd0       _R_AddSuperLightStyle      0047dbd0 f   r_light.obj
 0001:0007ce20       _R_SortSuperLightStyles    0047de20 f   r_light.obj
 0001:0007d9d0       _R_TransformBounds         0047e9d0 f   r_main.obj
 0001:0007db40       _R_ScissorForBounds        0047eb40 f   r_main.obj
 0001:0007e090       _R_ScissorForEntity        0047f090 f   r_main.obj
 0001:0007e140       _R_TransformForWorld       0047f140 f   r_main.obj
 0001:0007e190       _R_TransformForEntity      0047f190 f   r_main.obj
 0001:0007e410       _R_LerpTag                 0047f410 f   r_main.obj
 0001:0007e490       _R_FogForBounds            0047f490 f   r_main.obj
 0001:0007e5b0       _R_FogForSphere            0047f5b0 f   r_main.obj
 0001:0007e680       _R_CompletelyFogged        0047f680 f   r_main.obj
 0001:0007e720       _R_LODForSphere            0047f720 f   r_main.obj
 0001:0007e860       _R_InitCustomColors        0047f860 f   r_main.obj
 0001:0007e880       _R_SetCustomColor          0047f880 f   r_main.obj
 0001:0007e8d0       _R_GetCustomColor          0047f8d0 f   r_main.obj
 0001:0007e8f0       _R_ShutdownCustomColors    0047f8f0 f   r_main.obj
 0001:0007e910       _R_BeginSpriteSurf         0047f910 f   r_main.obj
 0001:0007e930       _R_BatchSpriteSurf         0047f930 f   r_main.obj
 0001:0007ed70       _R_InitNullModelVBO        0047fd70 f   r_main.obj
 0001:0007f140       _R_DrawNullSurf            00480140 f   r_main.obj
 0001:0007f1a0       _R_BeginStretchBatch       004801a0 f   r_main.obj
 0001:0007f2e0       _R_EndStretchBatch         004802e0 f   r_main.obj
 0001:0007f380       _R_Set2DMode               00480380 f   r_main.obj
 0001:0007f490       _R_DrawRotatedStretchPic   00480490 f   r_main.obj
 0001:0007f8b0       _R_DrawStretchPic          004808b0 f   r_main.obj
 0001:0007f900       _R_DrawStretchRaw          00480900 f   r_main.obj
 0001:0007f970       _R_SetScissorRegion        00480970 f   r_main.obj
 0001:0007f9d0       _R_GetScissorRegion        004809d0 f   r_main.obj
 0001:0007fa00       _R_DefaultFarClip          00480a00 f   r_main.obj
 0001:0007fab0       _R_RenderView              00480ab0 f   r_main.obj
 0001:00080ae0       _R_BeginFrame              00481ae0 f   r_main.obj
 0001:00081200       _R_EndFrame                00482200 f   r_main.obj
 0001:000812b0       _R_ClearStats              004822b0 f   r_main.obj
 0001:00081300       _R_SpeedsMessage           00482300 f   r_main.obj
 0001:00081640       _R_TransformVectorToScreen 00482640 f   r_main.obj
 0001:000818d0       _R_LatLongToNorm           004828d0 f   r_main.obj
 0001:00082950       _Matrix4_Identity          00483950 f   r_math.obj
 0001:000829e0       _Matrix4_Copy              004839e0 f   r_math.obj
 0001:00082a00       _Matrix4_Compare           00483a00 f   r_math.obj
 0001:00082a50       _Matrix4_Multiply          00483a50 f   r_math.obj
 0001:00082e10       _Matrix4_MultiplyFast      00483e10 f   r_math.obj
 0001:00083070       _Matrix4_Invert            00484070 f   r_math.obj
 0001:00083640       _Matrix4_FromQuaternion    00484640 f   r_math.obj
 0001:00083740       _Matrix4_FromDualQuaternion 00484740 f   r_math.obj
 0001:00083850       _Matrix4_Rotate            00484850 f   r_math.obj
 0001:00083a70       _Matrix4_Translate         00484a70 f   r_math.obj
 0001:00083b20       _Matrix4_Scale             00484b20 f   r_math.obj
 0001:00083be0       _Matrix4_Transpose         00484be0 f   r_math.obj
 0001:00083cb0       _Matrix4_Matrix            00484cb0 f   r_math.obj
 0001:00083d20       _Matrix4_Multiply_Vector   00484d20 f   r_math.obj
 0001:00083e10       _Matrix4_Copy2D            00484e10 f   r_math.obj
 0001:00083e60       _Matrix4_Multiply2D        00484e60 f   r_math.obj
 0001:00083f30       _Matrix4_Scale2D           00484f30 f   r_math.obj
 0001:00083f70       _Matrix4_Translate2D       00484f70 f   r_math.obj
 0001:00083fa0       _Matrix4_Stretch2D         00484fa0 f   r_math.obj
 0001:00084010       _Matrix4_OrthogonalProjection 00485010 f   r_math.obj
 0001:000840e0       _Matrix4_InfiniteOrthogonalProjection 004850e0 f   r_math.obj
 0001:000841a0       _Matrix4_PerspectiveProjection 004851a0 f   r_math.obj
 0001:00084290       _Matrix4_InfinitePerspectiveProjection 00485290 f   r_math.obj
 0001:00084390       _Matrix4_Modelview         00485390 f   r_math.obj
 0001:000845d0       _Matrix4_ObliqueNearClipping 004855d0 f   r_math.obj
 0001:00085070       _R_InitDrawList            00486070 f   r_mesh.obj
 0001:00085090       _R_InitDrawLists           00486090 f   r_mesh.obj
 0001:000850d0       _R_ClearDrawList           004860d0 f   r_mesh.obj
 0001:00085120       _R_AddDSurfToDrawList      00486120 f   r_mesh.obj
 0001:00085430       _R_SortDrawList            00486430 f   r_mesh.obj
 0001:000854e0       _R_AddVBOSlice             004864e0 f   r_mesh.obj
 0001:00085730       _R_GetVBOSlice             00486730 f   r_mesh.obj
 0001:00085790       _R_DrawSurfaces            00486790 f   r_mesh.obj
 0001:00085c40       _R_DrawOutlinedSurfaces    00486c40 f   r_mesh.obj
 0001:00085c90       _R_CopyOffsetElements      00486c90 f   r_mesh.obj
 0001:00085ce0       _R_CopyOffsetTriangles     00486ce0 f   r_mesh.obj
 0001:00085d60       _R_BuildQuadElements       00486d60 f   r_mesh.obj
 0001:00085de0       _R_BuildTrifanElements     00486de0 f   r_mesh.obj
 0001:00085e40       _R_BuildTangentVectors     00486e40 f   r_mesh.obj
 0001:00086a00       _Mod_PointInLeaf           00487a00 f   r_model.obj
 0001:00086b00       _Mod_ClusterPVS            00487b00 f   r_model.obj
 0001:00086b60       _Mod_CreateVertexBufferObjects 00487b60 f   r_model.obj
 0001:00087520       _Mod_Modellist_f           00488520 f   r_model.obj
 0001:000875f0       _R_InitModels              004885f0 f   r_model.obj
 0001:00087680       _R_FreeUnusedModels        00488680 f   r_model.obj
 0001:00087770       _R_ShutdownModels          00488770 f   r_model.obj
 0001:00087830       _Mod_StripLODSuffix        00488830 f   r_model.obj
 0001:000878a0       _Mod_Handle                004888a0 f   r_model.obj
 0001:000878c0       _Mod_ForHandle             004888c0 f   r_model.obj
 0001:000878d0       _Mod_ForName               004888d0 f   r_model.obj
 0001:00088d80       _R_RegisterWorldModel      00489d80 f   r_model.obj
 0001:00088f90       _R_RegisterModel           00489f90 f   r_model.obj
 0001:00088fd0       _R_ModelBounds             00489fd0 f   r_model.obj
 0001:00089090       _R_ModelFrameBounds        0048a090 f   r_model.obj
 0001:00089ac0       _R_BeginPolySurf           0048aac0 f   r_poly.obj
 0001:00089ae0       _R_BatchPolySurf           0048aae0 f   r_poly.obj
 0001:00089b90       _R_DrawPolys               0048ab90 f   r_poly.obj
 0001:00089c70       _R_DrawStretchPoly         0048ac70 f   r_poly.obj
 0001:00089d40       _R_SurfPotentiallyFragmented 0048ad40 f   r_poly.obj
 0001:00089d90       _R_GetClippedFragments     0048ad90 f   r_poly.obj
 0001:0008b580       _RP_Init                   0048c580 f   r_program.obj
 0001:0008b6f0       _RP_RegisterProgram        0048c6f0 f   r_program.obj
 0001:0008cb80       _RP_GetProgramObject       0048db80 f   r_program.obj
 0001:0008cba0       _RP_ProgramList_f          0048dba0 f   r_program.obj
 0001:0008cd10       _RP_ProgramDump_f          0048dd10 f   r_program.obj
 0001:0008d000       _RP_UpdateCommonUniforms   0048e000 f   r_program.obj
 0001:0008d4c0       _RP_UpdateDiffuseLightUniforms 0048e4c0 f   r_program.obj
 0001:0008d5c0       _RP_UpdateMaterialUniforms 0048e5c0 f   r_program.obj
 0001:0008d660       _RP_UpdateDistortionUniforms 0048e660 f   r_program.obj
 0001:0008d750       _RP_UpdateOutlineUniforms  0048e750 f   r_program.obj
 0001:0008d800       _RP_UpdateFogUniforms      0048e800 f   r_program.obj
 0001:0008da00       _RP_UpdateDynamicLightsUniforms 0048ea00 f   r_program.obj
 0001:0008dde0       _RP_UpdateTexGenUniforms   0048ede0 f   r_program.obj
 0001:0008de70       _RP_UpdateShadowsUniforms  0048ee70 f   r_program.obj
 0001:0008e080       _RP_UpdateBonesUniforms    0048f080 f   r_program.obj
 0001:0008e100       _RP_UpdateInstancesUniforms 0048f100 f   r_program.obj
 0001:0008e180       _RP_UpdateDrawFlatUniforms 0048f180 f   r_program.obj
 0001:0008f0a0       _RP_Shutdown               004900a0 f   r_program.obj
 0001:00090030       _Mod_LoadQ3BrushModel      00491030 f   r_q3bsp.obj
 0001:000966c0       _R_Register                004976c0 f   r_register.obj
 0001:00097570       _R_Init                    00498570 f   r_register.obj
 0001:00098190       _R_SetMode                 00499190 f   r_register.obj
 0001:00098270       _R_BeginRegistration       00499270 f   r_register.obj
 0001:000982d0       _R_EndRegistration         004992d0 f   r_register.obj
 0001:00098330       _R_Shutdown                00499330 f   r_register.obj
 0001:0009c850       _R_ShaderList_f            0049d850 f   r_shader.obj
 0001:0009c900       _R_ShaderDump_f            0049d900 f   r_shader.obj
[...]
 0004:000005f8       __imp__GetDeviceGammaRamp@8 00cc35f8     gdi32:GDI32.dll
 0004:000005fc       __imp__ChoosePixelFormat@8 00cc35fc     gdi32:GDI32.dll
 0004:00000600       __imp__SetPixelFormat@12   00cc3600     gdi32:GDI32.dll
 0004:00000604       __imp__DescribePixelFormat@16 00cc3604     gdi32:GDI32.dll
 0004:00000608       __imp__GetStockObject@4    00cc3608     gdi32:GDI32.dll
 0004:0000060c       __imp__GetDeviceCaps@8     00cc360c     gdi32:GDI32.dll
 0004:00000610       __imp__SetDeviceGammaRamp@8 00cc3610     gdi32:GDI32.dll
 0004:00000614       \177GDI32_NULL_THUNK_DATA  00cc3614     gdi32:GDI32.dll
 0004:00000644       __imp__GetUserDefaultLCID@0 00cc3644     kernel32:KERNEL32.dll
 0004:00000648       __imp__EnumSystemLocalesA@8 00cc3648     kernel32:KERNEL32.dll
 0004:0000064c       __imp__IsValidLocale@8     00cc364c     kernel32:KERNEL32.dll
 0004:00000650       __imp__GetLocaleInfoA@16   00cc3650     kernel32:KERNEL32.dll
 0004:00000654       __imp__GetStringTypeW@16   00cc3654     kernel32:KERNEL32.dll
 0004:00000658       __imp__OutputDebugStringW@4 00cc3658     kernel32:KERNEL32.dll
 0004:0000065c       __imp__OutputDebugStringA@4 00cc365c     kernel32:KERNEL32.dll
 0004:00000660       __imp__SetStdHandle@8      00cc3660     kernel32:KERNEL32.dll
 0004:00000664       __imp__GetFullPathNameA@16 00cc3664     kernel32:KERNEL32.dll
 0004:00000668       __imp__SetCurrentDirectoryW@4 00cc3668     kernel32:KERNEL32.dll
 0004:0000066c       __imp__GetCurrentDirectoryW@8 00cc366c     kernel32:KERNEL32.dll
 0004:00000670       __imp__HeapDestroy@4       00cc3670     kernel32:KERNEL32.dll
 0004:00000674       __imp__HeapCreate@12       00cc3674     kernel32:KERNEL32.dll
 0004:00000678       __imp__GetEnvironmentStringsW@0 00cc3678     kernel32:KERNEL32.dll
 0004:0000067c       __imp__FreeEnvironmentStringsW@4 00cc367c     kernel32:KERNEL32.dll
 0004:00000680       __imp__GetModuleFileNameA@12 00cc3680     kernel32:KERNEL32.dll
 0004:00000684       __imp__GetCurrentProcessId@0 00cc3684     kernel32:KERNEL32.dll
 0004:00000688       __imp__GetLocaleInfoW@16   00cc3688     kernel32:KERNEL32.dll
 0004:0000068c       __imp__InterlockedExchange@8 00cc368c     kernel32:KERNEL32.dll
 0004:00000690       __imp__GetStdHandle@4      00cc3690     kernel32:KERNEL32.dll
 0004:00000694       __imp__CloseHandle@4       00cc3694     kernel32:KERNEL32.dll
 0004:00000698       __imp__CreateEventA@16     00cc3698     kernel32:KERNEL32.dll
 0004:0000069c       __imp__SetEvent@4          00cc369c     kernel32:KERNEL32.dll
 0004:000006a0       __imp__WaitForMultipleObjects@16 00cc36a0     kernel32:KERNEL32.dll
 0004:000006a4       __imp__MapViewOfFile@20    00cc36a4     kernel32:KERNEL32.dll
 0004:000006a8       __imp__UnmapViewOfFile@4   00cc36a8     kernel32:KERNEL32.dll
 0004:000006ac       __imp__GetConsoleScreenBufferInfo@8 00cc36ac     kernel32:KERNEL32.dll
 0004:000006b0       __imp__ReadConsoleOutputCharacterA@20 00cc36b0     kernel32:KERNEL32.dll
 0004:000006b4       __imp__WriteConsoleInputA@16 00cc36b4     kernel32:KERNEL32.dll
 0004:000006b8       __imp__SetConsoleScreenBufferSize@8 00cc36b8     kernel32:KERNEL32.dll
 0004:000006bc       __imp__SetConsoleWindowInfo@12 00cc36bc     kernel32:KERNEL32.dll
 0004:000006c0       __imp__GetLargestConsoleWindowSize@4 00cc36c0     kernel32:KERNEL32.dll
 0004:000006c4       __imp__OpenFileMappingW@12 00cc36c4     kernel32:KERNEL32.dll
 0004:000006c8       __imp__GetTickCount@0      00cc36c8     kernel32:KERNEL32.dll
 0004:000006cc       __imp__CreateFileA@28      00cc36cc     kernel32:KERNEL32.dll
 0004:000006d0       __imp__GetFileTime@16      00cc36d0     kernel32:KERNEL32.dll
 0004:000006d4       __imp__MultiByteToWideChar@24 00cc36d4     kernel32:KERNEL32.dll
 0004:000006d8       __imp__GetProcAddress@8    00cc36d8     kernel32:KERNEL32.dll
 0004:000006dc       __imp__LoadLibraryA@4      00cc36dc     kernel32:KERNEL32.dll
 0004:000006e0       __imp__FreeLibrary@4       00cc36e0     kernel32:KERNEL32.dll
 0004:000006e4       __imp__FormatMessageA@28   00cc36e4     kernel32:KERNEL32.dll
 0004:000006e8       __imp__GetLastError@0      00cc36e8     kernel32:KERNEL32.dll
 0004:000006ec       __imp__FreeConsole@0       00cc36ec     kernel32:KERNEL32.dll
 0004:000006f0       __imp__QueryPerformanceCounter@4 00cc36f0     kernel32:KERNEL32.dll
 0004:000006f4       __imp__Sleep@4             00cc36f4     kernel32:KERNEL32.dll
 0004:000006f8       __imp__AllocConsole@0      00cc36f8     kernel32:KERNEL32.dll
 0004:000006fc       __imp__SetPriorityClass@8  00cc36fc     kernel32:KERNEL32.dll
 0004:00000700       __imp__GetCurrentProcess@0 00cc3700     kernel32:KERNEL32.dll
 0004:00000704       __imp__GetVersionExA@4     00cc3704     kernel32:KERNEL32.dll
 0004:00000708       __imp__QueryPerformanceFrequency@4 00cc3708     kernel32:KERNEL32.dll
 0004:0000070c       __imp__WriteFile@20        00cc370c     kernel32:KERNEL32.dll
 0004:00000710       __imp__ReadConsoleInputA@16 00cc3710     kernel32:KERNEL32.dll
 0004:00000714       __imp__GetNumberOfConsoleInputEvents@8 00cc3714     kernel32:KERNEL32.dll
 0004:00000718       __imp__WideCharToMultiByte@32 00cc3718     kernel32:KERNEL32.dll
 0004:0000071c       __imp__SetConsoleTextAttribute@8 00cc371c     kernel32:KERNEL32.dll
 0004:00000720       __imp__GlobalUnlock@4      00cc3720     kernel32:KERNEL32.dll
 0004:00000724       __imp__GlobalLock@4        00cc3724     kernel32:KERNEL32.dll
 0004:00000728       __imp__GlobalAlloc@8       00cc3728     kernel32:KERNEL32.dll
 0004:0000072c       __imp__GetSystemInfo@4     00cc372c     kernel32:KERNEL32.dll
 0004:00000730       __imp__GetProcessAffinityMask@12 00cc3730     kernel32:KERNEL32.dll
 0004:00000734       __imp__SetProcessAffinityMask@8 00cc3734     kernel32:KERNEL32.dll
 0004:00000738       __imp__SetLastError@4      00cc3738     kernel32:KERNEL32.dll
 0004:0000073c       __imp__HeapReAlloc@16      00cc373c     kernel32:KERNEL32.dll
 0004:00000740       __imp__LeaveCriticalSection@4 00cc3740     kernel32:KERNEL32.dll
 0004:00000744       __imp__EnterCriticalSection@4 00cc3744     kernel32:KERNEL32.dll
 0004:00000748       __imp__InitializeCriticalSection@4 00cc3748     kernel32:KERNEL32.dll
 0004:0000074c       __imp__SleepEx@8           00cc374c     kernel32:KERNEL32.dll
 0004:00000750       __imp__WaitForSingleObject@8 00cc3750     kernel32:KERNEL32.dll
 0004:00000754       __imp__ReadFile@20         00cc3754     kernel32:KERNEL32.dll
 0004:00000758       __imp__PeekNamedPipe@24    00cc3758     kernel32:KERNEL32.dll
 0004:0000075c       __imp__GetFileType@4       00cc375c     kernel32:KERNEL32.dll
 0004:00000760       __imp__ExpandEnvironmentStringsA@12 00cc3760     kernel32:KERNEL32.dll
 0004:00000764       __imp__ExitProcess@4       00cc3764     kernel32:KERNEL32.dll
 0004:00000768       __imp__lstrlenA@4          00cc3768     kernel32:KERNEL32.dll
 0004:0000076c       __imp__IsBadReadPtr@8      00cc376c     kernel32:KERNEL32.dll
 0004:00000770       __imp__HeapValidate@12     00cc3770     kernel32:KERNEL32.dll
 0004:00000774       __imp__IsProcessorFeaturePresent@4 00cc3774     kernel32:KERNEL32.dll
 0004:00000778       __imp__GetCurrentThread@0  00cc3778     kernel32:KERNEL32.dll
 0004:0000077c       __imp__TlsFree@4           00cc377c     kernel32:KERNEL32.dll
 0004:00000780       __imp__TlsSetValue@8       00cc3780     kernel32:KERNEL32.dll
 0004:00000784       __imp__TlsGetValue@4       00cc3784     kernel32:KERNEL32.dll
 0004:00000788       __imp__TlsAlloc@0          00cc3788     kernel32:KERNEL32.dll
 0004:0000078c       __imp__IsValidCodePage@4   00cc378c     kernel32:KERNEL32.dll
 0004:00000790       __imp__GetCPInfo@8         00cc3790     kernel32:KERNEL32.dll
 0004:00000794       __imp__GetOEMCP@0          00cc3794     kernel32:KERNEL32.dll
 0004:00000798       __imp__GetACP@0            00cc3798     kernel32:KERNEL32.dll
 0004:0000079c       __imp__SetUnhandledExceptionFilter@4 00cc379c     kernel32:KERNEL32.dll
 0004:000007a0       __imp__UnhandledExceptionFilter@4 00cc37a0     kernel32:KERNEL32.dll
 0004:000007a4       __imp__TerminateProcess@8  00cc37a4     kernel32:KERNEL32.dll
 0004:000007a8       __imp__SetConsoleCtrlHandler@8 00cc37a8     kernel32:KERNEL32.dll
 0004:000007ac       __imp__EncodePointer@4     00cc37ac     kernel32:KERNEL32.dll
 0004:000007b0       __imp__GetFileInformationByHandle@8 00cc37b0     kernel32:KERNEL32.dll
 0004:000007b4       __imp__SetFilePointer@16   00cc37b4     kernel32:KERNEL32.dll
 0004:000007b8       __imp__LCMapStringW@24     00cc37b8     kernel32:KERNEL32.dll
 0004:000007bc       __imp__GetDriveTypeA@4     00cc37bc     kernel32:KERNEL32.dll
 0004:000007c0       __imp__GetStartupInfoW@4   00cc37c0     kernel32:KERNEL32.dll
 0004:000007c4       __imp__HeapSetInformation@16 00cc37c4     kernel32:KERNEL32.dll
 0004:000007c8       __imp__GetCommandLineA@0   00cc37c8     kernel32:KERNEL32.dll
 0004:000007cc       __imp__GetModuleHandleW@4  00cc37cc     kernel32:KERNEL32.dll
 0004:000007d0       __imp__DecodePointer@4     00cc37d0     kernel32:KERNEL32.dll
 0004:000007d4       __imp__InterlockedDecrement@4 00cc37d4     kernel32:KERNEL32.dll
 0004:000007d8       __imp__InterlockedIncrement@4 00cc37d8     kernel32:KERNEL32.dll
 0004:000007dc       __imp__RemoveDirectoryA@4  00cc37dc     kernel32:KERNEL32.dll
 0004:000007e0       __imp__CreateDirectoryA@8  00cc37e0     kernel32:KERNEL32.dll
 0004:000007e4       __imp__FindClose@4         00cc37e4     kernel32:KERNEL32.dll
 0004:000007e8       __imp__FileTimeToLocalFileTime@8 00cc37e8     kernel32:KERNEL32.dll
 0004:000007ec       __imp__FileTimeToSystemTime@8 00cc37ec     kernel32:KERNEL32.dll
 0004:000007f0       __imp__FindNextFileA@8     00cc37f0     kernel32:KERNEL32.dll
 0004:000007f4       __imp__FindFirstFileExA@24 00cc37f4     kernel32:KERNEL32.dll
 0004:000007f8       __imp__LoadLibraryW@4      00cc37f8     kernel32:KERNEL32.dll
 0004:000007fc       __imp__RaiseException@16   00cc37fc     kernel32:KERNEL32.dll
 0004:00000800       __imp__IsDebuggerPresent@0 00cc3800     kernel32:KERNEL32.dll
 0004:00000804       __imp__MoveFileA@8         00cc3804     kernel32:KERNEL32.dll
 0004:00000808       __imp__DeleteFileA@4       00cc3808     kernel32:KERNEL32.dll
 0004:0000080c       __imp__ExitThread@4        00cc380c     kernel32:KERNEL32.dll
 0004:00000810       __imp__GetCurrentThreadId@0 00cc3810     kernel32:KERNEL32.dll
 0004:00000814       __imp__CreateThread@24     00cc3814     kernel32:KERNEL32.dll
 0004:00000818       __imp__RtlUnwind@16        00cc3818     kernel32:KERNEL32.dll
 0004:0000081c       __imp__GetDateFormatA@24   00cc381c     kernel32:KERNEL32.dll
 0004:00000820       __imp__GetTimeFormatA@24   00cc3820     kernel32:KERNEL32.dll
 0004:00000824       __imp__GetSystemTimeAsFileTime@4 00cc3824     kernel32:KERNEL32.dll
 0004:00000828       __imp__WriteConsoleW@20    00cc3828     kernel32:KERNEL32.dll
 0004:0000082c       __imp__GetModuleFileNameW@12 00cc382c     kernel32:KERNEL32.dll
 0004:00000830       __imp__GetTimeZoneInformation@4 00cc3830     kernel32:KERNEL32.dll
 0004:00000834       __imp__HeapSize@12         00cc3834     kernel32:KERNEL32.dll
 0004:00000838       __imp__HeapQueryInformation@20 00cc3838     kernel32:KERNEL32.dll
 0004:0000083c       __imp__CompareStringW@24   00cc383c     kernel32:KERNEL32.dll
 0004:00000840       __imp__SetEnvironmentVariableA@8 00cc3840     kernel32:KERNEL32.dll
 0004:00000844       __imp__SetEndOfFile@4      00cc3844     kernel32:KERNEL32.dll
 0004:00000848       __imp__GetDriveTypeW@4     00cc3848     kernel32:KERNEL32.dll
 0004:0000084c       __imp__DeleteCriticalSection@4 00cc384c     kernel32:KERNEL32.dll
 0004:00000850       __imp__CreateFileW@28      00cc3850     kernel32:KERNEL32.dll
 0004:00000854       __imp__InitializeCriticalSectionAndSpinCount@8 00cc3854     kernel32:KERNEL32.dll
 0004:00000858       __imp__SetHandleCount@4    00cc3858     kernel32:KERNEL32.dll
 0004:0000085c       __imp__GetConsoleCP@0      00cc385c     kernel32:KERNEL32.dll
 0004:00000860       __imp__VirtualQuery@12     00cc3860     kernel32:KERNEL32.dll
 0004:00000864       __imp__GetProcessHeap@0    00cc3864     kernel32:KERNEL32.dll
 0004:00000868       __imp__HeapAlloc@12        00cc3868     kernel32:KERNEL32.dll
 0004:0000086c       __imp__HeapFree@12         00cc386c     kernel32:KERNEL32.dll
 0004:00000870       __imp__FatalAppExitA@8     00cc3870     kernel32:KERNEL32.dll
 0004:00000874       __imp__FlushFileBuffers@4  00cc3874     kernel32:KERNEL32.dll
 0004:00000878       __imp__GetConsoleMode@8    00cc3878     kernel32:KERNEL32.dll
 0004:0000087c       \177KERNEL32_NULL_THUNK_DATA 00cc387c     kernel32:KERNEL32.dll
 0004:00000918       __imp__ShellExecuteA@24    00cc3918     shell32:SHELL32.dll
 0004:0000091c       __imp__SHGetFolderPathA@20 00cc391c     shell32:SHELL32.dll
 0004:00000920       \177SHELL32_NULL_THUNK_DATA 00cc3920     shell32:SHELL32.dll
 0004:0000094c       __imp__FlashWindowEx@4     00cc394c     user32:USER32.dll
 0004:00000950       __imp__EnumDisplaySettingsA@12 00cc3950     user32:USER32.dll
 0004:00000954       __imp__MoveWindow@24       00cc3954     user32:USER32.dll
 0004:00000958       __imp__DefWindowProcW@16   00cc3958     user32:USER32.dll
 0004:0000095c       __imp__GetParent@4         00cc395c     user32:USER32.dll
 0004:00000960       __imp__RegisterWindowMessageA@4 00cc3960     user32:USER32.dll
 0004:00000964       __imp__GetWindowLongA@8    00cc3964     user32:USER32.dll
 0004:00000968       __imp__SetWindowsHookExA@16 00cc3968     user32:USER32.dll
 0004:0000096c       __imp__UnhookWindowsHookEx@4 00cc396c     user32:USER32.dll
 0004:00000970       __imp__UnregisterHotKey@8  00cc3970     user32:USER32.dll
 0004:00000974       __imp__RegisterHotKey@16   00cc3974     user32:USER32.dll
 0004:00000978       __imp__CallNextHookEx@16   00cc3978     user32:USER32.dll
 0004:0000097c       __imp__EmptyClipboard@0    00cc397c     user32:USER32.dll
 0004:00000980       __imp__SetClipboardData@8  00cc3980     user32:USER32.dll
 0004:00000984       __imp__OpenClipboard@4     00cc3984     user32:USER32.dll
 0004:00000988       __imp__GetClipboardData@4  00cc3988     user32:USER32.dll
 0004:0000098c       __imp__CloseClipboard@0    00cc398c     user32:USER32.dll
 0004:00000990       __imp__TranslateMessage@4  00cc3990     user32:USER32.dll
 0004:00000994       __imp__PeekMessageW@20     00cc3994     user32:USER32.dll
 0004:00000998       __imp__GetMessageW@16      00cc3998     user32:USER32.dll
 0004:0000099c       __imp__DispatchMessageW@4  00cc399c     user32:USER32.dll
 0004:000009a0       __imp__MessageBoxA@16      00cc39a0     user32:USER32.dll
 0004:000009a4       __imp__GetSystemMetrics@4  00cc39a4     user32:USER32.dll
 0004:000009a8       __imp__SetCapture@4        00cc39a8     user32:USER32.dll
 0004:000009ac       __imp__ClipCursor@4        00cc39ac     user32:USER32.dll
 0004:000009b0       __imp__ReleaseCapture@0    00cc39b0     user32:USER32.dll
 0004:000009b4       __imp__ShowCursor@4        00cc39b4     user32:USER32.dll
 0004:000009b8       __imp__SystemParametersInfoA@16 00cc39b8     user32:USER32.dll
 0004:000009bc       __imp__GetCursorPos@4      00cc39bc     user32:USER32.dll
 0004:000009c0       __imp__DestroyWindow@4     00cc39c0     user32:USER32.dll
 0004:000009c4       __imp__UnregisterClassA@8  00cc39c4     user32:USER32.dll
 0004:000009c8       __imp__LoadIconA@8         00cc39c8     user32:USER32.dll
 0004:000009cc       __imp__LoadCursorA@8       00cc39cc     user32:USER32.dll
 0004:000009d0       __imp__RegisterClassW@4    00cc39d0     user32:USER32.dll
 0004:000009d4       __imp__CreateWindowExA@48  00cc39d4     user32:USER32.dll
 0004:000009d8       __imp__PostMessageA@16     00cc39d8     user32:USER32.dll
 0004:000009dc       __imp__AdjustWindowRect@12 00cc39dc     user32:USER32.dll
 0004:000009e0       __imp__GetWindowRect@8     00cc39e0     user32:USER32.dll
 0004:000009e4       __imp__SetActiveWindow@4   00cc39e4     user32:USER32.dll
 0004:000009e8       __imp__SetWindowLongA@12   00cc39e8     user32:USER32.dll
 0004:000009ec       __imp__SetWindowPos@28     00cc39ec     user32:USER32.dll
 0004:000009f0       __imp__ShowWindow@8        00cc39f0     user32:USER32.dll
 0004:000009f4       __imp__UpdateWindow@4      00cc39f4     user32:USER32.dll
 0004:000009f8       __imp__SetForegroundWindow@4 00cc39f8     user32:USER32.dll
 0004:000009fc       __imp__SetFocus@4          00cc39fc     user32:USER32.dll
 0004:00000a00       __imp__GetDC@4             00cc3a00     user32:USER32.dll
 0004:00000a04       __imp__ReleaseDC@8         00cc3a04     user32:USER32.dll
 0004:00000a08       __imp__ChangeDisplaySettingsA@8 00cc3a08     user32:USER32.dll
 0004:00000a0c       __imp__SetCursorPos@8      00cc3a0c     user32:USER32.dll
 0004:00000a10       \177USER32_NULL_THUNK_DATA 00cc3a10     user32:USER32.dll
 0004:00000a60       __imp__joyGetDevCapsA@12   00cc3a60     winmm:WINMM.dll
 0004:00000a64       __imp__joyGetNumDevs@0     00cc3a64     winmm:WINMM.dll
 0004:00000a68       __imp__timeEndPeriod@4     00cc3a68     winmm:WINMM.dll
 0004:00000a6c       __imp__timeGetTime@0       00cc3a6c     winmm:WINMM.dll
 0004:00000a70       __imp__timeBeginPeriod@4   00cc3a70     winmm:WINMM.dll
 0004:00000a74       __imp__joyGetPosEx@8       00cc3a74     winmm:WINMM.dll
 0004:00000a78       \177WINMM_NULL_THUNK_DATA  00cc3a78     winmm:WINMM.dll
 0004:00000aa8       __imp__getpeername@12      00cc3aa8     ws2_32:WS2_32.dll
 0004:00000aac       __imp__getsockname@12      00cc3aac     ws2_32:WS2_32.dll
 0004:00000ab0       __imp__recv@16             00cc3ab0     ws2_32:WS2_32.dll
 0004:00000ab4       __imp__send@16             00cc3ab4     ws2_32:WS2_32.dll
 0004:00000ab8       __imp__WSACleanup@0        00cc3ab8     ws2_32:WS2_32.dll
 0004:00000abc       __imp__WSAStartup@8        00cc3abc     ws2_32:WS2_32.dll
 0004:00000ac0       __imp__ioctlsocket@12      00cc3ac0     ws2_32:WS2_32.dll
 0004:00000ac4       __imp__closesocket@4       00cc3ac4     ws2_32:WS2_32.dll
 0004:00000ac8       __imp__WSAAsyncGetHostByName@20 00cc3ac8     ws2_32:WS2_32.dll
 0004:00000acc       __imp__WSAGetLastError@0   00cc3acc     ws2_32:WS2_32.dll
 0004:00000ad0       __imp__ntohs@4             00cc3ad0     ws2_32:WS2_32.dll
 0004:00000ad4       __imp__gethostbyname@4     00cc3ad4     ws2_32:WS2_32.dll
 0004:00000ad8       __imp__ntohl@4             00cc3ad8     ws2_32:WS2_32.dll
 0004:00000adc       __imp____WSAFDIsSet@8      00cc3adc     ws2_32:WS2_32.dll
 0004:00000ae0       __imp__select@20           00cc3ae0     ws2_32:WS2_32.dll
 0004:00000ae4       __imp__socket@12           00cc3ae4     ws2_32:WS2_32.dll
 0004:00000ae8       __imp__setsockopt@20       00cc3ae8     ws2_32:WS2_32.dll
 0004:00000aec       __imp__bind@12             00cc3aec     ws2_32:WS2_32.dll
 0004:00000af0       __imp__getaddrinfo@16      00cc3af0     ws2_32:WS2_32.dll
 0004:00000af4       __imp__freeaddrinfo@4      00cc3af4     ws2_32:WS2_32.dll
 0004:00000af8       __imp__htonl@4             00cc3af8     ws2_32:WS2_32.dll
 0004:00000afc       __imp__sendto@24           00cc3afc     ws2_32:WS2_32.dll
 0004:00000b00       __imp__recvfrom@24         00cc3b00     ws2_32:WS2_32.dll
 0004:00000b04       __imp__WSASetLastError@4   00cc3b04     ws2_32:WS2_32.dll
 0004:00000b08       __imp__getsockopt@20       00cc3b08     ws2_32:WS2_32.dll
 0004:00000b0c       __imp__connect@12          00cc3b0c     ws2_32:WS2_32.dll
 0004:00000b10       __imp__htons@4             00cc3b10     ws2_32:WS2_32.dll
 0004:00000b14       __imp__listen@8            00cc3b14     ws2_32:WS2_32.dll
 0004:00000b18       __imp__gethostname@8       00cc3b18     ws2_32:WS2_32.dll
 0004:00000b1c       __imp__accept@12           00cc3b1c     ws2_32:WS2_32.dll
 0004:00000b20       \177WS2_32_NULL_THUNK_DATA 00cc3b20     ws2_32:WS2_32.dll

 entry point at        0001:0018cd90

