 snd_openal_x86

 Timestamp is 51ba2770 (Fri Jun 14 00:11:28 2013)

 Preferred load address is 10000000

 Start         Length     Name                   Class
 0001:00000000 00084c18H .text                   CODE
 0001:00084c20 00000109H .text$x                 CODE
 0002:00000000 00000158H .idata$5                DATA
 0002:00000158 00000004H .CRT$XCA                DATA
 0002:0000015c 00000004H .CRT$XCZ                DATA
 0002:00000160 00000004H .CRT$XIA                DATA
 0002:00000164 00000014H .CRT$XIC                DATA
 0002:00000178 00000004H .CRT$XIZ                DATA
 0002:0000017c 00000004H .CRT$XPA                DATA
 0002:00000180 00000008H .CRT$XPX                DATA
 0002:00000188 00000004H .CRT$XPXA               DATA
 0002:0000018c 00000004H .CRT$XPZ                DATA
 0002:00000190 00000004H .CRT$XTA                DATA
 0002:00000194 00000004H .CRT$XTZ                DATA
 0002:000001a0 00027d30H .rdata                  DATA
 0002:00027ed0 0000005bH .rdata$debug            DATA
 0002:00027f2c 000001c4H .rdata$r                DATA
 0002:000280f0 0000002cH .rdata$sxdata           DATA
 0002:0002811c 00000004H .rtc$IAA                DATA
 0002:00028120 00000080H .rtc$IMZ                DATA
 0002:000281a0 00000004H .rtc$IZZ                DATA
 0002:000281a4 00000004H .rtc$TAA                DATA
 0002:000281a8 00000080H .rtc$TMZ                DATA
 0002:00028228 00000004H .rtc$TZZ                DATA
 0002:00028230 00000ce0H .xdata$x                DATA
 0002:00028f10 00000014H .idata$2                DATA
 0002:00028f24 00000014H .idata$3                DATA
 0002:00028f38 00000158H .idata$4                DATA
 0002:00029090 00000624H .idata$6                DATA
 0002:000296c0 00000051H .edata                  DATA
 0003:00000000 00003ee4H .data                   DATA
 0003:00003f00 0005f444H .bss                    DATA

  Address         Publics by Value              Rva+Base       Lib:Object

 0000:00000000       __except_list              00000000     <absolute>
 0000:0000000b       ___safe_se_handler_count   0000000b     <absolute>
 0000:00000000       ___ImageBase               10000000     <linker-defined>
 0001:00000000       _DirToByte                 10001000 f   q_math.obj
 0001:00000150       _ByteToDir                 10001150 f   q_math.obj
 0001:000001c0       _ColorNormalize            100011c0 f   q_math.obj
 0001:000002c0       _NormToLatLong             100012c0 f   q_math.obj
 0001:000003b0       _MakeNormalVectors         100013b0 f   q_math.obj
 0001:000004e0       _RotatePointAroundVector   100014e0 f   q_math.obj
 0001:00000750       _AngleVectors              10001750 f   q_math.obj
 0001:00000970       _VecToAngles               10001970 f   q_math.obj
 0001:00000b00       _AnglesToAxis              10001b00 f   q_math.obj
 0001:00000b70       _NormalVectorToAxis        10001b70 f   q_math.obj
 0001:00000ca0       _BuildBoxPoints            10001ca0 f   q_math.obj
 0001:00000e40       _ProjectPointOntoPlane     10001e40 f   q_math.obj
 0001:00000f60       _PerpendicularVector       10001f60 f   q_math.obj
 0001:00001080       _ProjectPointOntoVector    10002080 f   q_math.obj
 0001:000011b0       _DistanceFromLineSquared   100021b0 f   q_math.obj
 0001:000013d0       _Q_RSqrt                   100023d0 f   q_math.obj
 0001:00001450       _Q_rand                    10002450 f   q_math.obj
 0001:00001490       _Q_bitcount                10002490 f   q_math.obj
 0001:000014f0       _LerpAngle                 100024f0 f   q_math.obj
 0001:00001550       _AngleSubtract             10002550 f   q_math.obj
 0001:000015b0       _AnglesSubtract            100025b0 f   q_math.obj
 0001:00001620       _AngleNormalize360         10002620 f   q_math.obj
 0001:00001670       _AngleNormalize180         10002670 f   q_math.obj
 0001:000016b0       _AngleDelta                100026b0 f   q_math.obj
 0001:000016f0       _anglemod                  100026f0 f   q_math.obj
 0001:00001730       _CalcFov                   10002730 f   q_math.obj
 0001:000017e0       _AdjustFov                 100027e0 f   q_math.obj
 0001:00001930       _BoxOnPlaneSide            10002930 f   q_math.obj
 0001:00001cb0       _SignbitsForPlane          10002cb0 f   q_math.obj
 0001:00001d20       _PlaneTypeForNormal        10002d20 f   q_math.obj
 0001:00001d80       _CategorizePlane           10002d80 f   q_math.obj
 0001:00001ea0       _PlaneFromPoints           10002ea0 f   q_math.obj
 0001:00001ff0       _ComparePlanes             10002ff0 f   q_math.obj
 0001:000020a0       _SnapVector                100030a0 f   q_math.obj
 0001:00002180       _SnapPlane                 10003180 f   q_math.obj
 0001:00002250       _ClearBounds               10003250 f   q_math.obj
 0001:000022a0       _BoundsIntersect           100032a0 f   q_math.obj
 0001:00002340       _BoundsAndSphereIntersect  10003340 f   q_math.obj
 0001:00002440       _AddPointToBounds          10003440 f   q_math.obj
 0001:000024c0       _RadiusFromBounds          100034c0 f   q_math.obj
 0001:000025f0       _VectorNormalize           100035f0 f   q_math.obj
 0001:000026a0       _VectorNormalize2          100036a0 f   q_math.obj
 0001:00002760       _Vector4Normalize          10003760 f   q_math.obj
 0001:00002830       _VectorNormalizeFast       10003830 f   q_math.obj
 0001:000028c0       __VectorMA                 100038c0 f   q_math.obj
 0001:00002910       __DotProduct               10003910 f   q_math.obj
 0001:00002950       __VectorSubtract           10003950 f   q_math.obj
 0001:00002990       __VectorAdd                10003990 f   q_math.obj
 0001:000029d0       __VectorCopy               100039d0 f   q_math.obj
 0001:00002a00       _Q_log2                    10003a00 f   q_math.obj
 0001:00002a30       _VectorReflect             10003a30 f   q_math.obj
 0001:00002ac0       _Matrix3_Identity          10003ac0 f   q_math.obj
 0001:00002b40       _Matrix3_Copy              10003b40 f   q_math.obj
 0001:00002b60       _Matrix3_Compare           10003b60 f   q_math.obj
 0001:00002bb0       _Matrix3_Multiply          10003bb0 f   q_math.obj
 0001:00002d50       _Matrix3_TransformVector   10003d50 f   q_math.obj
 0001:00002de0       _Matrix3_Transpose         10003de0 f   q_math.obj
 0001:00002e50       _Matrix3_FromAngles        10003e50 f   q_math.obj
 0001:00002e80       _Matrix3_ToAngles          10003e80 f   q_math.obj
 0001:00003000       _Matrix3_Rotate            10004000 f   q_math.obj
 0001:00003180       _Matrix3_FromPoints        10004180 f   q_math.obj
 0001:00003380       _Matrix3_Normalize         10004380 f   q_math.obj
 0001:000033c0       _Quat_Identity             100043c0 f   q_math.obj
 0001:000033f0       _Quat_Copy                 100043f0 f   q_math.obj
 0001:00003430       _Quat_Quat3                10004430 f   q_math.obj
 0001:00003500       _Quat_Compare              10004500 f   q_math.obj
 0001:00003560       _Quat_Conjugate            10004560 f   q_math.obj
 0001:000035a0       _Quat_DotProduct           100045a0 f   q_math.obj
 0001:000035f0       _Quat_Normalize            100045f0 f   q_math.obj
 0001:000036b0       _Quat_Inverse              100046b0 f   q_math.obj
 0001:000036e0       _Quat_FromMatrix3          100046e0 f   q_math.obj
 0001:00003920       _Quat_Multiply             10004920 f   q_math.obj
 0001:00003a10       _Quat_Lerp                 10004a10 f   q_math.obj
 0001:00003c30       _Quat_Vectors              10004c30 f   q_math.obj
 0001:00003d60       _Quat_ToMatrix3            10004d60 f   q_math.obj
 0001:00003d90       _Quat_TransformVector      10004d90 f   q_math.obj
 0001:00003ee0       _Quat_ConcatTransforms     10004ee0 f   q_math.obj
 0001:00003f50       _DualQuat_Identity         10004f50 f   q_math.obj
 0001:00003fa0       _DualQuat_Copy             10004fa0 f   q_math.obj
 0001:00003fe0       _DualQuat_FromAnglesAndVector 10004fe0 f   q_math.obj
 0001:00004070       _DualQuat_FromMatrix3AndVector 10005070 f   q_math.obj
 0001:00004180       _DualQuat_FromQuatAndVector 10005180 f   q_math.obj
 0001:000041b0       _DualQuat_FromQuat3AndVector 100051b0 f   q_math.obj
 0001:000041e0       _DualQuat_GetVector        100051e0 f   q_math.obj
 0001:00004340       _DualQuat_ToQuatAndVector  10005340 f   q_math.obj
 0001:00004370       _DualQuat_ToMatrix3AndVector 10005370 f   q_math.obj
 0001:000043a0       _DualQuat_Invert           100053a0 f   q_math.obj
 0001:00004470       _DualQuat_Normalize        10005470 f   q_math.obj
 0001:00004590       _DualQuat_Multiply         10005590 f   q_math.obj
 0001:00004680       _DualQuat_Lerp             10005680 f   q_math.obj
 0001:000046d0       _LogisticCDF               100056d0 f   q_math.obj
 0001:00004710       _LogisticPDF               10005710 f   q_math.obj
 0001:00004770       _NormalCDF                 10005770 f   q_math.obj
 0001:00004980       _NormalPDF                 10005980 f   q_math.obj
 0001:000049e0       _COM_SanitizeFilePath      100059e0 f   q_shared.obj
 0001:00004a50       _COM_ValidateFilename      10005a50 f   q_shared.obj
 0001:00004ab0       _COM_ValidateRelativeFilename 10005ab0 f   q_shared.obj
 0001:00004b20       _COM_StripExtension        10005b20 f   q_shared.obj
 0001:00004ba0       _COM_FileExtension         10005ba0 f   q_shared.obj
 0001:00004c30       _COM_DefaultExtension      10005c30 f   q_shared.obj
 0001:00004d20       _COM_ReplaceExtension      10005d20 f   q_shared.obj
 0001:00004dd0       _COM_FileBase              10005dd0 f   q_shared.obj
 0001:00004e10       _COM_StripFilename         10005e10 f   q_shared.obj
 0001:00004e50       _COM_FilePathLength        10005e50 f   q_shared.obj
 0001:00004e90       _ShortSwap                 10005e90 f   q_shared.obj
 0001:00004ed0       _LongSwap                  10005ed0 f   q_shared.obj
 0001:00004f40       _FloatSwap                 10005f40 f   q_shared.obj
 0001:00004fc0       _Swap_Init                 10005fc0 f   q_shared.obj
 0001:00004fd0       _tv                        10005fd0 f   q_shared.obj
 0001:00005020       _vtos                      10006020 f   q_shared.obj
 0001:000050a0       _va                        100060a0 f   q_shared.obj
 0001:00005110       _COM_Compress              10006110 f   q_shared.obj
 0001:00005320       _COM_ParseExt2             10006320 f   q_shared.obj
 0001:000055a0       _Q_GrabCharFromColorString 100065a0 f   q_shared.obj
 0001:000056a0       _Q_GrabWCharFromColorString 100066a0 f   q_shared.obj
 0001:000057b0       _COM_RemoveColorTokensExt  100067b0 f   q_shared.obj
 0001:000058f0       _COM_SanitizeColorString   100068f0 f   q_shared.obj
 0001:00005ad0       _Q_ColorStringTerminator   10006ad0 f   q_shared.obj
 0001:00005c50       _COM_RemoveJunkChars       10006c50 f   q_shared.obj
 0001:00005dc0       _COM_ReadColorRGBString    10006dc0 f   q_shared.obj
 0001:00005e20       _COM_ValidatePlayerColor   10006e20 f   q_shared.obj
 0001:00005ef0       _Q_memset32                10006ef0 f   q_shared.obj
 0001:00005f30       _Q_strncpyz                10006f30 f   q_shared.obj
 0001:00005f90       _Q_strncatz                10006f90 f   q_shared.obj
 0001:00006030       _Q_vsnprintfz              10007030 f   q_shared.obj
 0001:000060b0       _Q_snprintfz               100070b0 f   q_shared.obj
 0001:000060f0       _Q_strupr                  100070f0 f   q_shared.obj
 0001:00006150       _Q_strlwr                  10007150 f   q_shared.obj
 0001:000061b0       _Q_strlocate               100071b0 f   q_shared.obj
 0001:00006260       _Q_strcount                10007260 f   q_shared.obj
 0001:000062f0       _Q_strrstr                 100072f0 f   q_shared.obj
 0001:00006350       _Q_trim                    10007350 f   q_shared.obj
 0001:00006440       _Q_WCharToUtf8             10007440 f   q_shared.obj
 0001:00006540       _Q_Utf8SyncPos             10007540 f   q_shared.obj
 0001:000065b0       _Q_GrabWCharFromUtf8String 100075b0 f   q_shared.obj
 0001:00006770       _Q_isdigit                 10007770 f   q_shared.obj
 0001:000067c0       _Q_chrreplace              100077c0 f   q_shared.obj
 0001:00006810       _COM_ValidateConfigstring  10007810 f   q_shared.obj
 0001:000068b0       _Info_Validate             100078b0 f   q_shared.obj
 0001:00006a40       _Info_ValueForKey          10007a40 f   q_shared.obj
 0001:00006dd0       _Info_RemoveKey            10007dd0 f   q_shared.obj
 0001:00006f10       _Info_SetValueForKey       10007f10 f   q_shared.obj
 0001:00007150       _Q_GainForAttenuation      10008150 f   q_shared.obj
 0001:000073a0       _BlockAllocator            100083a0 f   q_shared.obj
 0001:00007440       _BA_Alloc                  10008440 f   q_shared.obj
 0001:00007560       _BlockAllocator_Free       10008560 f   q_shared.obj
 0001:000075f0       _LinearAllocator           100085f0 f   q_shared.obj
 0001:000076c0       _LA_Alloc                  100086c0 f   q_shared.obj
 0001:000077c0       _LA_Pointer                100087c0 f   q_shared.obj
 0001:00007800       _LA_Size                   10008800 f   q_shared.obj
 0001:00007810       _LinearAllocator_Free      10008810 f   q_shared.obj
 0001:00007840       _QAL_Init                  10008840 f   qal.obj
 0001:00007e30       _QAL_Shutdown              10008e30 f   qal.obj
 0001:00008130       _stereo_mono               10009130 f   snd_buffers.obj
 0001:00008360       _S_InitBuffers             10009360 f   snd_buffers.obj
 0001:000083c0       _S_ShutdownBuffers         100093c0 f   snd_buffers.obj
 0001:000084f0       _S_SoundList               100094f0 f   snd_buffers.obj
 0001:000085b0       _S_UseBuffer               100095b0 f   snd_buffers.obj
 0001:00008970       _S_GetALBuffer             10009970 f   snd_buffers.obj
 0001:00008980       _S_RegisterSound           10009980 f   snd_buffers.obj
 0001:00008b10       _S_BeginRegistration       10009b10 f   snd_buffers.obj
 0001:00008b40       _S_EndRegistration         10009b40 f   snd_buffers.obj
 0001:00008bf0       _S_FreeSounds              10009bf0 f   snd_buffers.obj
 0001:00008c10       _S_Clear                   10009c10 f   snd_buffers.obj
 0001:00008c20       _S_InitDecoders            10009c20 f   snd_decoder.obj
 0001:00008e70       _S_ShutdownDecoders        10009e70 f   snd_decoder.obj
 0001:00008ec0       _S_LoadSound               10009ec0 f   snd_decoder.obj
 0001:00008ff0       _S_OpenStream              10009ff0 f   snd_decoder.obj
 0001:000090b0       _S_ContOpenStream          1000a0b0 f   snd_decoder.obj
 0001:000090e0       _S_ReadStream              1000a0e0 f   snd_decoder.obj
 0001:00009110       _S_CloseStream             1000a110 f   snd_decoder.obj
 0001:00009140       _S_ResetStream             1000a140 f   snd_decoder.obj
 0001:00009170       _S_EoStream                1000a170 f   snd_decoder.obj
 0001:000091a0       _S_FTellSteam              1000a1a0 f   snd_decoder.obj
 0001:000091d0       _decoder_stream_init       1000a1d0 f   snd_decoder.obj
 0001:00009220       _decoder_stream_shutdown   1000a220 f   snd_decoder.obj
 0001:00009280       _SNDOGG_Shutdown           1000a280 f   snd_decoder_ogg.obj
 0001:00009290       _SNDOGG_Init               1000a290 f   snd_decoder_ogg.obj
 0001:000092a0       _decoder_ogg_load          1000a2a0 f   snd_decoder_ogg.obj
 0001:000099b0       _decoder_ogg_open          1000a9b0 f   snd_decoder_ogg.obj
 0001:00009b10       _decoder_ogg_cont_open     1000ab10 f   snd_decoder_ogg.obj
 0001:00009c90       _decoder_ogg_read          1000ac90 f   snd_decoder_ogg.obj
 0001:00009da0       _decoder_ogg_close         1000ada0 f   snd_decoder_ogg.obj
 0001:00009df0       _decoder_ogg_reset         1000adf0 f   snd_decoder_ogg.obj
 0001:00009e50       _decoder_ogg_eof           1000ae50 f   snd_decoder_ogg.obj
 0001:00009ec0       _decoder_ogg_tell          1000aec0 f   snd_decoder_ogg.obj
 0001:00009f00       _decoder_wav_load          1000af00 f   snd_decoder_wav.obj
 0001:0000a680       _decoder_wav_open          1000b680 f   snd_decoder_wav.obj
 0001:0000a7a0       _decoder_wav_cont_open     1000b7a0 f   snd_decoder_wav.obj
 0001:0000a810       _decoder_wav_read          1000b810 f   snd_decoder_wav.obj
 0001:0000a8d0       _decoder_wav_close         1000b8d0 f   snd_decoder_wav.obj
 0001:0000a910       _decoder_wav_reset         1000b910 f   snd_decoder_wav.obj
 0001:0000a9a0       _decoder_wav_eof           1000b9a0 f   snd_decoder_wav.obj
 0001:0000aa00       _decoder_wav_tell          1000ba00 f   snd_decoder_wav.obj
 0001:0000aa60       _S_BeginAviDemo            1000ba60 f   snd_main.obj
 0001:0000aa70       _S_StopAviDemo             1000ba70 f   snd_main.obj
 0001:0000aa80       _S_SoundFormat             1000ba80 f   snd_main.obj
 0001:0000aaf0       _S_GetBufferLength         1000baf0 f   snd_main.obj
 0001:0000ac40       _S_ErrorMessage            1000bc40 f   snd_main.obj
 0001:0000acd0       _S_API                     1000bcd0 f   snd_main.obj
 0001:0000ace0       _S_Error                   1000bce0 f   snd_main.obj
 0001:0000adc0       _Sys_Error                 1000bdc0 f   snd_main.obj
 0001:0000ae70       _Com_Printf                1000be70 f   snd_main.obj
 0001:0000af50       _S_Init                    1000bf50 f   snd_main.obj
 0001:0000ba60       _S_Shutdown                1000ca60 f   snd_main.obj
 0001:0000bbb0       _S_SetAttenuationModel     1000cbb0 f   snd_main.obj
 0001:0000bcb0       _S_Update                  1000ccb0 f   snd_main.obj
 0001:0000bee0       _S_StopAllSounds           1000cee0 f   snd_main.obj
 0001:0000bf00       _S_Activate                1000cf00 f   snd_main.obj
 0001:0000bf70       _S_UpdateMusic             1000cf70 f   snd_music.obj
 0001:0000c780       _S_StartBackgroundTrack    1000d780 f   snd_music.obj
 0001:0000d270       _S_StopBackgroundTrack     1000e270 f   snd_music.obj
 0001:0000d3d0       _S_PrevBackgroundTrack     1000e3d0 f   snd_music.obj
 0001:0000d3f0       _S_NextBackgroundTrack     1000e3f0 f   snd_music.obj
 0001:0000d410       _S_PauseBackgroundTrack    1000e410 f   snd_music.obj
 0001:0000d470       _S_LockBackgroundTrack     1000e470 f   snd_music.obj
 0001:0000d4a0       _S_InitSources             1000e4a0 f   snd_sources.obj
 0001:0000d5d0       _S_ShutdownSources         1000e5d0 f   snd_sources.obj
 0001:0000d6d0       _S_UpdateSources           1000e6d0 f   snd_sources.obj
 0001:0000da50       _S_AllocSource             1000ea50 f   snd_sources.obj
 0001:0000dbf0       _S_LockSource              1000ebf0 f   snd_sources.obj
 0001:0000dc00       _S_UnlockSource            1000ec00 f   snd_sources.obj
 0001:0000dc10       _S_GetALSource             1000ec10 f   snd_sources.obj
 0001:0000dc20       _S_StartLocalSound         1000ec20 f   snd_sources.obj
 0001:0000df20       _S_StartFixedSound         1000ef20 f   snd_sources.obj
 0001:0000e030       _S_StartRelativeSound      1000f030 f   snd_sources.obj
 0001:0000e060       _S_StartGlobalSound        1000f060 f   snd_sources.obj
 0001:0000e090       _S_AddLoopSound            1000f090 f   snd_sources.obj
 0001:0000e2f0       _S_StopAllSources          1000f2f0 f   snd_sources.obj
 0001:0000e340       _S_UpdateStream            1000f340 f   snd_stream.obj
 0001:0000e5c0       _S_StopStream              1000f5c0 f   snd_stream.obj
 0001:0000e610       _S_RawSamples              1000f610 f   snd_stream.obj
 0001:0000e9f0       _S_GetRawSamplesTime       1000f9f0 f   snd_stream.obj
 0001:0000ead0       _GetSoundAPI               1000fad0 f   snd_syscalls.obj
 0001:0000ebd0       _ov_clear                  1000fbd0 f   libvorbisfile_static:vorbisfile.obj
 0001:0000ed60       _ov_open_callbacks         1000fd60 f   libvorbisfile_static:vorbisfile.obj
 0001:000106b0       _ov_open                   100116b0 f   libvorbisfile_static:vorbisfile.obj
 0001:00010790       _ov_fopen                  10011790 f   libvorbisfile_static:vorbisfile.obj
 0001:00010800       _ov_halfrate               10011800 f   libvorbisfile_static:vorbisfile.obj
 0001:00010920       _ov_halfrate_p             10011920 f   libvorbisfile_static:vorbisfile.obj
 0001:00010950       _ov_test_callbacks         10011950 f   libvorbisfile_static:vorbisfile.obj
 0001:00010990       _ov_test                   10011990 f   libvorbisfile_static:vorbisfile.obj
 0001:00010a40       _ov_test_open              10011a40 f   libvorbisfile_static:vorbisfile.obj
 0001:00010a70       _ov_streams                10011a70 f   libvorbisfile_static:vorbisfile.obj
 0001:00010a80       _ov_seekable               10011a80 f   libvorbisfile_static:vorbisfile.obj
 0001:00010a90       _ov_bitrate                10011a90 f   libvorbisfile_static:vorbisfile.obj
 0001:00010cc0       _ov_bitrate_instant        10011cc0 f   libvorbisfile_static:vorbisfile.obj
 0001:00010d70       _ov_serialnumber           10011d70 f   libvorbisfile_static:vorbisfile.obj
 0001:00010de0       _ov_raw_total              10011de0 f   libvorbisfile_static:vorbisfile.obj
 0001:00010ec0       _ov_pcm_total              10011ec0 f   libvorbisfile_static:vorbisfile.obj
 0001:00010f90       _ov_time_total             10011f90 f   libvorbisfile_static:vorbisfile.obj
 0001:00011050       _ov_raw_seek               10012050 f   libvorbisfile_static:vorbisfile.obj
 0001:000117c0       _ov_pcm_seek_page          100127c0 f   libvorbisfile_static:vorbisfile.obj
 0001:00012300       _ov_pcm_seek               10013300 f   libvorbisfile_static:vorbisfile.obj
 0001:00012df0       _ov_time_seek              10013df0 f   libvorbisfile_static:vorbisfile.obj
 0001:00012f40       _ov_time_seek_page         10013f40 f   libvorbisfile_static:vorbisfile.obj
 0001:00013090       _ov_raw_tell               10014090 f   libvorbisfile_static:vorbisfile.obj
 0001:000130c0       _ov_pcm_tell               100140c0 f   libvorbisfile_static:vorbisfile.obj
 0001:000130f0       _ov_time_tell              100140f0 f   libvorbisfile_static:vorbisfile.obj
 0001:00013230       _ov_info                   10014230 f   libvorbisfile_static:vorbisfile.obj
 0001:000132a0       _ov_comment                100142a0 f   libvorbisfile_static:vorbisfile.obj
 0001:00013310       _ov_read_filter            10014310 f   libvorbisfile_static:vorbisfile.obj
 0001:000139e0       _ov_read                   100149e0 f   libvorbisfile_static:vorbisfile.obj
 0001:00013a20       _ov_read_float             10014a20 f   libvorbisfile_static:vorbisfile.obj
 0001:00013b70       _ov_crosslap               10014b70 f   libvorbisfile_static:vorbisfile.obj
 0001:00014220       _ov_raw_seek_lap           10015220 f   libvorbisfile_static:vorbisfile.obj
 0001:000144e0       _ov_pcm_seek_lap           100154e0 f   libvorbisfile_static:vorbisfile.obj
 0001:00014510       _ov_pcm_seek_page_lap      10015510 f   libvorbisfile_static:vorbisfile.obj
 0001:00014540       _ov_time_seek_lap          10015540 f   libvorbisfile_static:vorbisfile.obj
 0001:00014800       _ov_time_seek_page_lap     10015800 f   libvorbisfile_static:vorbisfile.obj
 0001:00014826       _LoadLibraryA@4            10015826 f   kernel32:KERNEL32.dll
 0001:0001482c       _GetProcAddress@8          1001582c f   kernel32:KERNEL32.dll
 0001:00014832       _FreeLibrary@4             10015832 f   kernel32:KERNEL32.dll
 0001:00014840       __fpmath                   10015840 f   LIBCMTD:_fpinit_.obj
 0001:00014860       __cfltcvt_init             10015860 f   LIBCMTD:_fpinit_.obj
 0001:000148d0       ___setfflag                100158d0 f   LIBCMTD:_fpinit_.obj
 0001:000148f0       __RTC_InitBase             100158f0 f   LIBCMTD:_init_.obj
 0001:00014920       __RTC_Shutdown             10015920 f   LIBCMTD:_init_.obj
 0001:00014940       _atan2                     10015940 f   LIBCMTD:_87ctriga_.obj
 0001:0001494a       __CIatan2                  1001594a f   LIBCMTD:_87ctriga_.obj
 0001:00014960       _acos                      10015960 f   LIBCMTD:_acos_.obj
 0001:000149a0       __CIacos                   100159a0 f   LIBCMTD:_acos_.obj
 0001:000149db       __CIacos_default           100159db f   LIBCMTD:_acos_.obj
 0001:000149ef       __acos_default             100159ef     LIBCMTD:_acos_.obj
 0001:00014ab0       __RTC_CheckEsp             10015ab0 f   LIBCMTD:_stack_.obj
 0001:00014ae0       @_RTC_CheckStackVars@8     10015ae0 f   LIBCMTD:_stack_.obj
 0001:00014b50       @_RTC_AllocaHelper@12      10015b50 f   LIBCMTD:_stack_.obj
 0001:00014b90       @_RTC_CheckStackVars2@12   10015b90 f   LIBCMTD:_stack_.obj
 0001:00014c70       __ftol2_sse                10015c70 f   LIBCMTD:ftol2.obj
 0001:00014c79       __ftol2_pentium4           10015c79 f   LIBCMTD:ftol2.obj
 0001:00014c8c       __ftol2_sse_excpt          10015c8c f   LIBCMTD:ftol2.obj
 0001:00014ca6       __ftol2                    10015ca6 f   LIBCMTD:ftol2.obj
 0001:00014d20       _sin                       10015d20 f   LIBCMTD:_sin_.obj
 0001:00014d60       __CIsin                    10015d60 f   LIBCMTD:_sin_.obj
 0001:00014d9b       __CIsin_default            10015d9b f   LIBCMTD:_sin_.obj
 0001:00014daf       __sin_default              10015daf     LIBCMTD:_sin_.obj
 0001:00014e50       _cos                       10015e50 f   LIBCMTD:_cos_.obj
 0001:00014e90       __CIcos                    10015e90 f   LIBCMTD:_cos_.obj
 0001:00014ecb       __CIcos_default            10015ecb f   LIBCMTD:_cos_.obj
 0001:00014edf       __cos_default              10015edf     LIBCMTD:_cos_.obj
 0001:00014f80       @__security_check_cookie@4 10015f80 f   LIBCMTD:secchk.obj
 0001:00014f90       __CIsqrt                   10015f90 f   LIBCMTD:_sqrt_.obj
 0001:00014fa4       _sqrt                      10015fa4     LIBCMTD:_sqrt_.obj
 0001:00015050       _fabs                      10016050 f   LIBCMTD:_fabs_.obj
 0001:00015150       _atan                      10016150 f   LIBCMTD:_atan_.obj
 0001:00015190       __CIatan                   10016190 f   LIBCMTD:_atan_.obj
 0001:000151cb       __CIatan_default           100161cb f   LIBCMTD:_atan_.obj
 0001:000151df       __atan_default             100161df     LIBCMTD:_atan_.obj
 0001:00015270       _tan                       10016270 f   LIBCMTD:_tan_.obj
 0001:000152b0       __CItan                    100162b0 f   LIBCMTD:_tan_.obj
 0001:000152eb       __CItan_default            100162eb f   LIBCMTD:_tan_.obj
 0001:000152ff       __tan_default              100162ff     LIBCMTD:_tan_.obj
 0001:000153a0       __wassert                  100163a0 f   LIBCMTD:wassert.obj
 0001:00015f30       __invoke_watson_if_error   10016f30 f i LIBCMTD:wassert.obj
 0001:00015fa0       _memcpy                    10016fa0 f   LIBCMTD:memcpy.obj
 0001:00016310       _asin                      10017310 f   LIBCMTD:_asin_.obj
 0001:00016350       __CIasin                   10017350 f   LIBCMTD:_asin_.obj
 0001:0001638b       __CIasin_default           1001738b f   LIBCMTD:_asin_.obj
 0001:0001639f       __asin_default             1001739f     LIBCMTD:_asin_.obj
 0001:00016460       _exp                       10017460 f   LIBCMTD:_87ctran_.obj
 0001:0001649c       __CIexp                    1001749c f   LIBCMTD:_87ctran_.obj
 0001:000164d7       __exp_default              100174d7 f   LIBCMTD:_87ctran_.obj
 0001:000164e1       __CIexp_default            100174e1 f   LIBCMTD:_87ctran_.obj
 0001:000164f0       _abs                       100174f0 f   LIBCMTD:abs.obj
 0001:00016520       __abs64                    10017520 f   LIBCMTD:abs.obj
 0001:00016580       _strchr                    10017580 f   LIBCMTD:strchr.obj
 0001:00016586       ___from_strstr_to_strchr   10017586     LIBCMTD:strchr.obj
 0001:00016640       _strstr                    10017640 f   LIBCMTD:strstr.obj
 0001:000166d0       _strrchr                   100176d0 f   LIBCMTD:strrchr.obj
 0001:00016700       _strlen                    10017700 f   LIBCMTD:strlen.obj
 0001:00016790       __isalpha_l                10017790 f i LIBCMTD:_ctype.obj
 0001:00016820       ??0_LocaleUpdate@@QAE@PAUlocaleinfo_struct@@@Z 10017820 f i LIBCMTD:_ctype.obj
 0001:00016900       ??1_LocaleUpdate@@QAE@XZ   10017900 f i LIBCMTD:_ctype.obj
 0001:00016930       ?GetLocaleT@_LocaleUpdate@@QAEPAUlocaleinfo_struct@@XZ 10017930 f i LIBCMTD:_ctype.obj
 0001:00016940       _isalpha                   10017940 f i LIBCMTD:_ctype.obj
 0001:00016980       __isupper_l                10017980 f i LIBCMTD:_ctype.obj
 0001:00016a00       _isupper                   10017a00 f i LIBCMTD:_ctype.obj
 0001:00016a30       __islower_l                10017a30 f i LIBCMTD:_ctype.obj
 0001:00016ab0       _islower                   10017ab0 f i LIBCMTD:_ctype.obj
 0001:00016ae0       __isdigit_l                10017ae0 f i LIBCMTD:_ctype.obj
 0001:00016b60       _isdigit                   10017b60 f i LIBCMTD:_ctype.obj
 0001:00016b90       __isxdigit_l               10017b90 f i LIBCMTD:_ctype.obj
 0001:00016c20       _isxdigit                  10017c20 f i LIBCMTD:_ctype.obj
 0001:00016c60       __isspace_l                10017c60 f i LIBCMTD:_ctype.obj
 0001:00016ce0       _isspace                   10017ce0 f i LIBCMTD:_ctype.obj
 0001:00016d10       __ispunct_l                10017d10 f i LIBCMTD:_ctype.obj
 0001:00016d90       _ispunct                   10017d90 f i LIBCMTD:_ctype.obj
 0001:00016dc0       __isalnum_l                10017dc0 f i LIBCMTD:_ctype.obj
 0001:00016e50       _isalnum                   10017e50 f i LIBCMTD:_ctype.obj
 0001:00016e90       __isprint_l                10017e90 f i LIBCMTD:_ctype.obj
 0001:00016f20       _isprint                   10017f20 f i LIBCMTD:_ctype.obj
 0001:00016f60       __isgraph_l                10017f60 f i LIBCMTD:_ctype.obj
 0001:00016ff0       _isgraph                   10017ff0 f i LIBCMTD:_ctype.obj
 0001:00017030       __iscntrl_l                10018030 f i LIBCMTD:_ctype.obj
 0001:000170b0       _iscntrl                   100180b0 f i LIBCMTD:_ctype.obj
 0001:000170e0       ___isascii                 100180e0 f i LIBCMTD:_ctype.obj
 0001:00017100       ___toascii                 10018100 f i LIBCMTD:_ctype.obj
 0001:00017110       __iscsymf_l                10018110 f i LIBCMTD:_ctype.obj
 0001:00017150       ___iscsymf                 10018150 f i LIBCMTD:_ctype.obj
 0001:00017190       __iscsym_l                 10018190 f i LIBCMTD:_ctype.obj
 0001:000171d0       ___iscsym                  100181d0 f i LIBCMTD:_ctype.obj
 0001:00017210       _sscanf                    10018210 f   LIBCMTD:sscanf.obj
 0001:000173a0       __sscanf_l                 100183a0 f   LIBCMTD:sscanf.obj
 0001:000173d0       _sscanf_s                  100183d0 f   LIBCMTD:sscanf.obj
 0001:00017400       __sscanf_s_l               10018400 f   LIBCMTD:sscanf.obj
 0001:00017430       __vsnprintf_l              10018430 f   LIBCMTD:vsnprint.obj
 0001:000175f0       __vsnprintf                100185f0 f   LIBCMTD:vsnprint.obj
 0001:00017620       __toupper                  10018620 f   LIBCMTD:toupper.obj
 0001:00017630       __toupper_l                10018630 f   LIBCMTD:toupper.obj
 0001:00017810       _toupper                   10018810 f   LIBCMTD:toupper.obj
 0001:00017860       __tolower                  10018860 f   LIBCMTD:tolower.obj
 0001:00017870       __tolower_l                10018870 f   LIBCMTD:tolower.obj
 0001:00017a50       _tolower                   10018a50 f   LIBCMTD:tolower.obj
 0001:00017aa0       _memmove                   10018aa0 f   LIBCMTD:memmove.obj
 0001:00017e10       _strncpy                   10018e10 f   LIBCMTD:strncpy.obj
 0001:00017f40       _strncmp                   10018f40 f   LIBCMTD:strncmp.obj
 0001:000180c0       _pow                       100190c0 f   LIBCMTD:_pow_.obj
 0001:00018100       __CIpow                    10019100 f   LIBCMTD:_pow_.obj
 0001:0001813b       __CIpow_default            1001913b f   LIBCMTD:_pow_.obj
 0001:00018154       __pow_default              10019154     LIBCMTD:_pow_.obj
 0001:00018350       _memset                    10019350 f   LIBCMTD:memset.obj
 0001:000183d0       __stricmp_l                100193d0 f   LIBCMTD:stricmp.obj
 0001:00018580       ___ascii_stricmp           10019580 f   LIBCMTD:stricmp.obj
 0001:00018600       __stricmp                  10019600 f   LIBCMTD:stricmp.obj
 0001:00018710       _ftell                     10019710 f   LIBCMTD:ftell.obj
 0001:00018800       __ftell_nolock             10019800 f   LIBCMTD:ftell.obj
 0001:00018ad0       _fclose                    10019ad0 f   LIBCMTD:fclose.obj
 0001:00018be0       __fclose_nolock            10019be0 f   LIBCMTD:fclose.obj
 0001:00018ce0       _fread_s                   10019ce0 f   LIBCMTD:fread.obj
 0001:00018e10       __fread_nolock_s           10019e10 f   LIBCMTD:fread.obj
 0001:000193f0       _fread                     1001a3f0 f   LIBCMTD:fread.obj
 0001:00019420       __fread_nolock             1001a420 f   LIBCMTD:fread.obj
 0001:00019450       __fseeki64                 1001a450 f   LIBCMTD:fseeki64.obj
 0001:000195d0       __fseeki64_nolock          1001a5d0 f   LIBCMTD:fseeki64.obj
 0001:00019710       __alloca_probe             1001a710     LIBCMTD:chkstk.obj
 0001:00019710       __chkstk                   1001a710 f   LIBCMTD:chkstk.obj
 0001:00019740       _strcmp                    1001a740 f   LIBCMTD:strcmp.obj
 0001:000197d0       _atol                      1001a7d0 f   LIBCMTD:atox.obj
 0001:000197f0       __atol_l                   1001a7f0 f   LIBCMTD:atox.obj
 0001:00019810       _atoi                      1001a810 f   LIBCMTD:atox.obj
 0001:00019830       __atoi_l                   1001a830 f   LIBCMTD:atox.obj
 0001:00019850       __atoi64                   1001a850 f   LIBCMTD:atox.obj
 0001:00019870       __atoi64_l                 1001a870 f   LIBCMTD:atox.obj
 0001:00019890       _strcpy                    1001a890 f   LIBCMTD:strcat.obj
 0001:000198a0       _strcat                    1001a8a0 f   LIBCMTD:strcat.obj
 0001:00019990       _srand                     1001a990 f   LIBCMTD:rand.obj
 0001:000199b0       _rand                      1001a9b0 f   LIBCMTD:rand.obj
 0001:000199f0       __time64                   1001a9f0 f   LIBCMTD:time64.obj
 0001:00019a70       _qsort                     1001aa70 f   LIBCMTD:qsort.obj
 0001:0001a020       __CRT_INIT@12              1001b020 f   LIBCMTD:dllcrt0.obj
 0001:0001a240       __DllMainCRTStartup@12     1001b240 f   LIBCMTD:dllcrt0.obj
 0001:0001a430       _free                      1001b430 f   LIBCMTD:dbgfree.obj
 0001:0001a450       _calloc                    1001b450 f   LIBCMTD:dbgcalloc.obj
 0001:0001a480       __dosmaperr                1001b480 f   LIBCMTD:dosmap.obj
 0001:0001a4b0       __get_errno_from_oserr     1001b4b0 f   LIBCMTD:dosmap.obj
 0001:0001a530       __set_errno                1001b530 f   LIBCMTD:dosmap.obj
 0001:0001a560       __get_errno                1001b560 f   LIBCMTD:dosmap.obj
 0001:0001a5e0       __set_doserrno             1001b5e0 f   LIBCMTD:dosmap.obj
 0001:0001a610       __get_doserrno             1001b610 f   LIBCMTD:dosmap.obj
 0001:0001a690       __errno                    1001b690 f   LIBCMTD:dosmap.obj
 0001:0001a6c0       ___doserrno                1001b6c0 f   LIBCMTD:dosmap.obj
 0001:0001a6f0       _malloc                    1001b6f0 f   LIBCMTD:dbgmalloc.obj
 0001:0001a720       _realloc                   1001b720 f   LIBCMTD:dbgrealloc.obj
 0001:0001a750       __alldiv                   1001b750 f   LIBCMTD:lldiv.obj
 0001:0001a800       _fseek                     1001b800 f   LIBCMTD:fseek.obj
 0001:0001a970       __fseek_nolock             1001b970 f   LIBCMTD:fseek.obj
 0001:0001aa50       __fsopen                   1001ba50 f   LIBCMTD:fopen.obj
 0001:0001ac60       _fopen                     1001bc60 f   LIBCMTD:fopen.obj
 0001:0001ac80       _fopen_s                   1001bc80 f   LIBCMTD:fopen.obj
 0001:0001ad20       _floor                     1001bd20 f   LIBCMTD:_floor_pentium4_.obj
 0001:0001ad60       __floor_pentium4           1001bd60 f   LIBCMTD:_floor_pentium4_.obj
 0001:0001ae50       __allmul                   1001be50 f   LIBCMTD:llmul.obj
 0001:0001ae90       __allshl                   1001be90 f   LIBCMTD:llshl.obj
 0001:0001aeb0       __allshr                   1001beb0 f   LIBCMTD:llshr.obj
 0001:0001aee0       __alloca_probe_16          1001bee0 f   LIBCMTD:alloca16.obj
 0001:0001aef6       __alloca_probe_8           1001bef6     LIBCMTD:alloca16.obj
 0001:0001af10       __setdefaultprecision      1001bf10 f   LIBCMTD:fp8.obj
 0001:0001af50       __forcdecpt                1001bf50 f   LIBCMTD:cvt.obj
 0001:0001af70       __forcdecpt_l              1001bf70 f   LIBCMTD:cvt.obj
 0001:0001b030       __cropzeros                1001c030 f   LIBCMTD:cvt.obj
 0001:0001b050       __cropzeros_l              1001c050 f   LIBCMTD:cvt.obj
 0001:0001b160       __positive                 1001c160 f   LIBCMTD:cvt.obj
 0001:0001b190       __fassign_l                1001c190 f   LIBCMTD:cvt.obj
 0001:0001b1f0       __fassign                  1001c1f0 f   LIBCMTD:cvt.obj
 0001:0001b210       __cftoe_l                  1001c210 f   LIBCMTD:cvt.obj
 0001:0001b760       __cftoe                    1001c760 f   LIBCMTD:cvt.obj
 0001:0001b790       __cftoa_l                  1001c790 f   LIBCMTD:cvt.obj
 0001:0001bf70       ?strrchr@@YAPADPADH@Z      1001cf70 f i LIBCMTD:cvt.obj
 0001:0001bf90       __cftoa                    1001cf90 f   LIBCMTD:cvt.obj
 0001:0001bfc0       __cftof_l                  1001cfc0 f   LIBCMTD:cvt.obj
 0001:0001c3d0       __cftof                    1001d3d0 f   LIBCMTD:cvt.obj
 0001:0001c400       __cftog_l                  1001d400 f   LIBCMTD:cvt.obj
 0001:0001c630       __cftog                    1001d630 f   LIBCMTD:cvt.obj
 0001:0001c660       __cfltcvt_l                1001d660 f   LIBCMTD:cvt.obj
 0001:0001c720       __cfltcvt                  1001d720 f   LIBCMTD:cvt.obj
 0001:0001c780       __initp_misc_cfltcvt_tab   1001d780 f   LIBCMTD:cmiscdat.obj
 0001:0001c7c0       __RTC_NumErrors            1001d7c0 f   LIBCMTD:_userapi_.obj
 0001:0001c7d0       __RTC_GetErrDesc           1001d7d0 f   LIBCMTD:_userapi_.obj
 0001:0001c7f0       __RTC_SetErrorType         1001d7f0 f   LIBCMTD:_userapi_.obj
 0001:0001c820       __RTC_SetErrorFunc         1001d820 f   LIBCMTD:_userapi_.obj
 0001:0001c840       __RTC_SetErrorFuncW        1001d840 f   LIBCMTD:_userapi_.obj
 0001:0001c860       ?_RTC_GetErrorFunc@@YAP6AHHPBDH00ZZPBX@Z 1001d860 f   LIBCMTD:_userapi_.obj
 0001:0001c870       ?_RTC_GetErrorFuncW@@YAP6AHHPB_WH00ZZPBX@Z 1001d870 f   LIBCMTD:_userapi_.obj
 0001:0001c880       __chkesp                   1001d880 f   LIBCMTD:chkesp.obj
 0001:0001c8c0       __CRT_RTC_INIT             1001d8c0 f   LIBCMTD:chkesp.obj
 0001:0001c8d0       __CRT_RTC_INITW            1001d8d0 f   LIBCMTD:chkesp.obj
 0001:0001c8fc       __fFATN2                   1001d8fc     LIBCMTD:_87triga_.obj
 0001:0001c94c       __rtpiby2                  1001d94c     LIBCMTD:_87triga_.obj
 0001:0001c990       __cintrindisp2             1001d990 f   LIBCMTD:_87cdisp_.obj
 0001:0001c9ce       __cintrindisp1             1001d9ce f   LIBCMTD:_87cdisp_.obj
 0001:0001ca0b       __ctrandisp2               1001da0b f   LIBCMTD:_87cdisp_.obj
 0001:0001cb9a       __ctrandisp1               1001db9a f   LIBCMTD:_87cdisp_.obj
 0001:0001cbcd       __fload                    1001dbcd f   LIBCMTD:_87cdisp_.obj
 0001:0001cc10       __set_SSE2_enable          1001dc10 f   LIBCMTD:_mathfcns_.obj
 0001:0001cc30       __sse2_mathfcns_init       1001dc30 f   LIBCMTD:_mathfcns_.obj
 0001:0001cc50       __CIacos_pentium4          1001dc50 f   LIBCMTD:_acos_pentium4_.obj
 0001:0001cc68       __acos_pentium4            1001dc68     LIBCMTD:_acos_pentium4_.obj
 0001:0001d1b0       __trandisp1                1001e1b0 f   LIBCMTD:_87disp_.obj
 0001:0001d217       __trandisp2                1001e217 f   LIBCMTD:_87disp_.obj
 0001:0001d2a3       __rttospopde               1001e2a3     LIBCMTD:_87disp_.obj
 0001:0001d2a8       __rttospop                 1001e2a8     LIBCMTD:_87disp_.obj
 0001:0001d2aa       __rtnospop                 1001e2aa     LIBCMTD:_87disp_.obj
 0001:0001d2ac       __rttosnpop                1001e2ac     LIBCMTD:_87disp_.obj
 0001:0001d2ad       __rtnospopde               1001e2ad     LIBCMTD:_87disp_.obj
 0001:0001d2b4       __rtzeropop                1001e2b4     LIBCMTD:_87disp_.obj
 0001:0001d2b6       __rtzeronpop               1001e2b6     LIBCMTD:_87disp_.obj
 0001:0001d2bb       __rtonepop                 1001e2bb     LIBCMTD:_87disp_.obj
 0001:0001d2bd       __rtonenpop                1001e2bd     LIBCMTD:_87disp_.obj
 0001:0001d2c2       __tosnan1                  1001e2c2     LIBCMTD:_87disp_.obj
 0001:0001d2ed       __nosnan2                  1001e2ed     LIBCMTD:_87disp_.obj
 0001:0001d2ef       __tosnan2                  1001e2ef     LIBCMTD:_87disp_.obj
 0001:0001d317       __nan2                     1001e317     LIBCMTD:_87disp_.obj
 0001:0001d356       __rtindfpop                1001e356     LIBCMTD:_87disp_.obj
 0001:0001d358       __rtindfnpop               1001e358     LIBCMTD:_87disp_.obj
 0001:0001d369       __rttosnpopde              1001e369     LIBCMTD:_87disp_.obj
 0001:0001d373       __rtchsifneg               1001e373     LIBCMTD:_87disp_.obj
 0001:0001d380       __startTwoArgErrorHandling 1001e380 f   LIBCMTD:_genexcep_.obj
 0001:0001d397       __startOneArgErrorHandling 1001e397 f   LIBCMTD:_genexcep_.obj
 0001:0001d3e0       __twoToTOS                 1001e3e0 f   LIBCMTD:_common_.obj
 0001:0001d3f5       __load_CW                  1001e3f5 f   LIBCMTD:_common_.obj
 0001:0001d40c       __convertTOStoQNaN         1001e40c f   LIBCMTD:_common_.obj
 0001:0001d425       __fload_withFB             1001e425 f   LIBCMTD:_common_.obj
 0001:0001d468       __checkTOS_withFB          1001e468 f   LIBCMTD:_common_.obj
 0001:0001d47e       __fast_exit                1001e47e f   LIBCMTD:_common_.obj
 0001:0001d48b       __math_exit                1001e48b f   LIBCMTD:_common_.obj
 0001:0001d4b5       __check_overflow_exit      1001e4b5 f   LIBCMTD:_common_.obj
 0001:0001d4c9       __check_range_exit         1001e4c9 f   LIBCMTD:_common_.obj
 0001:0001d570       ?_RTC_Failure@@YAXPAXH@Z   1001e570 f   LIBCMTD:_error_.obj
 0001:0001d920       ?_RTC_StackFailure@@YAXPAXPBD@Z 1001e920 f   LIBCMTD:_error_.obj
 0001:0001da20       ?_RTC_AllocaFailure@@YAXPAXPAU_RTC_ALLOCA_NODE@@H@Z 1001ea20 f   LIBCMTD:_error_.obj
 0001:0001dbd0       __RTC_UninitUse            1001ebd0 f   LIBCMTD:_error_.obj
 0001:0001dcc0       ___sse2_available_init     1001ecc0 f   LIBCMTD:cpu_disp.obj
 0001:0001dce0       __CIsin_pentium4           1001ece0 f   LIBCMTD:_sin_pentium4_.obj
 0001:0001dcf8       __sin_pentium4             1001ecf8     LIBCMTD:_sin_pentium4_.obj
 0001:0001deb0       __CIcos_pentium4           1001eeb0 f   LIBCMTD:_cos_pentium4_.obj
 0001:0001dec8       __cos_pentium4             1001eec8     LIBCMTD:_cos_pentium4_.obj
 0001:0001e060       ___report_gsfailure        1001f060 f   LIBCMTD:gs_report.obj
 0001:0001e170       __handle_qnan1             1001f170 f   LIBCMTD:_fpexcept_.obj
 0001:0001e1d0       __handle_qnan2             1001f1d0 f   LIBCMTD:_fpexcept_.obj
 0001:0001e240       __except1                  1001f240 f   LIBCMTD:_fpexcept_.obj
 0001:0001e340       __except2                  1001f340 f   LIBCMTD:_fpexcept_.obj
 0001:0001e450       __raise_exc_ex             1001f450 f   LIBCMTD:_fpexcept_.obj
 0001:0001e980       __raise_exc                1001f980 f   LIBCMTD:_fpexcept_.obj
 0001:0001e9b0       __raise_excf               1001f9b0 f   LIBCMTD:_fpexcept_.obj
 0001:0001e9e0       __handle_exc               1001f9e0 f   LIBCMTD:_fpexcept_.obj
 0001:0001ecf0       __umatherr                 1001fcf0 f   LIBCMTD:_fpexcept_.obj
 0001:0001ed90       __set_errno_from_matherr   1001fd90 f   LIBCMTD:_fpexcept_.obj
 0001:0001ee20       __errcode                  1001fe20 f   LIBCMTD:_fpexcept_.obj
 0001:0001ee90       __set_exp                  1001fe90 f   LIBCMTD:_util_.obj
 0001:0001eed0       __get_exp                  1001fed0 f   LIBCMTD:_util_.obj
 0001:0001ef00       __add_exp                  1001ff00 f   LIBCMTD:_util_.obj
 0001:0001ef40       __set_bexp                 1001ff40 f   LIBCMTD:_util_.obj
 0001:0001ef70       __sptype                   1001ff70 f   LIBCMTD:_util_.obj
 0001:0001eff0       __decomp                   1001fff0 f   LIBCMTD:_util_.obj
 0001:0001f120       __statfp                   10020120 f   LIBCMTD:_fpctrl_.obj
 0001:0001f140       __clrfp                    10020140 f   LIBCMTD:_fpctrl_.obj
 0001:0001f160       __ctrlfp                   10020160 f   LIBCMTD:_fpctrl_.obj
 0001:0001f190       __set_statfp               10020190 f   LIBCMTD:_fpctrl_.obj
 0001:0001f200       ___get_fpsr_sse2           10020200 f   LIBCMTD:_fpctrl_.obj
 0001:0001f230       ___set_fpsr_sse2           10020230 f   LIBCMTD:_fpctrl_.obj
 0001:0001f310       ___fclrf_sse2              10020310 f   LIBCMTD:_fpctrl_.obj
 0001:0001f330       ___statfp_sse2             10020330 f   LIBCMTD:_fpctrl_.obj
 0001:0001f360       ___clrfp_sse2              10020360 f   LIBCMTD:_fpctrl_.obj
 0001:0001f3a0       ___ctrlfp_sse2             100203a0 f   LIBCMTD:_fpctrl_.obj
 0001:0001f400       ___set_statfp_sse2         10020400 f   LIBCMTD:_fpctrl_.obj
 0001:0001f430       __CIatan_pentium4          10020430 f   LIBCMTD:_atan_pentium4_.obj
 0001:0001f448       __atan_pentium4            10020448     LIBCMTD:_atan_pentium4_.obj
 0001:0001f720       __CItan_pentium4           10020720 f   LIBCMTD:_tan_pentium4_.obj
 0001:0001f738       __tan_pentium4             10020738     LIBCMTD:_tan_pentium4_.obj
 0001:0001f980       __cinit                    10020980 f   LIBCMTD:crt0dat.obj
 0001:0001fa20       _exit                      10020a20 f   LIBCMTD:crt0dat.obj
 0001:0001fa40       __exit                     10020a40 f   LIBCMTD:crt0dat.obj
 0001:0001fa60       __cexit                    10020a60 f   LIBCMTD:crt0dat.obj
 0001:0001fa80       __c_exit                   10020a80 f   LIBCMTD:crt0dat.obj
 0001:0001faa0       __amsg_exit                10020aa0 f   LIBCMTD:crt0dat.obj
 0001:0001fad0       ___freeCrtMemory           10020ad0 f   LIBCMTD:crt0dat.obj
 0001:0001fe10       ___crtCorExitProcess       10020e10 f   LIBCMTD:crt0dat.obj
 0001:0001fe50       ___crtExitProcess          10020e50 f   LIBCMTD:crt0dat.obj
 0001:0001fe70       __lockexit                 10020e70 f   LIBCMTD:crt0dat.obj
 0001:0001fe90       __unlockexit               10020e90 f   LIBCMTD:crt0dat.obj
 0001:0001feb0       __init_pointers            10020eb0 f   LIBCMTD:crt0dat.obj
 0001:0001ff40       __initterm_e               10020f40 f   LIBCMTD:crt0dat.obj
 0001:0001ff80       __get_wpgmptr              10020f80 f   LIBCMTD:crt0dat.obj
 0001:00020070       __get_pgmptr               10021070 f   LIBCMTD:crt0dat.obj
 0001:00020160       __initp_misc_winsig        10021160 f   LIBCMTD:winsig.obj
 0001:00020190       _signal                    10021190 f   LIBCMTD:winsig.obj
 0001:00020630       _raise                     10021630 f   LIBCMTD:winsig.obj
 0001:000209a0       ___get_sigabrt             100219a0 f   LIBCMTD:winsig.obj
 0001:000209c0       ___fpecode                 100219c0 f   LIBCMTD:winsig.obj
 0001:000209d0       ___pxcptinfoptrs           100219d0 f   LIBCMTD:winsig.obj
 0001:000209e0       ___crtMessageBoxW          100219e0 f   LIBCMTD:crtmboxw.obj
 0001:00020c00       __itow_s                   10021c00 f   LIBCMTD:xtows.obj
 0001:00020fe0       __ltow_s                   10021fe0 f   LIBCMTD:xtows.obj
 0001:00021020       __ultow_s                  10022020 f   LIBCMTD:xtows.obj
 0001:00021040       __i64tow_s                 10022040 f   LIBCMTD:xtows.obj
 0001:00021460       __ui64tow_s                10022460 f   LIBCMTD:xtows.obj
 0001:00021480       _wcsncat_s                 10022480 f   LIBCMTD:wcsncat_s.obj
 0001:00021930       _wcsncpy_s                 10022930 f   LIBCMTD:wcsncpy_s.obj
 0001:00021d40       _wcscat_s                  10022d40 f   LIBCMTD:wcscat_s.obj
 0001:00022130       _wcscpy_s                  10023130 f   LIBCMTD:wcscpy_s.obj
 0001:00022410       _fflush                    10023410 f   LIBCMTD:fflush.obj
 0001:000224b0       __fflush_nolock            100234b0 f   LIBCMTD:fflush.obj
 0001:00022510       __flush                    10023510 f   LIBCMTD:fflush.obj
 0001:000225d0       __flushall                 100235d0 f   LIBCMTD:fflush.obj
 0001:000227a0       _fwprintf                  100237a0 f   LIBCMTD:fwprintf.obj
 0001:00022920       __fwprintf_l               10023920 f   LIBCMTD:fwprintf.obj
 0001:00022950       __fwprintf_s_l             10023950 f   LIBCMTD:fwprintf.obj
 0001:00022980       _fwprintf_s                10023980 f   LIBCMTD:fwprintf.obj
 0001:000229b0       __fwprintf_p_l             100239b0 f   LIBCMTD:fwprintf.obj
 0001:000229e0       __fwprintf_p               100239e0 f   LIBCMTD:fwprintf.obj
 0001:00022a10       _setvbuf                   10023a10 f   LIBCMTD:setvbuf.obj
 0001:00022ce0       ___iob_func                10023ce0 f   LIBCMTD:_file.obj
 0001:00022cf0       ___initstdio               10023cf0 f   LIBCMTD:_file.obj
 0001:00022e40       ___endstdio                10023e40 f   LIBCMTD:_file.obj
 0001:00022e70       __lock_file                10023e70 f   LIBCMTD:_file.obj
 0001:00022ed0       __lock_file2               10023ed0 f   LIBCMTD:_file.obj
 0001:00022f10       __unlock_file              10023f10 f   LIBCMTD:_file.obj
 0001:00022f70       __unlock_file2             10023f70 f   LIBCMTD:_file.obj
 0001:00022fb0       _abort                     10023fb0 f   LIBCMTD:abort.obj
 0001:00023010       __set_abort_behavior       10024010 f   LIBCMTD:abort.obj
 0001:00023040       _wcslen                    10024040 f   LIBCMTD:wcslen.obj
 0001:00023070       __set_error_mode           10024070 f   LIBCMTD:errmode.obj
 0001:00023130       ___set_app_type            10024130 f   LIBCMTD:errmode.obj
 0001:00023140       __initp_misc_invarg        10024140 f   LIBCMTD:invarg.obj
 0001:00023150       __invalid_parameter        10024150 f   LIBCMTD:invarg.obj
 0001:000231b0       __invoke_watson            100241b0 f   LIBCMTD:invarg.obj
 0001:000231e0       __call_reportfault         100241e0 f   LIBCMTD:invarg.obj
 0001:00023330       __set_invalid_parameter_handler 10024330 f   LIBCMTD:invarg.obj
 0001:00023370       __get_invalid_parameter_handler 10024370 f   LIBCMTD:invarg.obj
 0001:000233a0       ?_invalid_parameter@@YAXPBG00II@Z 100243a0 f   LIBCMTD:invarg.obj
 0001:000233d0       ?_invoke_watson@@YAXPBG00II@Z 100243d0 f   LIBCMTD:invarg.obj
 0001:000233f0       __vswprintf_helper         100243f0 f   LIBCMTD:vswprnc.obj
 0001:00023650       __vswprintf_c              10024650 f   LIBCMTD:vswprnc.obj
 0001:000236a0       __vswprintf_c_l            100246a0 f   LIBCMTD:vswprnc.obj
 0001:000236f0       __vswprintf_s_l            100246f0 f   LIBCMTD:vswprnc.obj
 0001:00023960       _vswprintf_s               10024960 f   LIBCMTD:vswprnc.obj
 0001:00023990       __vsnwprintf_s_l           10024990 f   LIBCMTD:vswprnc.obj
 0001:00023d40       __vsnwprintf_s             10024d40 f   LIBCMTD:vswprnc.obj
 0001:00023d70       __vswprintf_p              10024d70 f   LIBCMTD:vswprnc.obj
 0001:00023dc0       __vswprintf_p_l            10024dc0 f   LIBCMTD:vswprnc.obj
 0001:00023e10       __VEC_memcpy               10024e10 f   LIBCMTD:p4_memcpy.obj
 0001:00023f20       __CIasin_pentium4          10024f20 f   LIBCMTD:_asin_pentium4_.obj
 0001:00023f38       __asin_pentium4            10024f38     LIBCMTD:_asin_pentium4_.obj
 0001:000244a0       __CIexp_pentium4           100254a0 f   LIBCMTD:_exp_pentium4_.obj
 0001:000244b8       __exp_pentium4             100254b8     LIBCMTD:_exp_pentium4_.obj
 0001:00024771       __fFEXP                    10025771     LIBCMTD:_87tran_.obj
 0001:000247c8       __rtinfpopse               100257c8     LIBCMTD:_87tran_.obj
 0001:000247ca       __rtinfnpopse              100257ca     LIBCMTD:_87tran_.obj
 0001:000247da       __fFLN                     100257da     LIBCMTD:_87tran_.obj
 0001:0002488f       __rtinfpop                 1002588f     LIBCMTD:_87tran_.obj
 0001:00024891       __rtinfnpop                10025891     LIBCMTD:_87tran_.obj
 0001:000248ae       __ffexpm1                  100258ae     LIBCMTD:_87tran_.obj
 0001:00024960       __chvalidator              10025960 f   LIBCMTD:isctype.obj
 0001:000249b0       __chvalidator_l            100259b0 f   LIBCMTD:isctype.obj
 0001:00024a60       __isctype_l                10025a60 f   LIBCMTD:isctype.obj
 0001:00024b80       __isctype                  10025b80 f   LIBCMTD:isctype.obj
 0001:00024bc0       ___updatetmbcinfo          10025bc0 f   LIBCMTD:mbctype.obj
 0001:00024cd0       __setmbcp                  10025cd0 f   LIBCMTD:mbctype.obj
 0001:00025080       __setmbcp_nolock           10026080 f   LIBCMTD:mbctype.obj
 0001:00025870       __getmbcp                  10026870 f   LIBCMTD:mbctype.obj
 0001:000258e0       ___initmbctable            100268e0 f   LIBCMTD:mbctype.obj
 0001:00025910       ___addlocaleref            10026910 f   LIBCMTD:localref.obj
 0001:00025a30       ___removelocaleref         10026a30 f   LIBCMTD:localref.obj
 0001:00025b60       ___freetlocinfo            10026b60 f   LIBCMTD:localref.obj
 0001:00025e40       __updatetlocinfoEx_nolock  10026e40 f   LIBCMTD:localref.obj
 0001:00025ec0       ___updatetlocinfo          10026ec0 f   LIBCMTD:localref.obj
 0001:00025f90       __encoded_null             10026f90 f   LIBCMTD:tidtable.obj
 0001:00025fa0       ___crtTlsAlloc@4           10026fa0 f   LIBCMTD:tidtable.obj
 0001:00025fb0       ___fls_getvalue@4          10026fb0 f   LIBCMTD:tidtable.obj
 0001:00025fd0       ___get_flsindex            10026fd0 f   LIBCMTD:tidtable.obj
 0001:00025fe0       ___set_flsgetvalue         10026fe0 f   LIBCMTD:tidtable.obj
 0001:00026030       ___fls_setvalue@8          10027030 f   LIBCMTD:tidtable.obj
 0001:00026050       __mtinit                   10027050 f   LIBCMTD:tidtable.obj
 0001:00026250       __mtterm                   10027250 f   LIBCMTD:tidtable.obj
 0001:000262b0       __initptd                  100272b0 f   LIBCMTD:tidtable.obj
 0001:000263e0       __getptd_noexit            100273e0 f   LIBCMTD:tidtable.obj
 0001:000264a0       __getptd                   100274a0 f   LIBCMTD:tidtable.obj
 0001:000264d0       __freefls@4                100274d0 f   LIBCMTD:tidtable.obj
 0001:000266e0       __freeptd                  100276e0 f   LIBCMTD:tidtable.obj
 0001:00026760       ___threadid                10027760 f   LIBCMTD:tidtable.obj
 0001:00026770       ___threadhandle            10027770 f   LIBCMTD:tidtable.obj
 0001:00026780       ____setlc_active_func      10027780 f   LIBCMTD:setlocal.obj
 0001:00026790       ____unguarded_readlc_active_add_func 10027790 f   LIBCMTD:setlocal.obj
 0001:000267a0       __configthreadlocale       100277a0 f   LIBCMTD:setlocal.obj
 0001:000268b0       __locterm                  100278b0 f   LIBCMTD:setlocal.obj
 0001:00026950       __free_locale              10027950 f   LIBCMTD:setlocal.obj
 0001:00026a90       ___free_locale             10027a90 f   LIBCMTD:setlocal.obj
 0001:00026ab0       __create_locale            10027ab0 f   LIBCMTD:setlocal.obj
 0001:00026ce0       ___create_locale           10027ce0 f   LIBCMTD:setlocal.obj
 0001:00026d00       __get_current_locale       10027d00 f   LIBCMTD:setlocal.obj
 0001:00026e20       ___get_current_locale      10027e20 f   LIBCMTD:setlocal.obj
 0001:00026e30       _setlocale                 10027e30 f   LIBCMTD:setlocal.obj
 0001:00027ce0       __expandlocale             10028ce0 f   LIBCMTD:setlocal.obj
 0001:00027f90       ___init_dummy              10028f90 f   LIBCMTD:setlocal.obj
 0001:00027fa0       __strcats                  10028fa0 f   LIBCMTD:setlocal.obj
 0001:00028020       ___lc_strtolc              10029020 f   LIBCMTD:setlocal.obj
 0001:00028220       ___lc_lctostr              10029220 f   LIBCMTD:setlocal.obj
 0001:000282c0       __input_l                  100292c0 f   LIBCMTD:input.obj
 0001:00029b40       __INTRN_LOCALE_CONV        1002ab40 f i LIBCMTD:input.obj
 0001:00029c70       __CrtSetReportHookW2       1002ac70 f   LIBCMTD:dbgrptw.obj
 0001:00029fa0       __CrtDbgReportW            1002afa0 f   LIBCMTD:dbgrptw.obj
 0001:00029fe0       __CrtDbgReportWV           1002afe0 f i LIBCMTD:dbgrptw.obj
 0001:0002a010       ___crtMessageWindowW       1002b010 f   LIBCMTD:dbgrptw.obj
 0001:0002a410       __invoke_watson_if_oneof   1002b410 f i LIBCMTD:dbgrptw.obj
 0001:0002a450       ?_CrtDbgReportW@@YAHHPBGH00ZZ 1002b450 f   LIBCMTD:dbgrptw.obj
 0001:0002a490       __input_s_l                1002b490 f   LIBCMTD:inputs.obj
 0001:0002c1d0       __flsbuf                   1002d1d0 f   LIBCMTD:_flsbuf.obj
 0001:0002c490       __output_l                 1002d490 f   LIBCMTD:output.obj
 0001:0002d900       _get_int_arg               1002e900 f i LIBCMTD:output.obj
 0001:0002d920       _get_int64_arg             1002e920 f i LIBCMTD:output.obj
 0001:0002d940       _get_short_arg             1002e940 f i LIBCMTD:output.obj
 0001:0002d960       ___crtLCMapStringA         1002e960 f   LIBCMTD:a_map.obj
 0001:0002dc50       __MarkAllocaS              1002ec50 f i LIBCMTD:a_map.obj
 0001:0002dc80       __freea                    1002ec80 f i LIBCMTD:a_map.obj
 0001:0002dd40       __isleadbyte_l             1002ed40 f i LIBCMTD:_wctype.obj
 0001:0002dd90       _isleadbyte                1002ed90 f i LIBCMTD:_wctype.obj
 0001:0002ddb0       __iswalpha_l               1002edb0 f i LIBCMTD:_wctype.obj
 0001:0002ddd0       _iswalpha                  1002edd0 f i LIBCMTD:_wctype.obj
 0001:0002ddf0       __iswupper_l               1002edf0 f i LIBCMTD:_wctype.obj
 0001:0002de10       _iswupper                  1002ee10 f i LIBCMTD:_wctype.obj
 0001:0002de30       __iswlower_l               1002ee30 f i LIBCMTD:_wctype.obj
 0001:0002de50       _iswlower                  1002ee50 f i LIBCMTD:_wctype.obj
 0001:0002de70       __iswdigit_l               1002ee70 f i LIBCMTD:_wctype.obj
 0001:0002de90       _iswdigit                  1002ee90 f i LIBCMTD:_wctype.obj
 0001:0002deb0       __iswxdigit_l              1002eeb0 f i LIBCMTD:_wctype.obj
 0001:0002ded0       _iswxdigit                 1002eed0 f i LIBCMTD:_wctype.obj
 0001:0002def0       __iswspace_l               1002eef0 f i LIBCMTD:_wctype.obj
 0001:0002df10       _iswspace                  1002ef10 f i LIBCMTD:_wctype.obj
 0001:0002df30       __iswpunct_l               1002ef30 f i LIBCMTD:_wctype.obj
 0001:0002df50       _iswpunct                  1002ef50 f i LIBCMTD:_wctype.obj
 0001:0002df70       __iswalnum_l               1002ef70 f i LIBCMTD:_wctype.obj
 0001:0002df90       _iswalnum                  1002ef90 f i LIBCMTD:_wctype.obj
 0001:0002dfb0       __iswprint_l               1002efb0 f i LIBCMTD:_wctype.obj
 0001:0002dfd0       _iswprint                  1002efd0 f i LIBCMTD:_wctype.obj
 0001:0002dff0       __iswgraph_l               1002eff0 f i LIBCMTD:_wctype.obj
 0001:0002e010       _iswgraph                  1002f010 f i LIBCMTD:_wctype.obj
 0001:0002e030       __iswcntrl_l               1002f030 f i LIBCMTD:_wctype.obj
 0001:0002e050       _iswcntrl                  1002f050 f i LIBCMTD:_wctype.obj
 0001:0002e070       _iswascii                  1002f070 f i LIBCMTD:_wctype.obj
 0001:0002e090       __iswcsym_l                1002f090 f i LIBCMTD:_wctype.obj
 0001:0002e0d0       ___iswcsym                 1002f0d0 f i LIBCMTD:_wctype.obj
 0001:0002e110       __iswcsymf_l               1002f110 f i LIBCMTD:_wctype.obj
 0001:0002e150       ___iswcsymf                1002f150 f i LIBCMTD:_wctype.obj
 0001:0002e190       __CIpow_pentium4           1002f190 f   LIBCMTD:_pow_pentium4_.obj
 0001:0002e1a9       __pow_pentium4             1002f1a9     LIBCMTD:_pow_pentium4_.obj
 0001:0002ecf0       __powhlp                   1002fcf0 f   LIBCMTD:_powhlp_.obj
 0001:0002eea0       __d_inttype                1002fea0 f   LIBCMTD:_powhlp_.obj
 0001:0002ef30       __VEC_memzero              1002ff30 f   LIBCMTD:p4_memset.obj
 0001:0002eff0       __except_handler4          1002fff0 f   LIBCMTD:chandler4.obj
 0001:0002f210       __ioinit                   10030210 f   LIBCMTD:ioinit.obj
 0001:0002f620       __ioterm                   10030620 f   LIBCMTD:ioinit.obj
 0001:0002f6c0       __lseek                    100306c0 f   LIBCMTD:lseek.obj
 0001:0002f8f0       __lseek_nolock             100308f0 f   LIBCMTD:lseek.obj
 0001:0002f9d0       __fileno                   100309d0 f   LIBCMTD:fileno.obj
 0001:0002fa50       __malloc_dbg               10030a50 f   LIBCMTD:dbgheap.obj
 0001:0002fa80       __nh_malloc                10030a80 f   LIBCMTD:dbgheap.obj
 0001:0002faa0       __nh_malloc_dbg            10030aa0 f   LIBCMTD:dbgheap.obj
 0001:0002fb80       __heap_alloc               10030b80 f   LIBCMTD:dbgheap.obj
 0001:0002ff60       __heap_alloc_dbg           10030f60 f   LIBCMTD:dbgheap.obj
 0001:0002ffc0       __calloc_dbg_impl          10030fc0 f   LIBCMTD:dbgheap.obj
 0001:00030040       __calloc_dbg               10031040 f   LIBCMTD:dbgheap.obj
 0001:000300a0       __recalloc                 100310a0 f   LIBCMTD:dbgheap.obj
 0001:000300d0       __realloc_dbg              100310d0 f   LIBCMTD:dbgheap.obj
 0001:00030770       __recalloc_dbg             10031770 f   LIBCMTD:dbgheap.obj
 0001:00030820       __expand                   10031820 f   LIBCMTD:dbgheap.obj
 0001:00030850       __expand_dbg               10031850 f   LIBCMTD:dbgheap.obj
 0001:00030960       __free_nolock              10031960 f   LIBCMTD:dbgheap.obj
 0001:00030980       __free_dbg                 10031980 f   LIBCMTD:dbgheap.obj
 0001:00030a00       __free_dbg_nolock          10031a00 f   LIBCMTD:dbgheap.obj
 0001:00030ee0       __msize                    10031ee0 f   LIBCMTD:dbgheap.obj
 0001:00030f00       __msize_dbg                10031f00 f   LIBCMTD:dbgheap.obj
 0001:000310f0       __CrtSetBreakAlloc         100320f0 f   LIBCMTD:dbgheap.obj
 0001:00031110       __CrtSetDbgBlockType       10032110 f   LIBCMTD:dbgheap.obj
 0001:00031200       __CrtSetAllocHook          10032200 f   LIBCMTD:dbgheap.obj
 0001:00031220       __CrtGetAllocHook          10032220 f   LIBCMTD:dbgheap.obj
 0001:00031270       __CrtCheckMemory           10032270 f   LIBCMTD:dbgheap.obj
 0001:000316d0       __CrtSetDbgFlag            100326d0 f   LIBCMTD:dbgheap.obj
 0001:00031820       __CrtDoForAllClientObjects 10032820 f   LIBCMTD:dbgheap.obj
 0001:00031940       __CrtIsValidPointer        10032940 f   LIBCMTD:dbgheap.obj
 0001:00031950       __CrtIsValidHeapPointer    10032950 f   LIBCMTD:dbgheap.obj
 0001:000319a0       __CrtIsMemoryBlock         100329a0 f   LIBCMTD:dbgheap.obj
 0001:00031b10       __CrtReportBlockType       10032b10 f   LIBCMTD:dbgheap.obj
 0001:00031b40       __CrtSetDumpClient         10032b40 f   LIBCMTD:dbgheap.obj
 0001:00031b60       __CrtGetDumpClient         10032b60 f   LIBCMTD:dbgheap.obj
 0001:00031b70       __CrtMemCheckpoint         10032b70 f   LIBCMTD:dbgheap.obj
 0001:00031d90       __CrtMemDifference         10032d90 f   LIBCMTD:dbgheap.obj
 0001:00031fb0       __CrtMemDumpAllObjectsSince 10032fb0 f   LIBCMTD:dbgheap.obj
 0001:000324a0       __CrtDumpMemoryLeaks       100334a0 f   LIBCMTD:dbgheap.obj
 0001:00032520       __CrtMemDumpStatistics     10033520 f   LIBCMTD:dbgheap.obj
 0001:00032630       __aligned_malloc           10033630 f   LIBCMTD:dbgheap.obj
 0001:00032650       __aligned_malloc_dbg       10033650 f   LIBCMTD:dbgheap.obj
 0001:00032680       __aligned_realloc          10033680 f   LIBCMTD:dbgheap.obj
 0001:000326b0       __aligned_recalloc         100336b0 f   LIBCMTD:dbgheap.obj
 0001:000326e0       __aligned_realloc_dbg      100336e0 f   LIBCMTD:dbgheap.obj
 0001:00032710       __aligned_recalloc_dbg     10033710 f   LIBCMTD:dbgheap.obj
 0001:00032740       __aligned_offset_malloc    10033740 f   LIBCMTD:dbgheap.obj
 0001:00032760       __aligned_offset_malloc_dbg 10033760 f   LIBCMTD:dbgheap.obj
 0001:00032920       __aligned_offset_realloc   10033920 f   LIBCMTD:dbgheap.obj
 0001:00032950       __aligned_offset_recalloc  10033950 f   LIBCMTD:dbgheap.obj
 0001:00032980       __aligned_offset_realloc_dbg 10033980 f   LIBCMTD:dbgheap.obj
 0001:00032c70       __aligned_offset_recalloc_dbg 10033c70 f   LIBCMTD:dbgheap.obj
 0001:00032d30       __aligned_free             10033d30 f   LIBCMTD:dbgheap.obj
 0001:00032d50       __aligned_free_dbg         10033d50 f   LIBCMTD:dbgheap.obj
 0001:00032e00       __CrtSetDebugFillThreshold 10033e00 f   LIBCMTD:dbgheap.obj
 0001:00032e20       __CrtSetCheckCount         10033e20 f   LIBCMTD:dbgheap.obj
 0001:00032e40       __CrtGetCheckCount         10033e40 f   LIBCMTD:dbgheap.obj
 0001:00032e50       __aligned_msize            10033e50 f   LIBCMTD:dbgheap.obj
 0001:00032e70       __aligned_msize_dbg        10033e70 f   LIBCMTD:dbgheap.obj
 0001:00032f80       __close                    10033f80 f   LIBCMTD:close.obj
 0001:00033190       __close_nolock             10034190 f   LIBCMTD:close.obj
 0001:00033260       __freebuf                  10034260 f   LIBCMTD:_freebuf.obj
 0001:000332f0       __filbuf                   100342f0 f   LIBCMTD:_filbuf.obj
 0001:00033540       __read                     10034540 f   LIBCMTD:read.obj
 0001:000337d0       __read_nolock              100347d0 f   LIBCMTD:read.obj
 0001:00034720       _memcpy_s                  10035720 f   LIBCMTD:memcpy_s.obj
 0001:000348b0       __lseeki64                 100358b0 f   LIBCMTD:lseeki64.obj
 0001:00034b00       __lseeki64_nolock          10035b00 f   LIBCMTD:lseeki64.obj
 0001:00034bf0       __ftelli64                 10035bf0 f   LIBCMTD:ftelli64.obj
 0001:00034ce0       __ftelli64_nolock          10035ce0 f   LIBCMTD:ftelli64.obj
 0001:00035270       _strtol                    10036270 f   LIBCMTD:strtol.obj
 0001:000357a0       __strtol_l                 100367a0 f   LIBCMTD:strtol.obj
 0001:000357d0       _strtoul                   100367d0 f   LIBCMTD:strtol.obj
 0001:00035820       __strtoul_l                10036820 f   LIBCMTD:strtol.obj
 0001:00035850       __strtoi64                 10036850 f   LIBCMTD:strtoq.obj
 0001:00035dc0       __strtoi64_l               10036dc0 f   LIBCMTD:strtoq.obj
 0001:00035df0       __strtoui64                10036df0 f   LIBCMTD:strtoq.obj
 0001:00035e40       __strtoui64_l              10036e40 f   LIBCMTD:strtoq.obj
 0001:00035e70       __aulldiv                  10036e70 f   LIBCMTD:ulldiv.obj
 0001:00035ee0       __setenvp                  10036ee0 f   LIBCMTD:stdenvp.obj
 0001:00036080       __setargv                  10037080 f   LIBCMTD:stdargv.obj
 0001:000361a0       __set_pgmptr               100371a0 f i LIBCMTD:stdargv.obj
 0001:00036510       ___crtGetEnvironmentStringsA 10037510 f   LIBCMTD:a_env.obj
 0001:00036610       __RTC_Initialize           10037610 f   LIBCMTD:_initsect_.obj
 0001:00036640       __RTC_Terminate            10037640 f   LIBCMTD:_initsect_.obj
 0001:00036670       __heap_init                10037670 f   LIBCMTD:heapinit.obj
 0001:000366b0       __heap_term                100376b0 f   LIBCMTD:heapinit.obj
 0001:000366d0       __get_heap_handle          100376d0 f   LIBCMTD:heapinit.obj
 0001:00036710       ___security_init_cookie    10037710 f   LIBCMTD:gs_support.obj
 0001:000367f0       ___CppXcptFilter           100377f0 f   LIBCMTD:winxfltr.obj
 0001:00036820       __XcptFilter               10037820 f   LIBCMTD:winxfltr.obj
 0001:00036a80       _DllMain@12                10037a80 f   LIBCMTD:dllmain.obj
 0001:00036a90       __openfile                 10037a90 f   LIBCMTD:_open.obj
 0001:00037250       __getstream                10038250 f   LIBCMTD:stream.obj
 0001:000374b0       __local_unwind4            100384b0 f   LIBCMTD:exsup4.obj
 0001:00037586       __seh_longjmp_unwind4@4    10038586 f   LIBCMTD:exsup4.obj
 0001:000375a2       @_EH4_CallFilterFunc@8     100385a2 f   LIBCMTD:exsup4.obj
 0001:000375b9       @_EH4_TransferToHandler@8  100385b9 f   LIBCMTD:exsup4.obj
 0001:000375d2       @_EH4_GlobalUnwind2@8      100385d2 f   LIBCMTD:exsup4.obj
 0001:000375eb       @_EH4_LocalUnwind@16       100385eb f   LIBCMTD:exsup4.obj
 0001:00037610       ___libm_setusermatherr     10038610 f   LIBCMTD:_libm_error_.obj
 0001:00037650       ___libm_error_support      10038650 f   LIBCMTD:_libm_error_.obj
 0001:00038180       __floor_default            10039180 f   LIBCMTD:_floor_.obj
 0001:000382c0       __controlfp_s              100392c0 f   LIBCMTD:_contrlfp_.obj
 0001:000383a0       __atodbl_l                 100393a0 f   LIBCMTD:atodbl.obj
 0001:000384b0       __atodbl                   100394b0 f   LIBCMTD:atodbl.obj
 0001:000384d0       __atoldbl_l                100394d0 f   LIBCMTD:atodbl.obj
 0001:000385e0       __atoldbl                  100395e0 f   LIBCMTD:atodbl.obj
 0001:00038600       __atoflt_l                 10039600 f   LIBCMTD:atodbl.obj
 0001:00038710       __atoflt                   10039710 f   LIBCMTD:atodbl.obj
 0001:00038730       __fptostr                  10039730 f   LIBCMTD:_fptostr.obj
 0001:000389e0       __fltout2                  100399e0 f   LIBCMTD:_cfout_.obj
 0001:00038a90       ___dtold                   10039a90 f   LIBCMTD:_cfout_.obj
 0001:00038bf0       __set_output_format        10039bf0 f   LIBCMTD:outputformat.obj
 0001:00038c70       __get_output_format        10039c70 f   LIBCMTD:outputformat.obj
 0001:00038c80       _strcpy_s                  10039c80 f   LIBCMTD:strcpy_s.obj
 0001:00038f60       __allrem                   10039f60 f   LIBCMTD:llrem.obj
 0001:00039020       __aullshr                  1003a020 f   LIBCMTD:ullshr.obj
 0001:00039040       __fptrap                   1003a040 f   LIBCMTD:crt0fp.obj
 0001:00039060       __CrtSetReportHook2        1003a060 f   LIBCMTD:dbgrpt.obj
 0001:00039390       __CrtDbgReport             1003a390 f   LIBCMTD:dbgrpt.obj
 0001:000393d0       __CrtDbgReportV            1003a3d0 f i LIBCMTD:dbgrpt.obj
 0001:00039400       ___crtMessageWindowA       1003a400 f   LIBCMTD:dbgrpt.obj
 0001:00039800       __87except                 1003a800 f   LIBCMTD:_87except_.obj
 0001:000399b0       ?_RTC_GetSrcLine@@YAHPAEPA_WKPAH1K@Z 1003a9b0 f   LIBCMTD:_pdblkup_.obj
 0001:0003a000       __CrtDefaultAllocHook      1003b000 f   LIBCMTD:dbghook.obj
 0001:0003a010       __crt_debugger_hook        1003b010 f   LIBCMTD:dbghook.obj
 0001:0003a030       __matherr                  1003b030 f   LIBCMTD:_matherr_.obj
 0001:0003a040       __onexit                   1003b040 f   LIBCMTD:onexit.obj
 0001:0003a210       _atexit                    1003b210 f   LIBCMTD:onexit.obj
 0001:0003a230       ___onexitinit              1003b230 f   LIBCMTD:onexit.obj
 0001:0003a290       __ValidateImageBase        1003b290 f   LIBCMTD:pesect.obj
 0001:0003a2f0       __FindPESection            1003b2f0 f   LIBCMTD:pesect.obj
 0001:0003a370       __IsNonwritableInCurrentImage 1003b370 f   LIBCMTD:pesect.obj
 0001:0003a490       __FF_MSGBANNER             1003b490 f   LIBCMTD:crt0msg.obj
 0001:0003a4e0       __GET_RTERRMSG             1003b4e0 f   LIBCMTD:crt0msg.obj
 0001:0003a530       __NMSG_WRITE               1003b530 f   LIBCMTD:crt0msg.obj
 0001:0003a870       __mtinitlocks              1003b870 f   LIBCMTD:mlock.obj
 0001:0003a900       __mtdeletelocks            1003b900 f   LIBCMTD:mlock.obj
 0001:0003a9c0       __mtinitlocknum            1003b9c0 f   LIBCMTD:mlock.obj
 0001:0003ab10       __lock                     1003bb10 f   LIBCMTD:mlock.obj
 0001:0003ab50       __unlock                   1003bb50 f   LIBCMTD:mlock.obj
 0001:0003ab70       __lockerr_exit             1003bb70 f   LIBCMTD:mlock.obj
 0001:0003ab90       __initp_eh_hooks           1003bb90 f   LIBCMTD:hooks.obj
 0001:0003abb0       ?terminate@@YAXXZ          1003bbb0 f   LIBCMTD:hooks.obj
 0001:0003ac30       ?unexpected@@YAXXZ         1003bc30 f   LIBCMTD:hooks.obj
 0001:0003ac60       ?_inconsistency@@YAXXZ     1003bc60 f   LIBCMTD:hooks.obj
 0001:0003acf0       __initp_misc_rand_s        1003bcf0 f   LIBCMTD:rand_s.obj
 0001:0003ad00       _rand_s                    1003bd00 f   LIBCMTD:rand_s.obj
 0001:0003af20       ___getlocaleinfo           1003bf20 f   LIBCMTD:inithelp.obj
 0001:0003b200       __initp_misc_purevirt      1003c200 f   LIBCMTD:inithelp.obj
 0001:0003b210       __initp_heap_handler       1003c210 f   LIBCMTD:handler.obj
 0001:0003b220       ?_set_new_handler@@YAP6AHI@ZP6AHI@Z@Z 1003c220 f   LIBCMTD:handler.obj
 0001:0003b260       ?_set_new_handler@@YAP6AHI@ZH@Z 1003c260 f   LIBCMTD:handler.obj
 0001:0003b2a0       ?_query_new_handler@@YAP6AHI@ZXZ 1003c2a0 f   LIBCMTD:handler.obj
 0001:0003b2c0       __callnewh                 1003c2c0 f   LIBCMTD:handler.obj
 0001:0003b300       __aullrem                  1003c300 f   LIBCMTD:ullrem.obj
 0001:0003b380       __commit                   1003c380 f   LIBCMTD:commit.obj
 0001:0003b5a0       __write                    1003c5a0 f   LIBCMTD:write.obj
 0001:0003b7d0       __write_nolock             1003c7d0 f   LIBCMTD:write.obj
 0001:0003c310       __stbuf                    1003d310 f   LIBCMTD:_sftbuf.obj
 0001:0003c470       __ftbuf                    1003d470 f   LIBCMTD:_sftbuf.obj
 0001:0003c500       __woutput_l                1003d500 f   LIBCMTD:woutput.obj
 0001:0003d700       _vfwprintf_helper          1003e700 f   LIBCMTD:vfwprint.obj
 0001:0003d880       __vfwprintf_l              1003e880 f   LIBCMTD:vfwprint.obj
 0001:0003d8b0       __vfwprintf_s_l            1003e8b0 f   LIBCMTD:vfwprint.obj
 0001:0003d8e0       __vfwprintf_p_l            1003e8e0 f   LIBCMTD:vfwprint.obj
 0001:0003d910       _vfwprintf                 1003e910 f   LIBCMTD:vfwprint.obj
 0001:0003d940       _vfwprintf_s               1003e940 f   LIBCMTD:vfwprint.obj
 0001:0003d970       __vfwprintf_p              1003e970 f   LIBCMTD:vfwprint.obj
 0001:0003d9a0       __fcloseall                1003e9a0 f   LIBCMTD:closeall.obj
 0001:0003dad0       __woutput_s_l              1003ead0 f   LIBCMTD:woutputs.obj
 0001:0003ee20       __validate_param_reuseW    1003fe20 f   LIBCMTD:woutputp.obj
 0001:0003f090       __woutput_p_l              10040090 f   LIBCMTD:woutputp.obj
 0001:00042820       ___crtGetStringTypeA       10043820 f   LIBCMTD:a_str.obj
 0001:00042990       ?_JumpToContinuation@@YGXPAXPAUEHRegistrationNode@@@Z 10043990 f   LIBCMTD:_trnsctrl_.obj
 0001:000429d0       ?_CallMemberFunction0@@YGXPAX0@Z 100439d0 f   LIBCMTD:_trnsctrl_.obj
 0001:000429e0       ?_CallMemberFunction1@@YGXPAX00@Z 100439e0 f   LIBCMTD:_trnsctrl_.obj
 0001:000429f0       ?_CallMemberFunction2@@YGXPAX00H@Z 100439f0 f   LIBCMTD:_trnsctrl_.obj
 0001:00042a00       ?_UnwindNestedFrames@@YGXPAUEHRegistrationNode@@PAUEHExceptionRecord@@@Z 10043a00 f   LIBCMTD:_trnsctrl_.obj
 0001:00042a60       ___CxxFrameHandler         10043a60 f   LIBCMTD:_trnsctrl_.obj
 0001:00042aa0       ___CxxFrameHandler3        10043aa0 f   LIBCMTD:_trnsctrl_.obj
 0001:00042ae0       ___CxxFrameHandler2        10043ae0 f   LIBCMTD:_trnsctrl_.obj
 0001:00042b20       ___CxxLongjmpUnwind@4      10043b20 f   LIBCMTD:_trnsctrl_.obj
 0001:00042b50       ?_CallCatchBlock2@@YAPAXPAUEHRegistrationNode@@PBU_s_FuncInfo@@PAXHK@Z 10043b50 f   LIBCMTD:_trnsctrl_.obj
 0001:00042c10       ?_CallSETranslator@@YAHPAUEHExceptionRecord@@PAUEHRegistrationNode@@PAX2PBU_s_FuncInfo@@H1@Z 10043c10 f   LIBCMTD:_trnsctrl_.obj
 0001:00042db0       ?_GetRangeOfTrysToCheck@@YAPBU_s_TryBlockMapEntry@@PBU_s_FuncInfo@@HHPAI1@Z 10043db0 f   LIBCMTD:_trnsctrl_.obj
 0001:00042e30       __CreateFrameInfo          10043e30 f   LIBCMTD:_trnsctrl_.obj
 0001:00042e60       __IsExceptionObjectToBeDestroyed 10043e60 f   LIBCMTD:_trnsctrl_.obj
 0001:00042e90       __FindAndUnlinkFrame       10043e90 f   LIBCMTD:_trnsctrl_.obj
 0001:00042ef0       ___init_time               10043ef0 f   LIBCMTD:inittime.obj
 0001:00043c20       ___free_lc_time            10044c20 f   LIBCMTD:inittime.obj
 0001:00044290       ___init_numeric            10045290 f   LIBCMTD:initnum.obj
 0001:00044640       ___free_lconv_num          10045640 f   LIBCMTD:initnum.obj
 0001:000446f0       ___init_monetary           100456f0 f   LIBCMTD:initmon.obj
 0001:00044ce0       ___free_lconv_mon          10045ce0 f   LIBCMTD:initmon.obj
 0001:00044e90       _localeconv                10045e90 f   LIBCMTD:lconv.obj
 0001:00044ee0       ___pwctype_func            10045ee0 f   LIBCMTD:ctype.obj
 0001:00044ef0       ___pctype_func             10045ef0 f   LIBCMTD:ctype.obj
 0001:00044f40       ___init_ctype              10045f40 f   LIBCMTD:initctyp.obj
 0001:000454f0       ____mb_cur_max_func        100464f0 f   LIBCMTD:initctyp.obj
 0001:00045540       ____mb_cur_max_l_func      10046540 f   LIBCMTD:initctyp.obj
 0001:00045570       ____lc_codepage_func       10046570 f   LIBCMTD:initctyp.obj
 0001:000455c0       ____lc_collate_cp_func     100465c0 f   LIBCMTD:initctyp.obj
 0001:00045610       ____lc_handle_func         10046610 f   LIBCMTD:initctyp.obj
 0001:00045660       ___init_collate            10046660 f   LIBCMTD:initcoll.obj
 0001:00045670       _strncpy_s                 10046670 f   LIBCMTD:strncpy_s.obj
 0001:00045a60       _strcspn                   10046a60 f   LIBCMTD:strcspn.obj
 0001:00045ab0       _strpbrk                   10046ab0 f   LIBCMTD:strpbrk.obj
 0001:00045af0       _memcmp                    10046af0 f   LIBCMTD:memcmp.obj
 0001:00046560       _strcat_s                  10047560 f   LIBCMTD:strcat_s.obj
 0001:00046940       ___get_qualified_locale    10047940 f   LIBCMTD:getqloc.obj
 0001:000477a0       __mbtowc_l                 100487a0 f   LIBCMTD:mbtowc.obj
 0001:000479c0       _mbtowc                    100489c0 f   LIBCMTD:mbtowc.obj
 0001:000479e0       _ungetc                    100489e0 f   LIBCMTD:ungetc.obj
 0001:00047ad0       __ungetc_nolock            10048ad0 f   LIBCMTD:ungetc.obj
 0001:00047cf0       __CrtDbgBreak              10048cf0 f   LIBCMTD:dbgrptt.obj
 0001:00047d00       __CrtSetReportMode         10048d00 f   LIBCMTD:dbgrptt.obj
 0001:00047e40       __CrtSetReportFile         10048e40 f   LIBCMTD:dbgrptt.obj
 0001:00047f40       __CrtSetReportHook         10048f40 f   LIBCMTD:dbgrptt.obj
 0001:00047f60       __CrtGetReportHook         10048f60 f   LIBCMTD:dbgrptt.obj
 0001:00047f70       __VCrtDbgReportA           10048f70 f   LIBCMTD:dbgrptt.obj
 0001:000487a0       __VCrtDbgReportW           100497a0 f   LIBCMTD:dbgrptt.obj
 0001:000490d0       __swprintf                 1004a0d0 f   LIBCMTD:swprintf.obj
 0001:000492d0       ___swprintf_l              1004a2d0 f   LIBCMTD:swprintf.obj
 0001:00049300       _swprintf_s                1004a300 f   LIBCMTD:swprintf.obj
 0001:00049330       __snwprintf_s              1004a330 f   LIBCMTD:swprintf.obj
 0001:00049360       __swprintf_p               1004a360 f   LIBCMTD:swprintf.obj
 0001:00049390       __swprintf_s_l             1004a390 f   LIBCMTD:swprintf.obj
 0001:000493c0       __snwprintf_s_l            1004a3c0 f   LIBCMTD:swprintf.obj
 0001:000493f0       __swprintf_p_l             1004a3f0 f   LIBCMTD:swprintf.obj
 0001:00049420       __scwprintf                1004a420 f   LIBCMTD:swprintf.obj
 0001:00049440       __scwprintf_p              1004a440 f   LIBCMTD:swprintf.obj
 0001:00049460       __scwprintf_l              1004a460 f   LIBCMTD:swprintf.obj
 0001:00049490       __scwprintf_p_l            1004a490 f   LIBCMTD:swprintf.obj
 0001:000494c0       __getbuf                   1004a4c0 f   LIBCMTD:_getbuf.obj
 0001:00049590       __isatty                   1004a590 f   LIBCMTD:isatty.obj
[...]
 0001:00021090       @x64tow_s@24               10022090 f   LIBCMTD:xtows.obj
 0001:000225f0       _flsall                    100235f0 f   LIBCMTD:fflush.obj
 0001:00024f70       ?getSystemCP@@YAHH@Z       10025f70 f   LIBCMTD:mbctype.obj
 0001:000253d0       ?CPtoLCID@@YAHH@Z          100263d0 f   LIBCMTD:mbctype.obj
 0001:00025450       ?setSBCS@@YAXPAUthreadmbcinfostruct@@@Z 10026450 f   LIBCMTD:mbctype.obj
 0001:00025530       ?setSBUpLow@@YAXPAUthreadmbcinfostruct@@@Z 10026530 f   LIBCMTD:mbctype.obj
 0001:00026c90       __copytlocinfo_nolock      10027c90 f   LIBCMTD:setlocal.obj
 0001:00027090       _sync_legacy_variables_lk  10028090 f   LIBCMTD:setlocal.obj
 0001:000270d0       __setlocale_nolock         100280d0 f   LIBCMTD:setlocal.obj
 0001:000274c0       __setlocale_set_cat        100284c0 f   LIBCMTD:setlocal.obj
 0001:000279f0       __setlocale_get_all        100289f0 f   LIBCMTD:setlocal.obj
 0001:00029a40       ___check_float_string      1002aa40 f   LIBCMTD:input.obj
 0001:00029b60       __hextodec                 1002ab60 f   LIBCMTD:input.obj
 0001:00029ba0       __inc                      1002aba0 f   LIBCMTD:input.obj
 0001:00029c00       __un_inc                   1002ac00 f   LIBCMTD:input.obj
 0001:00029c20       __whiteout                 1002ac20 f   LIBCMTD:input.obj
 0001:0002bfc0       ___check_float_string      1002cfc0 f   LIBCMTD:inputs.obj
 0001:0002c0c0       __hextodec                 1002d0c0 f   LIBCMTD:inputs.obj
 0001:0002c100       __inc                      1002d100 f   LIBCMTD:inputs.obj
 0001:0002c160       __un_inc                   1002d160 f   LIBCMTD:inputs.obj
 0001:0002c180       __whiteout                 1002d180 f   LIBCMTD:inputs.obj
 0001:0002d760       _write_char                1002e760 f   LIBCMTD:output.obj
 0001:0002d810       _write_multi_char          1002e810 f   LIBCMTD:output.obj
 0001:0002d850       _write_string              1002e850 f   LIBCMTD:output.obj
 0001:0002d9c0       ?__crtLCMapStringA_stat@@YAHPAUlocaleinfo_struct@@KKPBDHPADHHH@Z 1002e9c0 f   LIBCMTD:a_map.obj
 0001:0002dcf0       ?strncnt@@YAHPBDH@Z        1002ecf0 f   LIBCMTD:a_map.obj
 0001:0002f1b0       _ValidateLocalCookies      100301b0 f   LIBCMTD:chandler4.obj
 0001:0002fb00       __nh_malloc_dbg_impl       10030b00 f   LIBCMTD:dbgheap.obj
 0001:0002fba0       __heap_alloc_dbg_impl      10030ba0 f   LIBCMTD:dbgheap.obj
 0001:00030170       _realloc_help              10031170 f   LIBCMTD:dbgheap.obj
 0001:00031230       _CheckBytes                10032230 f   LIBCMTD:dbgheap.obj
 0001:00031ff0       ?_CrtMemDumpAllObjectsSince_stat@@YAXPBU_CrtMemState@@PAUlocaleinfo_struct@@@Z 10032ff0 f   LIBCMTD:dbgheap.obj
 0001:00032300       __printMemBlockData        10033300 f   LIBCMTD:dbgheap.obj
 0001:000352c0       ?strtoxl@@YAKPAUlocaleinfo_struct@@PBDPAPBDHH@Z 100362c0 f   LIBCMTD:strtol.obj
 0001:000358a0       ?strtoxq@@YA_KPAUlocaleinfo_struct@@PBDPAPBDHH@Z 100368a0 f   LIBCMTD:strtoq.obj
 0001:000361b0       _parse_cmdline             100371b0 f   LIBCMTD:stdargv.obj
 0001:00036a20       _xcptlookup                10037a20 f   LIBCMTD:winxfltr.obj
 0001:00037540       __unwind_handler4          10038540 f   LIBCMTD:exsup4.obj
 0001:00039c70       ?GetPdbDll@@YAPAUHINSTANCE__@@XZ 1003ac70 f   LIBCMTD:_pdblkup_.obj
 0001:00039d60       ?GetPdbDllFromInstallPath@@YAPAUHINSTANCE__@@XZ 1003ad60 f   LIBCMTD:_pdblkup_.obj
 0001:00039f20       ?GetPdbDllPathFromFilePath@@YAHPB_WPA_WI@Z 1003af20 f   LIBCMTD:_pdblkup_.obj
 0001:0003a0c0       __onexit_nolock            1003b0c0 f   LIBCMTD:onexit.obj
 0001:0003d5b0       _write_char                1003e5b0 f   LIBCMTD:woutput.obj
 0001:0003d610       _write_multi_char          1003e610 f   LIBCMTD:woutput.obj
 0001:0003d650       _write_string              1003e650 f   LIBCMTD:woutput.obj
 0001:0003ecd0       _write_char                1003fcd0 f   LIBCMTD:woutputs.obj
 0001:0003ed30       _write_multi_char          1003fd30 f   LIBCMTD:woutputs.obj
 0001:0003ed70       _write_string              1003fd70 f   LIBCMTD:woutputs.obj
 0001:000426d0       _write_char                100436d0 f   LIBCMTD:woutputp.obj
 0001:00042730       _write_multi_char          10043730 f   LIBCMTD:woutputp.obj
 0001:00042770       _write_string              10043770 f   LIBCMTD:woutputp.obj
 0001:00042880       ?__crtGetStringTypeA_stat@@YAHPAUlocaleinfo_struct@@KPBDHPAGHHH@Z 10043880 f   LIBCMTD:a_str.obj
 0001:00042bc0       ?CatchGuardHandler@@YA?AW4_EXCEPTION_DISPOSITION@@PAUEHExceptionRecord@@PAUCatchGuardRN@@PAX2@Z 10043bc0 f   LIBCMTD:_trnsctrl_.obj
 0001:00042d00       ?TranslatorGuardHandler@@YA?AW4_EXCEPTION_DISPOSITION@@PAUEHExceptionRecord@@PAUTranslatorGuardRN@@PAX2@Z 10043d00 f   LIBCMTD:_trnsctrl_.obj
 0001:00042fe0       __get_lc_time              10043fe0 f   LIBCMTD:inittime.obj
 0001:000445c0       _fix_grouping              100455c0 f   LIBCMTD:initnum.obj
 0001:00044c60       _fix_grouping              10045c60 f   LIBCMTD:initmon.obj
 0001:00045cb0       _cmpBYTE                   10046cb0 f   LIBCMTD:memcmp.obj
 0001:00045ce0       _cmpResult                 10046ce0 f   LIBCMTD:memcmp.obj
 0001:00045d00       _unaligned_memcmp          10046d00 f   LIBCMTD:memcmp.obj
 0001:00046410       _cmpWORD                   10047410 f   LIBCMTD:memcmp.obj
 0001:00046490       _cmpDWORD                  10047490 f   LIBCMTD:memcmp.obj
 0001:00046bf0       _TranslateName             10047bf0 f   LIBCMTD:getqloc.obj
 0001:00046c80       _GetLcidFromLangCountry    10047c80 f   LIBCMTD:getqloc.obj
 0001:00046d40       _LangCountryEnumProc@4     10047d40 f   LIBCMTD:getqloc.obj
 0001:00047180       _GetLcidFromLanguage       10048180 f   LIBCMTD:getqloc.obj
 0001:00047200       _LanguageEnumProc@4        10048200 f   LIBCMTD:getqloc.obj
 0001:000473a0       _GetLcidFromCountry        100483a0 f   LIBCMTD:getqloc.obj
 0001:000473f0       _CountryEnumProc@4         100483f0 f   LIBCMTD:getqloc.obj
 0001:000474f0       _GetLcidFromDefault        100484f0 f   LIBCMTD:getqloc.obj
 0001:00047530       _ProcessCodePage           10048530 f   LIBCMTD:getqloc.obj
 0001:000475e0       _TestDefaultCountry        100485e0 f   LIBCMTD:getqloc.obj
 0001:00047630       _TestDefaultLanguage       10048630 f   LIBCMTD:getqloc.obj
 0001:000476b0       _LcidFromHexString         100486b0 f   LIBCMTD:getqloc.obj
 0001:00047730       _GetPrimaryLen             10048730 f   LIBCMTD:getqloc.obj
 0001:0004af30       __is_LFH_enabled           1004bf30 f   LIBCMTD:expand.obj
 0001:0004b7b0       ?x_ismbbtype_l@@YAHPAUlocaleinfo_struct@@IHH@Z 1004c7b0 f   LIBCMTD:ismbbyte.obj
 0001:0004bc50       __tsopen_nolock            1004cc50 f   LIBCMTD:open.obj
 0001:0004d4f0       __unwind_handler           1004e4f0 f   LIBCMTD:exsup.obj
 0001:0004d960       __abstract_cw              1004e960 f   LIBCMTD:_ieee87_.obj
 0001:0004dab0       __hw_cw                    1004eab0 f   LIBCMTD:_ieee87_.obj
 0001:0004dc10       __abstract_sw              1004ec10 f   LIBCMTD:_ieee87_.obj
 0001:0004dca0       ___statusfp_sse2           1004eca0 f   LIBCMTD:_ieee87_.obj
 0001:0004dcc0       ___clearfp_sse2            1004ecc0 f   LIBCMTD:_ieee87_.obj
 0001:0004dcf0       ___control87_sse2          1004ecf0 f   LIBCMTD:_ieee87_.obj
 0001:0004dd70       ___abstract_cw_sse2        1004ed70 f   LIBCMTD:_ieee87_.obj
 0001:0004dec0       ___hw_cw_sse2              1004eec0 f   LIBCMTD:_ieee87_.obj
 0001:0004e010       ___abstract_sw_sse2        1004f010 f   LIBCMTD:_ieee87_.obj
 0001:0004e0a0       ___fpreset_sse2            1004f0a0 f   LIBCMTD:_ieee87_.obj
 0001:00050be0       ?__crtGetLocaleInfoA_stat@@YAHPAUlocaleinfo_struct@@KKPADH@Z 10051be0 f   LIBCMTD:a_loc.obj
 0001:00052610       _write_char                10053610 f   LIBCMTD:outputs.obj
 0001:000526c0       _write_multi_char          100536c0 f   LIBCMTD:outputs.obj
 0001:00052700       _write_string              10053700 f   LIBCMTD:outputs.obj
 0001:00056490       _write_char                10057490 f   LIBCMTD:outputp.obj
 0001:00056540       _write_multi_char          10057540 f   LIBCMTD:outputp.obj
 0001:00056580       _write_string              10057580 f   LIBCMTD:outputp.obj
 0001:00056670       ?wcstoxl@@YAKPB_WPAPB_WHH@Z 10057670 f   LIBCMTD:wcstol.obj
 0001:00056be0       ?FindHandler@@YAXPAUEHExceptionRecord@@PAUEHRegistrationNode@@PAU_CONTEXT@@PAXPBU_s_FuncInfo@@EH1@Z 10057be0 f   LIBCMTD:frame.obj
 0001:00057130       ?FindHandlerForForeignException@@YAXPAUEHExceptionRecord@@PAUEHRegistrationNode@@PAU_CONTEXT@@PAXPBU_s_FuncInfo@@HH1@Z 10058130 f   LIBCMTD:frame.obj
 0001:00057570       ?CatchIt@@YAXPAUEHExceptionRecord@@PAUEHRegistrationNode@@PAU_CONTEXT@@PAXPBU_s_FuncInfo@@PBU_s_HandlerType@@PBU_s_CatchableType@@PBU_s_TryBlockMapEntry@@H1E@Z 10058570 f   LIBCMTD:frame.obj
 0001:00057630       ?CallCatchBlock@@YAPAXPAUEHExceptionRecord@@PAUEHRegistrationNode@@PAU_CONTEXT@@PBU_s_FuncInfo@@PAXHK@Z 10058630 f   LIBCMTD:frame.obj
 0001:000578c0       ?ExFilterRethrow@@YAHPAU_EXCEPTION_POINTERS@@@Z 100588c0 f   LIBCMTD:frame.obj
 0001:00058530       ?IsInExceptionSpec@@YAEPAUEHExceptionRecord@@PBU_s_ESTypeList@@@Z 10059530 f   LIBCMTD:frame.obj
 0001:000585f0       ?CallUnexpected@@YAXPBU_s_ESTypeList@@@Z 100595f0 f   LIBCMTD:frame.obj
 0001:0005863e       __catch$?CallUnexpected@@YAXPBU_s_ESTypeList@@@Z$0 1005963e f   LIBCMTD:frame.obj
 0001:00058680       ?Is_bad_exception_allowed@@YAEPBU_s_ESTypeList@@@Z 10059680 f   LIBCMTD:frame.obj
 0001:00058860       _xtoa_s@20                 10059860 f   LIBCMTD:xtoas.obj
 0001:00058c80       @x64toa_s@24               10059c80 f   LIBCMTD:xtoas.obj
 0001:0005aa10       ?wcsncnt@@YAIPB_WI@Z       1005ba10 f   LIBCMTD:wcstombs.obj
 0001:00067310       ?und_strlen@@YAIPBD@Z      10068310 f   LIBCMTD:undname.obj
 0001:00067350       ?und_memcpy@@YAXPADPBDI@Z  10068350 f   LIBCMTD:undname.obj
 0001:00067390       ?und_strncmp@@YAIPBD0I@Z   10068390 f   LIBCMTD:undname.obj
 0001:00067ca0       __os_body_expand           10068ca0 f   libogg_static:framing.obj
 0001:00067d30       __os_lacing_expand         10068d30 f   libogg_static:framing.obj
 0001:00067ec0       _ogg_stream_flush_i        10068ec0 f   libogg_static:framing.obj
 0001:00069010       __packetout                1006a010 f   libogg_static:framing.obj
 0001:000695a0       _tagcompare                1006a5a0 f   libvorbis_static:info.obj
 0001:00069c10       __v_readstring             1006ac10 f   libvorbis_static:info.obj
 0001:00069e00       __vorbis_unpack_info       1006ae00 f   libvorbis_static:info.obj
 0001:00069f60       __vorbis_unpack_comment    1006af60 f   libvorbis_static:info.obj
 0001:0006a130       __vorbis_unpack_books      1006b130 f   libvorbis_static:info.obj
 0001:0006a730       __vorbis_pack_comment      1006b730 f   libvorbis_static:info.obj
 0001:0006a860       __v_writestring            1006b860 f   libvorbis_static:info.obj
 0001:0006ac60       __vorbis_pack_info         1006bc60 f   libvorbis_static:info.obj
 0001:0006ad80       _ilog2                     1006bd80 f   libvorbis_static:info.obj
 0001:0006add0       __vorbis_pack_books        1006bdd0 f   libvorbis_static:info.obj
 0001:0006b5f0       __vds_shared_init          1006c5f0 f   libvorbis_static:block.obj
 0001:0006bb40       _ilog2                     1006cb40 f   libvorbis_static:block.obj
 0001:0006c2c0       __preextrapolate_helper    1006d2c0 f   libvorbis_static:block.obj
 0001:0006e6d0       _setup_tone_curves         1006f6d0 f   libvorbis_static:psy.obj
 0001:0006f460       _min_curve                 10070460 f   libvorbis_static:psy.obj
 0001:0006f4c0       _max_curve                 100704c0 f   libvorbis_static:psy.obj
 0001:0006f520       _attenuate_curve           10070520 f   libvorbis_static:psy.obj
 0001:0006f890       _bark_noise_hybridmp       10070890 f   libvorbis_static:psy.obj
 0001:00070240       _seed_loop                 10071240 f   libvorbis_static:psy.obj
 0001:000703a0       _seed_curve                100713a0 f   libvorbis_static:psy.obj
 0001:000704d0       _max_seeds                 100714d0 f   libvorbis_static:psy.obj
 0001:000706b0       _seed_chase                100716b0 f   libvorbis_static:psy.obj
 0001:000718a0       _flag_lossless             100728a0 f   libvorbis_static:psy.obj
 0001:00071950       _noise_normalize           10072950 f   libvorbis_static:psy.obj
 0001:00071d10       _unitnorm                  10072d10 f   libvorbis_static:psy.obj
 0001:00071d80       _apsort                    10072d80 f   libvorbis_static:psy.obj
 0001:00072e70       _bitreverse                10073e70 f   libvorbis_static:sharedbook.obj
 0001:00072f00       _sort32a                   10073f00 f   libvorbis_static:sharedbook.obj
 0001:00073900       _decode_packed_entry_number 10074900 f   libvorbis_static:codebook.obj
 0001:00073ac0       _bitreverse                10074ac0 f   libvorbis_static:codebook.obj
 0001:00075110       __ve_amp                   10076110 f   libvorbis_static:envelope.obj
 0001:000757b0       _todB                      100767b0 f   libvorbis_static:envelope.obj
 0001:00075ab0       _drftf1                    10076ab0 f   libvorbis_static:smallft.obj
 0001:00075d40       _dradf2                    10076d40 f   libvorbis_static:smallft.obj
 0001:00076000       _dradf4                    10077000 f   libvorbis_static:smallft.obj
 0001:00076510       _dradfg                    10077510 f   libvorbis_static:smallft.obj
 0001:000773d0       _drftb1                    100783d0 f   libvorbis_static:smallft.obj
 0001:000776d0       _dradb2                    100786d0 f   libvorbis_static:smallft.obj
 0001:00077990       _dradb3                    10078990 f   libvorbis_static:smallft.obj
 0001:00077cf0       _dradb4                    10078cf0 f   libvorbis_static:smallft.obj
 0001:00078240       _dradbg                    10079240 f   libvorbis_static:smallft.obj
 0001:00079140       _fdrffti                   1007a140 f   libvorbis_static:smallft.obj
 0001:00079170       _drfti1                    1007a170 f   libvorbis_static:smallft.obj
 0001:00079c80       _mdct_butterflies          1007ac80 f   libvorbis_static:mdct.obj
 0001:00079d90       _mdct_butterfly_32         1007ad90 f   libvorbis_static:mdct.obj
 0001:0007a120       _mdct_butterfly_16         1007b120 f   libvorbis_static:mdct.obj
 0001:0007a2d0       _mdct_butterfly_8          1007b2d0 f   libvorbis_static:mdct.obj
 0001:0007a3c0       _mdct_butterfly_first      1007b3c0 f   libvorbis_static:mdct.obj
 0001:0007a5f0       _mdct_butterfly_generic    1007b5f0 f   libvorbis_static:mdct.obj
 0001:0007a840       _mdct_bitreverse           1007b840 f   libvorbis_static:mdct.obj
 0001:0007b480       _mapping0_free_info        1007c480 f   libvorbis_static:mapping0.obj
 0001:0007b4d0       _mapping0_pack             1007c4d0 f   libvorbis_static:mapping0.obj
 0001:0007b6c0       _ilog                      1007c6c0 f   libvorbis_static:mapping0.obj
 0001:0007b710       _mapping0_unpack           1007c710 f   libvorbis_static:mapping0.obj
 0001:0007ba20       _mapping0_forward          1007ca20 f   libvorbis_static:mapping0.obj
 0001:0007c660       _todB                      1007d660 f   libvorbis_static:mapping0.obj
 0001:0007c6e0       _mapping0_inverse          1007d6e0 f   libvorbis_static:mapping0.obj
 0001:0007cfc0       _ilog                      1007dfc0 f   libvorbis_static:res0.obj
 0001:0007d000       _icount                    1007e000 f   libvorbis_static:res0.obj
 0001:0007d600       __01inverse                1007e600 f   libvorbis_static:res0.obj
 0001:0007d9e0       __encodepart               1007e9e0 f   libvorbis_static:res0.obj
 0001:0007da80       _local_book_besterror      1007ea80 f   libvorbis_static:res0.obj
 0001:0007df20       __01forward                1007ef20 f   libvorbis_static:res0.obj
 0001:0007e350       __01class                  1007f350 f   libvorbis_static:res0.obj
 0001:0007e6b0       __2class                   1007f6b0 f   libvorbis_static:res0.obj
 0001:0007ec40       _floor1_free_info          1007fc40 f   libvorbis_static:floor1.obj
 0001:0007ec90       _floor1_free_look          1007fc90 f   libvorbis_static:floor1.obj
 0001:0007ece0       _floor1_pack               1007fce0 f   libvorbis_static:floor1.obj
 0001:0007ef30       _ilog2                     1007ff30 f   libvorbis_static:floor1.obj
 0001:0007ef80       _floor1_unpack             1007ff80 f   libvorbis_static:floor1.obj
 0001:0007f390       _icomp                     10080390 f   libvorbis_static:floor1.obj
 0001:0007f3b0       _floor1_look               100803b0 f   libvorbis_static:floor1.obj
 0001:00080100       _render_point              10081100 f   libvorbis_static:floor1.obj
 0001:00080190       _accumulate_fit            10081190 f   libvorbis_static:floor1.obj
 0001:000803a0       _vorbis_dBquant            100813a0 f   libvorbis_static:floor1.obj
 0001:000803f0       _fit_line                  100813f0 f   libvorbis_static:floor1.obj
 0001:00080770       _inspect_error             10081770 f   libvorbis_static:floor1.obj
 0001:00080a20       _post_Y                    10081a20 f   libvorbis_static:floor1.obj
 0001:00081520       _ilog                      10082520 f   libvorbis_static:floor1.obj
 0001:00081560       _render_line0              10082560 f   libvorbis_static:floor1.obj
 0001:00081680       _floor1_inverse1           10082680 f   libvorbis_static:floor1.obj
 0001:00081a60       _floor1_inverse2           10082a60 f   libvorbis_static:floor1.obj
 0001:00081c50       _render_line               10082c50 f   libvorbis_static:floor1.obj
 0001:00081d90       _floor0_free_info          10082d90 f   libvorbis_static:floor0.obj
 0001:00081de0       _floor0_free_look          10082de0 f   libvorbis_static:floor0.obj
 0001:00081e80       _floor0_unpack             10082e80 f   libvorbis_static:floor0.obj
 0001:00082020       _floor0_look               10083020 f   libvorbis_static:floor0.obj
 0001:00082090       _floor0_inverse1           10083090 f   libvorbis_static:floor0.obj
 0001:00082240       _floor0_inverse2           10083240 f   libvorbis_static:floor0.obj
 0001:00082320       _floor0_map_lazy_init      10083320 f   libvorbis_static:floor0.obj
 0001:00082b30       _cheby                     10083b30 f   libvorbis_static:lsp.obj
 0001:00082bd0       _comp                      10083bd0 f   libvorbis_static:lsp.obj
 0001:00082c40       _Laguerre_With_Deflation   10083c40 f   libvorbis_static:lsp.obj
 0001:00082f10       _Newton_Raphson            10083f10 f   libvorbis_static:lsp.obj
 0001:00083fd0       _oggpack_writecopy_helper  10084fd0 f   libogg_static:bitwise.obj
 0001:00084c20       __unwindfunclet$?getSystemCP@@YAHH@Z$0 10085c20 f   LIBCMTD:mbctype.obj
 0001:00084c28       __ehhandler$?getSystemCP@@YAHH@Z 10085c28 f   LIBCMTD:mbctype.obj
 0001:00084c50       __unwindfunclet$?strtoxl@@YAKPAUlocaleinfo_struct@@PBDPAPBDHH@Z$0 10085c50 f   LIBCMTD:strtol.obj
 0001:00084c58       __ehhandler$?strtoxl@@YAKPAUlocaleinfo_struct@@PBDPAPBDHH@Z 10085c58 f   LIBCMTD:strtol.obj
 0001:00084c80       __unwindfunclet$?strtoxq@@YA_KPAUlocaleinfo_struct@@PBDPAPBDHH@Z$0 10085c80 f   LIBCMTD:strtoq.obj
 0001:00084c88       __ehhandler$?strtoxq@@YA_KPAUlocaleinfo_struct@@PBDPAPBDHH@Z 10085c88 f   LIBCMTD:strtoq.obj
 0001:00084cb0       __unwindfunclet$?x_ismbbtype_l@@YAHPAUlocaleinfo_struct@@IHH@Z$0 10085cb0 f   LIBCMTD:ismbbyte.obj
 0001:00084cb8       __ehhandler$?x_ismbbtype_l@@YAHPAUlocaleinfo_struct@@IHH@Z 10085cb8 f   LIBCMTD:ismbbyte.obj
 0001:00084ce0       __ehhandler$?CallUnexpected@@YAXPBU_s_ESTypeList@@@Z 10085ce0 f   LIBCMTD:frame.obj
 0001:00084d00       __unwindfunclet$?make@DNameStatusNode@@SAPAV1@W4DNameStatus@@@Z$0 10085d00 f   LIBCMTD:undname.obj
 0001:00084d0e       __ehhandler$?make@DNameStatusNode@@SAPAV1@W4DNameStatus@@@Z 10085d0e f   LIBCMTD:undname.obj
