 cin_x86

 Timestamp is 51ba276c (Fri Jun 14 00:11:24 2013)

 Preferred load address is 10000000

 Start         Length     Name                   Class
 0001:00000000 00085ca4H .text                   CODE
 0001:00085cb0 00000109H .text$x                 CODE
 0002:00000000 0000014cH .idata$5                DATA
 0002:0000014c 00000004H .CRT$XCA                DATA
 0002:00000150 00000004H .CRT$XCZ                DATA
 0002:00000154 00000004H .CRT$XIA                DATA
 0002:00000158 00000014H .CRT$XIC                DATA
 0002:0000016c 00000004H .CRT$XIZ                DATA
 0002:00000170 00000004H .CRT$XPA                DATA
 0002:00000174 00000008H .CRT$XPX                DATA
 0002:0000017c 00000004H .CRT$XPXA               DATA
 0002:00000180 00000004H .CRT$XPZ                DATA
 0002:00000184 00000004H .CRT$XTA                DATA
 0002:00000188 00000004H .CRT$XTZ                DATA
 0002:00000190 000274b0H .rdata                  DATA
 0002:00027640 0000004dH .rdata$debug            DATA
 0002:00027690 000001c4H .rdata$r                DATA
 0002:00027860 0000002cH .rdata$sxdata           DATA
 0002:0002788c 00000004H .rtc$IAA                DATA
 0002:00027890 000000a4H .rtc$IMZ                DATA
 0002:00027934 00000004H .rtc$IZZ                DATA
 0002:00027938 00000004H .rtc$TAA                DATA
 0002:0002793c 000000a4H .rtc$TMZ                DATA
 0002:000279e0 00000004H .rtc$TZZ                DATA
 0002:000279e8 00000b58H .xdata$x                DATA
 0002:00028540 00000014H .idata$2                DATA
 0002:00028554 00000014H .idata$3                DATA
 0002:00028568 0000014cH .idata$4                DATA
 0002:000286b4 000005f6H .idata$6                DATA
 0002:00028cb0 0000004fH .edata                  DATA
 0003:00000000 00003300H .data                   DATA
 0003:00003300 00007020H .bss                    DATA

  Address         Publics by Value              Rva+Base       Lib:Object

 0000:00000000       __except_list              00000000     <absolute>
 0000:0000000b       ___safe_se_handler_count   0000000b     <absolute>
 0000:00000000       ___ImageBase               10000000     <linker-defined>
 0001:00000000       _CIN_Open                  10001000 f   cin.obj
 0001:000003f0       _CIN_NeedNextFrame         100013f0 f   cin.obj
 0001:000004a0       _CIN_ReadNextFrame         100014a0 f   cin.obj
 0001:00000640       _CIN_Close                 10001640 f   cin.obj
 0001:00000860       _CIN_API                   10001860 f   cin_main.obj
 0001:00000870       _CIN_Init                  10001870 f   cin_main.obj
 0001:000008d0       _CIN_Shutdown              100018d0 f   cin_main.obj
 0001:00000920       _CIN_CopyString            10001920 f   cin_main.obj
 0001:000009c0       _Sys_Error                 100019c0 f   cin_main.obj
 0001:00000aa0       _Com_Printf                10001aa0 f   cin_main.obj
 0001:00000b80       _Com_DPrintf               10001b80 f   cin_main.obj
 0001:00000c70       _Ogg_ReadNextFrame_CIN     10001c70 f   cin_ogg.obj
 0001:000028f0       _Ogg_Init_CIN              100038f0 f   cin_ogg.obj
 0001:00002fd0       _Ogg_Shutdown_CIN          10003fd0 f   cin_ogg.obj
 0001:000030c0       _Ogg_Reset_CIN             100040c0 f   cin_ogg.obj
 0001:00003150       _Ogg_NeedNextFrame_CIN     10004150 f   cin_ogg.obj
 0001:000031a0       _RoQ_ReadNextFrame_CIN     100041a0 f   cin_roq.obj
 0001:00004f50       _RoQ_Init_CIN              10005f50 f   cin_roq.obj
 0001:000050d0       _RoQ_Shutdown_CIN          100060d0 f   cin_roq.obj
 0001:000050e0       _RoQ_Reset_CIN             100060e0 f   cin_roq.obj
 0001:00005110       _RoQ_NeedNextFrame_CIN     10006110 f   cin_roq.obj
 0001:00005230       _GetCinematicsAPI          10006230 f   cin_syscalls.obj
 0001:000052a0       _DirToByte                 100062a0 f   q_math.obj
 0001:000053f0       _ByteToDir                 100063f0 f   q_math.obj
 0001:00005460       _ColorNormalize            10006460 f   q_math.obj
 0001:00005560       _NormToLatLong             10006560 f   q_math.obj
 0001:00005650       _MakeNormalVectors         10006650 f   q_math.obj
 0001:00005780       _RotatePointAroundVector   10006780 f   q_math.obj
 0001:000059f0       _AngleVectors              100069f0 f   q_math.obj
 0001:00005c10       _VecToAngles               10006c10 f   q_math.obj
 0001:00005da0       _AnglesToAxis              10006da0 f   q_math.obj
 0001:00005e10       _NormalVectorToAxis        10006e10 f   q_math.obj
 0001:00005f40       _BuildBoxPoints            10006f40 f   q_math.obj
 0001:000060e0       _ProjectPointOntoPlane     100070e0 f   q_math.obj
 0001:00006200       _PerpendicularVector       10007200 f   q_math.obj
 0001:00006320       _ProjectPointOntoVector    10007320 f   q_math.obj
 0001:00006450       _DistanceFromLineSquared   10007450 f   q_math.obj
 0001:00006670       _Q_RSqrt                   10007670 f   q_math.obj
 0001:000066f0       _Q_rand                    100076f0 f   q_math.obj
 0001:00006730       _Q_bitcount                10007730 f   q_math.obj
 0001:00006790       _LerpAngle                 10007790 f   q_math.obj
 0001:000067f0       _AngleSubtract             100077f0 f   q_math.obj
 0001:00006850       _AnglesSubtract            10007850 f   q_math.obj
 0001:000068c0       _AngleNormalize360         100078c0 f   q_math.obj
 0001:00006910       _AngleNormalize180         10007910 f   q_math.obj
 0001:00006950       _AngleDelta                10007950 f   q_math.obj
 0001:00006990       _anglemod                  10007990 f   q_math.obj
 0001:000069d0       _CalcFov                   100079d0 f   q_math.obj
 0001:00006a80       _AdjustFov                 10007a80 f   q_math.obj
 0001:00006bd0       _BoxOnPlaneSide            10007bd0 f   q_math.obj
 0001:00006f50       _SignbitsForPlane          10007f50 f   q_math.obj
 0001:00006fc0       _PlaneTypeForNormal        10007fc0 f   q_math.obj
 0001:00007020       _CategorizePlane           10008020 f   q_math.obj
 0001:00007140       _PlaneFromPoints           10008140 f   q_math.obj
 0001:00007290       _ComparePlanes             10008290 f   q_math.obj
 0001:00007340       _SnapVector                10008340 f   q_math.obj
 0001:00007420       _SnapPlane                 10008420 f   q_math.obj
 0001:000074f0       _ClearBounds               100084f0 f   q_math.obj
 0001:00007540       _BoundsIntersect           10008540 f   q_math.obj
 0001:000075e0       _BoundsAndSphereIntersect  100085e0 f   q_math.obj
 0001:000076e0       _AddPointToBounds          100086e0 f   q_math.obj
 0001:00007760       _RadiusFromBounds          10008760 f   q_math.obj
 0001:00007890       _VectorNormalize           10008890 f   q_math.obj
 0001:00007940       _VectorNormalize2          10008940 f   q_math.obj
 0001:00007a00       _Vector4Normalize          10008a00 f   q_math.obj
 0001:00007ad0       _VectorNormalizeFast       10008ad0 f   q_math.obj
 0001:00007b60       __VectorMA                 10008b60 f   q_math.obj
 0001:00007bb0       __DotProduct               10008bb0 f   q_math.obj
 0001:00007bf0       __VectorSubtract           10008bf0 f   q_math.obj
 0001:00007c30       __VectorAdd                10008c30 f   q_math.obj
 0001:00007c70       __VectorCopy               10008c70 f   q_math.obj
 0001:00007ca0       _Q_log2                    10008ca0 f   q_math.obj
 0001:00007cd0       _VectorReflect             10008cd0 f   q_math.obj
 0001:00007d60       _Matrix3_Identity          10008d60 f   q_math.obj
 0001:00007de0       _Matrix3_Copy              10008de0 f   q_math.obj
 0001:00007e00       _Matrix3_Compare           10008e00 f   q_math.obj
 0001:00007e50       _Matrix3_Multiply          10008e50 f   q_math.obj
 0001:00007ff0       _Matrix3_TransformVector   10008ff0 f   q_math.obj
 0001:00008080       _Matrix3_Transpose         10009080 f   q_math.obj
 0001:000080f0       _Matrix3_FromAngles        100090f0 f   q_math.obj
 0001:00008120       _Matrix3_ToAngles          10009120 f   q_math.obj
 0001:000082a0       _Matrix3_Rotate            100092a0 f   q_math.obj
 0001:00008420       _Matrix3_FromPoints        10009420 f   q_math.obj
 0001:00008620       _Matrix3_Normalize         10009620 f   q_math.obj
 0001:00008660       _Quat_Identity             10009660 f   q_math.obj
 0001:00008690       _Quat_Copy                 10009690 f   q_math.obj
 0001:000086d0       _Quat_Quat3                100096d0 f   q_math.obj
 0001:000087a0       _Quat_Compare              100097a0 f   q_math.obj
 0001:00008800       _Quat_Conjugate            10009800 f   q_math.obj
 0001:00008840       _Quat_DotProduct           10009840 f   q_math.obj
 0001:00008890       _Quat_Normalize            10009890 f   q_math.obj
 0001:00008950       _Quat_Inverse              10009950 f   q_math.obj
 0001:00008980       _Quat_FromMatrix3          10009980 f   q_math.obj
 0001:00008bc0       _Quat_Multiply             10009bc0 f   q_math.obj
 0001:00008cb0       _Quat_Lerp                 10009cb0 f   q_math.obj
 0001:00008ed0       _Quat_Vectors              10009ed0 f   q_math.obj
 0001:00009000       _Quat_ToMatrix3            1000a000 f   q_math.obj
 0001:00009030       _Quat_TransformVector      1000a030 f   q_math.obj
 0001:00009180       _Quat_ConcatTransforms     1000a180 f   q_math.obj
 0001:000091f0       _DualQuat_Identity         1000a1f0 f   q_math.obj
 0001:00009240       _DualQuat_Copy             1000a240 f   q_math.obj
 0001:00009280       _DualQuat_FromAnglesAndVector 1000a280 f   q_math.obj
 0001:00009310       _DualQuat_FromMatrix3AndVector 1000a310 f   q_math.obj
 0001:00009420       _DualQuat_FromQuatAndVector 1000a420 f   q_math.obj
 0001:00009450       _DualQuat_FromQuat3AndVector 1000a450 f   q_math.obj
 0001:00009480       _DualQuat_GetVector        1000a480 f   q_math.obj
 0001:000095e0       _DualQuat_ToQuatAndVector  1000a5e0 f   q_math.obj
 0001:00009610       _DualQuat_ToMatrix3AndVector 1000a610 f   q_math.obj
 0001:00009640       _DualQuat_Invert           1000a640 f   q_math.obj
 0001:00009710       _DualQuat_Normalize        1000a710 f   q_math.obj
 0001:00009830       _DualQuat_Multiply         1000a830 f   q_math.obj
 0001:00009920       _DualQuat_Lerp             1000a920 f   q_math.obj
 0001:00009970       _LogisticCDF               1000a970 f   q_math.obj
 0001:000099b0       _LogisticPDF               1000a9b0 f   q_math.obj
 0001:00009a10       _NormalCDF                 1000aa10 f   q_math.obj
 0001:00009c20       _NormalPDF                 1000ac20 f   q_math.obj
 0001:00009c80       _COM_SanitizeFilePath      1000ac80 f   q_shared.obj
 0001:00009cf0       _COM_ValidateFilename      1000acf0 f   q_shared.obj
 0001:00009d50       _COM_ValidateRelativeFilename 1000ad50 f   q_shared.obj
 0001:00009dc0       _COM_StripExtension        1000adc0 f   q_shared.obj
 0001:00009e40       _COM_FileExtension         1000ae40 f   q_shared.obj
 0001:00009ed0       _COM_DefaultExtension      1000aed0 f   q_shared.obj
 0001:00009fc0       _COM_ReplaceExtension      1000afc0 f   q_shared.obj
 0001:0000a070       _COM_FileBase              1000b070 f   q_shared.obj
 0001:0000a0b0       _COM_StripFilename         1000b0b0 f   q_shared.obj
 0001:0000a0f0       _COM_FilePathLength        1000b0f0 f   q_shared.obj
 0001:0000a130       _ShortSwap                 1000b130 f   q_shared.obj
 0001:0000a170       _LongSwap                  1000b170 f   q_shared.obj
 0001:0000a1e0       _FloatSwap                 1000b1e0 f   q_shared.obj
 0001:0000a260       _Swap_Init                 1000b260 f   q_shared.obj
 0001:0000a270       _tv                        1000b270 f   q_shared.obj
 0001:0000a2c0       _vtos                      1000b2c0 f   q_shared.obj
 0001:0000a340       _va                        1000b340 f   q_shared.obj
 0001:0000a3b0       _COM_Compress              1000b3b0 f   q_shared.obj
 0001:0000a5c0       _COM_ParseExt2             1000b5c0 f   q_shared.obj
 0001:0000a840       _Q_GrabCharFromColorString 1000b840 f   q_shared.obj
 0001:0000a940       _Q_GrabWCharFromColorString 1000b940 f   q_shared.obj
 0001:0000aa50       _COM_RemoveColorTokensExt  1000ba50 f   q_shared.obj
 0001:0000ab90       _COM_SanitizeColorString   1000bb90 f   q_shared.obj
 0001:0000ad70       _Q_ColorStringTerminator   1000bd70 f   q_shared.obj
 0001:0000aef0       _COM_RemoveJunkChars       1000bef0 f   q_shared.obj
 0001:0000b060       _COM_ReadColorRGBString    1000c060 f   q_shared.obj
 0001:0000b0c0       _COM_ValidatePlayerColor   1000c0c0 f   q_shared.obj
 0001:0000b190       _Q_memset32                1000c190 f   q_shared.obj
 0001:0000b1d0       _Q_strncpyz                1000c1d0 f   q_shared.obj
 0001:0000b230       _Q_strncatz                1000c230 f   q_shared.obj
 0001:0000b2d0       _Q_vsnprintfz              1000c2d0 f   q_shared.obj
 0001:0000b350       _Q_snprintfz               1000c350 f   q_shared.obj
 0001:0000b390       _Q_strupr                  1000c390 f   q_shared.obj
 0001:0000b3f0       _Q_strlwr                  1000c3f0 f   q_shared.obj
 0001:0000b450       _Q_strlocate               1000c450 f   q_shared.obj
 0001:0000b500       _Q_strcount                1000c500 f   q_shared.obj
 0001:0000b590       _Q_strrstr                 1000c590 f   q_shared.obj
 0001:0000b5f0       _Q_trim                    1000c5f0 f   q_shared.obj
 0001:0000b6e0       _Q_WCharToUtf8             1000c6e0 f   q_shared.obj
 0001:0000b7e0       _Q_Utf8SyncPos             1000c7e0 f   q_shared.obj
 0001:0000b850       _Q_GrabWCharFromUtf8String 1000c850 f   q_shared.obj
 0001:0000ba10       _Q_isdigit                 1000ca10 f   q_shared.obj
 0001:0000ba60       _Q_chrreplace              1000ca60 f   q_shared.obj
 0001:0000bab0       _COM_ValidateConfigstring  1000cab0 f   q_shared.obj
 0001:0000bb50       _Info_Validate             1000cb50 f   q_shared.obj
 0001:0000bce0       _Info_ValueForKey          1000cce0 f   q_shared.obj
 0001:0000c070       _Info_RemoveKey            1000d070 f   q_shared.obj
 0001:0000c1b0       _Info_SetValueForKey       1000d1b0 f   q_shared.obj
 0001:0000c3f0       _Q_GainForAttenuation      1000d3f0 f   q_shared.obj
 0001:0000c640       _BlockAllocator            1000d640 f   q_shared.obj
 0001:0000c6e0       _BA_Alloc                  1000d6e0 f   q_shared.obj
 0001:0000c800       _BlockAllocator_Free       1000d800 f   q_shared.obj
 0001:0000c890       _LinearAllocator           1000d890 f   q_shared.obj
 0001:0000c960       _LA_Alloc                  1000d960 f   q_shared.obj
 0001:0000ca60       _LA_Pointer                1000da60 f   q_shared.obj
 0001:0000caa0       _LA_Size                   1000daa0 f   q_shared.obj
 0001:0000cab0       _LinearAllocator_Free      1000dab0 f   q_shared.obj
 0001:0000cae0       _ogg_page_version          1000dae0 f   libogg_static:framing.obj
 0001:0000caf0       _ogg_page_continued        1000daf0 f   libogg_static:framing.obj
 0001:0000cb10       _ogg_page_bos              1000db10 f   libogg_static:framing.obj
 0001:0000cb30       _ogg_page_eos              1000db30 f   libogg_static:framing.obj
 0001:0000cb50       _ogg_page_granulepos       1000db50 f   libogg_static:framing.obj
 0001:0000ccc0       _ogg_page_serialno         1000dcc0 f   libogg_static:framing.obj
 0001:0000cd00       _ogg_page_pageno           1000dd00 f   libogg_static:framing.obj
 0001:0000cd40       _ogg_page_packets          1000dd40 f   libogg_static:framing.obj
 0001:0000cdb0       _ogg_stream_init           1000ddb0 f   libogg_static:framing.obj
 0001:0000ce70       _ogg_stream_check          1000de70 f   libogg_static:framing.obj
 0001:0000ce90       _ogg_stream_clear          1000de90 f   libogg_static:framing.obj
 0001:0000cf00       _ogg_stream_destroy        1000df00 f   libogg_static:framing.obj
 0001:0000cf30       _ogg_page_checksum_set     1000df30 f   libogg_static:framing.obj
 0001:0000d060       _ogg_stream_iovecin        1000e060 f   libogg_static:framing.obj
 0001:0000d450       _ogg_stream_packetin       1000e450 f   libogg_static:framing.obj
 0001:0000d4e0       _ogg_stream_flush          1000e4e0 f   libogg_static:framing.obj
 0001:0000d980       _ogg_stream_flush_fill     1000e980 f   libogg_static:framing.obj
 0001:0000d9b0       _ogg_stream_pageout        1000e9b0 f   libogg_static:framing.obj
 0001:0000da30       _ogg_stream_pageout_fill   1000ea30 f   libogg_static:framing.obj
 0001:0000dab0       _ogg_stream_eos            1000eab0 f   libogg_static:framing.obj
 0001:0000dae0       _ogg_sync_init             1000eae0 f   libogg_static:framing.obj
 0001:0000db10       _ogg_sync_clear            1000eb10 f   libogg_static:framing.obj
 0001:0000db50       _ogg_sync_destroy          1000eb50 f   libogg_static:framing.obj
 0001:0000db80       _ogg_sync_check            1000eb80 f   libogg_static:framing.obj
 0001:0000dba0       _ogg_sync_buffer           1000eba0 f   libogg_static:framing.obj
 0001:0000dcb0       _ogg_sync_wrote            1000ecb0 f   libogg_static:framing.obj
 0001:0000dd00       _ogg_sync_pageseek         1000ed00 f   libogg_static:framing.obj
 0001:0000dfb0       _ogg_sync_pageout          1000efb0 f   libogg_static:framing.obj
 0001:0000e030       _ogg_stream_pagein         1000f030 f   libogg_static:framing.obj
 0001:0000e4c0       _ogg_sync_reset            1000f4c0 f   libogg_static:framing.obj
 0001:0000e520       _ogg_stream_reset          1000f520 f   libogg_static:framing.obj
 0001:0000e5e0       _ogg_stream_reset_serialno 1000f5e0 f   libogg_static:framing.obj
 0001:0000e620       _ogg_stream_packetout      1000f620 f   libogg_static:framing.obj
 0001:0000e840       _ogg_stream_packetpeek     1000f840 f   libogg_static:framing.obj
 0001:0000e880       _ogg_packet_clear          1000f880 f   libogg_static:framing.obj
 0001:0000e8b0       _vorbis_block_init         1000f8b0 f   libvorbis_static:block.obj
 0001:0000e9a0       __vorbis_block_alloc       1000f9a0 f   libvorbis_static:block.obj
 0001:0000ea70       __vorbis_block_ripcord     1000fa70 f   libvorbis_static:block.obj
 0001:0000eb40       _vorbis_block_clear        1000fb40 f   libvorbis_static:block.obj
 0001:0000ec00       _vorbis_analysis_init      1000fc00 f   libvorbis_static:block.obj
 0001:0000f250       _vorbis_dsp_clear          10010250 f   libvorbis_static:block.obj
 0001:0000f5b0       _vorbis_analysis_buffer    100105b0 f   libvorbis_static:block.obj
 0001:0000f710       _vorbis_analysis_wrote     10010710 f   libvorbis_static:block.obj
 0001:0000fba0       _vorbis_analysis_blockout  10010ba0 f   libvorbis_static:block.obj
 0001:00010050       _vorbis_synthesis_restart  10011050 f   libvorbis_static:block.obj
 0001:00010140       _vorbis_synthesis_init     10011140 f   libvorbis_static:block.obj
 0001:00010190       _vorbis_synthesis_blockin  10011190 f   libvorbis_static:block.obj
 0001:00010a90       _vorbis_synthesis_pcmout   10011a90 f   libvorbis_static:block.obj
 0001:00010b30       _vorbis_synthesis_read     10011b30 f   libvorbis_static:block.obj
 0001:00010b70       _vorbis_synthesis_lapout   10011b70 f   libvorbis_static:block.obj
 0001:00010e80       _vorbis_window             10011e80 f   libvorbis_static:block.obj
 0001:00010f00       _vorbis_synthesis          10011f00 f   libvorbis_static:synthesis.obj
 0001:000111d0       _vorbis_synthesis_trackonly 100121d0 f   libvorbis_static:synthesis.obj
 0001:00011360       _vorbis_packet_blocksize   10012360 f   libvorbis_static:synthesis.obj
 0001:00011450       _vorbis_synthesis_halfrate 10012450 f   libvorbis_static:synthesis.obj
 0001:00011490       _vorbis_synthesis_halfrate_p 10012490 f   libvorbis_static:synthesis.obj
 0001:000114c0       _vorbis_comment_init       100124c0 f   libvorbis_static:info.obj
 0001:000114e0       _vorbis_comment_add        100124e0 f   libvorbis_static:info.obj
 0001:000115b0       _vorbis_comment_add_tag    100125b0 f   libvorbis_static:info.obj
 0001:000116c0       _vorbis_comment_query      100126c0 f   libvorbis_static:info.obj
 0001:00011870       _vorbis_comment_query_count 10012870 f   libvorbis_static:info.obj
 0001:000119a0       _vorbis_comment_clear      100129a0 f   libvorbis_static:info.obj
 0001:00011a60       _vorbis_info_blocksize     10012a60 f   libvorbis_static:info.obj
 0001:00011aa0       _vorbis_info_init          10012aa0 f   libvorbis_static:info.obj
 0001:00011ae0       _vorbis_info_clear         10012ae0 f   libvorbis_static:info.obj
 0001:00011d60       _vorbis_synthesis_idheader 10012d60 f   libvorbis_static:info.obj
 0001:00011ec0       _vorbis_synthesis_headerin 10012ec0 f   libvorbis_static:info.obj
 0001:00012870       _vorbis_commentheader_out  10013870 f   libvorbis_static:info.obj
 0001:00012b20       _vorbis_analysis_headerout 10013b20 f   libvorbis_static:info.obj
 0001:00013390       _vorbis_granule_time       10014390 f   libvorbis_static:info.obj
 0001:00013440       _vorbis_version_string     10014440 f   libvorbis_static:info.obj
 0001:00013450       _vorbis_bitrate_init       10014450 f   libvorbis_static:bitrate.obj
 0001:000135a0       _vorbis_bitrate_clear      100145a0 f   libvorbis_static:bitrate.obj
 0001:000135c0       _vorbis_bitrate_managed    100145c0 f   libvorbis_static:bitrate.obj
 0001:00013610       _vorbis_bitrate_addblock   10014610 f   libvorbis_static:bitrate.obj
 0001:00013be0       _vorbis_bitrate_flushpacket 10014be0 f   libvorbis_static:bitrate.obj
 0001:00013ce0       __ve_envelope_init         10014ce0 f   libvorbis_static:envelope.obj
 0001:00013fd0       __ve_envelope_clear        10014fd0 f   libvorbis_static:envelope.obj
 0001:00014070       __ve_envelope_search       10015070 f   libvorbis_static:envelope.obj
 0001:00014a90       __ve_envelope_mark         10015a90 f   libvorbis_static:envelope.obj
 0001:00014c00       __ve_envelope_shift        10015c00 f   libvorbis_static:envelope.obj
 0001:00014cc0       __vp_global_look           10015cc0 f   libvorbis_static:psy.obj
 0001:00014d30       __vp_global_free           10015d30 f   libvorbis_static:psy.obj
 0001:00014d60       __vi_gpsy_free             10015d60 f   libvorbis_static:psy.obj
 0001:00014da0       __vi_psy_free              10015da0 f   libvorbis_static:psy.obj
 0001:00014de0       __vp_psy_init              10015de0 f   libvorbis_static:psy.obj
 0001:00016420       __vp_psy_clear             10017420 f   libvorbis_static:psy.obj
 0001:00016570       __vp_noisemask             10017570 f   libvorbis_static:psy.obj
 0001:00016f80       __vp_tonemask              10017f80 f   libvorbis_static:psy.obj
 0001:00017830       __vp_offset_and_mix        10018830 f   libvorbis_static:psy.obj
 0001:000179b0       __vp_ampmax_decay          100189b0 f   libvorbis_static:psy.obj
 0001:00017a40       __vp_couple_quantize_normalize 10018a40 f   libvorbis_static:psy.obj
 0001:00018cc0       __ilog                     10019cc0 f   libvorbis_static:sharedbook.obj
 0001:00018d00       __float32_pack             10019d00 f   libvorbis_static:sharedbook.obj
 0001:00018de0       __float32_unpack           10019de0 f   libvorbis_static:sharedbook.obj
 0001:00018e70       __make_words               10019e70 f   libvorbis_static:sharedbook.obj
 0001:000191d0       __book_maptype1_quantvals  1001a1d0 f   libvorbis_static:sharedbook.obj
 0001:000192c0       __book_unquantize          1001a2c0 f   libvorbis_static:sharedbook.obj
 0001:00019580       _vorbis_staticbook_destroy 1001a580 f   libvorbis_static:sharedbook.obj
 0001:000195f0       _vorbis_book_clear         1001a5f0 f   libvorbis_static:sharedbook.obj
 0001:00019690       _vorbis_book_init_encode   1001a690 f   libvorbis_static:sharedbook.obj
 0001:00019770       _vorbis_book_init_decode   1001a770 f   libvorbis_static:sharedbook.obj
 0001:00019df0       _vorbis_book_codeword      1001adf0 f   libvorbis_static:sharedbook.obj
 0001:00019e10       _vorbis_book_codelen       1001ae10 f   libvorbis_static:sharedbook.obj
 0001:00019e40       _drft_forward              1001ae40 f   libvorbis_static:smallft.obj
 0001:0001b760       _drft_backward             1001c760 f   libvorbis_static:smallft.obj
 0001:0001d4c0       _drft_init                 1001e4c0 f   libvorbis_static:smallft.obj
 0001:0001d7b0       _drft_clear                1001e7b0 f   libvorbis_static:smallft.obj
 0001:0001d810       _mdct_init                 1001e810 f   libvorbis_static:mdct.obj
 0001:0001db50       _mdct_clear                1001eb50 f   libvorbis_static:mdct.obj
 0001:0001dbb0       _mdct_backward             1001ebb0 f   libvorbis_static:mdct.obj
 0001:0001ee20       _mdct_forward              1001fe20 f   libvorbis_static:mdct.obj
 0001:0001f1b0       _vorbis_lpc_from_data      100201b0 f   libvorbis_static:lpc.obj
 0001:0001f4f0       _vorbis_lpc_predict        100204f0 f   libvorbis_static:lpc.obj
 0001:0001f690       __vorbis_window_get        10020690 f   libvorbis_static:window.obj
 0001:0001f6a0       __vorbis_apply_window      100206a0 f   libvorbis_static:window.obj
 0001:0001f860       _vorbis_staticbook_pack    10020860 f   libvorbis_static:codebook.obj
 0001:0001fc80       _vorbis_staticbook_unpack  10020c80 f   libvorbis_static:codebook.obj
 0001:00020130       _vorbis_book_encode        10021130 f   libvorbis_static:codebook.obj
 0001:00020190       _vorbis_book_decode        10021190 f   libvorbis_static:codebook.obj
 0001:00020430       _vorbis_book_decodevs_add  10021430 f   libvorbis_static:codebook.obj
 0001:00020600       _vorbis_book_decodev_add   10021600 f   libvorbis_static:codebook.obj
 0001:000208e0       _vorbis_book_decodev_set   100218e0 f   libvorbis_static:codebook.obj
 0001:000209d0       _vorbis_book_decodevv_add  100219d0 f   libvorbis_static:codebook.obj
 0001:00022330       _res0_free_info            10023330 f   libvorbis_static:res0.obj
 0001:00022380       _res0_free_look            10023380 f   libvorbis_static:res0.obj
 0001:00022470       _res0_pack                 10023470 f   libvorbis_static:res0.obj
 0001:00022690       _res0_unpack               10023690 f   libvorbis_static:res0.obj
 0001:00022920       _res0_look                 10023920 f   libvorbis_static:res0.obj
 0001:00022bb0       _res0_inverse              10023bb0 f   libvorbis_static:res0.obj
 0001:00022f80       _res1_forward              10023f80 f   libvorbis_static:res0.obj
 0001:00023900       _res1_class                10024900 f   libvorbis_static:res0.obj
 0001:00023be0       _res1_inverse              10024be0 f   libvorbis_static:res0.obj
 0001:00023c80       _res2_class                10024c80 f   libvorbis_static:res0.obj
 0001:00023ef0       _res2_forward              10024ef0 f   libvorbis_static:res0.obj
 0001:00024030       _res2_inverse              10025030 f   libvorbis_static:res0.obj
 0001:00024ea0       _floor1_fit                10025ea0 f   libvorbis_static:floor1.obj
 0001:000260c0       _floor1_interpolate_fit    100270c0 f   libvorbis_static:floor1.obj
 0001:000261d0       _floor1_encode             100271d0 f   libvorbis_static:floor1.obj
 0001:00027ba0       _vorbis_lsp_to_curve       10028ba0 f   libvorbis_static:lsp.obj
 0001:00027d90       _vorbis_lpc_to_lsp         10028d90 f   libvorbis_static:lsp.obj
 0001:00028900       _oc_state_vtable_init_c    10029900 f   libtheora_static:state.obj
 0001:00028970       _oc_state_vtable_init      10029970 f   libtheora_static:state.obj
 0001:00028990       _oc_state_init             10029990 f   libtheora_static:state.obj
 0001:00029c50       _oc_state_clear            1002ac50 f   libtheora_static:state.obj
 0001:00029cb0       _oc_state_borders_fill_rows 1002acb0 f   libtheora_static:state.obj
 0001:00029db0       _oc_state_borders_fill_caps 1002adb0 f   libtheora_static:state.obj
 0001:00029ef0       _oc_state_borders_fill     1002aef0 f   libtheora_static:state.obj
 0001:00029f70       _oc_state_get_mv_offsets   1002af70 f   libtheora_static:state.obj
 0001:0002a090       _oc_state_frag_recon       1002b090 f   libtheora_static:state.obj
 0001:0002a0d0       _oc_state_frag_recon_c     1002b0d0 f   libtheora_static:state.obj
 0001:0002a2c0       _oc_state_frag_copy_list   1002b2c0 f   libtheora_static:state.obj
 0001:0002a300       _oc_state_frag_copy_list_c 1002b300 f   libtheora_static:state.obj
 0001:0002a3d0       _oc_state_loop_filter_init 1002b3d0 f   libtheora_static:state.obj
 0001:0002a4c0       _oc_state_loop_filter_frag_rows 1002b4c0 f   libtheora_static:state.obj
 0001:0002a500       _oc_state_loop_filter_frag_rows_c 1002b500 f   libtheora_static:state.obj
 0001:0002a930       _th_granule_frame          1002b930 f   libtheora_static:state.obj
 0001:0002aa30       _th_granule_time           1002ba30 f   libtheora_static:state.obj
 0001:0002aad0       _th_decode_alloc           1002bad0 f   libtheora_static:decode1.obj
 0001:0002ae70       _th_decode_free            1002be70 f   libtheora_static:decode1.obj
 0001:0002af20       _th_decode_ctl             1002bf20 f   libtheora_static:decode1.obj
 0001:0002b140       _th_decode_packetin        1002c140 f   libtheora_static:decode1.obj
 0001:000305b0       _th_decode_ycbcr_out       100315b0 f   libtheora_static:decode1.obj
 0001:000305f0       _oc_ilog                   100315f0 f   libtheora_static:internal.obj
 0001:00030890       _oc_malloc_2d              10031890 f   libtheora_static:internal.obj
 0001:00030950       _oc_calloc_2d              10031950 f   libtheora_static:internal.obj
 0001:00030a10       _oc_free_2d                10031a10 f   libtheora_static:internal.obj
 0001:00030a30       _oc_ycbcr_buffer_flip      10031a30 f   libtheora_static:internal.obj
 0001:00030af0       _th_version_string         10031af0 f   libtheora_static:internal.obj
 0001:00030b00       _th_version_number         10031b00 f   libtheora_static:internal.obj
 0001:00030b10       _th_packet_isheader        10031b10 f   libtheora_static:internal.obj
 0001:00030b50       _th_packet_iskeyframe      10031b50 f   libtheora_static:internal.obj
 0001:00030bb0       _th_decode_headerin        10031bb0 f   libtheora_static:decinfo.obj
 0001:00031530       _th_setup_free             10032530 f   libtheora_static:decinfo.obj
 0001:00031560       _th_info_init              10032560 f   libtheora_static:info.obj
 0001:000315a0       _th_info_clear             100325a0 f   libtheora_static:info.obj
 0001:000315c0       _th_comment_init           100325c0 f   libtheora_static:info.obj
 0001:000315e0       _th_comment_add            100325e0 f   libtheora_static:info.obj
 0001:00031700       _th_comment_add_tag        10032700 f   libtheora_static:info.obj
 0001:000317c0       _th_comment_query          100327c0 f   libtheora_static:info.obj
 0001:000318f0       _th_comment_query_count    100328f0 f   libtheora_static:info.obj
 0001:00031980       _th_comment_clear          10032980 f   libtheora_static:info.obj
 0001:00031a10       _oc_frag_copy              10032a10 f   libtheora_static:fragment.obj
 0001:00031a40       _oc_frag_copy_c            10032a40 f   libtheora_static:fragment.obj
 0001:00031aa0       _oc_frag_recon_intra       10032aa0 f   libtheora_static:fragment.obj
 0001:00031ad0       _oc_frag_recon_intra_c     10032ad0 f   libtheora_static:fragment.obj
 0001:00031ba0       _oc_frag_recon_inter       10032ba0 f   libtheora_static:fragment.obj
 0001:00031be0       _oc_frag_recon_inter_c     10032be0 f   libtheora_static:fragment.obj
 0001:00031cc0       _oc_frag_recon_inter2      10032cc0 f   libtheora_static:fragment.obj
 0001:00031d00       _oc_frag_recon_inter2_c    10032d00 f   libtheora_static:fragment.obj
 0001:00031e20       _oc_restore_fpu            10032e20 f   libtheora_static:fragment.obj
 0001:00031e40       _oc_restore_fpu_c          10032e40 f   libtheora_static:fragment.obj
 0001:00031e50       _oc_idct8x8                10032e50 f   libtheora_static:idct1.obj
 0001:00031e80       _oc_idct8x8_c              10032e80 f   libtheora_static:idct1.obj
 0001:000329d0       _oc_state_vtable_init_x86  100339d0 f   libtheora_static:x86state.obj
 0001:00032fe0       _oc_dequant_tables_init    10033fe0 f   libtheora_static:quant1.obj
 0001:000334d0       _oc_huff_trees_unpack      100344d0 f   libtheora_static:huffdec.obj
 0001:00033e30       _oc_huff_trees_copy        10034e30 f   libtheora_static:huffdec.obj
 0001:00033fd0       _oc_huff_trees_clear       10034fd0 f   libtheora_static:huffdec.obj
 0001:00034020       _oc_huff_token_decode      10035020 f   libtheora_static:huffdec.obj
 0001:00034200       _oc_pack_readinit          10035200 f   libtheora_static:bitpack.obj
 0001:00034240       _oc_pack_look1             10035240 f   libtheora_static:bitpack.obj
 0001:00034370       _oc_pack_adv1              10035370 f   libtheora_static:bitpack.obj
 0001:00034390       _oc_pack_read              10035390 f   libtheora_static:bitpack.obj
 0001:00034440       _oc_pack_read1             10035440 f   libtheora_static:bitpack.obj
 0001:000344d0       _oc_pack_bytes_left        100354d0 f   libtheora_static:bitpack.obj
 0001:00034500       _oc_quant_params_unpack    10035500 f   libtheora_static:dequant.obj
 0001:00034b20       _oc_quant_params_clear     10035b20 f   libtheora_static:dequant.obj
 0001:00034d20       _oc_frag_copy_mmx          10035d20 f   libtheora_static:mmxfrag.obj
 0001:00034db0       _oc_frag_recon_intra_mmx   10035db0 f   libtheora_static:mmxfrag.obj
 0001:00034e80       _oc_frag_recon_inter_mmx   10035e80 f   libtheora_static:mmxfrag.obj
 0001:00034f10       _oc_frag_recon_inter2_mmx  10035f10 f   libtheora_static:mmxfrag.obj
 0001:00034ff0       _oc_restore_fpu_mmx        10035ff0 f   libtheora_static:mmxfrag.obj
 0001:00035000       _oc_state_frag_recon_mmx   10036000 f   libtheora_static:mmxstate.obj
 0001:00035200       _oc_state_frag_copy_list_mmx 10036200 f   libtheora_static:mmxstate.obj
 0001:00035320       _oc_state_loop_filter_frag_rows_mmx 10036320 f   libtheora_static:mmxstate.obj
 0001:00035980       _oc_idct8x8_mmx            10036980 f   libtheora_static:mmxidct.obj
 0001:00036370       _strtok                    10037370 f   LIBCMTD:strtok.obj
 0001:000364c0       _memset                    100374c0 f   LIBCMTD:memset.obj
 0001:00036540       _strlen                    10037540 f   LIBCMTD:strlen.obj
 0001:000365d0       __RTC_CheckEsp             100375d0 f   LIBCMTD:_stack_.obj
 0001:00036600       @_RTC_CheckStackVars@8     10037600 f   LIBCMTD:_stack_.obj
 0001:00036670       @_RTC_AllocaHelper@12      10037670 f   LIBCMTD:_stack_.obj
 0001:000366b0       @_RTC_CheckStackVars2@12   100376b0 f   LIBCMTD:_stack_.obj
 0001:00036790       __RTC_InitBase             10037790 f   LIBCMTD:_init_.obj
 0001:000367c0       __RTC_Shutdown             100377c0 f   LIBCMTD:_init_.obj
 0001:000367e0       __wassert                  100377e0 f   LIBCMTD:wassert.obj
 0001:00037370       __invoke_watson_if_error   10038370 f i LIBCMTD:wassert.obj
 0001:000373e0       @__security_check_cookie@4 100383e0 f   LIBCMTD:secchk.obj
 0001:000373f0       __fpmath                   100383f0 f   LIBCMTD:_fpinit_.obj
 0001:00037410       __cfltcvt_init             10038410 f   LIBCMTD:_fpinit_.obj
 0001:00037480       ___setfflag                10038480 f   LIBCMTD:_fpinit_.obj
 0001:000374a0       __chkstk                   100384a0 f   LIBCMTD:chkstk.obj
 0001:000374a0       __alloca_probe             100384a0     LIBCMTD:chkstk.obj
 0001:000374d0       __ftol2_sse                100384d0 f   LIBCMTD:ftol2.obj
 0001:000374d9       __ftol2_pentium4           100384d9 f   LIBCMTD:ftol2.obj
 0001:000374ec       __ftol2_sse_excpt          100384ec f   LIBCMTD:ftol2.obj
 0001:00037506       __ftol2                    10038506 f   LIBCMTD:ftol2.obj
 0001:00037580       _memcpy                    10038580 f   LIBCMTD:memcpy.obj
 0001:000378f0       _atan2                     100388f0 f   LIBCMTD:_87ctriga_.obj
 0001:000378fa       __CIatan2                  100388fa f   LIBCMTD:_87ctriga_.obj
 0001:00037910       _acos                      10038910 f   LIBCMTD:_acos_.obj
 0001:00037950       __CIacos                   10038950 f   LIBCMTD:_acos_.obj
 0001:0003798b       __CIacos_default           1003898b f   LIBCMTD:_acos_.obj
 0001:0003799f       __acos_default             1003899f     LIBCMTD:_acos_.obj
 0001:00037a60       _sin                       10038a60 f   LIBCMTD:_sin_.obj
 0001:00037aa0       __CIsin                    10038aa0 f   LIBCMTD:_sin_.obj
 0001:00037adb       __CIsin_default            10038adb f   LIBCMTD:_sin_.obj
 0001:00037aef       __sin_default              10038aef     LIBCMTD:_sin_.obj
 0001:00037b90       _cos                       10038b90 f   LIBCMTD:_cos_.obj
 0001:00037bd0       __CIcos                    10038bd0 f   LIBCMTD:_cos_.obj
 0001:00037c0b       __CIcos_default            10038c0b f   LIBCMTD:_cos_.obj
 0001:00037c1f       __cos_default              10038c1f     LIBCMTD:_cos_.obj
 0001:00037cc0       __CIsqrt                   10038cc0 f   LIBCMTD:_sqrt_.obj
 0001:00037cd4       _sqrt                      10038cd4     LIBCMTD:_sqrt_.obj
 0001:00037d80       _fabs                      10038d80 f   LIBCMTD:_fabs_.obj
 0001:00037e80       _atan                      10038e80 f   LIBCMTD:_atan_.obj
 0001:00037ec0       __CIatan                   10038ec0 f   LIBCMTD:_atan_.obj
 0001:00037efb       __CIatan_default           10038efb f   LIBCMTD:_atan_.obj
 0001:00037f0f       __atan_default             10038f0f     LIBCMTD:_atan_.obj
 0001:00037fa0       _tan                       10038fa0 f   LIBCMTD:_tan_.obj
 0001:00037fe0       __CItan                    10038fe0 f   LIBCMTD:_tan_.obj
 0001:0003801b       __CItan_default            1003901b f   LIBCMTD:_tan_.obj
 0001:0003802f       __tan_default              1003902f     LIBCMTD:_tan_.obj
 0001:000380d0       _asin                      100390d0 f   LIBCMTD:_asin_.obj
 0001:00038110       __CIasin                   10039110 f   LIBCMTD:_asin_.obj
 0001:0003814b       __CIasin_default           1003914b f   LIBCMTD:_asin_.obj
 0001:0003815f       __asin_default             1003915f     LIBCMTD:_asin_.obj
 0001:00038220       _exp                       10039220 f   LIBCMTD:_87ctran_.obj
 0001:0003825c       __CIexp                    1003925c f   LIBCMTD:_87ctran_.obj
 0001:00038297       __exp_default              10039297 f   LIBCMTD:_87ctran_.obj
 0001:000382a1       __CIexp_default            100392a1 f   LIBCMTD:_87ctran_.obj
 0001:000382b0       _abs                       100392b0 f   LIBCMTD:abs.obj
 0001:000382e0       __abs64                    100392e0 f   LIBCMTD:abs.obj
 0001:00038340       _strchr                    10039340 f   LIBCMTD:strchr.obj
 0001:00038346       ___from_strstr_to_strchr   10039346     LIBCMTD:strchr.obj
 0001:00038400       _strstr                    10039400 f   LIBCMTD:strstr.obj
 0001:00038490       _strrchr                   10039490 f   LIBCMTD:strrchr.obj
 0001:000384c0       __isalpha_l                100394c0 f i LIBCMTD:_ctype.obj
 0001:00038550       ??0_LocaleUpdate@@QAE@PAUlocaleinfo_struct@@@Z 10039550 f i LIBCMTD:_ctype.obj
 0001:00038630       ??1_LocaleUpdate@@QAE@XZ   10039630 f i LIBCMTD:_ctype.obj
 0001:00038660       ?GetLocaleT@_LocaleUpdate@@QAEPAUlocaleinfo_struct@@XZ 10039660 f i LIBCMTD:_ctype.obj
 0001:00038670       _isalpha                   10039670 f i LIBCMTD:_ctype.obj
 0001:000386b0       __isupper_l                100396b0 f i LIBCMTD:_ctype.obj
 0001:00038730       _isupper                   10039730 f i LIBCMTD:_ctype.obj
 0001:00038760       __islower_l                10039760 f i LIBCMTD:_ctype.obj
 0001:000387e0       _islower                   100397e0 f i LIBCMTD:_ctype.obj
 0001:00038810       __isdigit_l                10039810 f i LIBCMTD:_ctype.obj
 0001:00038890       _isdigit                   10039890 f i LIBCMTD:_ctype.obj
 0001:000388c0       __isxdigit_l               100398c0 f i LIBCMTD:_ctype.obj
 0001:00038950       _isxdigit                  10039950 f i LIBCMTD:_ctype.obj
 0001:00038990       __isspace_l                10039990 f i LIBCMTD:_ctype.obj
 0001:00038a10       _isspace                   10039a10 f i LIBCMTD:_ctype.obj
 0001:00038a40       __ispunct_l                10039a40 f i LIBCMTD:_ctype.obj
 0001:00038ac0       _ispunct                   10039ac0 f i LIBCMTD:_ctype.obj
 0001:00038af0       __isalnum_l                10039af0 f i LIBCMTD:_ctype.obj
 0001:00038b80       _isalnum                   10039b80 f i LIBCMTD:_ctype.obj
 0001:00038bc0       __isprint_l                10039bc0 f i LIBCMTD:_ctype.obj
 0001:00038c50       _isprint                   10039c50 f i LIBCMTD:_ctype.obj
 0001:00038c90       __isgraph_l                10039c90 f i LIBCMTD:_ctype.obj
 0001:00038d20       _isgraph                   10039d20 f i LIBCMTD:_ctype.obj
 0001:00038d60       __iscntrl_l                10039d60 f i LIBCMTD:_ctype.obj
 0001:00038de0       _iscntrl                   10039de0 f i LIBCMTD:_ctype.obj
 0001:00038e10       ___isascii                 10039e10 f i LIBCMTD:_ctype.obj
 0001:00038e30       ___toascii                 10039e30 f i LIBCMTD:_ctype.obj
 0001:00038e40       __iscsymf_l                10039e40 f i LIBCMTD:_ctype.obj
 0001:00038e80       ___iscsymf                 10039e80 f i LIBCMTD:_ctype.obj
 0001:00038ec0       __iscsym_l                 10039ec0 f i LIBCMTD:_ctype.obj
 0001:00038f00       ___iscsym                  10039f00 f i LIBCMTD:_ctype.obj
 0001:00038f40       _sscanf                    10039f40 f   LIBCMTD:sscanf.obj
 0001:000390d0       __sscanf_l                 1003a0d0 f   LIBCMTD:sscanf.obj
 0001:00039100       _sscanf_s                  1003a100 f   LIBCMTD:sscanf.obj
 0001:00039130       __sscanf_s_l               1003a130 f   LIBCMTD:sscanf.obj
 0001:00039160       __vsnprintf_l              1003a160 f   LIBCMTD:vsnprint.obj
 0001:00039320       __vsnprintf                1003a320 f   LIBCMTD:vsnprint.obj
 0001:00039350       __toupper                  1003a350 f   LIBCMTD:toupper.obj
 0001:00039360       __toupper_l                1003a360 f   LIBCMTD:toupper.obj
 0001:00039540       _toupper                   1003a540 f   LIBCMTD:toupper.obj
 0001:00039590       __tolower                  1003a590 f   LIBCMTD:tolower.obj
 0001:000395a0       __tolower_l                1003a5a0 f   LIBCMTD:tolower.obj
 0001:00039780       _tolower                   1003a780 f   LIBCMTD:tolower.obj
 0001:000397d0       _memmove                   1003a7d0 f   LIBCMTD:memmove.obj
 0001:00039b40       _strncpy                   1003ab40 f   LIBCMTD:strncpy.obj
 0001:00039c70       _strncmp                   1003ac70 f   LIBCMTD:strncmp.obj
 0001:00039df0       _pow                       1003adf0 f   LIBCMTD:_pow_.obj
 0001:00039e30       __CIpow                    1003ae30 f   LIBCMTD:_pow_.obj
 0001:00039e6b       __CIpow_default            1003ae6b f   LIBCMTD:_pow_.obj
 0001:00039e84       __pow_default              1003ae84     LIBCMTD:_pow_.obj
 0001:0003a080       __CRT_INIT@12              1003b080 f   LIBCMTD:dllcrt0.obj
 0001:0003a2a0       __DllMainCRTStartup@12     1003b2a0 f   LIBCMTD:dllcrt0.obj
 0001:0003a490       __allshl                   1003b490 f   LIBCMTD:llshl.obj
 0001:0003a4b0       _malloc                    1003b4b0 f   LIBCMTD:dbgmalloc.obj
 0001:0003a4e0       _free                      1003b4e0 f   LIBCMTD:dbgfree.obj
 0001:0003a500       _realloc                   1003b500 f   LIBCMTD:dbgrealloc.obj
 0001:0003a530       __allshr                   1003b530 f   LIBCMTD:llshr.obj
 0001:0003a560       _memchr                    1003b560 f   LIBCMTD:memchr.obj
 0001:0003a610       _memcmp                    1003b610 f   LIBCMTD:memcmp.obj
 0001:0003b080       _calloc                    1003c080 f   LIBCMTD:dbgcalloc.obj
 0001:0003b0b0       __alloca_probe_16          1003c0b0 f   LIBCMTD:alloca16.obj
 0001:0003b0c6       __alloca_probe_8           1003c0c6     LIBCMTD:alloca16.obj
 0001:0003b0e0       _strcpy                    1003c0e0 f   LIBCMTD:strcat.obj
 0001:0003b0f0       _strcat                    1003c0f0 f   LIBCMTD:strcat.obj
 0001:0003b1e0       _floor                     1003c1e0 f   LIBCMTD:_floor_pentium4_.obj
 0001:0003b220       __floor_pentium4           1003c220 f   LIBCMTD:_floor_pentium4_.obj
 0001:0003b310       _log                       1003c310 f   LIBCMTD:_log_.obj
 0001:0003b350       __CIlog                    1003c350 f   LIBCMTD:_log_.obj
 0001:0003b38b       __CIlog_default            1003c38b f   LIBCMTD:_log_.obj
 0001:0003b39f       __log_default              1003c39f     LIBCMTD:_log_.obj
 0001:0003b460       _ceil                      1003c460 f   LIBCMTD:_ceil_pentium4_.obj
 0001:0003b4a0       __ceil_pentium4            1003c4a0 f   LIBCMTD:_ceil_pentium4_.obj
 0001:0003b580       _qsort                     1003c580 f   LIBCMTD:qsort.obj
 0001:0003bb30       _ldexp                     1003cb30 f   LIBCMTD:_ldexp_.obj
 0001:0003bdf0       _labs                      1003cdf0 f   LIBCMTD:labs.obj
 0001:0003be20       __cinit                    1003ce20 f   LIBCMTD:crt0dat.obj
 0001:0003bec0       _exit                      1003cec0 f   LIBCMTD:crt0dat.obj
 0001:0003bee0       __exit                     1003cee0 f   LIBCMTD:crt0dat.obj
 0001:0003bf00       __cexit                    1003cf00 f   LIBCMTD:crt0dat.obj
 0001:0003bf20       __c_exit                   1003cf20 f   LIBCMTD:crt0dat.obj
 0001:0003bf40       __amsg_exit                1003cf40 f   LIBCMTD:crt0dat.obj
 0001:0003bf70       ___freeCrtMemory           1003cf70 f   LIBCMTD:crt0dat.obj
 0001:0003c2b0       ___crtCorExitProcess       1003d2b0 f   LIBCMTD:crt0dat.obj
 0001:0003c2f0       ___crtExitProcess          1003d2f0 f   LIBCMTD:crt0dat.obj
 0001:0003c310       __lockexit                 1003d310 f   LIBCMTD:crt0dat.obj
 0001:0003c330       __unlockexit               1003d330 f   LIBCMTD:crt0dat.obj
 0001:0003c350       __init_pointers            1003d350 f   LIBCMTD:crt0dat.obj
 0001:0003c3e0       __initterm_e               1003d3e0 f   LIBCMTD:crt0dat.obj
 0001:0003c420       __get_wpgmptr              1003d420 f   LIBCMTD:crt0dat.obj
 0001:0003c510       __get_pgmptr               1003d510 f   LIBCMTD:crt0dat.obj
 0001:0003c600       __encoded_null             1003d600 f   LIBCMTD:tidtable.obj
 0001:0003c610       ___crtTlsAlloc@4           1003d610 f   LIBCMTD:tidtable.obj
 0001:0003c620       ___fls_getvalue@4          1003d620 f   LIBCMTD:tidtable.obj
 0001:0003c640       ___get_flsindex            1003d640 f   LIBCMTD:tidtable.obj
 0001:0003c650       ___set_flsgetvalue         1003d650 f   LIBCMTD:tidtable.obj
 0001:0003c6a0       ___fls_setvalue@8          1003d6a0 f   LIBCMTD:tidtable.obj
 0001:0003c6c0       __mtinit                   1003d6c0 f   LIBCMTD:tidtable.obj
 0001:0003c8c0       __mtterm                   1003d8c0 f   LIBCMTD:tidtable.obj
 0001:0003c920       __initptd                  1003d920 f   LIBCMTD:tidtable.obj
 0001:0003ca50       __getptd_noexit            1003da50 f   LIBCMTD:tidtable.obj
 0001:0003cb10       __getptd                   1003db10 f   LIBCMTD:tidtable.obj
 0001:0003cb40       __freefls@4                1003db40 f   LIBCMTD:tidtable.obj
 0001:0003cd50       __freeptd                  1003dd50 f   LIBCMTD:tidtable.obj
 0001:0003cdd0       ___threadid                1003ddd0 f   LIBCMTD:tidtable.obj
 0001:0003cde0       ___threadhandle            1003dde0 f   LIBCMTD:tidtable.obj
 0001:0003cdf0       __VEC_memzero              1003ddf0 f   LIBCMTD:p4_memset.obj
 0001:0003ceb0       ___sse2_available_init     1003deb0 f   LIBCMTD:cpu_disp.obj
 0001:0003ced0       ?_RTC_Failure@@YAXPAXH@Z   1003ded0 f   LIBCMTD:_error_.obj
 0001:0003d280       ?_RTC_StackFailure@@YAXPAXPBD@Z 1003e280 f   LIBCMTD:_error_.obj
 0001:0003d380       ?_RTC_AllocaFailure@@YAXPAXPAU_RTC_ALLOCA_NODE@@H@Z 1003e380 f   LIBCMTD:_error_.obj
 0001:0003d530       __RTC_UninitUse            1003e530 f   LIBCMTD:_error_.obj
 0001:0003d620       __RTC_NumErrors            1003e620 f   LIBCMTD:_userapi_.obj
 0001:0003d630       __RTC_GetErrDesc           1003e630 f   LIBCMTD:_userapi_.obj
 0001:0003d650       __RTC_SetErrorType         1003e650 f   LIBCMTD:_userapi_.obj
 0001:0003d680       __RTC_SetErrorFunc         1003e680 f   LIBCMTD:_userapi_.obj
 0001:0003d6a0       __RTC_SetErrorFuncW        1003e6a0 f   LIBCMTD:_userapi_.obj
 0001:0003d6c0       ?_RTC_GetErrorFunc@@YAP6AHHPBDH00ZZPBX@Z 1003e6c0 f   LIBCMTD:_userapi_.obj
 0001:0003d6d0       ?_RTC_GetErrorFuncW@@YAP6AHHPB_WH00ZZPBX@Z 1003e6d0 f   LIBCMTD:_userapi_.obj
 0001:0003d6e0       __chkesp                   1003e6e0 f   LIBCMTD:chkesp.obj
 0001:0003d720       __CRT_RTC_INIT             1003e720 f   LIBCMTD:chkesp.obj
 0001:0003d730       __CRT_RTC_INITW            1003e730 f   LIBCMTD:chkesp.obj
 0001:0003d740       __initp_misc_winsig        1003e740 f   LIBCMTD:winsig.obj
 0001:0003d770       _signal                    1003e770 f   LIBCMTD:winsig.obj
 0001:0003dc10       _raise                     1003ec10 f   LIBCMTD:winsig.obj
 0001:0003df80       ___get_sigabrt             1003ef80 f   LIBCMTD:winsig.obj
 0001:0003dfa0       ___fpecode                 1003efa0 f   LIBCMTD:winsig.obj
 0001:0003dfb0       ___pxcptinfoptrs           1003efb0 f   LIBCMTD:winsig.obj
 0001:0003dfc0       ___crtMessageBoxW          1003efc0 f   LIBCMTD:crtmboxw.obj
 0001:0003e1e0       __itow_s                   1003f1e0 f   LIBCMTD:xtows.obj
 0001:0003e5c0       __ltow_s                   1003f5c0 f   LIBCMTD:xtows.obj
 0001:0003e600       __ultow_s                  1003f600 f   LIBCMTD:xtows.obj
 0001:0003e620       __i64tow_s                 1003f620 f   LIBCMTD:xtows.obj
 0001:0003ea40       __ui64tow_s                1003fa40 f   LIBCMTD:xtows.obj
 0001:0003ea60       _wcsncat_s                 1003fa60 f   LIBCMTD:wcsncat_s.obj
 0001:0003ef10       _wcsncpy_s                 1003ff10 f   LIBCMTD:wcsncpy_s.obj
 0001:0003f320       _wcscat_s                  10040320 f   LIBCMTD:wcscat_s.obj
 0001:0003f710       _wcscpy_s                  10040710 f   LIBCMTD:wcscpy_s.obj
 0001:0003f9f0       _fflush                    100409f0 f   LIBCMTD:fflush.obj
 0001:0003fa90       __fflush_nolock            10040a90 f   LIBCMTD:fflush.obj
 0001:0003faf0       __flush                    10040af0 f   LIBCMTD:fflush.obj
 0001:0003fbb0       __flushall                 10040bb0 f   LIBCMTD:fflush.obj
 0001:0003fd80       _fwprintf                  10040d80 f   LIBCMTD:fwprintf.obj
 0001:0003ff00       __fwprintf_l               10040f00 f   LIBCMTD:fwprintf.obj
 0001:0003ff30       __fwprintf_s_l             10040f30 f   LIBCMTD:fwprintf.obj
 0001:0003ff60       _fwprintf_s                10040f60 f   LIBCMTD:fwprintf.obj
 0001:0003ff90       __fwprintf_p_l             10040f90 f   LIBCMTD:fwprintf.obj
 0001:0003ffc0       __fwprintf_p               10040fc0 f   LIBCMTD:fwprintf.obj
 0001:0003fff0       _setvbuf                   10040ff0 f   LIBCMTD:setvbuf.obj
 0001:000402c0       ___iob_func                100412c0 f   LIBCMTD:_file.obj
 0001:000402d0       ___initstdio               100412d0 f   LIBCMTD:_file.obj
 0001:00040420       ___endstdio                10041420 f   LIBCMTD:_file.obj
 0001:00040450       __lock_file                10041450 f   LIBCMTD:_file.obj
 0001:000404b0       __lock_file2               100414b0 f   LIBCMTD:_file.obj
 0001:000404f0       __unlock_file              100414f0 f   LIBCMTD:_file.obj
 0001:00040550       __unlock_file2             10041550 f   LIBCMTD:_file.obj
 0001:00040590       _abort                     10041590 f   LIBCMTD:abort.obj
 0001:000405f0       __set_abort_behavior       100415f0 f   LIBCMTD:abort.obj
 0001:00040620       _wcslen                    10041620 f   LIBCMTD:wcslen.obj
 0001:00040650       __set_error_mode           10041650 f   LIBCMTD:errmode.obj
 0001:00040710       ___set_app_type            10041710 f   LIBCMTD:errmode.obj
 0001:00040720       __initp_misc_invarg        10041720 f   LIBCMTD:invarg.obj
 0001:00040730       __invalid_parameter        10041730 f   LIBCMTD:invarg.obj
 0001:00040790       __invoke_watson            10041790 f   LIBCMTD:invarg.obj
 0001:000407c0       __call_reportfault         100417c0 f   LIBCMTD:invarg.obj
 0001:00040910       __set_invalid_parameter_handler 10041910 f   LIBCMTD:invarg.obj
 0001:00040950       __get_invalid_parameter_handler 10041950 f   LIBCMTD:invarg.obj
 0001:00040980       ?_invalid_parameter@@YAXPBG00II@Z 10041980 f   LIBCMTD:invarg.obj
 0001:000409b0       ?_invoke_watson@@YAXPBG00II@Z 100419b0 f   LIBCMTD:invarg.obj
 0001:000409d0       __vswprintf_helper         100419d0 f   LIBCMTD:vswprnc.obj
 0001:00040c30       __vswprintf_c              10041c30 f   LIBCMTD:vswprnc.obj
 0001:00040c80       __vswprintf_c_l            10041c80 f   LIBCMTD:vswprnc.obj
 0001:00040cd0       __vswprintf_s_l            10041cd0 f   LIBCMTD:vswprnc.obj
 0001:00040f40       _vswprintf_s               10041f40 f   LIBCMTD:vswprnc.obj
 0001:00040f70       __vsnwprintf_s_l           10041f70 f   LIBCMTD:vswprnc.obj
 0001:00041320       __vsnwprintf_s             10042320 f   LIBCMTD:vswprnc.obj
 0001:00041350       __vswprintf_p              10042350 f   LIBCMTD:vswprnc.obj
 0001:000413a0       __vswprintf_p_l            100423a0 f   LIBCMTD:vswprnc.obj
 0001:000413f0       ___report_gsfailure        100423f0 f   LIBCMTD:gs_report.obj
 0001:00041500       __setdefaultprecision      10042500 f   LIBCMTD:fp8.obj
 0001:00041540       __forcdecpt                10042540 f   LIBCMTD:cvt.obj
 0001:00041560       __forcdecpt_l              10042560 f   LIBCMTD:cvt.obj
 0001:00041620       __cropzeros                10042620 f   LIBCMTD:cvt.obj
 0001:00041640       __cropzeros_l              10042640 f   LIBCMTD:cvt.obj
 0001:00041750       __positive                 10042750 f   LIBCMTD:cvt.obj
 0001:00041780       __fassign_l                10042780 f   LIBCMTD:cvt.obj
 0001:000417e0       __fassign                  100427e0 f   LIBCMTD:cvt.obj
 0001:00041800       __cftoe_l                  10042800 f   LIBCMTD:cvt.obj
 0001:00041d50       __cftoe                    10042d50 f   LIBCMTD:cvt.obj
 0001:00041d80       __cftoa_l                  10042d80 f   LIBCMTD:cvt.obj
 0001:00042560       ?strrchr@@YAPADPADH@Z      10043560 f i LIBCMTD:cvt.obj
 0001:00042580       __cftoa                    10043580 f   LIBCMTD:cvt.obj
 0001:000425b0       __cftof_l                  100435b0 f   LIBCMTD:cvt.obj
 0001:000429c0       __cftof                    100439c0 f   LIBCMTD:cvt.obj
 0001:000429f0       __cftog_l                  100439f0 f   LIBCMTD:cvt.obj
 0001:00042c20       __cftog                    10043c20 f   LIBCMTD:cvt.obj
 0001:00042c50       __cfltcvt_l                10043c50 f   LIBCMTD:cvt.obj
 0001:00042d10       __cfltcvt                  10043d10 f   LIBCMTD:cvt.obj
 0001:00042d70       __initp_misc_cfltcvt_tab   10043d70 f   LIBCMTD:cmiscdat.obj
 0001:00042db0       __VEC_memcpy               10043db0 f   LIBCMTD:p4_memcpy.obj
 0001:00042edc       __fFATN2                   10043edc     LIBCMTD:_87triga_.obj
 0001:00042f2c       __rtpiby2                  10043f2c     LIBCMTD:_87triga_.obj
 0001:00042f70       __cintrindisp2             10043f70 f   LIBCMTD:_87cdisp_.obj
 0001:00042fae       __cintrindisp1             10043fae f   LIBCMTD:_87cdisp_.obj
 0001:00042feb       __ctrandisp2               10043feb f   LIBCMTD:_87cdisp_.obj
 0001:0004317a       __ctrandisp1               1004417a f   LIBCMTD:_87cdisp_.obj
 0001:000431ad       __fload                    100441ad f   LIBCMTD:_87cdisp_.obj
 0001:000431f0       __set_SSE2_enable          100441f0 f   LIBCMTD:_mathfcns_.obj
 0001:00043210       __sse2_mathfcns_init       10044210 f   LIBCMTD:_mathfcns_.obj
 0001:00043230       __CIacos_pentium4          10044230 f   LIBCMTD:_acos_pentium4_.obj
 0001:00043248       __acos_pentium4            10044248     LIBCMTD:_acos_pentium4_.obj
 0001:00043790       __trandisp1                10044790 f   LIBCMTD:_87disp_.obj
 0001:000437f7       __trandisp2                100447f7 f   LIBCMTD:_87disp_.obj
 0001:00043883       __rttospopde               10044883     LIBCMTD:_87disp_.obj
 0001:00043888       __rttospop                 10044888     LIBCMTD:_87disp_.obj
 0001:0004388a       __rtnospop                 1004488a     LIBCMTD:_87disp_.obj
 0001:0004388c       __rttosnpop                1004488c     LIBCMTD:_87disp_.obj
 0001:0004388d       __rtnospopde               1004488d     LIBCMTD:_87disp_.obj
 0001:00043894       __rtzeropop                10044894     LIBCMTD:_87disp_.obj
 0001:00043896       __rtzeronpop               10044896     LIBCMTD:_87disp_.obj
 0001:0004389b       __rtonepop                 1004489b     LIBCMTD:_87disp_.obj
 0001:0004389d       __rtonenpop                1004489d     LIBCMTD:_87disp_.obj
 0001:000438a2       __tosnan1                  100448a2     LIBCMTD:_87disp_.obj
 0001:000438cd       __nosnan2                  100448cd     LIBCMTD:_87disp_.obj
 0001:000438cf       __tosnan2                  100448cf     LIBCMTD:_87disp_.obj
 0001:000438f7       __nan2                     100448f7     LIBCMTD:_87disp_.obj
 0001:00043936       __rtindfpop                10044936     LIBCMTD:_87disp_.obj
 0001:00043938       __rtindfnpop               10044938     LIBCMTD:_87disp_.obj
 0001:00043949       __rttosnpopde              10044949     LIBCMTD:_87disp_.obj
 0001:00043953       __rtchsifneg               10044953     LIBCMTD:_87disp_.obj
 0001:00043960       __startTwoArgErrorHandling 10044960 f   LIBCMTD:_genexcep_.obj
 0001:00043977       __startOneArgErrorHandling 10044977 f   LIBCMTD:_genexcep_.obj
 0001:000439c0       __twoToTOS                 100449c0 f   LIBCMTD:_common_.obj
 0001:000439d5       __load_CW                  100449d5 f   LIBCMTD:_common_.obj
 0001:000439ec       __convertTOStoQNaN         100449ec f   LIBCMTD:_common_.obj
 0001:00043a05       __fload_withFB             10044a05 f   LIBCMTD:_common_.obj
 0001:00043a48       __checkTOS_withFB          10044a48 f   LIBCMTD:_common_.obj
 0001:00043a5e       __fast_exit                10044a5e f   LIBCMTD:_common_.obj
 0001:00043a6b       __math_exit                10044a6b f   LIBCMTD:_common_.obj
 0001:00043a95       __check_overflow_exit      10044a95 f   LIBCMTD:_common_.obj
 0001:00043aa9       __check_range_exit         10044aa9 f   LIBCMTD:_common_.obj
 0001:00043b50       __CIsin_pentium4           10044b50 f   LIBCMTD:_sin_pentium4_.obj
 0001:00043b68       __sin_pentium4             10044b68     LIBCMTD:_sin_pentium4_.obj
 0001:00043d20       __CIcos_pentium4           10044d20 f   LIBCMTD:_cos_pentium4_.obj
 0001:00043d38       __cos_pentium4             10044d38     LIBCMTD:_cos_pentium4_.obj
 0001:00043ed0       __handle_qnan1             10044ed0 f   LIBCMTD:_fpexcept_.obj
 0001:00043f30       __handle_qnan2             10044f30 f   LIBCMTD:_fpexcept_.obj
 0001:00043fa0       __except1                  10044fa0 f   LIBCMTD:_fpexcept_.obj
 0001:000440a0       __except2                  100450a0 f   LIBCMTD:_fpexcept_.obj
 0001:000441b0       __raise_exc_ex             100451b0 f   LIBCMTD:_fpexcept_.obj
 0001:000446e0       __raise_exc                100456e0 f   LIBCMTD:_fpexcept_.obj
 0001:00044710       __raise_excf               10045710 f   LIBCMTD:_fpexcept_.obj
 0001:00044740       __handle_exc               10045740 f   LIBCMTD:_fpexcept_.obj
 0001:00044a50       __umatherr                 10045a50 f   LIBCMTD:_fpexcept_.obj
 0001:00044af0       __set_errno_from_matherr   10045af0 f   LIBCMTD:_fpexcept_.obj
 0001:00044b80       __errcode                  10045b80 f   LIBCMTD:_fpexcept_.obj
 0001:00044bf0       __set_exp                  10045bf0 f   LIBCMTD:_util_.obj
 0001:00044c30       __get_exp                  10045c30 f   LIBCMTD:_util_.obj
 0001:00044c60       __add_exp                  10045c60 f   LIBCMTD:_util_.obj
 0001:00044ca0       __set_bexp                 10045ca0 f   LIBCMTD:_util_.obj
 0001:00044cd0       __sptype                   10045cd0 f   LIBCMTD:_util_.obj
 0001:00044d50       __decomp                   10045d50 f   LIBCMTD:_util_.obj
 0001:00044e80       __statfp                   10045e80 f   LIBCMTD:_fpctrl_.obj
 0001:00044ea0       __clrfp                    10045ea0 f   LIBCMTD:_fpctrl_.obj
 0001:00044ec0       __ctrlfp                   10045ec0 f   LIBCMTD:_fpctrl_.obj
 0001:00044ef0       __set_statfp               10045ef0 f   LIBCMTD:_fpctrl_.obj
 0001:00044f60       ___get_fpsr_sse2           10045f60 f   LIBCMTD:_fpctrl_.obj
 0001:00044f90       ___set_fpsr_sse2           10045f90 f   LIBCMTD:_fpctrl_.obj
 0001:00045070       ___fclrf_sse2              10046070 f   LIBCMTD:_fpctrl_.obj
 0001:00045090       ___statfp_sse2             10046090 f   LIBCMTD:_fpctrl_.obj
 0001:000450c0       ___clrfp_sse2              100460c0 f   LIBCMTD:_fpctrl_.obj
 0001:00045100       ___ctrlfp_sse2             10046100 f   LIBCMTD:_fpctrl_.obj
 0001:00045160       ___set_statfp_sse2         10046160 f   LIBCMTD:_fpctrl_.obj
 0001:00045190       __CIatan_pentium4          10046190 f   LIBCMTD:_atan_pentium4_.obj
 0001:000451a8       __atan_pentium4            100461a8     LIBCMTD:_atan_pentium4_.obj
 0001:00045480       __CItan_pentium4           10046480 f   LIBCMTD:_tan_pentium4_.obj
 0001:00045498       __tan_pentium4             10046498     LIBCMTD:_tan_pentium4_.obj
 0001:000456e0       __CIasin_pentium4          100466e0 f   LIBCMTD:_asin_pentium4_.obj
 0001:000456f8       __asin_pentium4            100466f8     LIBCMTD:_asin_pentium4_.obj
 0001:00045c60       __CIexp_pentium4           10046c60 f   LIBCMTD:_exp_pentium4_.obj
 0001:00045c78       __exp_pentium4             10046c78     LIBCMTD:_exp_pentium4_.obj
 0001:00045f31       __fFEXP                    10046f31     LIBCMTD:_87tran_.obj
 0001:00045f88       __rtinfpopse               10046f88     LIBCMTD:_87tran_.obj
 0001:00045f8a       __rtinfnpopse              10046f8a     LIBCMTD:_87tran_.obj
 0001:00045f9a       __fFLN                     10046f9a     LIBCMTD:_87tran_.obj
 0001:0004604f       __rtinfpop                 1004704f     LIBCMTD:_87tran_.obj
 0001:00046051       __rtinfnpop                10047051     LIBCMTD:_87tran_.obj
 0001:0004606e       __ffexpm1                  1004706e     LIBCMTD:_87tran_.obj
 0001:00046120       __chvalidator              10047120 f   LIBCMTD:isctype.obj
 0001:00046170       __chvalidator_l            10047170 f   LIBCMTD:isctype.obj
 0001:00046220       __isctype_l                10047220 f   LIBCMTD:isctype.obj
 0001:00046340       __isctype                  10047340 f   LIBCMTD:isctype.obj
 0001:00046380       ___updatetmbcinfo          10047380 f   LIBCMTD:mbctype.obj
 0001:00046490       __setmbcp                  10047490 f   LIBCMTD:mbctype.obj
 0001:00046840       __setmbcp_nolock           10047840 f   LIBCMTD:mbctype.obj
 0001:00047030       __getmbcp                  10048030 f   LIBCMTD:mbctype.obj
 0001:000470a0       ___initmbctable            100480a0 f   LIBCMTD:mbctype.obj
 0001:000470d0       ___addlocaleref            100480d0 f   LIBCMTD:localref.obj
 0001:000471f0       ___removelocaleref         100481f0 f   LIBCMTD:localref.obj
 0001:00047320       ___freetlocinfo            10048320 f   LIBCMTD:localref.obj
 0001:00047600       __updatetlocinfoEx_nolock  10048600 f   LIBCMTD:localref.obj
 0001:00047680       ___updatetlocinfo          10048680 f   LIBCMTD:localref.obj
 0001:00047750       ____setlc_active_func      10048750 f   LIBCMTD:setlocal.obj
 0001:00047760       ____unguarded_readlc_active_add_func 10048760 f   LIBCMTD:setlocal.obj
 0001:00047770       __configthreadlocale       10048770 f   LIBCMTD:setlocal.obj
 0001:00047880       __locterm                  10048880 f   LIBCMTD:setlocal.obj
 0001:00047920       __free_locale              10048920 f   LIBCMTD:setlocal.obj
 0001:00047a60       ___free_locale             10048a60 f   LIBCMTD:setlocal.obj
 0001:00047a80       __create_locale            10048a80 f   LIBCMTD:setlocal.obj
 0001:00047cb0       ___create_locale           10048cb0 f   LIBCMTD:setlocal.obj
 0001:00047cd0       __get_current_locale       10048cd0 f   LIBCMTD:setlocal.obj
 0001:00047df0       ___get_current_locale      10048df0 f   LIBCMTD:setlocal.obj
 0001:00047e00       _setlocale                 10048e00 f   LIBCMTD:setlocal.obj
 0001:00048cb0       __expandlocale             10049cb0 f   LIBCMTD:setlocal.obj
 0001:00048f60       ___init_dummy              10049f60 f   LIBCMTD:setlocal.obj
 0001:00048f70       __strcats                  10049f70 f   LIBCMTD:setlocal.obj
 0001:00048ff0       ___lc_strtolc              10049ff0 f   LIBCMTD:setlocal.obj
 0001:000491f0       ___lc_lctostr              1004a1f0 f   LIBCMTD:setlocal.obj
 0001:00049290       __input_l                  1004a290 f   LIBCMTD:input.obj
 0001:0004ab10       __INTRN_LOCALE_CONV        1004bb10 f i LIBCMTD:input.obj
 0001:0004ac40       __dosmaperr                1004bc40 f   LIBCMTD:dosmap.obj
 0001:0004ac70       __get_errno_from_oserr     1004bc70 f   LIBCMTD:dosmap.obj
 0001:0004acf0       __set_errno                1004bcf0 f   LIBCMTD:dosmap.obj
 0001:0004ad20       __get_errno                1004bd20 f   LIBCMTD:dosmap.obj
 0001:0004ada0       __set_doserrno             1004bda0 f   LIBCMTD:dosmap.obj
 0001:0004add0       __get_doserrno             1004bdd0 f   LIBCMTD:dosmap.obj
 0001:0004ae50       __errno                    1004be50 f   LIBCMTD:dosmap.obj
 0001:0004ae80       ___doserrno                1004be80 f   LIBCMTD:dosmap.obj
 0001:0004aeb0       __CrtSetReportHookW2       1004beb0 f   LIBCMTD:dbgrptw.obj
 0001:0004b1e0       __CrtDbgReportW            1004c1e0 f   LIBCMTD:dbgrptw.obj
 0001:0004b220       __CrtDbgReportWV           1004c220 f i LIBCMTD:dbgrptw.obj
 0001:0004b250       ___crtMessageWindowW       1004c250 f   LIBCMTD:dbgrptw.obj
 0001:0004b650       __invoke_watson_if_oneof   1004c650 f i LIBCMTD:dbgrptw.obj
 0001:0004b690       ?_CrtDbgReportW@@YAHHPBGH00ZZ 1004c690 f   LIBCMTD:dbgrptw.obj
 0001:0004b6d0       __input_s_l                1004c6d0 f   LIBCMTD:inputs.obj
 0001:0004d410       __flsbuf                   1004e410 f   LIBCMTD:_flsbuf.obj
 0001:0004d6d0       __output_l                 1004e6d0 f   LIBCMTD:output.obj
 0001:0004eb40       _get_int_arg               1004fb40 f i LIBCMTD:output.obj
 0001:0004eb60       _get_int64_arg             1004fb60 f i LIBCMTD:output.obj
 0001:0004eb80       _get_short_arg             1004fb80 f i LIBCMTD:output.obj
 0001:0004eba0       ___crtLCMapStringA         1004fba0 f   LIBCMTD:a_map.obj
 0001:0004ee90       __MarkAllocaS              1004fe90 f i LIBCMTD:a_map.obj
 0001:0004eec0       __freea                    1004fec0 f i LIBCMTD:a_map.obj
 0001:0004ef80       __isleadbyte_l             1004ff80 f i LIBCMTD:_wctype.obj
 0001:0004efd0       _isleadbyte                1004ffd0 f i LIBCMTD:_wctype.obj
 0001:0004eff0       __iswalpha_l               1004fff0 f i LIBCMTD:_wctype.obj
 0001:0004f010       _iswalpha                  10050010 f i LIBCMTD:_wctype.obj
 0001:0004f030       __iswupper_l               10050030 f i LIBCMTD:_wctype.obj
 0001:0004f050       _iswupper                  10050050 f i LIBCMTD:_wctype.obj
 0001:0004f070       __iswlower_l               10050070 f i LIBCMTD:_wctype.obj
 0001:0004f090       _iswlower                  10050090 f i LIBCMTD:_wctype.obj
 0001:0004f0b0       __iswdigit_l               100500b0 f i LIBCMTD:_wctype.obj
 0001:0004f0d0       _iswdigit                  100500d0 f i LIBCMTD:_wctype.obj
 0001:0004f0f0       __iswxdigit_l              100500f0 f i LIBCMTD:_wctype.obj
 0001:0004f110       _iswxdigit                 10050110 f i LIBCMTD:_wctype.obj
 0001:0004f130       __iswspace_l               10050130 f i LIBCMTD:_wctype.obj
 0001:0004f150       _iswspace                  10050150 f i LIBCMTD:_wctype.obj
 0001:0004f170       __iswpunct_l               10050170 f i LIBCMTD:_wctype.obj
 0001:0004f190       _iswpunct                  10050190 f i LIBCMTD:_wctype.obj
 0001:0004f1b0       __iswalnum_l               100501b0 f i LIBCMTD:_wctype.obj
 0001:0004f1d0       _iswalnum                  100501d0 f i LIBCMTD:_wctype.obj
 0001:0004f1f0       __iswprint_l               100501f0 f i LIBCMTD:_wctype.obj
 0001:0004f210       _iswprint                  10050210 f i LIBCMTD:_wctype.obj
 0001:0004f230       __iswgraph_l               10050230 f i LIBCMTD:_wctype.obj
 0001:0004f250       _iswgraph                  10050250 f i LIBCMTD:_wctype.obj
 0001:0004f270       __iswcntrl_l               10050270 f i LIBCMTD:_wctype.obj
 0001:0004f290       _iswcntrl                  10050290 f i LIBCMTD:_wctype.obj
 0001:0004f2b0       _iswascii                  100502b0 f i LIBCMTD:_wctype.obj
 0001:0004f2d0       __iswcsym_l                100502d0 f i LIBCMTD:_wctype.obj
 0001:0004f310       ___iswcsym                 10050310 f i LIBCMTD:_wctype.obj
 0001:0004f350       __iswcsymf_l               10050350 f i LIBCMTD:_wctype.obj
 0001:0004f390       ___iswcsymf                10050390 f i LIBCMTD:_wctype.obj
 0001:0004f3d0       __CIpow_pentium4           100503d0 f   LIBCMTD:_pow_pentium4_.obj
 0001:0004f3e9       __pow_pentium4             100503e9     LIBCMTD:_pow_pentium4_.obj
 0001:0004ff30       __powhlp                   10050f30 f   LIBCMTD:_powhlp_.obj
 0001:000500e0       __d_inttype                100510e0 f   LIBCMTD:_powhlp_.obj
 0001:00050170       __malloc_dbg               10051170 f   LIBCMTD:dbgheap.obj
 0001:000501a0       __nh_malloc                100511a0 f   LIBCMTD:dbgheap.obj
 0001:000501c0       __nh_malloc_dbg            100511c0 f   LIBCMTD:dbgheap.obj
 0001:000502a0       __heap_alloc               100512a0 f   LIBCMTD:dbgheap.obj
 0001:00050680       __heap_alloc_dbg           10051680 f   LIBCMTD:dbgheap.obj
 0001:000506e0       __calloc_dbg_impl          100516e0 f   LIBCMTD:dbgheap.obj
 0001:00050760       __calloc_dbg               10051760 f   LIBCMTD:dbgheap.obj
 0001:000507c0       __recalloc                 100517c0 f   LIBCMTD:dbgheap.obj
 0001:000507f0       __realloc_dbg              100517f0 f   LIBCMTD:dbgheap.obj
 0001:00050e90       __recalloc_dbg             10051e90 f   LIBCMTD:dbgheap.obj
 0001:00050f40       __expand                   10051f40 f   LIBCMTD:dbgheap.obj
 0001:00050f70       __expand_dbg               10051f70 f   LIBCMTD:dbgheap.obj
 0001:00051080       __free_nolock              10052080 f   LIBCMTD:dbgheap.obj
 0001:000510a0       __free_dbg                 100520a0 f   LIBCMTD:dbgheap.obj
 0001:00051120       __free_dbg_nolock          10052120 f   LIBCMTD:dbgheap.obj
 0001:00051600       __msize                    10052600 f   LIBCMTD:dbgheap.obj
 0001:00051620       __msize_dbg                10052620 f   LIBCMTD:dbgheap.obj
 0001:00051810       __CrtSetBreakAlloc         10052810 f   LIBCMTD:dbgheap.obj
 0001:00051830       __CrtSetDbgBlockType       10052830 f   LIBCMTD:dbgheap.obj
 0001:00051920       __CrtSetAllocHook          10052920 f   LIBCMTD:dbgheap.obj
 0001:00051940       __CrtGetAllocHook          10052940 f   LIBCMTD:dbgheap.obj
 0001:00051990       __CrtCheckMemory           10052990 f   LIBCMTD:dbgheap.obj
 0001:00051df0       __CrtSetDbgFlag            10052df0 f   LIBCMTD:dbgheap.obj
 0001:00051f40       __CrtDoForAllClientObjects 10052f40 f   LIBCMTD:dbgheap.obj
 0001:00052060       __CrtIsValidPointer        10053060 f   LIBCMTD:dbgheap.obj
 0001:00052070       __CrtIsValidHeapPointer    10053070 f   LIBCMTD:dbgheap.obj
 0001:000520c0       __CrtIsMemoryBlock         100530c0 f   LIBCMTD:dbgheap.obj
 0001:00052230       __CrtReportBlockType       10053230 f   LIBCMTD:dbgheap.obj
 0001:00052260       __CrtSetDumpClient         10053260 f   LIBCMTD:dbgheap.obj
 0001:00052280       __CrtGetDumpClient         10053280 f   LIBCMTD:dbgheap.obj
 0001:00052290       __CrtMemCheckpoint         10053290 f   LIBCMTD:dbgheap.obj
 0001:000524b0       __CrtMemDifference         100534b0 f   LIBCMTD:dbgheap.obj
 0001:000526d0       __CrtMemDumpAllObjectsSince 100536d0 f   LIBCMTD:dbgheap.obj
 0001:00052bc0       __CrtDumpMemoryLeaks       10053bc0 f   LIBCMTD:dbgheap.obj
 0001:00052c40       __CrtMemDumpStatistics     10053c40 f   LIBCMTD:dbgheap.obj
 0001:00052d50       __aligned_malloc           10053d50 f   LIBCMTD:dbgheap.obj
 0001:00052d70       __aligned_malloc_dbg       10053d70 f   LIBCMTD:dbgheap.obj
 0001:00052da0       __aligned_realloc          10053da0 f   LIBCMTD:dbgheap.obj
 0001:00052dd0       __aligned_recalloc         10053dd0 f   LIBCMTD:dbgheap.obj
 0001:00052e00       __aligned_realloc_dbg      10053e00 f   LIBCMTD:dbgheap.obj
 0001:00052e30       __aligned_recalloc_dbg     10053e30 f   LIBCMTD:dbgheap.obj
 0001:00052e60       __aligned_offset_malloc    10053e60 f   LIBCMTD:dbgheap.obj
 0001:00052e80       __aligned_offset_malloc_dbg 10053e80 f   LIBCMTD:dbgheap.obj
 0001:00053040       __aligned_offset_realloc   10054040 f   LIBCMTD:dbgheap.obj
 0001:00053070       __aligned_offset_recalloc  10054070 f   LIBCMTD:dbgheap.obj
 0001:000530a0       __aligned_offset_realloc_dbg 100540a0 f   LIBCMTD:dbgheap.obj
 0001:00053390       __aligned_offset_recalloc_dbg 10054390 f   LIBCMTD:dbgheap.obj
 0001:00053450       __aligned_free             10054450 f   LIBCMTD:dbgheap.obj
 0001:00053470       __aligned_free_dbg         10054470 f   LIBCMTD:dbgheap.obj
 0001:00053520       __CrtSetDebugFillThreshold 10054520 f   LIBCMTD:dbgheap.obj
 0001:00053540       __CrtSetCheckCount         10054540 f   LIBCMTD:dbgheap.obj
 0001:00053560       __CrtGetCheckCount         10054560 f   LIBCMTD:dbgheap.obj
 0001:00053570       __aligned_msize            10054570 f   LIBCMTD:dbgheap.obj
 0001:00053590       __aligned_msize_dbg        10054590 f   LIBCMTD:dbgheap.obj
 0001:000536a0       __ioinit                   100546a0 f   LIBCMTD:ioinit.obj
 0001:00053ab0       __ioterm                   10054ab0 f   LIBCMTD:ioinit.obj
 0001:00053b50       __setenvp                  10054b50 f   LIBCMTD:stdenvp.obj
 0001:00053cf0       __setargv                  10054cf0 f   LIBCMTD:stdargv.obj
 0001:00053e10       __set_pgmptr               10054e10 f i LIBCMTD:stdargv.obj
 0001:00054180       ___crtGetEnvironmentStringsA 10055180 f   LIBCMTD:a_env.obj
 0001:00054280       __RTC_Initialize           10055280 f   LIBCMTD:_initsect_.obj
 0001:000542b0       __RTC_Terminate            100552b0 f   LIBCMTD:_initsect_.obj
 0001:000542e0       __heap_init                100552e0 f   LIBCMTD:heapinit.obj
 0001:00054320       __heap_term                10055320 f   LIBCMTD:heapinit.obj
 0001:00054340       __get_heap_handle          10055340 f   LIBCMTD:heapinit.obj
 0001:00054380       __except_handler4          10055380 f   LIBCMTD:chandler4.obj
 0001:000545a0       ___security_init_cookie    100555a0 f   LIBCMTD:gs_support.obj
 0001:00054680       ___CppXcptFilter           10055680 f   LIBCMTD:winxfltr.obj
 0001:000546b0       __XcptFilter               100556b0 f   LIBCMTD:winxfltr.obj
 0001:00054910       _DllMain@12                10055910 f   LIBCMTD:dllmain.obj
 0001:00054920       ___libm_setusermatherr     10055920 f   LIBCMTD:_libm_error_.obj
 0001:00054960       ___libm_error_support      10055960 f   LIBCMTD:_libm_error_.obj
 0001:00055490       __floor_default            10056490 f   LIBCMTD:_floor_.obj
 0001:000555d0       __CIlog_pentium4           100565d0 f   LIBCMTD:_log_pentium4_.obj
 0001:000555e8       __log_pentium4             100565e8     LIBCMTD:_log_pentium4_.obj
 0001:00055840       __ceil_default             10056840 f   LIBCMTD:_ceil_.obj
 0001:00055980       __copysign                 10056980 f   LIBCMTD:_ieeemisc_.obj
 0001:000559c0       __chgsign                  100569c0 f   LIBCMTD:_ieeemisc_.obj
 0001:00055a00       __scalb                    10056a00 f   LIBCMTD:_ieeemisc_.obj
 0001:00055a20       __logb                     10056a20 f   LIBCMTD:_ieeemisc_.obj
 0001:00055b60       __nextafter                10056b60 f   LIBCMTD:_ieeemisc_.obj
 0001:00055e80       __finite                   10056e80 f   LIBCMTD:_ieeemisc_.obj
 0001:00055ea0       __isnan                    10056ea0 f   LIBCMTD:_ieeemisc_.obj
 0001:00055ef0       __fpclass                  10056ef0 f   LIBCMTD:_ieeemisc_.obj
 0001:00055fc0       __onexit                   10056fc0 f   LIBCMTD:onexit.obj
 0001:00056190       _atexit                    10057190 f   LIBCMTD:onexit.obj
 0001:000561b0       ___onexitinit              100571b0 f   LIBCMTD:onexit.obj
 0001:00056210       __ValidateImageBase        10057210 f   LIBCMTD:pesect.obj
 0001:00056270       __FindPESection            10057270 f   LIBCMTD:pesect.obj
 0001:000562f0       __IsNonwritableInCurrentImage 100572f0 f   LIBCMTD:pesect.obj
 0001:00056410       __FF_MSGBANNER             10057410 f   LIBCMTD:crt0msg.obj
 0001:00056460       __GET_RTERRMSG             10057460 f   LIBCMTD:crt0msg.obj
 0001:000564b0       __NMSG_WRITE               100574b0 f   LIBCMTD:crt0msg.obj
 0001:000567f0       __mtinitlocks              100577f0 f   LIBCMTD:mlock.obj
 0001:00056880       __mtdeletelocks            10057880 f   LIBCMTD:mlock.obj
 0001:00056940       __mtinitlocknum            10057940 f   LIBCMTD:mlock.obj
 0001:00056a90       __lock                     10057a90 f   LIBCMTD:mlock.obj
 0001:00056ad0       __unlock                   10057ad0 f   LIBCMTD:mlock.obj
 0001:00056af0       __lockerr_exit             10057af0 f   LIBCMTD:mlock.obj
 0001:00056b10       __initp_eh_hooks           10057b10 f   LIBCMTD:hooks.obj
 0001:00056b30       ?terminate@@YAXXZ          10057b30 f   LIBCMTD:hooks.obj
 0001:00056bb0       ?unexpected@@YAXXZ         10057bb0 f   LIBCMTD:hooks.obj
 0001:00056be0       ?_inconsistency@@YAXXZ     10057be0 f   LIBCMTD:hooks.obj
 0001:00056c70       __initp_misc_rand_s        10057c70 f   LIBCMTD:rand_s.obj
 0001:00056c80       _rand_s                    10057c80 f   LIBCMTD:rand_s.obj
 0001:00056ea0       ___getlocaleinfo           10057ea0 f   LIBCMTD:inithelp.obj
 0001:00057180       __initp_misc_purevirt      10058180 f   LIBCMTD:inithelp.obj
 0001:00057190       __initp_heap_handler       10058190 f   LIBCMTD:handler.obj
 0001:000571a0       ?_set_new_handler@@YAP6AHI@ZP6AHI@Z@Z 100581a0 f   LIBCMTD:handler.obj
 0001:000571e0       ?_set_new_handler@@YAP6AHI@ZH@Z 100581e0 f   LIBCMTD:handler.obj
 0001:00057220       ?_query_new_handler@@YAP6AHI@ZXZ 10058220 f   LIBCMTD:handler.obj
 0001:00057240       __callnewh                 10058240 f   LIBCMTD:handler.obj
 0001:00057280       ?_RTC_GetSrcLine@@YAHPAEPA_WKPAH1K@Z 10058280 f   LIBCMTD:_pdblkup_.obj
 0001:000578d0       __CrtSetReportHook2        100588d0 f   LIBCMTD:dbgrpt.obj
 0001:00057c00       __CrtDbgReport             10058c00 f   LIBCMTD:dbgrpt.obj
 0001:00057c40       __CrtDbgReportV            10058c40 f i LIBCMTD:dbgrpt.obj
 0001:00057c70       ___crtMessageWindowA       10058c70 f   LIBCMTD:dbgrpt.obj
 0001:00058070       __aulldiv                  10059070 f   LIBCMTD:ulldiv.obj
 0001:000580e0       __aullrem                  100590e0 f   LIBCMTD:ullrem.obj
 0001:00058160       __commit                   10059160 f   LIBCMTD:commit.obj
 0001:00058380       __fileno                   10059380 f   LIBCMTD:fileno.obj
 0001:00058400       __write                    10059400 f   LIBCMTD:write.obj
 0001:00058630       __write_nolock             10059630 f   LIBCMTD:write.obj
 0001:00059170       __stbuf                    1005a170 f   LIBCMTD:_sftbuf.obj
 0001:000592d0       __ftbuf                    1005a2d0 f   LIBCMTD:_sftbuf.obj
 0001:00059360       __woutput_l                1005a360 f   LIBCMTD:woutput.obj
 0001:0005a560       _vfwprintf_helper          1005b560 f   LIBCMTD:vfwprint.obj
[...]
 0001:00028bd0       _oc_state_frarray_init     10029bd0 f   libtheora_static:state.obj
 0001:00029020       _oc_sb_create_plane_mapping 1002a020 f   libtheora_static:state.obj
 0001:000291f0       _oc_sb_quad_top_left_frag  1002a1f0 f   libtheora_static:state.obj
 0001:00029210       _oc_mb_create_mapping      1002a210 f   libtheora_static:state.obj
 0001:000293a0       _oc_mb_fill_ymapping       1002a3a0 f   libtheora_static:state.obj
 0001:00029410       _oc_state_border_init      1002a410 f   libtheora_static:state.obj
 0001:00029770       _oc_state_frarray_clear    1002a770 f   libtheora_static:state.obj
 0001:00029800       _oc_state_ref_bufs_init    1002a800 f   libtheora_static:state.obj
 0001:00029c80       _oc_state_ref_bufs_clear   1002ac80 f   libtheora_static:state.obj
 0001:0002a6c0       _loop_filter_h             1002b6c0 f   libtheora_static:state.obj
 0001:0002a7d0       _loop_filter_v             1002b7d0 f   libtheora_static:state.obj
 0001:0002ab60       _oc_dec_init               1002bb60 f   libtheora_static:decode1.obj
 0001:0002aea0       _oc_dec_clear              1002bea0 f   libtheora_static:decode1.obj
 0001:0002ba40       _oc_dec_frame_header_unpack 1002ca40 f   libtheora_static:decode1.obj
 0001:0002bba0       _oc_dec_mark_all_intra     1002cba0 f   libtheora_static:decode1.obj
 0001:0002bd50       _oc_dec_coded_flags_unpack 1002cd50 f   libtheora_static:decode1.obj
 0001:0002c000       _oc_block_run_unpack       1002d000 f   libtheora_static:decode1.obj
 0001:0002c0f0       _oc_dec_partial_sb_flags_unpack 1002d0f0 f   libtheora_static:decode1.obj
 0001:0002c230       _oc_sb_run_unpack          1002d230 f   libtheora_static:decode1.obj
 0001:0002c350       _oc_dec_coded_sb_flags_unpack 1002d350 f   libtheora_static:decode1.obj
 0001:0002c4a0       _oc_dec_mb_modes_unpack    1002d4a0 f   libtheora_static:decode1.obj
 0001:0002c690       _oc_vlc_mode_unpack        1002d690 f   libtheora_static:decode1.obj
 0001:0002c6f0       _oc_clc_mode_unpack        1002d6f0 f   libtheora_static:decode1.obj
 0001:0002c720       _oc_dec_mv_unpack_and_frag_modes_fill 1002d720 f   libtheora_static:decode1.obj
 0001:0002cdb0       _oc_vlc_mv_comp_unpack     1002ddb0 f   libtheora_static:decode1.obj
 0001:0002ce90       _oc_clc_mv_comp_unpack     1002de90 f   libtheora_static:decode1.obj
 0001:0002cef0       _oc_dec_block_qis_unpack   1002def0 f   libtheora_static:decode1.obj
 0001:0002d1d0       _oc_dec_residual_tokens_unpack 1002e1d0 f   libtheora_static:decode1.obj
 0001:0002d440       _oc_dec_dc_coeff_unpack    1002e440 f   libtheora_static:decode1.obj
 0001:0002d920       _oc_dec_ac_coeff_unpack    1002e920 f   libtheora_static:decode1.obj
 0001:0002dce0       _oc_dec_pipeline_init      1002ece0 f   libtheora_static:decode1.obj
 0001:0002df30       _oc_dec_postprocess_init   1002ef30 f   libtheora_static:decode1.obj
 0001:0002e440       _oc_dec_dc_unpredict_mcu_plane 1002f440 f   libtheora_static:decode1.obj
 0001:0002e9f0       _oc_dec_frags_recon_mcu_plane 1002f9f0 f   libtheora_static:decode1.obj
 0001:0002eed0       _oc_dec_deblock_frag_rows  1002fed0 f   libtheora_static:decode1.obj
 0001:0002f260       _oc_filter_hedge           10030260 f   libtheora_static:decode1.obj
 0001:0002f560       _oc_filter_vedge           10030560 f   libtheora_static:decode1.obj
 0001:0002f830       _oc_dec_dering_frag_rows   10030830 f   libtheora_static:decode1.obj
 0001:0002fb70       _oc_dering_block           10030b70 f   libtheora_static:decode1.obj
 0001:000304d0       _oc_dec_init_dummy_frame   100314d0 f   libtheora_static:decode1.obj
 0001:00030630       _oc_set_chroma_mvs00       10031630 f   libtheora_static:internal.obj
 0001:000306d0       _oc_set_chroma_mvs01       100316d0 f   libtheora_static:internal.obj
 0001:000307a0       _oc_set_chroma_mvs10       100317a0 f   libtheora_static:internal.obj
 0001:00030870       _oc_set_chroma_mvs11       10031870 f   libtheora_static:internal.obj
 0001:00030c60       _oc_dec_headerin           10031c60 f   libtheora_static:decinfo.obj
 0001:00030ec0       _oc_unpack_octets          10031ec0 f   libtheora_static:decinfo.obj
 0001:00030f10       _oc_info_unpack            10031f10 f   libtheora_static:decinfo.obj
 0001:000311e0       _oc_comment_unpack         100321e0 f   libtheora_static:decinfo.obj
 0001:000313f0       _oc_unpack_length          100323f0 f   libtheora_static:decinfo.obj
 0001:000314b0       _oc_setup_unpack           100324b0 f   libtheora_static:decinfo.obj
 0001:00031500       _oc_setup_clear            10032500 f   libtheora_static:decinfo.obj
 0001:00031870       _oc_tagcompare             10032870 f   libtheora_static:info.obj
 0001:00031ed0       _oc_idct8x8_3              10032ed0 f   libtheora_static:idct1.obj
 0001:00031ff0       _idct8_2                   10032ff0 f   libtheora_static:idct1.obj
 0001:00032120       _idct8_1                   10033120 f   libtheora_static:idct1.obj
 0001:000321a0       _oc_idct8x8_10             100331a0 f   libtheora_static:idct1.obj
 0001:000322e0       _idct8_4                   100332e0 f   libtheora_static:idct1.obj
 0001:000324b0       _idct8_3                   100334b0 f   libtheora_static:idct1.obj
 0001:00032630       _oc_idct8x8_slow           10033630 f   libtheora_static:idct1.obj
 0001:00032760       _idct8                     10033760 f   libtheora_static:idct1.obj
 0001:00032a70       _oc_cpu_flags_get          10033a70 f   libtheora_static:x86state.obj
 0001:00032e40       _oc_cpuid_helper           10033e40 f   libtheora_static:x86state.obj
 0001:00032e70       _oc_detect_cpuid_helper    10033e70 f   libtheora_static:x86state.obj
 0001:00032ea0       _oc_parse_intel_flags      10033ea0 f   libtheora_static:x86state.obj
 0001:00032f50       _oc_parse_amd_flags        10033f50 f   libtheora_static:x86state.obj
 0001:00033610       _oc_huff_tree_unpack       10034610 f   libtheora_static:huffdec.obj
 0001:00033890       _oc_huff_tree_collapse_size 10034890 f   libtheora_static:huffdec.obj
 0001:000339e0       _oc_huff_node_size         100349e0 f   libtheora_static:huffdec.obj
 0001:00033a20       _oc_huff_tree_mindepth     10034a20 f   libtheora_static:huffdec.obj
 0001:00033a90       _oc_huff_tree_occupancy    10034a90 f   libtheora_static:huffdec.obj
 0001:00033af0       _oc_huff_tree_collapse     10034af0 f   libtheora_static:huffdec.obj
 0001:00033c10       _oc_huff_node_init         10034c10 f   libtheora_static:huffdec.obj
 0001:00033c40       _oc_huff_tree_copy         10034c40 f   libtheora_static:huffdec.obj
 0001:00033d50       _oc_huff_node_fill         10034d50 f   libtheora_static:huffdec.obj
 0001:00033f20       _oc_huff_tree_size         10034f20 f   libtheora_static:huffdec.obj
 0001:00034090       _oc_pack_look              10035090 f   libtheora_static:huffdec.obj
 0001:00034110       _oc_pack_refill            10035110 f   libtheora_static:huffdec.obj
 0001:000341d0       _oc_pack_adv               100351d0 f   libtheora_static:huffdec.obj
 0001:000342a0       _oc_pack_refill            100352a0 f   libtheora_static:bitpack.obj
 0001:000359b0       _oc_idct8x8_slow           100369b0 f   libtheora_static:mmxidct.obj
 0001:00035fd0       _oc_idct8x8_10             10036fd0 f   libtheora_static:mmxidct.obj
 0001:000373a0       _swprintf                  100383a0 f   LIBCMTD:wassert.obj
 0001:00038f70       _vscan_fn                  10039f70 f   LIBCMTD:sscanf.obj
 0001:0003a2d0       ___DllMainCRTStartup       1003b2d0 f   LIBCMTD:dllcrt0.obj
 0001:0003a7d0       _cmpBYTE                   1003b7d0 f   LIBCMTD:memcmp.obj
 0001:0003a800       _cmpResult                 1003b800 f   LIBCMTD:memcmp.obj
 0001:0003a820       _unaligned_memcmp          1003b820 f   LIBCMTD:memcmp.obj
 0001:0003af30       _cmpWORD                   1003bf30 f   LIBCMTD:memcmp.obj
 0001:0003afb0       _cmpDWORD                  1003bfb0 f   LIBCMTD:memcmp.obj
 0001:0003ba70       _shortsort                 1003ca70 f   LIBCMTD:qsort.obj
 0001:0003bae0       _swap                      1003cae0 f   LIBCMTD:qsort.obj
 0001:0003c0c0       _doexit                    1003d0c0 f   LIBCMTD:crt0dat.obj
 0001:0003c3b0       __initterm                 1003d3b0 f   LIBCMTD:crt0dat.obj
 0001:0003cf30       ?failwithmessage@@YAXPAXHHPBD@Z 1003df30 f   LIBCMTD:_error_.obj
 0001:0003d150       ?DebuggerProbe@@YAHK@Z     1003e150 f   LIBCMTD:_error_.obj
 0001:0003d1e0       ?DebuggerRuntime@@YAHKHPAXPB_W@Z 1003e1e0 f   LIBCMTD:_error_.obj
 0001:0003d4c0       ?_getMemBlockDataString@@YAXPAD00I@Z 1003e4c0 f   LIBCMTD:_error_.obj
 0001:0003db20       _ctrlevent_capture@4       1003eb20 f   LIBCMTD:winsig.obj
 0001:0003df20       _siglookup                 1003ef20 f   LIBCMTD:winsig.obj
 0001:0003e240       _xtow_s@20                 1003f240 f   LIBCMTD:xtows.obj
 0001:0003e670       @x64tow_s@24               1003f670 f   LIBCMTD:xtows.obj
 0001:0003fbd0       _flsall                    10040bd0 f   LIBCMTD:fflush.obj
 0001:000419c0       __cftoe2_l                 100429c0 f   LIBCMTD:cvt.obj
 0001:00042760       __cftof2_l                 10043760 f   LIBCMTD:cvt.obj
 0001:00042d40       __shift                    10043d40 f   LIBCMTD:cvt.obj
 0001:00044b30       __get_fname                10045b30 f   LIBCMTD:_fpexcept_.obj
 0001:00046730       ?getSystemCP@@YAHH@Z       10047730 f   LIBCMTD:mbctype.obj
 0001:00046b90       ?CPtoLCID@@YAHH@Z          10047b90 f   LIBCMTD:mbctype.obj
 0001:00046c10       ?setSBCS@@YAXPAUthreadmbcinfostruct@@@Z 10047c10 f   LIBCMTD:mbctype.obj
 0001:00046cf0       ?setSBUpLow@@YAXPAUthreadmbcinfostruct@@@Z 10047cf0 f   LIBCMTD:mbctype.obj
 0001:00047c60       __copytlocinfo_nolock      10048c60 f   LIBCMTD:setlocal.obj
 0001:00048060       _sync_legacy_variables_lk  10049060 f   LIBCMTD:setlocal.obj
 0001:000480a0       __setlocale_nolock         100490a0 f   LIBCMTD:setlocal.obj
 0001:00048490       __setlocale_set_cat        10049490 f   LIBCMTD:setlocal.obj
 0001:000489c0       __setlocale_get_all        100499c0 f   LIBCMTD:setlocal.obj
 0001:0004aa10       ___check_float_string      1004ba10 f   LIBCMTD:input.obj
 0001:0004ab30       __hextodec                 1004bb30 f   LIBCMTD:input.obj
 0001:0004ab70       __inc                      1004bb70 f   LIBCMTD:input.obj
 0001:0004abd0       __un_inc                   1004bbd0 f   LIBCMTD:input.obj
 0001:0004abf0       __whiteout                 1004bbf0 f   LIBCMTD:input.obj
 0001:0004d200       ___check_float_string      1004e200 f   LIBCMTD:inputs.obj
 0001:0004d300       __hextodec                 1004e300 f   LIBCMTD:inputs.obj
 0001:0004d340       __inc                      1004e340 f   LIBCMTD:inputs.obj
 0001:0004d3a0       __un_inc                   1004e3a0 f   LIBCMTD:inputs.obj
 0001:0004d3c0       __whiteout                 1004e3c0 f   LIBCMTD:inputs.obj
 0001:0004e9a0       _write_char                1004f9a0 f   LIBCMTD:output.obj
 0001:0004ea50       _write_multi_char          1004fa50 f   LIBCMTD:output.obj
 0001:0004ea90       _write_string              1004fa90 f   LIBCMTD:output.obj
 0001:0004ec00       ?__crtLCMapStringA_stat@@YAHPAUlocaleinfo_struct@@KKPBDHPADHHH@Z 1004fc00 f   LIBCMTD:a_map.obj
 0001:0004ef30       ?strncnt@@YAHPBDH@Z        1004ff30 f   LIBCMTD:a_map.obj
 0001:00050220       __nh_malloc_dbg_impl       10051220 f   LIBCMTD:dbgheap.obj
 0001:000502c0       __heap_alloc_dbg_impl      100512c0 f   LIBCMTD:dbgheap.obj
 0001:00050890       _realloc_help              10051890 f   LIBCMTD:dbgheap.obj
 0001:00051950       _CheckBytes                10052950 f   LIBCMTD:dbgheap.obj
 0001:00052710       ?_CrtMemDumpAllObjectsSince_stat@@YAXPBU_CrtMemState@@PAUlocaleinfo_struct@@@Z 10053710 f   LIBCMTD:dbgheap.obj
 0001:00052a20       __printMemBlockData        10053a20 f   LIBCMTD:dbgheap.obj
 0001:00053e20       _parse_cmdline             10054e20 f   LIBCMTD:stdargv.obj
 0001:00054540       _ValidateLocalCookies      10055540 f   LIBCMTD:chandler4.obj
 0001:000548b0       _xcptlookup                100558b0 f   LIBCMTD:winxfltr.obj
 0001:00056040       __onexit_nolock            10057040 f   LIBCMTD:onexit.obj
 0001:00057540       ?GetPdbDll@@YAPAUHINSTANCE__@@XZ 10058540 f   LIBCMTD:_pdblkup_.obj
 0001:00057630       ?GetPdbDllFromInstallPath@@YAPAUHINSTANCE__@@XZ 10058630 f   LIBCMTD:_pdblkup_.obj
 0001:000577f0       ?GetPdbDllPathFromFilePath@@YAHPB_WPA_WI@Z 100587f0 f   LIBCMTD:_pdblkup_.obj
 0001:0005a410       _write_char                1005b410 f   LIBCMTD:woutput.obj
 0001:0005a470       _write_multi_char          1005b470 f   LIBCMTD:woutput.obj
 0001:0005a4b0       _write_string              1005b4b0 f   LIBCMTD:woutput.obj
 0001:0005bbf0       _write_char                1005cbf0 f   LIBCMTD:woutputs.obj
 0001:0005bc50       _write_multi_char          1005cc50 f   LIBCMTD:woutputs.obj
 0001:0005bc90       _write_string              1005cc90 f   LIBCMTD:woutputs.obj
 0001:0005f5f0       _write_char                100605f0 f   LIBCMTD:woutputp.obj
 0001:0005f650       _write_multi_char          10060650 f   LIBCMTD:woutputp.obj
 0001:0005f690       _write_string              10060690 f   LIBCMTD:woutputp.obj
 0001:000607b0       ?__crtGetStringTypeA_stat@@YAHPAUlocaleinfo_struct@@KPBDHPAGHHH@Z 100617b0 f   LIBCMTD:a_str.obj
 0001:00060af0       ?CatchGuardHandler@@YA?AW4_EXCEPTION_DISPOSITION@@PAUEHExceptionRecord@@PAUCatchGuardRN@@PAX2@Z 10061af0 f   LIBCMTD:_trnsctrl_.obj
 0001:00060c30       ?TranslatorGuardHandler@@YA?AW4_EXCEPTION_DISPOSITION@@PAUEHExceptionRecord@@PAUTranslatorGuardRN@@PAX2@Z 10061c30 f   LIBCMTD:_trnsctrl_.obj
 0001:00060f10       __get_lc_time              10061f10 f   LIBCMTD:inittime.obj
 0001:000624f0       _fix_grouping              100634f0 f   LIBCMTD:initnum.obj
 0001:00062b90       _fix_grouping              10063b90 f   LIBCMTD:initmon.obj
 0001:00064140       _TranslateName             10065140 f   LIBCMTD:getqloc.obj
 0001:000641d0       _GetLcidFromLangCountry    100651d0 f   LIBCMTD:getqloc.obj
 0001:00064290       _LangCountryEnumProc@4     10065290 f   LIBCMTD:getqloc.obj
 0001:000646d0       _GetLcidFromLanguage       100656d0 f   LIBCMTD:getqloc.obj
 0001:00064750       _LanguageEnumProc@4        10065750 f   LIBCMTD:getqloc.obj
 0001:000648f0       _GetLcidFromCountry        100658f0 f   LIBCMTD:getqloc.obj
 0001:00064940       _CountryEnumProc@4         10065940 f   LIBCMTD:getqloc.obj
 0001:00064a40       _GetLcidFromDefault        10065a40 f   LIBCMTD:getqloc.obj
 0001:00064a80       _ProcessCodePage           10065a80 f   LIBCMTD:getqloc.obj
 0001:00064b30       _TestDefaultCountry        10065b30 f   LIBCMTD:getqloc.obj
 0001:00064b80       _TestDefaultLanguage       10065b80 f   LIBCMTD:getqloc.obj
 0001:00064c00       _LcidFromHexString         10065c00 f   LIBCMTD:getqloc.obj
 0001:00064c80       _GetPrimaryLen             10065c80 f   LIBCMTD:getqloc.obj
 0001:00067c20       __is_LFH_enabled           10068c20 f   LIBCMTD:expand.obj
 0001:000684a0       ?x_ismbbtype_l@@YAHPAUlocaleinfo_struct@@IHH@Z 100694a0 f   LIBCMTD:ismbbyte.obj
 0001:00068600       __unwind_handler4          10069600 f   LIBCMTD:exsup4.obj
 0001:00068720       ?__crtGetLocaleInfoA_stat@@YAHPAUlocaleinfo_struct@@KKPADH@Z 10069720 f   LIBCMTD:a_loc.obj
 0001:0006b8a0       _write_char                1006c8a0 f   LIBCMTD:outputs.obj
 0001:0006b950       _write_multi_char          1006c950 f   LIBCMTD:outputs.obj
 0001:0006b990       _write_string              1006c990 f   LIBCMTD:outputs.obj
 0001:0006f720       _write_char                10070720 f   LIBCMTD:outputp.obj
 0001:0006f7d0       _write_multi_char          100707d0 f   LIBCMTD:outputp.obj
 0001:0006f810       _write_string              10070810 f   LIBCMTD:outputp.obj
 0001:0006f900       ?wcstoxl@@YAKPB_WPAPB_WHH@Z 10070900 f   LIBCMTD:wcstol.obj
 0001:00070060       __abstract_cw              10071060 f   LIBCMTD:_ieee87_.obj
 0001:000701b0       __hw_cw                    100711b0 f   LIBCMTD:_ieee87_.obj
 0001:00070310       __abstract_sw              10071310 f   LIBCMTD:_ieee87_.obj
 0001:000703a0       ___statusfp_sse2           100713a0 f   LIBCMTD:_ieee87_.obj
 0001:000703c0       ___clearfp_sse2            100713c0 f   LIBCMTD:_ieee87_.obj
 0001:000703f0       ___control87_sse2          100713f0 f   LIBCMTD:_ieee87_.obj
 0001:00070470       ___abstract_cw_sse2        10071470 f   LIBCMTD:_ieee87_.obj
 0001:000705c0       ___hw_cw_sse2              100715c0 f   LIBCMTD:_ieee87_.obj
 0001:00070710       ___abstract_sw_sse2        10071710 f   LIBCMTD:_ieee87_.obj
 0001:000707a0       ___fpreset_sse2            100717a0 f   LIBCMTD:_ieee87_.obj
 0001:000727f0       ?FindHandler@@YAXPAUEHExceptionRecord@@PAUEHRegistrationNode@@PAU_CONTEXT@@PAXPBU_s_FuncInfo@@EH1@Z 100737f0 f   LIBCMTD:frame.obj
 0001:00072d40       ?FindHandlerForForeignException@@YAXPAUEHExceptionRecord@@PAUEHRegistrationNode@@PAU_CONTEXT@@PAXPBU_s_FuncInfo@@HH1@Z 10073d40 f   LIBCMTD:frame.obj
 0001:00073180       ?CatchIt@@YAXPAUEHExceptionRecord@@PAUEHRegistrationNode@@PAU_CONTEXT@@PAXPBU_s_FuncInfo@@PBU_s_HandlerType@@PBU_s_CatchableType@@PBU_s_TryBlockMapEntry@@H1E@Z 10074180 f   LIBCMTD:frame.obj
 0001:00073240       ?CallCatchBlock@@YAPAXPAUEHExceptionRecord@@PAUEHRegistrationNode@@PAU_CONTEXT@@PBU_s_FuncInfo@@PAXHK@Z 10074240 f   LIBCMTD:frame.obj
 0001:000734d0       ?ExFilterRethrow@@YAHPAU_EXCEPTION_POINTERS@@@Z 100744d0 f   LIBCMTD:frame.obj
 0001:00074140       ?IsInExceptionSpec@@YAEPAUEHExceptionRecord@@PBU_s_ESTypeList@@@Z 10075140 f   LIBCMTD:frame.obj
 0001:00074200       ?CallUnexpected@@YAXPBU_s_ESTypeList@@@Z 10075200 f   LIBCMTD:frame.obj
 0001:0007424e       __catch$?CallUnexpected@@YAXPBU_s_ESTypeList@@@Z$0 1007524e f   LIBCMTD:frame.obj
 0001:00074290       ?Is_bad_exception_allowed@@YAEPBU_s_ESTypeList@@@Z 10075290 f   LIBCMTD:frame.obj
 0001:00074470       _xtoa_s@20                 10075470 f   LIBCMTD:xtoas.obj
 0001:00074890       @x64toa_s@24               10075890 f   LIBCMTD:xtoas.obj
 0001:00077c00       ?wcsncnt@@YAIPB_WI@Z       10078c00 f   LIBCMTD:wcstombs.obj
 0001:000788b0       __unwind_handler           100798b0 f   LIBCMTD:exsup.obj
 0001:00079040       ?strtoxl@@YAKPAUlocaleinfo_struct@@PBDPAPBDHH@Z 1007a040 f   LIBCMTD:strtol.obj
 0001:0007a320       ?strtoxq@@YA_KPAUlocaleinfo_struct@@PBDPAPBDHH@Z 1007b320 f   LIBCMTD:strtoq.obj
 0001:00084700       ?und_strlen@@YAIPBD@Z      10085700 f   LIBCMTD:undname.obj
 0001:00084740       ?und_memcpy@@YAXPADPBDI@Z  10085740 f   LIBCMTD:undname.obj
 0001:00084780       ?und_strncmp@@YAIPBD0I@Z   10085780 f   LIBCMTD:undname.obj
 0001:00084e70       _oggpack_writecopy_helper  10085e70 f   libogg_static:bitwise.obj
 0001:00085cb0       __unwindfunclet$?getSystemCP@@YAHH@Z$0 10086cb0 f   LIBCMTD:mbctype.obj
 0001:00085cb8       __ehhandler$?getSystemCP@@YAHH@Z 10086cb8 f   LIBCMTD:mbctype.obj
 0001:00085ce0       __unwindfunclet$?x_ismbbtype_l@@YAHPAUlocaleinfo_struct@@IHH@Z$0 10086ce0 f   LIBCMTD:ismbbyte.obj
 0001:00085ce8       __ehhandler$?x_ismbbtype_l@@YAHPAUlocaleinfo_struct@@IHH@Z 10086ce8 f   LIBCMTD:ismbbyte.obj
 0001:00085d10       __ehhandler$?CallUnexpected@@YAXPBU_s_ESTypeList@@@Z 10086d10 f   LIBCMTD:frame.obj
 0001:00085d30       __unwindfunclet$?strtoxl@@YAKPAUlocaleinfo_struct@@PBDPAPBDHH@Z$0 10086d30 f   LIBCMTD:strtol.obj
 0001:00085d38       __ehhandler$?strtoxl@@YAKPAUlocaleinfo_struct@@PBDPAPBDHH@Z 10086d38 f   LIBCMTD:strtol.obj
 0001:00085d60       __unwindfunclet$?strtoxq@@YA_KPAUlocaleinfo_struct@@PBDPAPBDHH@Z$0 10086d60 f   LIBCMTD:strtoq.obj
 0001:00085d68       __ehhandler$?strtoxq@@YA_KPAUlocaleinfo_struct@@PBDPAPBDHH@Z 10086d68 f   LIBCMTD:strtoq.obj
 0001:00085d90       __unwindfunclet$?make@DNameStatusNode@@SAPAV1@W4DNameStatus@@@Z$0 10086d90 f   LIBCMTD:undname.obj
 0001:00085d9e       __ehhandler$?make@DNameStatusNode@@SAPAV1@W4DNameStatus@@@Z 10086d9e f   LIBCMTD:undname.obj
