 cgame_x86

 Timestamp is 51ba2772 (Fri Jun 14 00:11:30 2013)

 Preferred load address is 10000000

 Start         Length     Name                   Class
 0001:00000000 000a4a52H .text                   CODE
 0001:000a4a60 00000109H .text$x                 CODE
 0002:00000000 00000158H .idata$5                DATA
 0002:00000158 00000004H .CRT$XCA                DATA
 0002:0000015c 00000004H .CRT$XCZ                DATA
 0002:00000160 00000004H .CRT$XIA                DATA
 0002:00000164 00000014H .CRT$XIC                DATA
 0002:00000178 00000004H .CRT$XIZ                DATA
 0002:0000017c 00000004H .CRT$XPA                DATA
 0002:00000180 00000008H .CRT$XPX                DATA
 0002:00000188 00000004H .CRT$XPXA               DATA
 0002:0000018c 00000004H .CRT$XPZ                DATA
 0002:00000190 00000004H .CRT$XTA                DATA
 0002:00000194 00000004H .CRT$XTZ                DATA
 0002:000001a0 000256e8H .rdata                  DATA
 0002:00025888 00000051H .rdata$debug            DATA
 0002:000258dc 000001c4H .rdata$r                DATA
 0002:00025aa0 0000002cH .rdata$sxdata           DATA
 0002:00025acc 00000004H .rtc$IAA                DATA
 0002:00025ad0 00000090H .rtc$IMZ                DATA
 0002:00025b60 00000004H .rtc$IZZ                DATA
 0002:00025b64 00000004H .rtc$TAA                DATA
 0002:00025b68 00000090H .rtc$TMZ                DATA
 0002:00025bf8 00000004H .rtc$TZZ                DATA
 0002:00025c00 00000c40H .xdata$x                DATA
 0002:00026840 00000014H .idata$2                DATA
 0002:00026854 00000014H .idata$3                DATA
 0002:00026868 00000158H .idata$4                DATA
 0002:000269c0 0000063cH .idata$6                DATA
 0002:00027000 0000004cH .edata                  DATA
 0003:00000000 00004270H .data                   DATA
 0003:00004280 004e2d80H .bss                    DATA

  Address         Publics by Value              Rva+Base       Lib:Object

 0000:00000000       __except_list              00000000     <absolute>
 0000:0000000b       ___safe_se_handler_count   0000000b     <absolute>
 0000:00000000       ___ImageBase               10000000     <linker-defined>
 0001:00000000       ?CG_SkeletonForModel@@YAPAUcgs_skeleton_s@@PAUmodel_s@@@Z 10001000 f   cg_boneposes.obj
 0001:000004a0       ?CG_BoneNodeFromNum@@YAPAUbonenode_s@@PAUcgs_skeleton_s@@H@Z 100014a0 f   cg_boneposes.obj
 0001:000004d0       ?CG_RecurseBlendSkeletalBone@@YAXPAUbonepose_s@@0PAUbonenode_s@@M@Z 100014d0 f   cg_boneposes.obj
 0001:000005c0       ?CG_TransformBoneposes@@YAXPAUcgs_skeleton_s@@PAUbonepose_s@@1@Z 100015c0 f   cg_boneposes.obj
 0001:000006d0       ?CG_LerpBoneposes@@YA_NPAUcgs_skeleton_s@@PAUbonepose_s@@11M@Z 100016d0 f   cg_boneposes.obj
 0001:000007f0       ?CG_LerpSkeletonPoses@@YA_NPAUcgs_skeleton_s@@HHPAUbonepose_s@@M@Z 100017f0 f   cg_boneposes.obj
 0001:000008d0       ?CG_RotateBonePose@@YAXQAMPAUbonepose_s@@@Z 100018d0 f   cg_boneposes.obj
 0001:000009d0       ?CG_SkeletalPoseGetAttachment@@YA_NPAUorientation_s@@PAUcgs_skeleton_s@@PAUbonepose_s@@PAD@Z 100019d0 f   cg_boneposes.obj
 0001:00000dd0       ?CG_InitTemporaryBoneposesCache@@YAXXZ 10001dd0 f   cg_boneposes.obj
 0001:00000e10       ?CG_ResetTemporaryBoneposesCache@@YAXXZ 10001e10 f   cg_boneposes.obj
 0001:00000e20       ?CG_RegisterTemporaryExternalBoneposes@@YAPAUbonepose_s@@PAUcgs_skeleton_s@@@Z 10001e20 f   cg_boneposes.obj
 0001:00000f90       ?CG_SetBoneposesForTemporaryEntity@@YAPAUcgs_skeleton_s@@PAUentity_s@@@Z 10001f90 f   cg_boneposes.obj
 0001:00001040       ?CG_InitChat@@YAXPAUcg_gamechat_t@@@Z 10002040 f   cg_chat.obj
 0001:000010f0       ?CG_StackChatString@@YAXPAUcg_gamechat_t@@PBD@Z 100020f0 f   cg_chat.obj
 0001:00001160       ?CG_DrawChat@@YAXPAUcg_gamechat_t@@HHPADPAUqfontface_s@@HHHHQAMPAUshader_s@@@Z 10002160 f   cg_chat.obj
 0001:00001ef0       ?CG_ConfigString@@YAXHPBD@Z 10002ef0 f   cg_cmds.obj
 0001:00002300       ?CG_SC_PrintStatsToFile@@YAXPBDZZ 10003300 f   cg_cmds.obj
 0001:00002740       ?CG_SC_AutoRecordAction@@YAXPBD@Z 10003740 f   cg_cmds.obj
 0001:000033e0       ?CG_AddAward@@YAXPBD@Z     100043e0 f   cg_cmds.obj
 0001:000034b0       ?CG_GameCommand@@YAXPBD@Z  100044b0 f   cg_cmds.obj
 0001:00003580       ?CG_UseItem@@YAXPBD@Z      10004580 f   cg_cmds.obj
 0001:000038d0       ?CG_RegisterCGameCommands@@YAXXZ 100048d0 f   cg_cmds.obj
 0001:00003a20       ?CG_UnregisterCGameCommands@@YAXXZ 10004a20 f   cg_cmds.obj
 0001:00003b60       ?CG_DamageIndicatorAdd@@YAXHQBM@Z 10004b60 f   cg_damage_indicator.obj
 0001:000040f0       ?CG_ResetDamageIndicator@@YAXXZ 100050f0 f   cg_damage_indicator.obj
 0001:00004130       ?CG_ClearDecals@@YAXXZ     10005130 f   cg_decals.obj
 0001:00004250       ?CG_SpawnDecal@@YAXQAM0MMMMMMMM_NPAUshader_s@@@Z 10005250 f   cg_decals.obj
 0001:00004b90       ?CG_AddDecals@@YAXXZ       10005b90 f   cg_decals.obj
 0001:00004e80       ?CG_Democam_FreeCams@@YAXXZ 10005e80 f   cg_democams.obj
 0001:00004f80       ?CG_Democam_FreeSubtitles@@YAXXZ 10005f80 f   cg_democams.obj
 0001:000050a0       ?CG_LoadRecamScriptFile@@YA_NPAD@Z 100060a0 f   cg_democams.obj
 0001:000060b0       ?CG_SaveRecamScriptFile@@YAXPBD@Z 100070b0 f   cg_democams.obj
 0001:00006410       ?CG_Democam_DrawCenterSubtitle@@YAXHIPAUqfontface_s@@PAD@Z 10007410 f   cg_democams.obj
 0001:00006770       ?CG_DrawDemocam2D@@YAXXZ   10007770 f   cg_democams.obj
 0001:00007100       ?CG_DemoCam_LookAt@@YA_NHQAM0@Z 10008100 f   cg_democams.obj
 0001:00007310       ?CG_DemoCam_GetViewType@@YAHXZ 10008310 f   cg_democams.obj
 0001:00007320       ?CG_DemoCam_GetThirdPerson@@YA_NXZ 10008320 f   cg_democams.obj
 0001:00007370       ?CG_DemoCam_GetViewDef@@YAXPAUcg_viewdef_t@@@Z 10008370 f   cg_democams.obj
 0001:000073b0       ?CG_DemoCam_GetOrientation@@YAMQAM00@Z 100083b0 f   cg_democams.obj
 0001:00007440       ?CG_DemoCam_FreeFly@@YAHXZ 10008440 f   cg_democams.obj
 0001:00007880       ?CG_Democam_CalcView@@YAHXZ 10008880 f   cg_democams.obj
 0001:00009670       ?CG_DemoCam_Update@@YA_NXZ 1000a670 f   cg_democams.obj
 0001:000098b0       ?CG_DemoCam_IsFree@@YA_NXZ 1000a8b0 f   cg_democams.obj
 0001:000098c0       ?CG_SaveCam_Cmd_f@@YAXXZ   1000a8c0 f   cg_democams.obj
 0001:00009a10       ?CG_Democam_ImportCams_f@@YAXXZ 1000aa10 f   cg_democams.obj
 0001:00009b10       ?CG_DemoEditMode_RemoveCmds@@YAXXZ 1000ab10 f   cg_democams.obj
 0001:00009bc0       ?CG_DemocamInit@@YAXXZ     1000abc0 f   cg_democams.obj
 0001:0000aab0       ?CG_DemocamShutdown@@YAXXZ 1000bab0 f   cg_democams.obj
 0001:0000ab30       ?pow@@YAMMH@Z              1000bb30 f i cg_democams.obj
 0001:0000ab50       ??$_Pow_int@M@@YAMMH@Z     1000bb50 f i cg_democams.obj
 0001:0000abe0       ?CG_HorizontalAlignForWidth@@YAHHHH@Z 1000bbe0 f   cg_draw.obj
 0001:0000ac50       ?CG_VerticalAlignForHeight@@YAHHHH@Z 1000bc50 f   cg_draw.obj
 0001:0000acc0       ?CG_DrawHUDNumeric@@YAXHHHPAMHHH@Z 1000bcc0 f   cg_draw.obj
 0001:0000ae90       ?CG_DrawHUDField@@YAXHHHPAMHHH@Z 1000be90 f   cg_draw.obj
 0001:0000b060       ?CG_DrawHUDModel@@YAXHHHHHPAUmodel_s@@PAUshader_s@@M@Z 1000c060 f   cg_draw.obj
 0001:0000b4a0       ?CG_DrawMiniMap@@YAXHHHH_N0HQAM@Z 1000c4a0 f   cg_draw.obj
 0001:0000bef0       ?CG_DrawHUDRect@@YAXHHHHHHHQAMPAUshader_s@@@Z 1000cef0 f   cg_draw.obj
 0001:0000c130       ?CG_DrawPicBar@@YAXHHHHHMPAUshader_s@@QAM1@Z 1000d130 f   cg_draw.obj
 0001:0000c2d0       ?CG_RunLightStyles@@YAXXZ  1000d2d0 f   cg_effects.obj
 0001:0000c410       ?CG_SetLightStyle@@YAXH@Z  1000d410 f   cg_effects.obj
 0001:0000c4d0       ?CG_AddLightStyles@@YAXXZ  1000d4d0 f   cg_effects.obj
 0001:0000c590       ?CG_AddLightToScene@@YAXQAMMMMM@Z 1000d590 f   cg_effects.obj
 0001:0000c670       ?CG_AddDlights@@YAXXZ      1000d670 f   cg_effects.obj
 0001:0000c750       ?CG_AllocShadeBox@@YAXHQBM00PAUshader_s@@@Z 1000d750 f   cg_effects.obj
 0001:0000c930       ?CG_AddShadeBoxes@@YAXXZ   1000d930 f   cg_effects.obj
 0001:0000d2c0       ?CG_ClearFragmentedDecals@@YAXXZ 1000e2c0 f   cg_effects.obj
 0001:0000d2d0       ?CG_AddFragmentedDecal@@YAXQAM0MMMMMMPAUshader_s@@@Z 1000e2d0 f   cg_effects.obj
 0001:0000d940       ?CG_ParticleEffect@@YAXQAM0MMMH@Z 1000e940 f   cg_effects.obj
 0001:0000db70       ?CG_ParticleEffect2@@YAXQAM0MMMH@Z 1000eb70 f   cg_effects.obj
 0001:0000dd50       ?CG_ParticleExplosionEffect@@YAXQAM0MMMH@Z 1000ed50 f   cg_effects.obj
 0001:0000df70       ?CG_BlasterTrail@@YAXQAM0@Z 1000ef70 f   cg_effects.obj
 0001:0000e220       ?CG_ElectroWeakTrail@@YAXQAM00@Z 1000f220 f   cg_effects.obj
 0001:0000e510       ?CG_ImpactPuffParticles@@YAXQAM0HMMMMMPAUshader_s@@@Z 1000f510 f   cg_effects.obj
 0001:0000e6f0       ?CG_ElectroIonsTrail@@YAXQAM0@Z 1000f6f0 f   cg_effects.obj
 0001:0000ea10       ?CG_FlyEffect@@YAXPAUcentity_t@@QAM@Z 1000fa10 f   cg_effects.obj
 0001:0000ee70       ?CG_AddParticles@@YAXXZ    1000fe70 f   cg_effects.obj
 0001:0000f620       ?CG_ClearEffects@@YAXXZ    10010620 f   cg_effects.obj
 0001:0000f7a0       ?floor@@YAMM@Z             100107a0 f i cg_effects.obj
 0001:0000f7c0       _floorf                    100107c0 f i cg_effects.obj
 0001:0000f7f0       ?cos@@YAMM@Z               100107f0 f i cg_effects.obj
 0001:0000f810       _cosf                      10010810 f i cg_effects.obj
 0001:0000f840       ?sin@@YAMM@Z               10010840 f i cg_effects.obj
 0001:0000f860       _sinf                      10010860 f i cg_effects.obj
 0001:0000f890       ?CG_LostMultiviewPOV@@YAHXZ 10010890 f   cg_ents.obj
 0001:0000f970       ?CG_NewFrameSnap@@YAXPAUsnapshot_s@@0@Z 10010970 f   cg_ents.obj
 0001:00010ca0       ?CG_CModelForEntity@@YAPAUcmodel_s@@H@Z 10011ca0 f   cg_ents.obj
 0001:00010ed0       ?CG_DrawEntityBox@@YAXPAUcentity_t@@@Z 10011ed0 f   cg_ents.obj
 0001:00011090       ?CG_ExtrapolateLinearProjectile@@YAXPAUcentity_t@@@Z 10012090 f   cg_ents.obj
 0001:00011150       ?CG_LerpGenericEnt@@YAXPAUcentity_t@@@Z 10012150 f   cg_ents.obj
 0001:00011b40       ?CG_AddFlagModelOnTag@@YAXPAUcentity_t@@QAEPAD@Z 10012b40 f   cg_ents.obj
 0001:00012110       ?CG_ResetItemTimers@@YAXXZ 10013110 f   cg_ents.obj
 0001:00012120       ?CG_GetItemTimerEnt@@YAPAUcentity_t@@H@Z 10013120 f   cg_ents.obj
 0001:00012150       ?CG_UpdateParticlesEnt@@YAXPAUcentity_t@@@Z 10013150 f   cg_ents.obj
 0001:00012210       ?CG_SoundEntityNewState@@YAXPAUcentity_t@@@Z 10013210 f   cg_ents.obj
 0001:000124c0       ?CG_EntityLoopSound@@YAXPAUentity_state_s@@M@Z 100134c0 f   cg_ents.obj
 0001:000125a0       ?CG_AddEntities@@YAXXZ     100135a0 f   cg_ents.obj
 0001:00014900       ?CG_LerpEntities@@YAXXZ    10015900 f   cg_ents.obj
 0001:00015c00       ?CG_GetEntitySpatilization@@YAXHQAM0@Z 10016c00 f   cg_ents.obj
 0001:00015e60       ?abs@@YAMM@Z               10016e60 f i cg_ents.obj
 0001:00015e80       _fabsf                     10016e80 f i cg_ents.obj
 0001:00015eb0       ?fabs@@YAMM@Z              10016eb0 f i cg_ents.obj
 0001:00015ed0       ?CG_WeaponBeamEffect@@YAXPAUcentity_t@@@Z 10016ed0 f   cg_events.obj
 0001:00015fe0       ?CG_LaserBeamEffect@@YAXPAUcentity_t@@@Z 10016fe0 f   cg_events.obj
 0001:00016b40       ?CG_Event_LaserBeam@@YAXHHH@Z 10017b40 f   cg_events.obj
 0001:00016e90       ?CG_ClearAnnouncerEvents@@YAXXZ 10017e90 f   cg_events.obj
 0001:00016eb0       ?CG_AddAnnouncerEvent@@YAXPAUsfx_s@@_N@Z 10017eb0 f   cg_events.obj
 0001:00016f50       ?CG_ReleaseAnnouncerEvents@@YAXXZ 10017f50 f   cg_events.obj
 0001:00017000       ?CG_Event_Fall@@YAXPAUentity_state_s@@H@Z 10018000 f   cg_events.obj
 0001:00017370       ?CG_Event_Pain@@YAXPAUentity_state_s@@H@Z 10018370 f   cg_events.obj
 0001:00017510       ?CG_Event_Die@@YAXPAUentity_state_s@@H@Z 10018510 f   cg_events.obj
 0001:000175b0       ?CG_Event_Dash@@YAXPAUentity_state_s@@H@Z 100185b0 f   cg_events.obj
 0001:00017760       ?CG_Event_WallJump@@YAXPAUentity_state_s@@HH@Z 10018760 f   cg_events.obj
 0001:00017a30       ?CG_Event_DoubleJump@@YAXPAUentity_state_s@@H@Z 10018a30 f   cg_events.obj
 0001:00017a80       ?CG_Event_Jump@@YAXPAUentity_state_s@@H@Z 10018a80 f   cg_events.obj
 0001:00017d70       ?CG_EntityEvent@@YAXPAUentity_state_s@@HH_N@Z 10018d70 f   cg_events.obj
 0001:0001a290       ?CG_FireEvents@@YAX_N@Z    1001b290 f   cg_events.obj
 0001:0001b700       ?CG_SC_PrintObituary@@YAXPBDZZ 1001c700 f   cg_hud.obj
 0001:0001b7f0       ?CG_SC_Obituary@@YAXXZ     1001c7f0 f   cg_hud.obj
 0001:0001f420       ?Cmd_CG_PrintHudHelp_f@@YAXXZ 10020420 f   cg_hud.obj
 0001:0001f7f0       ?CG_ExecuteLayoutProgram@@YAXPAUcg_layoutnode_s@@@Z 100207f0 f   cg_hud.obj
 0001:0001f960       ?CG_LoadStatusBar@@YAXXZ   10020960 f   cg_hud.obj
 0001:000213f0       ?sqrt@@YAMM@Z              100223f0 f i cg_hud.obj
 0001:00021410       _sqrtf                     10022410 f i cg_hud.obj
 0001:00021440       ?acos@@YAMM@Z              10022440 f i cg_hud.obj
 0001:00021460       _acosf                     10022460 f i cg_hud.obj
 0001:00021490       ?strchr@@YAPADPADH@Z       10022490 f i cg_hud.obj
 0001:000214b0       ?CG_ClearLocalEntities@@YAXXZ 100224b0 f   cg_lents.obj
 0001:00021540       ?CG_SpawnSprite@@YAXQAM00MHH_N1MMMMMMMMPAUshader_s@@@Z 10022540 f   cg_lents.obj
 0001:00021c80       ?CG_ElectroTrail2@@YAXQAM0H@Z 10022c80 f   cg_lents.obj
 0001:00021cb0       ?CG_ImpactSmokePuff@@YAXQAM0MMHH@Z 10022cb0 f   cg_lents.obj
 0001:00021f70       ?CG_BulletExplosion@@YAXQAMPAMPAUtrace_t@@@Z 10022f70 f   cg_lents.obj
 0001:000224f0       ?CG_BubbleTrail@@YAXQAM0H@Z 100234f0 f   cg_lents.obj
 0001:00022730       ?CG_PlasmaExplosion@@YAXQAM0HM@Z 10023730 f   cg_lents.obj
 0001:00022920       ?CG_BoltExplosionMode@@YAXQAM0H@Z 10023920 f   cg_lents.obj
 0001:00022b30       ?CG_InstaExplosionMode@@YAXQAM0H@Z 10023b30 f   cg_lents.obj
 0001:00022d40       ?CG_RocketExplosionMode@@YAXQAM0HM@Z 10023d40 f   cg_lents.obj
 0001:000232a0       ?CG_BladeImpact@@YAXQAM0@Z 100242a0 f   cg_lents.obj
 0001:00023720       ?CG_GunBladeBlastImpact@@YAXQAM0M@Z 10024720 f   cg_lents.obj
 0001:00023940       ?CG_NewGrenadeTrail@@YAXPAUcentity_t@@@Z 10024940 f   cg_lents.obj
 0001:00023c90       ?CG_NewRocketTrail@@YAXPAUcentity_t@@@Z 10024c90 f   cg_lents.obj
 0001:000242f0       ?CG_NewBloodTrail@@YAXPAUcentity_t@@@Z 100252f0 f   cg_lents.obj
 0001:00024660       ?CG_BloodDamageEffect@@YAXQAM0H@Z 10025660 f   cg_lents.obj
 0001:00024a30       ?CG_CartoonHitEffect@@YAXQAM0H@Z 10025a30 f   cg_lents.obj
 0001:00024da0       ?CG_PModel_SpawnTeleportEffect@@YAXPAUcentity_t@@@Z 10025da0 f   cg_lents.obj
 0001:000251b0       ?CG_GrenadeExplosionMode@@YAXQAM0HM@Z 100261b0 f   cg_lents.obj
 0001:00025720       ?CG_GenericExplosion@@YAXQAM0HM@Z 10026720 f   cg_lents.obj
 0001:00025b70       ?CG_FlagTrail@@YAXQAM00MMM@Z 10026b70 f   cg_lents.obj
 0001:00025de0       ?CG_Explosion1@@YAXQAM@Z   10026de0 f   cg_lents.obj
 0001:00025e10       ?CG_Explosion2@@YAXQAM@Z   10026e10 f   cg_lents.obj
 0001:00025e40       ?CG_GreenLaser@@YAXQAM0@Z  10026e40 f   cg_lents.obj
 0001:00026020       ?CG_SpawnTracer@@YAXQAM000@Z 10027020 f   cg_lents.obj
 0001:00026320       ?CG_Dash@@YAXPAUentity_state_s@@@Z 10027320 f   cg_lents.obj
 0001:00026530       ?CG_Explosion_Puff@@YAXQAMMH@Z 10027530 f   cg_lents.obj
 0001:00026700       ?CG_Explosion_Puff_2@@YAXQAM0H@Z 10027700 f   cg_lents.obj
 0001:00026800       ?CG_DustCircle@@YAXQAM0MH@Z 10027800 f   cg_lents.obj
 0001:00026ae0       ?CG_ExplosionsDust@@YAXQAM0M@Z 10027ae0 f   cg_lents.obj
 0001:00026de0       ?CG_SmallPileOfGibs@@YAXQAMHQBM@Z 10027de0 f   cg_lents.obj
 0001:00027a80       ?CG_AddLocalEntities@@YAXXZ 10028a80 f   cg_lents.obj
 0001:00028bd0       ?CG_API@@YAHXZ             10029bd0 f   cg_main.obj
 0001:00028be0       ?CG_Error@@YAXPBDZZ        10029be0 f   cg_main.obj
 0001:00028cc0       ?CG_Printf@@YAXPBDZZ       10029cc0 f   cg_main.obj
 0001:00028da0       ?CG_LocalPrint@@YAX_NPBDZZ 10029da0 f   cg_main.obj
 0001:00028eb0       ?_CG_CopyString@@YAPADPBD0H@Z 10029eb0 f   cg_main.obj
 0001:00028f30       ?CG_ValidateItemDef@@YAXHPAD@Z 10029f30 f   cg_main.obj
 0001:00028f90       ?CG_OverrideWeapondef@@YAXHPBD@Z 10029f90 f   cg_main.obj
 0001:000290a0       ?CG_UpdateTVServerString@@YAXXZ 1002a0a0 f   cg_main.obj
 0001:00029150       ?CG_StartBackgroundTrack@@YAXXZ 1002a150 f   cg_main.obj
 0001:000292d0       ?CG_Reset@@YAXXZ           1002a2d0 f   cg_main.obj
 0001:00029340       ?CG_Init@@YAXPBDIHHW4qboolean@@01IHH@Z 1002a340 f   cg_main.obj
 0001:0002ac20       ?CG_Shutdown@@YAXXZ        1002bc20 f   cg_main.obj
 0001:0002ac40       _Sys_Error                 1002bc40 f   cg_main.obj
 0001:0002acf0       _Com_Printf                1002bcf0 f   cg_main.obj
 0001:0002ada0       ?CG_MediaSfx@@YAPAUsfx_s@@PAUcgs_media_handle_s@@@Z 1002bda0 f   cg_media.obj
 0001:0002ae00       ?CG_RegisterMediaSounds@@YAXXZ 1002be00 f   cg_media.obj
 0001:0002b590       ?CG_RegisterModel@@YAPAUmodel_s@@PBD@Z 1002c590 f   cg_media.obj
 0001:0002b640       ?CG_MediaModel@@YAPAUmodel_s@@PAUcgs_media_handle_s@@@Z 1002c640 f   cg_media.obj
 0001:0002b680       ?CG_RegisterMediaModels@@YAXXZ 1002c680 f   cg_media.obj
 0001:0002b8b0       ?CG_MediaShader@@YAPAUshader_s@@PAUcgs_media_handle_s@@@Z 1002c8b0 f   cg_media.obj
 0001:0002b910       ?CG_RegisterMediaShaders@@YAXXZ 1002c910 f   cg_media.obj
 0001:0002c330       ?CG_RegisterLevelMinimap@@YAXXZ 1002d330 f   cg_media.obj
 0001:0002c450       ?CG_RegisterFonts@@YAXXZ   1002d450 f   cg_media.obj
 0001:0002c700       ?CG_UpdateSexedSoundsRegistration@@YAXPAUpmodelinfo_s@@@Z 1002d700 f   cg_players.obj
 0001:0002cbf0       ?CG_RegisterSexedSound@@YAPAUsfx_s@@HPAD@Z 1002dbf0 f   cg_players.obj
 0001:0002cc30       ?CG_SexedSound@@YAXHHPADM@Z 1002dc30 f   cg_players.obj
 0001:0002cdd0       ?CG_LoadClientInfo@@YAXPAUcg_clientInfo_t@@PADH@Z 1002ddd0 f   cg_players.obj
 0001:0002d010       ?CG_PModelsInit@@YAXXZ     1002e010 f   cg_pmodels.obj
 0001:0002d030       ?CG_ResetPModels@@YAXXZ    1002e030 f   cg_pmodels.obj
 0001:0002d0c0       ?CG_RegisterPlayerModel@@YAPAUpmodelinfo_s@@PAD@Z 1002e0c0 f   cg_pmodels.obj
 0001:0002e240       ?CG_RegisterBasePModel@@YAXXZ 1002f240 f   cg_pmodels.obj
 0001:0002e380       ?CG_GrabTag@@YA_NPAUorientation_s@@PAUentity_s@@PAD@Z 1002f380 f   cg_pmodels.obj
 0001:0002e460       ?CG_PlaceRotatedModelOnTag@@YAXPAUentity_s@@0PAUorientation_s@@@Z 1002f460 f   cg_pmodels.obj
 0001:0002e610       ?CG_PlaceModelOnTag@@YAXPAUentity_s@@0PAUorientation_s@@@Z 1002f610 f   cg_pmodels.obj
 0001:0002e760       ?CG_MoveToTag@@YAXQAM0QBM111@Z 1002f760 f   cg_pmodels.obj
 0001:0002e8a0       ?CG_PModel_GetProjectionSource@@YA_NHPAUorientation_s@@@Z 1002f8a0 f   cg_pmodels.obj
 0001:0002e9d0       ?CG_AddShellEffects@@YAXPAUentity_s@@H@Z 1002f9d0 f   cg_pmodels.obj
 0001:0002ec90       ?CG_SetOutlineColor@@YAXQAE0@Z 1002fc90 f   cg_pmodels.obj
 0001:0002ed50       ?CG_AddColoredOutLineEffect@@YAXPAUentity_s@@HEEEE@Z 1002fd50 f   cg_pmodels.obj
 0001:0002f340       ?CG_AddCentityOutLineEffect@@YAXPAUcentity_t@@@Z 10030340 f   cg_pmodels.obj
 0001:0002f3a0       ?CG_PModel_ClearEventAnimations@@YAXH@Z 100303a0 f   cg_pmodels.obj
 0001:0002f3e0       ?CG_PModel_AddAnimation@@YAXHHHHH@Z 100303e0 f   cg_pmodels.obj
 0001:0002f420       ?CG_PModel_LeanAngles@@YAXPAUcentity_t@@PAUpmodel_t@@@Z 10030420 f   cg_pmodels.obj
 0001:0002fa80       ?CG_UpdatePModelAnimations@@YAXPAUcentity_t@@@Z 10030a80 f   cg_pmodels.obj
 0001:0002fbe0       ?CG_UpdatePlayerModelEnt@@YAXPAUcentity_t@@@Z 10030be0 f   cg_pmodels.obj
 0001:00030290       ?CG_AddPModel@@YAXPAUcentity_t@@@Z 10031290 f   cg_pmodels.obj
 0001:00030fc0       ?CG_ClearPolys@@YAXXZ      10031fc0 f   cg_polys.obj
 0001:000310d0       ?CG_KillPolyBeamsByTag@@YAXH@Z 100320d0 f   cg_polys.obj
 0001:00031180       ?CG_QuickPolyBeam@@YAXQAM0HPAUshader_s@@@Z 10032180 f   cg_polys.obj
 0001:00031dc0       ?CG_LaserGunPolyBeam@@YAXQAM00H@Z 10032dc0 f   cg_polys.obj
 0001:00032000       ?CG_ElectroPolyBeam@@YAXQAM0H@Z 10033000 f   cg_polys.obj
 0001:000323f0       ?CG_InstaPolyBeam@@YAXQAM0H@Z 100333f0 f   cg_polys.obj
 0001:000326d0       ?CG_PLink@@YAXQAM00H@Z     100336d0 f   cg_polys.obj
 0001:00032720       ?CG_AddPolys@@YAXXZ        10033720 f   cg_polys.obj
 0001:00032b20       ?CG_PredictedEvent@@YAXHHH@Z 10033b20 f   cg_predict.obj
 0001:00032bb0       ?CG_Predict_ChangeWeapon@@YAXH@Z 10033bb0 f   cg_predict.obj
 0001:00032bd0       ?CG_CheckPredictionError@@YAXXZ 10033bd0 f   cg_predict.obj
 0001:00032e10       ?CG_BuildSolidList@@YAXXZ  10033e10 f   cg_predict.obj
 0001:00032f40       ?CG_Predict_TouchTriggers@@YAXPAUpmove_t@@@Z 10033f40 f   cg_predict.obj
 0001:000332b0       ?CG_Trace@@YAXPAUtrace_t@@QAM111HH@Z 100342b0 f   cg_predict.obj
 0001:000336f0       ?CG_PointContents@@YAHQAM@Z 100346f0 f   cg_predict.obj
 0001:000337d0       ?CG_PredictMovement@@YAXXZ 100347d0 f   cg_predict.obj
 0001:00033dc0       ?CG_DrawScoreboard@@YAXXZ  10034dc0 f   cg_scoreboard.obj
 0001:00036280       ?SCR_UpdateScoreboardMessage@@YAXPBD@Z 10037280 f   cg_scoreboard.obj
 0001:000362b0       ?SCR_UpdatePlayerStatsMessage@@YAXPBD@Z 100372b0 f   cg_scoreboard.obj
 0001:00036540       ?CG_ToggleScores_f@@YAXXZ  10037540 f   cg_scoreboard.obj
 0001:000365c0       ?CG_ScoresOn_f@@YAXXZ      100375c0 f   cg_scoreboard.obj
 0001:00036610       ?CG_ScoresOff_f@@YAXXZ     10037610 f   cg_scoreboard.obj
 0001:00036660       ?CG_CenterPrint@@YAXPAD@Z  10037660 f   cg_screen.obj
 0001:00036720       ?CG_CenterPrintToUpper@@YAXPAD@Z 10037720 f   cg_screen.obj
 0001:000367e0       ?CG_ScreenCrosshairDamageUpdate@@YAXXZ 100377e0 f   cg_screen.obj
 0001:00036800       ?CG_CalcVrect@@YAXXZ       10037800 f   cg_screen.obj
 0001:00036910       ?CG_ScreenInit@@YAXXZ      10037910 f   cg_screen.obj
 0001:00036e10       ?CG_ScreenShutdown@@YAXXZ  10037e10 f   cg_screen.obj
 0001:00036e80       ?CG_ParseValue@@YAHPAPBD@Z 10037e80 f   cg_screen.obj
 0001:00036f20       ?CG_DrawNet@@YAXHHHHHQAM@Z 10037f20 f   cg_screen.obj
 0001:000370e0       ?CG_DrawCrosshair@@YAXHHH@Z 100380e0 f   cg_screen.obj
 0001:000375d0       ?CG_DrawKeyState@@YAXHHHHHPAD@Z 100385d0 f   cg_screen.obj
 0001:000377c0       ?CG_DrawClock@@YAXHHHPAUqfontface_s@@QAM@Z 100387c0 f   cg_screen.obj
 0001:000379b0       ?CG_UpdatePointedNum@@YAXXZ 100389b0 f   cg_screen.obj
 0001:00037b10       ?CG_DrawPlayerNames@@YAXPAUqfontface_s@@QAM@Z 10038b10 f   cg_screen.obj
 0001:00038410       ?CG_DrawTeamMates@@YAXXZ   10039410 f   cg_screen.obj
 0001:00038780       ?CG_DrawTeamInfo@@YAXHHHPAUqfontface_s@@QAM@Z 10039780 f   cg_screen.obj
 0001:00038da0       ?CG_DrawRSpeeds@@YAXHHHPAUqfontface_s@@QAM@Z 10039da0 f   cg_screen.obj
 0001:00038f20       ?CG_GameMenu_f@@YAXXZ      10039f20 f   cg_screen.obj
 0001:00039100       ?CG_EscapeKey@@YAXXZ       1003a100 f   cg_screen.obj
 0001:00039120       ?CG_DrawLoading@@YAXXZ     1003a120 f   cg_screen.obj
 0001:000392c0       ?CG_LoadingString@@YAXPAD@Z 1003a2c0 f   cg_screen.obj
 0001:00039310       ?CG_LoadingItemName@@YAXPAD@Z 1003a310 f   cg_screen.obj
 0001:00039360       ?CG_TileClear@@YAXXZ       1003a360 f   cg_screen.obj
 0001:00039530       ?CG_Draw2DView@@YAXXZ      1003a530 f   cg_screen.obj
 0001:00039d40       ?CG_Draw2D@@YAXXZ          1003ad40 f   cg_screen.obj
 0001:00039d70       _GetCGameAPI               1003ad70 f   cg_syscalls.obj
 0001:00039e00       ?CG_SetSceneTeamColors@@YAXXZ 1003ae00 f   cg_teams.obj
 0001:00039f60       ?CG_PModelForCentity@@YAPAUpmodelinfo_s@@PAUcentity_t@@@Z 1003af60 f   cg_teams.obj
 0001:0003a380       ?CG_SkinForCentity@@YAPAUskinfile_s@@PAUcentity_t@@@Z 1003b380 f   cg_teams.obj
 0001:0003a440       ?CG_RegisterTeamColor@@YAXH@Z 1003b440 f   cg_teams.obj
 0001:0003a560       ?CG_TeamColor@@YAPAMHQAM@Z 1003b560 f   cg_teams.obj
 0001:0003a680       ?_ColorForEntity@@YAPAEHQAE_N@Z 1003b680 f   cg_teams.obj
 0001:0003a8d0       ?CG_TeamColorForEntity@@YAPAEHQAE@Z 1003b8d0 f   cg_teams.obj
 0001:0003a8f0       ?CG_PlayerColorForEntity@@YAPAEHQAE@Z 1003b8f0 f   cg_teams.obj
 0001:0003a910       ?CG_RegisterForceModels@@YAXXZ 1003b910 f   cg_teams.obj
 0001:0003a9b0       ?CG_DrawTestLine@@YAXQAM0@Z 1003b9b0 f   cg_test.obj
 0001:0003a9e0       ?CG_DrawTestBox@@YAXQAM000@Z 1003b9e0 f   cg_test.obj
 0001:0003b550       ?CG_AddTest@@YAXXZ         1003c550 f   cg_test.obj
 0001:0003b960       ?CG_ChaseStep@@YAXH@Z      1003c960 f   cg_view.obj
 0001:0003bb20       ?CG_SetSensitivityScale@@YAMM@Z 1003cb20 f   cg_view.obj
 0001:0003bbb0       ?CG_AddKickAngles@@YAXQAM@Z 1003cbb0 f   cg_view.obj
 0001:0003bd00       ?CG_ResetKickAngles@@YAXXZ 1003cd00 f   cg_view.obj
 0001:0003bd20       ?CG_StartKickAnglesEffect@@YAXQAMMMH@Z 1003cd20 f   cg_view.obj
 0001:0003c240       ?CG_ResetColorBlend@@YAXXZ 1003d240 f   cg_view.obj
 0001:0003c260       ?CG_StartColorBlendEffect@@YAXMMMMH@Z 1003d260 f   cg_view.obj
 0001:0003c3b0       ?CG_AddEntityToScene@@YAXPAUentity_s@@@Z 1003d3b0 f   cg_view.obj
 0001:0003c470       ?CG_SkyPortal@@YAHXZ       1003d470 f   cg_view.obj
 0001:0003c670       ?CG_ViewSmoothPredictedSteps@@YAXQAM@Z 1003d670 f   cg_view.obj
 0001:0003c6d0       ?CG_SetupViewDef@@YAXPAUcg_viewdef_t@@H@Z 1003d6d0 f   cg_view.obj
 0001:0003d4f0       ?CG_RenderView@@YAXMMHIMI@Z 1003e4f0 f   cg_view.obj
 0001:0003e530       ?atan2@@YAMMM@Z            1003f530 f i cg_view.obj
 0001:0003e560       _atan2f                    1003f560 f i cg_view.obj
 0001:0003e5a0       ?CG_ViewWeapon_StartFallKickEff@@YAXH@Z 1003f5a0 f   cg_vweap.obj
 0001:0003e670       ?CG_ViewWeapon_RefreshAnimation@@YAXPAUcg_viewweapon_t@@@Z 1003f670 f   cg_vweap.obj
 0001:0003ea70       ?CG_ViewWeapon_StartAnimationEvent@@YAXH@Z 1003fa70 f   cg_vweap.obj
 0001:0003eab0       ?CG_CalcViewWeapon@@YAXPAUcg_viewweapon_t@@@Z 1003fab0 f   cg_vweap.obj
 0001:0003f480       ?CG_AddViewWeapon@@YAXPAUcg_viewweapon_t@@@Z 10040480 f   cg_vweap.obj
 0001:0003f650       ?CG_RegisterWeaponModel@@YAPAUweaponinfo_s@@PADH@Z 10040650 f   cg_wmodels.obj
 0001:00040c40       ?CG_CreateWeaponZeroModel@@YAPAUweaponinfo_s@@PAD@Z 10041c40 f   cg_wmodels.obj
 0001:00040d00       ?CG_GetWeaponInfo@@YAPAUweaponinfo_s@@H@Z 10041d00 f   cg_wmodels.obj
 0001:00040d50       ?CG_AddWeaponOnTag@@YAXPAUentity_s@@PAUorientation_s@@HH1II@Z 10041d50 f   cg_wmodels.obj
 0001:00041520       _GS_TeamName               10042520 f   gs_gameteams.obj
 0001:00041560       _GS_DefaultTeamName        10042560 f   gs_gameteams.obj
 0001:00041580       _GS_TeamSkinName           10042580 f   gs_gameteams.obj
 0001:000415a0       _GS_Teams_TeamFromName     100425a0 f   gs_gameteams.obj
 0001:00041660       _GS_IsTeamDamage           10042660 f   gs_gameteams.obj
 0001:000416e0       _GS_FindItemByTag          100426e0 f   gs_items.obj
 0001:00041730       _GS_FindItemByClassname    10042730 f   gs_items.obj
 0001:00041790       _GS_FindItemByName         10042790 f   gs_items.obj
 0001:00041810       _GS_Cmd_UseItem            10042810 f   gs_items.obj
 0001:00041a30       _GS_Cmd_NextWeapon_f       10042a30 f   gs_items.obj
 0001:00041bb0       _GS_Cmd_PrevWeapon_f       10042bb0 f   gs_items.obj
 0001:00041bd0       _GS_Armor_TagForCount      10042bd0 f   gs_items.obj
 0001:00041c90       _GS_Armor_MaxCountForTag   10042c90 f   gs_items.obj
 0001:00041cd0       _GS_Armor_PickupCountForTag 10042cd0 f   gs_items.obj
 0001:00041d10       ?ceil@@YAMM@Z              10042d10 f i gs_items.obj
 0001:00041d30       _ceilf                     10042d30 f i gs_items.obj
 0001:00041d60       _GS_TouchPushTrigger       10042d60 f   gs_misc.obj
 0001:00041df0       _GS_WaterLevel             10042df0 f   gs_misc.obj
 0001:00041f40       _GS_BBoxForEntityState     10042f40 f   gs_misc.obj
 0001:00042020       _GS_FrameForTime           10043020 f   gs_misc.obj
 0001:00042140       _GS_SetGametypeName        10043140 f   gs_misc.obj
 0001:00042160       _GS_Obituary               10043160 f   gs_misc.obj
 0001:00042580       _GS_MatchMessageString     10043580 f   gs_misc.obj
 0001:00042600       _GS_UpdateBaseAnims        10043600 f   gs_players.obj
 0001:00042ca0       _GS_PModel_AnimToFrame     10043ca0 f   gs_players.obj
 0001:00042f20       _GS_PlayerModel_ClearEventAnimations 10043f20 f   gs_players.obj
 0001:00042f70       _GS_PlayerModel_AddAnimation 10043f70 f   gs_players.obj
 0001:00043080       ?PM_AdjustViewheight@@YAXXZ 10044080 f   gs_pmove.obj
 0001:00043210       _Pmove                     10044210 f   gs_pmove.obj
 0001:00048f30       _GS_SnapInitialPosition    10049f30 f   gs_slidebox.obj
 0001:000491d0       _GS_SnapPosition           1004a1d0 f   gs_slidebox.obj
 0001:000493e0       _GS_SnapVelocity           1004a3e0 f   gs_slidebox.obj
 0001:000494a0       _GS_ClipVelocity           1004a4a0 f   gs_slidebox.obj
 0001:00049620       _GS_SlideMove              1004a620 f   gs_slidebox.obj
 0001:00049d90       _GS_GetWeaponDef           1004ad90 f   gs_weapondefs.obj
 0001:00049dd0       _GS_InitWeapons            1004add0 f   gs_weapondefs.obj
 0001:00049f00       _GS_TraceBullet            1004af00 f   gs_weapons.obj
 0001:0004a190       _GS_TraceLaserBeam         1004b190 f   gs_weapons.obj
 0001:0004a490       _GS_TraceCurveLaserBeam    1004b490 f   gs_weapons.obj
 0001:0004a7a0       _GS_AddLaserbeamPoint      1004b7a0 f   gs_weapons.obj
 0001:0004a930       _G_GetLaserbeamPoint       1004b930 f   gs_weapons.obj
 0001:0004aa50       _GS_SelectBestWeapon       1004ba50 f   gs_weapons.obj
 0001:0004ab50       _GS_FiredefForPlayerState  1004bb50 f   gs_weapons.obj
 0001:0004aba0       _GS_CheckAmmoInWeapon      1004bba0 f   gs_weapons.obj
 0001:0004ac20       _GS_ThinkPlayerWeapon      1004bc20 f   gs_weapons.obj
 0001:0004b480       _DirToByte                 1004c480 f   q_math.obj
 0001:0004b5d0       _ByteToDir                 1004c5d0 f   q_math.obj
 0001:0004b640       _ColorNormalize            1004c640 f   q_math.obj
 0001:0004b740       _NormToLatLong             1004c740 f   q_math.obj
 0001:0004b820       _MakeNormalVectors         1004c820 f   q_math.obj
 0001:0004b950       _RotatePointAroundVector   1004c950 f   q_math.obj
 0001:0004bbc0       _AngleVectors              1004cbc0 f   q_math.obj
 0001:0004bdd0       _VecToAngles               1004cdd0 f   q_math.obj
 0001:0004bf60       _AnglesToAxis              1004cf60 f   q_math.obj
 0001:0004bfd0       _NormalVectorToAxis        1004cfd0 f   q_math.obj
 0001:0004c100       _BuildBoxPoints            1004d100 f   q_math.obj
 0001:0004c2a0       _ProjectPointOntoPlane     1004d2a0 f   q_math.obj
 0001:0004c3c0       _PerpendicularVector       1004d3c0 f   q_math.obj
 0001:0004c4e0       _ProjectPointOntoVector    1004d4e0 f   q_math.obj
 0001:0004c610       _DistanceFromLineSquared   1004d610 f   q_math.obj
 0001:0004c830       _Q_RSqrt                   1004d830 f   q_math.obj
 0001:0004c8b0       _Q_rand                    1004d8b0 f   q_math.obj
 0001:0004c8f0       _Q_bitcount                1004d8f0 f   q_math.obj
 0001:0004c950       _LerpAngle                 1004d950 f   q_math.obj
 0001:0004c9b0       _AngleSubtract             1004d9b0 f   q_math.obj
 0001:0004ca10       _AnglesSubtract            1004da10 f   q_math.obj
 0001:0004ca80       _AngleNormalize360         1004da80 f   q_math.obj
 0001:0004cad0       _AngleNormalize180         1004dad0 f   q_math.obj
 0001:0004cb10       _AngleDelta                1004db10 f   q_math.obj
 0001:0004cb50       _anglemod                  1004db50 f   q_math.obj
 0001:0004cb90       _CalcFov                   1004db90 f   q_math.obj
 0001:0004cc50       _AdjustFov                 1004dc50 f   q_math.obj
 0001:0004cda0       _BoxOnPlaneSide            1004dda0 f   q_math.obj
 0001:0004d120       _SignbitsForPlane          1004e120 f   q_math.obj
 0001:0004d190       _PlaneTypeForNormal        1004e190 f   q_math.obj
 0001:0004d1f0       _CategorizePlane           1004e1f0 f   q_math.obj
 0001:0004d310       _PlaneFromPoints           1004e310 f   q_math.obj
 0001:0004d460       _ComparePlanes             1004e460 f   q_math.obj
 0001:0004d540       _SnapVector                1004e540 f   q_math.obj
 0001:0004d640       _SnapPlane                 1004e640 f   q_math.obj
 0001:0004d720       _ClearBounds               1004e720 f   q_math.obj
 0001:0004d770       _BoundsIntersect           1004e770 f   q_math.obj
 0001:0004d810       _BoundsAndSphereIntersect  1004e810 f   q_math.obj
 0001:0004d910       _AddPointToBounds          1004e910 f   q_math.obj
 0001:0004d990       _RadiusFromBounds          1004e990 f   q_math.obj
 0001:0004dab0       _VectorNormalize           1004eab0 f   q_math.obj
 0001:0004db60       _VectorNormalize2          1004eb60 f   q_math.obj
 0001:0004dc20       _Vector4Normalize          1004ec20 f   q_math.obj
 0001:0004dce0       _VectorNormalizeFast       1004ece0 f   q_math.obj
 0001:0004dd70       __VectorMA                 1004ed70 f   q_math.obj
 0001:0004ddc0       __DotProduct               1004edc0 f   q_math.obj
 0001:0004de00       __VectorSubtract           1004ee00 f   q_math.obj
 0001:0004de40       __VectorAdd                1004ee40 f   q_math.obj
 0001:0004de80       __VectorCopy               1004ee80 f   q_math.obj
 0001:0004deb0       _Q_log2                    1004eeb0 f   q_math.obj
 0001:0004dee0       _VectorReflect             1004eee0 f   q_math.obj
 0001:0004df70       _Matrix3_Identity          1004ef70 f   q_math.obj
 0001:0004dff0       _Matrix3_Copy              1004eff0 f   q_math.obj
 0001:0004e010       _Matrix3_Compare           1004f010 f   q_math.obj
 0001:0004e060       _Matrix3_Multiply          1004f060 f   q_math.obj
 0001:0004e200       _Matrix3_TransformVector   1004f200 f   q_math.obj
 0001:0004e290       _Matrix3_Transpose         1004f290 f   q_math.obj
 0001:0004e300       _Matrix3_FromAngles        1004f300 f   q_math.obj
 0001:0004e330       _Matrix3_ToAngles          1004f330 f   q_math.obj
 0001:0004e4c0       _Matrix3_Rotate            1004f4c0 f   q_math.obj
 0001:0004e640       _Matrix3_FromPoints        1004f640 f   q_math.obj
 0001:0004e840       _Matrix3_Normalize         1004f840 f   q_math.obj
 0001:0004e880       _Quat_Identity             1004f880 f   q_math.obj
 0001:0004e8b0       _Quat_Copy                 1004f8b0 f   q_math.obj
 0001:0004e8f0       _Quat_Quat3                1004f8f0 f   q_math.obj
 0001:0004e9d0       _Quat_Compare              1004f9d0 f   q_math.obj
 0001:0004ea30       _Quat_Conjugate            1004fa30 f   q_math.obj
 0001:0004ea70       _Quat_DotProduct           1004fa70 f   q_math.obj
 0001:0004eac0       _Quat_Normalize            1004fac0 f   q_math.obj
 0001:0004eb80       _Quat_Inverse              1004fb80 f   q_math.obj
 0001:0004ebb0       _Quat_FromMatrix3          1004fbb0 f   q_math.obj
 0001:0004edf0       _Quat_Multiply             1004fdf0 f   q_math.obj
 0001:0004eee0       _Quat_Lerp                 1004fee0 f   q_math.obj
 0001:0004f110       _Quat_Vectors              10050110 f   q_math.obj
 0001:0004f240       _Quat_ToMatrix3            10050240 f   q_math.obj
 0001:0004f270       _Quat_TransformVector      10050270 f   q_math.obj
 0001:0004f3c0       _Quat_ConcatTransforms     100503c0 f   q_math.obj
 0001:0004f430       _DualQuat_Identity         10050430 f   q_math.obj
 0001:0004f480       _DualQuat_Copy             10050480 f   q_math.obj
 0001:0004f4c0       _DualQuat_FromAnglesAndVector 100504c0 f   q_math.obj
 0001:0004f550       _DualQuat_FromMatrix3AndVector 10050550 f   q_math.obj
 0001:0004f660       _DualQuat_FromQuatAndVector 10050660 f   q_math.obj
 0001:0004f690       _DualQuat_FromQuat3AndVector 10050690 f   q_math.obj
 0001:0004f6c0       _DualQuat_GetVector        100506c0 f   q_math.obj
 0001:0004f820       _DualQuat_ToQuatAndVector  10050820 f   q_math.obj
 0001:0004f850       _DualQuat_ToMatrix3AndVector 10050850 f   q_math.obj
 0001:0004f880       _DualQuat_Invert           10050880 f   q_math.obj
 0001:0004f950       _DualQuat_Normalize        10050950 f   q_math.obj
 0001:0004fa70       _DualQuat_Multiply         10050a70 f   q_math.obj
 0001:0004fb60       _DualQuat_Lerp             10050b60 f   q_math.obj
 0001:0004fbb0       _LogisticCDF               10050bb0 f   q_math.obj
 0001:0004fbf0       _LogisticPDF               10050bf0 f   q_math.obj
 0001:0004fc50       _NormalCDF                 10050c50 f   q_math.obj
 0001:0004fe50       _NormalPDF                 10050e50 f   q_math.obj
 0001:0004fec0       ?atan@@YAMM@Z              10050ec0 f i q_math.obj
 0001:0004fee0       _atanf                     10050ee0 f i q_math.obj
 0001:0004ff10       ?asin@@YAMM@Z              10050f10 f i q_math.obj
 0001:0004ff30       _asinf                     10050f30 f i q_math.obj
 0001:0004ff60       ?exp@@YAMM@Z               10050f60 f i q_math.obj
 0001:0004ff80       _expf                      10050f80 f i q_math.obj
 0001:0004ffb0       _COM_SanitizeFilePath      10050fb0 f   q_shared.obj
 0001:00050020       _COM_ValidateFilename      10051020 f   q_shared.obj
 0001:00050080       _COM_ValidateRelativeFilename 10051080 f   q_shared.obj
 0001:000500f0       _COM_StripExtension        100510f0 f   q_shared.obj
 0001:00050170       _COM_FileExtension         10051170 f   q_shared.obj
 0001:00050200       _COM_DefaultExtension      10051200 f   q_shared.obj
 0001:000502f0       _COM_ReplaceExtension      100512f0 f   q_shared.obj
 0001:000503a0       _COM_FileBase              100513a0 f   q_shared.obj
 0001:000503e0       _COM_StripFilename         100513e0 f   q_shared.obj
 0001:00050420       _COM_FilePathLength        10051420 f   q_shared.obj
 0001:00050460       _ShortSwap                 10051460 f   q_shared.obj
 0001:000504a0       _LongSwap                  100514a0 f   q_shared.obj
 0001:00050510       _FloatSwap                 10051510 f   q_shared.obj
 0001:00050590       _Swap_Init                 10051590 f   q_shared.obj
 0001:000505a0       _tv                        100515a0 f   q_shared.obj
 0001:000505f0       _vtos                      100515f0 f   q_shared.obj
 0001:00050670       _va                        10051670 f   q_shared.obj
 0001:000506e0       _COM_Compress              100516e0 f   q_shared.obj
 0001:000508f0       _COM_ParseExt2             100518f0 f   q_shared.obj
 0001:00050b70       _Q_GrabCharFromColorString 10051b70 f   q_shared.obj
 0001:00050c70       _Q_GrabWCharFromColorString 10051c70 f   q_shared.obj
 0001:00050d80       _COM_RemoveColorTokensExt  10051d80 f   q_shared.obj
 0001:00050ec0       _COM_SanitizeColorString   10051ec0 f   q_shared.obj
 0001:000510a0       _Q_ColorStringTerminator   100520a0 f   q_shared.obj
 0001:00051220       _COM_RemoveJunkChars       10052220 f   q_shared.obj
 0001:00051390       _COM_ReadColorRGBString    10052390 f   q_shared.obj
 0001:000513f0       _COM_ValidatePlayerColor   100523f0 f   q_shared.obj
 0001:000514c0       _Q_memset32                100524c0 f   q_shared.obj
 0001:00051500       _Q_strncpyz                10052500 f   q_shared.obj
 0001:00051560       _Q_strncatz                10052560 f   q_shared.obj
 0001:00051600       _Q_vsnprintfz              10052600 f   q_shared.obj
 0001:00051680       _Q_snprintfz               10052680 f   q_shared.obj
 0001:000516c0       _Q_strupr                  100526c0 f   q_shared.obj
 0001:00051720       _Q_strlwr                  10052720 f   q_shared.obj
 0001:00051780       _Q_strlocate               10052780 f   q_shared.obj
 0001:00051830       _Q_strcount                10052830 f   q_shared.obj
 0001:000518c0       _Q_strrstr                 100528c0 f   q_shared.obj
 0001:00051920       _Q_trim                    10052920 f   q_shared.obj
 0001:00051a10       _Q_WCharToUtf8             10052a10 f   q_shared.obj
 0001:00051b10       _Q_Utf8SyncPos             10052b10 f   q_shared.obj
 0001:00051b80       _Q_GrabWCharFromUtf8String 10052b80 f   q_shared.obj
 0001:00051d40       _Q_isdigit                 10052d40 f   q_shared.obj
 0001:00051d90       _Q_chrreplace              10052d90 f   q_shared.obj
 0001:00051de0       _COM_ValidateConfigstring  10052de0 f   q_shared.obj
 0001:00051e80       _Info_Validate             10052e80 f   q_shared.obj
 0001:00052010       _Info_ValueForKey          10053010 f   q_shared.obj
 0001:000523a0       _Info_RemoveKey            100533a0 f   q_shared.obj
 0001:000524e0       _Info_SetValueForKey       100534e0 f   q_shared.obj
 0001:00052720       _Q_GainForAttenuation      10053720 f   q_shared.obj
 0001:00052960       _BlockAllocator            10053960 f   q_shared.obj
 0001:00052a00       _BA_Alloc                  10053a00 f   q_shared.obj
 0001:00052b20       _BlockAllocator_Free       10053b20 f   q_shared.obj
 0001:00052bb0       _LinearAllocator           10053bb0 f   q_shared.obj
 0001:00052c80       _LA_Alloc                  10053c80 f   q_shared.obj
 0001:00052d80       _LA_Pointer                10053d80 f   q_shared.obj
 0001:00052dc0       _LA_Size                   10053dc0 f   q_shared.obj
 0001:00052dd0       _LinearAllocator_Free      10053dd0 f   q_shared.obj
 0001:00052e00       ?strrchr@@YAPADPADH@Z      10053e00 f i q_shared.obj
 0001:00052e20       ?pow@@YAMMM@Z              10053e20 f i q_shared.obj
 0001:00052e50       _powf                      10053e50 f i q_shared.obj
 0001:00052e90       __RTC_CheckEsp             10053e90 f   LIBCMTD:_stack_.obj
 0001:00052ec0       @_RTC_CheckStackVars@8     10053ec0 f   LIBCMTD:_stack_.obj
 0001:00052f30       @_RTC_AllocaHelper@12      10053f30 f   LIBCMTD:_stack_.obj
 0001:00052f70       @_RTC_CheckStackVars2@12   10053f70 f   LIBCMTD:_stack_.obj
 0001:00053050       __RTC_InitBase             10054050 f   LIBCMTD:_init_.obj
 0001:00053080       __RTC_Shutdown             10054080 f   LIBCMTD:_init_.obj
 0001:000530a0       @__security_check_cookie@4 100540a0 f   LIBCMTD:secchk.obj
 0001:000530b0       _memcpy                    100540b0 f   LIBCMTD:memcpy.obj
 0001:00053420       __fpmath                   10054420 f   LIBCMTD:_fpinit_.obj
 0001:00053440       __cfltcvt_init             10054440 f   LIBCMTD:_fpinit_.obj
 0001:000534b0       ___setfflag                100544b0 f   LIBCMTD:_fpinit_.obj
 0001:000534d0       __wassert                  100544d0 f   LIBCMTD:wassert.obj
 0001:00054060       __invoke_watson_if_error   10055060 f i LIBCMTD:wassert.obj
 0001:000540d0       __stricmp_l                100550d0 f   LIBCMTD:stricmp.obj
 0001:00054280       ??0_LocaleUpdate@@QAE@PAUlocaleinfo_struct@@@Z 10055280 f i LIBCMTD:stricmp.obj
 0001:00054360       ??1_LocaleUpdate@@QAE@XZ   10055360 f i LIBCMTD:stricmp.obj
 0001:00054390       ?GetLocaleT@_LocaleUpdate@@QAEPAUlocaleinfo_struct@@XZ 10055390 f i LIBCMTD:stricmp.obj
 0001:000543a0       ___ascii_stricmp           100553a0 f   LIBCMTD:stricmp.obj
 0001:00054420       __stricmp                  10055420 f   LIBCMTD:stricmp.obj
 0001:00054530       _memset                    10055530 f   LIBCMTD:memset.obj
 0001:000545b0       __ftol2_sse                100555b0 f   LIBCMTD:ftol2.obj
 0001:000545b9       __ftol2_pentium4           100555b9 f   LIBCMTD:ftol2.obj
 0001:000545cc       __ftol2_sse_excpt          100555cc f   LIBCMTD:ftol2.obj
 0001:000545e6       __ftol2                    100555e6 f   LIBCMTD:ftol2.obj
 0001:00054660       _atol                      10055660 f   LIBCMTD:atox.obj
 0001:00054680       __atol_l                   10055680 f   LIBCMTD:atox.obj
 0001:000546a0       _atoi                      100556a0 f   LIBCMTD:atox.obj
 0001:000546c0       __atoi_l                   100556c0 f   LIBCMTD:atox.obj
 0001:000546e0       __atoi64                   100556e0 f   LIBCMTD:atox.obj
 0001:00054700       __atoi64_l                 10055700 f   LIBCMTD:atox.obj
 0001:00054720       _strlen                    10055720 f   LIBCMTD:strlen.obj
 0001:000547b0       _srand                     100557b0 f   LIBCMTD:rand.obj
 0001:000547d0       _rand                      100557d0 f   LIBCMTD:rand.obj
 0001:00054810       __localtime64_s            10055810 f   LIBCMTD:loctim64.obj
 0001:00054d30       __localtime64              10055d30 f   LIBCMTD:loctim64.obj
 0001:00054d70       __time64                   10055d70 f   LIBCMTD:time64.obj
 0001:00054df0       _strcmp                    10055df0 f   LIBCMTD:strcmp.obj
 0001:00054e80       __atof_l                   10055e80 f   LIBCMTD:atof.obj
 0001:00054fc0       _atof                      10055fc0 f   LIBCMTD:atof.obj
 0001:00054fe0       ___strgtold12              10055fe0 f   LIBCMTD:atof.obj
 0001:00055040       ___STRINGTOLD              10056040 f   LIBCMTD:atof.obj
 0001:00055090       _floor                     10056090 f   LIBCMTD:_floor_pentium4_.obj
 0001:000550d0       __floor_pentium4           100560d0 f   LIBCMTD:_floor_pentium4_.obj
 0001:000551c0       _cos                       100561c0 f   LIBCMTD:_cos_.obj
 0001:00055200       __CIcos                    10056200 f   LIBCMTD:_cos_.obj
 0001:0005523b       __CIcos_default            1005623b f   LIBCMTD:_cos_.obj
 0001:0005524f       __cos_default              1005624f     LIBCMTD:_cos_.obj
 0001:000552f0       _sin                       100562f0 f   LIBCMTD:_sin_.obj
 0001:00055330       __CIsin                    10056330 f   LIBCMTD:_sin_.obj
 0001:0005536b       __CIsin_default            1005636b f   LIBCMTD:_sin_.obj
 0001:0005537f       __sin_default              1005637f     LIBCMTD:_sin_.obj
 0001:00055420       __alloca_probe             10056420     LIBCMTD:chkstk.obj
 0001:00055420       __chkstk                   10056420 f   LIBCMTD:chkstk.obj
 0001:00055450       _abs                       10056450 f   LIBCMTD:abs.obj
 0001:00055480       __abs64                    10056480 f   LIBCMTD:abs.obj
 0001:000554d0       _memcmp                    100564d0 f   LIBCMTD:memcmp.obj
 0001:00055f40       _fabs                      10056f40 f   LIBCMTD:_fabs_.obj
 0001:00056040       _qsort                     10057040 f   LIBCMTD:qsort.obj
 0001:000565f0       __CIsqrt                   100575f0 f   LIBCMTD:_sqrt_.obj
 0001:00056604       _sqrt                      10057604     LIBCMTD:_sqrt_.obj
 0001:000566b0       _acos                      100576b0 f   LIBCMTD:_acos_.obj
 0001:000566f0       __CIacos                   100576f0 f   LIBCMTD:_acos_.obj
 0001:0005672b       __CIacos_default           1005772b f   LIBCMTD:_acos_.obj
 0001:0005673f       __acos_default             1005773f     LIBCMTD:_acos_.obj
 0001:00056810       _strchr                    10057810 f   LIBCMTD:strchr.obj
 0001:00056816       ___from_strstr_to_strchr   10057816     LIBCMTD:strchr.obj
 0001:000568d0       _strncmp                   100578d0 f   LIBCMTD:strncmp.obj
 0001:00056a50       _strcpy                    10057a50 f   LIBCMTD:strcat.obj
 0001:00056a60       _strcat                    10057a60 f   LIBCMTD:strcat.obj
 0001:00056b50       _sscanf                    10057b50 f   LIBCMTD:sscanf.obj
 0001:00056ce0       __sscanf_l                 10057ce0 f   LIBCMTD:sscanf.obj
 0001:00056d10       _sscanf_s                  10057d10 f   LIBCMTD:sscanf.obj
 0001:00056d40       __sscanf_s_l               10057d40 f   LIBCMTD:sscanf.obj
 0001:00056d70       _strstr                    10057d70 f   LIBCMTD:strstr.obj
 0001:00056e00       __toupper                  10057e00 f   LIBCMTD:toupper.obj
 0001:00056e10       __toupper_l                10057e10 f   LIBCMTD:toupper.obj
 0001:00056ff0       _toupper                   10057ff0 f   LIBCMTD:toupper.obj
 0001:00057040       _tan                       10058040 f   LIBCMTD:_tan_.obj
 0001:00057080       __CItan                    10058080 f   LIBCMTD:_tan_.obj
 0001:000570bb       __CItan_default            100580bb f   LIBCMTD:_tan_.obj
 0001:000570cf       __tan_default              100580cf     LIBCMTD:_tan_.obj
 0001:00057170       _atan2                     10058170 f   LIBCMTD:_87ctriga_.obj
 0001:0005717a       __CIatan2                  1005817a f   LIBCMTD:_87ctriga_.obj
 0001:00057190       _ceil                      10058190 f   LIBCMTD:_ceil_pentium4_.obj
 0001:000571d0       __ceil_pentium4            100581d0 f   LIBCMTD:_ceil_pentium4_.obj
 0001:000572b0       _atan                      100582b0 f   LIBCMTD:_atan_.obj
 0001:000572f0       __CIatan                   100582f0 f   LIBCMTD:_atan_.obj
 0001:0005732b       __CIatan_default           1005832b f   LIBCMTD:_atan_.obj
 0001:0005733f       __atan_default             1005833f     LIBCMTD:_atan_.obj
 0001:000573d0       _asin                      100583d0 f   LIBCMTD:_asin_.obj
 0001:00057410       __CIasin                   10058410 f   LIBCMTD:_asin_.obj
 0001:0005744b       __CIasin_default           1005844b f   LIBCMTD:_asin_.obj
 0001:0005745f       __asin_default             1005845f     LIBCMTD:_asin_.obj
 0001:00057520       _exp                       10058520 f   LIBCMTD:_87ctran_.obj
 0001:0005755c       __CIexp                    1005855c f   LIBCMTD:_87ctran_.obj
 0001:00057597       __exp_default              10058597 f   LIBCMTD:_87ctran_.obj
 0001:000575a1       __CIexp_default            100585a1 f   LIBCMTD:_87ctran_.obj
 0001:000575b0       _strrchr                   100585b0 f   LIBCMTD:strrchr.obj
 0001:000575e0       __isalpha_l                100585e0 f i LIBCMTD:_ctype.obj
 0001:00057670       _isalpha                   10058670 f i LIBCMTD:_ctype.obj
 0001:000576b0       __isupper_l                100586b0 f i LIBCMTD:_ctype.obj
 0001:00057730       _isupper                   10058730 f i LIBCMTD:_ctype.obj
 0001:00057760       __islower_l                10058760 f i LIBCMTD:_ctype.obj
 0001:000577e0       _islower                   100587e0 f i LIBCMTD:_ctype.obj
 0001:00057810       __isdigit_l                10058810 f i LIBCMTD:_ctype.obj
 0001:00057890       _isdigit                   10058890 f i LIBCMTD:_ctype.obj
 0001:000578c0       __isxdigit_l               100588c0 f i LIBCMTD:_ctype.obj
 0001:00057950       _isxdigit                  10058950 f i LIBCMTD:_ctype.obj
 0001:00057990       __isspace_l                10058990 f i LIBCMTD:_ctype.obj
 0001:00057a10       _isspace                   10058a10 f i LIBCMTD:_ctype.obj
 0001:00057a40       __ispunct_l                10058a40 f i LIBCMTD:_ctype.obj
 0001:00057ac0       _ispunct                   10058ac0 f i LIBCMTD:_ctype.obj
 0001:00057af0       __isalnum_l                10058af0 f i LIBCMTD:_ctype.obj
 0001:00057b80       _isalnum                   10058b80 f i LIBCMTD:_ctype.obj
 0001:00057bc0       __isprint_l                10058bc0 f i LIBCMTD:_ctype.obj
 0001:00057c50       _isprint                   10058c50 f i LIBCMTD:_ctype.obj
 0001:00057c90       __isgraph_l                10058c90 f i LIBCMTD:_ctype.obj
 0001:00057d20       _isgraph                   10058d20 f i LIBCMTD:_ctype.obj
 0001:00057d60       __iscntrl_l                10058d60 f i LIBCMTD:_ctype.obj
 0001:00057de0       _iscntrl                   10058de0 f i LIBCMTD:_ctype.obj
 0001:00057e10       ___isascii                 10058e10 f i LIBCMTD:_ctype.obj
 0001:00057e30       ___toascii                 10058e30 f i LIBCMTD:_ctype.obj
 0001:00057e40       __iscsymf_l                10058e40 f i LIBCMTD:_ctype.obj
 0001:00057e80       ___iscsymf                 10058e80 f i LIBCMTD:_ctype.obj
 0001:00057ec0       __iscsym_l                 10058ec0 f i LIBCMTD:_ctype.obj
 0001:00057f00       ___iscsym                  10058f00 f i LIBCMTD:_ctype.obj
 0001:00057f40       __vsnprintf_l              10058f40 f   LIBCMTD:vsnprint.obj
 0001:00058100       __vsnprintf                10059100 f   LIBCMTD:vsnprint.obj
 0001:00058130       __tolower                  10059130 f   LIBCMTD:tolower.obj
 0001:00058140       __tolower_l                10059140 f   LIBCMTD:tolower.obj
 0001:00058320       _tolower                   10059320 f   LIBCMTD:tolower.obj
 0001:00058370       _memmove                   10059370 f   LIBCMTD:memmove.obj
 0001:000586e0       _strncpy                   100596e0 f   LIBCMTD:strncpy.obj
 0001:00058810       _pow                       10059810 f   LIBCMTD:_pow_.obj
 0001:00058850       __CIpow                    10059850 f   LIBCMTD:_pow_.obj
 0001:0005888b       __CIpow_default            1005988b f   LIBCMTD:_pow_.obj
 0001:000588a4       __pow_default              100598a4     LIBCMTD:_pow_.obj
 0001:00058aa0       __CRT_INIT@12              10059aa0 f   LIBCMTD:dllcrt0.obj
 0001:00058cc0       __DllMainCRTStartup@12     10059cc0 f   LIBCMTD:dllcrt0.obj
 0001:00058eb0       ?_RTC_Failure@@YAXPAXH@Z   10059eb0 f   LIBCMTD:_error_.obj
 0001:00059260       ?_RTC_StackFailure@@YAXPAXPBD@Z 1005a260 f   LIBCMTD:_error_.obj
 0001:00059360       ?_RTC_AllocaFailure@@YAXPAXPAU_RTC_ALLOCA_NODE@@H@Z 1005a360 f   LIBCMTD:_error_.obj
 0001:00059510       __RTC_UninitUse            1005a510 f   LIBCMTD:_error_.obj
 0001:00059600       __RTC_NumErrors            1005a600 f   LIBCMTD:_userapi_.obj
 0001:00059610       __RTC_GetErrDesc           1005a610 f   LIBCMTD:_userapi_.obj
 0001:00059630       __RTC_SetErrorType         1005a630 f   LIBCMTD:_userapi_.obj
 0001:00059660       __RTC_SetErrorFunc         1005a660 f   LIBCMTD:_userapi_.obj
 0001:00059680       __RTC_SetErrorFuncW        1005a680 f   LIBCMTD:_userapi_.obj
 0001:000596a0       ?_RTC_GetErrorFunc@@YAP6AHHPBDH00ZZPBX@Z 1005a6a0 f   LIBCMTD:_userapi_.obj
 0001:000596b0       ?_RTC_GetErrorFuncW@@YAP6AHHPB_WH00ZZPBX@Z 1005a6b0 f   LIBCMTD:_userapi_.obj
 0001:000596c0       __chkesp                   1005a6c0 f   LIBCMTD:chkesp.obj
 0001:00059700       __CRT_RTC_INIT             1005a700 f   LIBCMTD:chkesp.obj
 0001:00059710       __CRT_RTC_INITW            1005a710 f   LIBCMTD:chkesp.obj
 0001:00059720       ___report_gsfailure        1005a720 f   LIBCMTD:gs_report.obj
 0001:00059830       __VEC_memcpy               1005a830 f   LIBCMTD:p4_memcpy.obj
 0001:00059940       ___sse2_available_init     1005a940 f   LIBCMTD:cpu_disp.obj
 0001:00059960       __setdefaultprecision      1005a960 f   LIBCMTD:fp8.obj
 0001:000599a0       __forcdecpt                1005a9a0 f   LIBCMTD:cvt.obj
 0001:000599c0       __forcdecpt_l              1005a9c0 f   LIBCMTD:cvt.obj
 0001:00059a80       __cropzeros                1005aa80 f   LIBCMTD:cvt.obj
 0001:00059aa0       __cropzeros_l              1005aaa0 f   LIBCMTD:cvt.obj
 0001:00059bb0       __positive                 1005abb0 f   LIBCMTD:cvt.obj
 0001:00059be0       __fassign_l                1005abe0 f   LIBCMTD:cvt.obj
 0001:00059c40       __fassign                  1005ac40 f   LIBCMTD:cvt.obj
 0001:00059c60       __cftoe_l                  1005ac60 f   LIBCMTD:cvt.obj
 0001:0005a1b0       __cftoe                    1005b1b0 f   LIBCMTD:cvt.obj
 0001:0005a1e0       __cftoa_l                  1005b1e0 f   LIBCMTD:cvt.obj
 0001:0005a9c0       __cftoa                    1005b9c0 f   LIBCMTD:cvt.obj
 0001:0005a9f0       __cftof_l                  1005b9f0 f   LIBCMTD:cvt.obj
 0001:0005ae00       __cftof                    1005be00 f   LIBCMTD:cvt.obj
 0001:0005ae30       __cftog_l                  1005be30 f   LIBCMTD:cvt.obj
 0001:0005b060       __cftog                    1005c060 f   LIBCMTD:cvt.obj
 0001:0005b090       __cfltcvt_l                1005c090 f   LIBCMTD:cvt.obj
 0001:0005b150       __cfltcvt                  1005c150 f   LIBCMTD:cvt.obj
 0001:0005b1b0       __initp_misc_cfltcvt_tab   1005c1b0 f   LIBCMTD:cmiscdat.obj
 0001:0005b1f0       __cinit                    1005c1f0 f   LIBCMTD:crt0dat.obj
 0001:0005b290       _exit                      1005c290 f   LIBCMTD:crt0dat.obj
 0001:0005b2b0       __exit                     1005c2b0 f   LIBCMTD:crt0dat.obj
 0001:0005b2d0       __cexit                    1005c2d0 f   LIBCMTD:crt0dat.obj
 0001:0005b2f0       __c_exit                   1005c2f0 f   LIBCMTD:crt0dat.obj
 0001:0005b310       __amsg_exit                1005c310 f   LIBCMTD:crt0dat.obj
 0001:0005b340       ___freeCrtMemory           1005c340 f   LIBCMTD:crt0dat.obj
 0001:0005b680       ___crtCorExitProcess       1005c680 f   LIBCMTD:crt0dat.obj
 0001:0005b6c0       ___crtExitProcess          1005c6c0 f   LIBCMTD:crt0dat.obj
 0001:0005b6e0       __lockexit                 1005c6e0 f   LIBCMTD:crt0dat.obj
 0001:0005b700       __unlockexit               1005c700 f   LIBCMTD:crt0dat.obj
 0001:0005b720       __init_pointers            1005c720 f   LIBCMTD:crt0dat.obj
 0001:0005b7b0       __initterm_e               1005c7b0 f   LIBCMTD:crt0dat.obj
 0001:0005b7f0       __get_wpgmptr              1005c7f0 f   LIBCMTD:crt0dat.obj
 0001:0005b8e0       __get_pgmptr               1005c8e0 f   LIBCMTD:crt0dat.obj
 0001:0005b9d0       __initp_misc_winsig        1005c9d0 f   LIBCMTD:winsig.obj
 0001:0005ba00       _signal                    1005ca00 f   LIBCMTD:winsig.obj
 0001:0005bea0       _raise                     1005cea0 f   LIBCMTD:winsig.obj
 0001:0005c210       ___get_sigabrt             1005d210 f   LIBCMTD:winsig.obj
 0001:0005c230       ___fpecode                 1005d230 f   LIBCMTD:winsig.obj
 0001:0005c240       ___pxcptinfoptrs           1005d240 f   LIBCMTD:winsig.obj
 0001:0005c250       ___crtMessageBoxW          1005d250 f   LIBCMTD:crtmboxw.obj
 0001:0005c470       __itow_s                   1005d470 f   LIBCMTD:xtows.obj
 0001:0005c850       __ltow_s                   1005d850 f   LIBCMTD:xtows.obj
 0001:0005c890       __ultow_s                  1005d890 f   LIBCMTD:xtows.obj
 0001:0005c8b0       __i64tow_s                 1005d8b0 f   LIBCMTD:xtows.obj
 0001:0005ccd0       __ui64tow_s                1005dcd0 f   LIBCMTD:xtows.obj
 0001:0005ccf0       _wcsncat_s                 1005dcf0 f   LIBCMTD:wcsncat_s.obj
 0001:0005d1a0       _wcsncpy_s                 1005e1a0 f   LIBCMTD:wcsncpy_s.obj
 0001:0005d5b0       _wcscat_s                  1005e5b0 f   LIBCMTD:wcscat_s.obj
 0001:0005d9a0       _wcscpy_s                  1005e9a0 f   LIBCMTD:wcscpy_s.obj
 0001:0005dc80       _fflush                    1005ec80 f   LIBCMTD:fflush.obj
 0001:0005dd20       __fflush_nolock            1005ed20 f   LIBCMTD:fflush.obj
 0001:0005dd80       __flush                    1005ed80 f   LIBCMTD:fflush.obj
 0001:0005de40       __flushall                 1005ee40 f   LIBCMTD:fflush.obj
 0001:0005e010       _fwprintf                  1005f010 f   LIBCMTD:fwprintf.obj
 0001:0005e190       __fwprintf_l               1005f190 f   LIBCMTD:fwprintf.obj
 0001:0005e1c0       __fwprintf_s_l             1005f1c0 f   LIBCMTD:fwprintf.obj
 0001:0005e1f0       _fwprintf_s                1005f1f0 f   LIBCMTD:fwprintf.obj
 0001:0005e220       __fwprintf_p_l             1005f220 f   LIBCMTD:fwprintf.obj
 0001:0005e250       __fwprintf_p               1005f250 f   LIBCMTD:fwprintf.obj
 0001:0005e280       _setvbuf                   1005f280 f   LIBCMTD:setvbuf.obj
 0001:0005e550       ___iob_func                1005f550 f   LIBCMTD:_file.obj
 0001:0005e560       ___initstdio               1005f560 f   LIBCMTD:_file.obj
 0001:0005e6b0       ___endstdio                1005f6b0 f   LIBCMTD:_file.obj
 0001:0005e6e0       __lock_file                1005f6e0 f   LIBCMTD:_file.obj
 0001:0005e740       __lock_file2               1005f740 f   LIBCMTD:_file.obj
 0001:0005e780       __unlock_file              1005f780 f   LIBCMTD:_file.obj
 0001:0005e7e0       __unlock_file2             1005f7e0 f   LIBCMTD:_file.obj
 0001:0005e820       _abort                     1005f820 f   LIBCMTD:abort.obj
 0001:0005e880       __set_abort_behavior       1005f880 f   LIBCMTD:abort.obj
 0001:0005e8b0       _wcslen                    1005f8b0 f   LIBCMTD:wcslen.obj
 0001:0005e8e0       __set_error_mode           1005f8e0 f   LIBCMTD:errmode.obj
 0001:0005e9a0       ___set_app_type            1005f9a0 f   LIBCMTD:errmode.obj
 0001:0005e9b0       __initp_misc_invarg        1005f9b0 f   LIBCMTD:invarg.obj
 0001:0005e9c0       __invalid_parameter        1005f9c0 f   LIBCMTD:invarg.obj
 0001:0005ea20       __invoke_watson            1005fa20 f   LIBCMTD:invarg.obj
 0001:0005ea50       __call_reportfault         1005fa50 f   LIBCMTD:invarg.obj
 0001:0005eba0       __set_invalid_parameter_handler 1005fba0 f   LIBCMTD:invarg.obj
 0001:0005ebe0       __get_invalid_parameter_handler 1005fbe0 f   LIBCMTD:invarg.obj
 0001:0005ec10       ?_invalid_parameter@@YAXPBG00II@Z 1005fc10 f   LIBCMTD:invarg.obj
 0001:0005ec40       ?_invoke_watson@@YAXPBG00II@Z 1005fc40 f   LIBCMTD:invarg.obj
 0001:0005ec60       __vswprintf_helper         1005fc60 f   LIBCMTD:vswprnc.obj
 0001:0005eec0       __vswprintf_c              1005fec0 f   LIBCMTD:vswprnc.obj
 0001:0005ef10       __vswprintf_c_l            1005ff10 f   LIBCMTD:vswprnc.obj
 0001:0005ef60       __vswprintf_s_l            1005ff60 f   LIBCMTD:vswprnc.obj
 0001:0005f1d0       _vswprintf_s               100601d0 f   LIBCMTD:vswprnc.obj
 0001:0005f200       __vsnwprintf_s_l           10060200 f   LIBCMTD:vswprnc.obj
 0001:0005f5b0       __vsnwprintf_s             100605b0 f   LIBCMTD:vswprnc.obj
 0001:0005f5e0       __vswprintf_p              100605e0 f   LIBCMTD:vswprnc.obj
 0001:0005f630       __vswprintf_p_l            10060630 f   LIBCMTD:vswprnc.obj
 0001:0005f680       __dosmaperr                10060680 f   LIBCMTD:dosmap.obj
 0001:0005f6b0       __get_errno_from_oserr     100606b0 f   LIBCMTD:dosmap.obj
 0001:0005f730       __set_errno                10060730 f   LIBCMTD:dosmap.obj
 0001:0005f760       __get_errno                10060760 f   LIBCMTD:dosmap.obj
 0001:0005f7e0       __set_doserrno             100607e0 f   LIBCMTD:dosmap.obj
 0001:0005f810       __get_doserrno             10060810 f   LIBCMTD:dosmap.obj
 0001:0005f890       __errno                    10060890 f   LIBCMTD:dosmap.obj
 0001:0005f8c0       ___doserrno                100608c0 f   LIBCMTD:dosmap.obj
 0001:0005f8f0       __CrtSetReportHookW2       100608f0 f   LIBCMTD:dbgrptw.obj
 0001:0005fc20       __CrtDbgReportW            10060c20 f   LIBCMTD:dbgrptw.obj
 0001:0005fc60       __CrtDbgReportWV           10060c60 f i LIBCMTD:dbgrptw.obj
 0001:0005fc90       ___crtMessageWindowW       10060c90 f   LIBCMTD:dbgrptw.obj
 0001:00060090       __invoke_watson_if_oneof   10061090 f i LIBCMTD:dbgrptw.obj
 0001:000600d0       ?_CrtDbgReportW@@YAHHPBGH00ZZ 100610d0 f   LIBCMTD:dbgrptw.obj
 0001:00060110       ___updatetmbcinfo          10061110 f   LIBCMTD:mbctype.obj
 0001:00060220       __setmbcp                  10061220 f   LIBCMTD:mbctype.obj
 0001:000605d0       __setmbcp_nolock           100615d0 f   LIBCMTD:mbctype.obj
 0001:00060dc0       __getmbcp                  10061dc0 f   LIBCMTD:mbctype.obj
 0001:00060e30       ___initmbctable            10061e30 f   LIBCMTD:mbctype.obj
 0001:00060e60       ___addlocaleref            10061e60 f   LIBCMTD:localref.obj
 0001:00060f80       ___removelocaleref         10061f80 f   LIBCMTD:localref.obj
 0001:000610b0       ___freetlocinfo            100620b0 f   LIBCMTD:localref.obj
 0001:00061390       __updatetlocinfoEx_nolock  10062390 f   LIBCMTD:localref.obj
 0001:00061410       ___updatetlocinfo          10062410 f   LIBCMTD:localref.obj
 0001:000614e0       __encoded_null             100624e0 f   LIBCMTD:tidtable.obj
 0001:000614f0       ___crtTlsAlloc@4           100624f0 f   LIBCMTD:tidtable.obj
 0001:00061500       ___fls_getvalue@4          10062500 f   LIBCMTD:tidtable.obj
 0001:00061520       ___get_flsindex            10062520 f   LIBCMTD:tidtable.obj
 0001:00061530       ___set_flsgetvalue         10062530 f   LIBCMTD:tidtable.obj
 0001:00061580       ___fls_setvalue@8          10062580 f   LIBCMTD:tidtable.obj
 0001:000615a0       __mtinit                   100625a0 f   LIBCMTD:tidtable.obj
 0001:000617a0       __mtterm                   100627a0 f   LIBCMTD:tidtable.obj
 0001:00061800       __initptd                  10062800 f   LIBCMTD:tidtable.obj
 0001:00061930       __getptd_noexit            10062930 f   LIBCMTD:tidtable.obj
 0001:000619f0       __getptd                   100629f0 f   LIBCMTD:tidtable.obj
 0001:00061a20       __freefls@4                10062a20 f   LIBCMTD:tidtable.obj
 0001:00061c30       __freeptd                  10062c30 f   LIBCMTD:tidtable.obj
 0001:00061cb0       ___threadid                10062cb0 f   LIBCMTD:tidtable.obj
 0001:00061cc0       ___threadhandle            10062cc0 f   LIBCMTD:tidtable.obj
 0001:00061cd0       ____setlc_active_func      10062cd0 f   LIBCMTD:setlocal.obj
 0001:00061ce0       ____unguarded_readlc_active_add_func 10062ce0 f   LIBCMTD:setlocal.obj
 0001:00061cf0       __configthreadlocale       10062cf0 f   LIBCMTD:setlocal.obj
 0001:00061e00       __locterm                  10062e00 f   LIBCMTD:setlocal.obj
 0001:00061ea0       __free_locale              10062ea0 f   LIBCMTD:setlocal.obj
 0001:00061fe0       ___free_locale             10062fe0 f   LIBCMTD:setlocal.obj
 0001:00062000       __create_locale            10063000 f   LIBCMTD:setlocal.obj
 0001:00062230       ___create_locale           10063230 f   LIBCMTD:setlocal.obj
 0001:00062250       __get_current_locale       10063250 f   LIBCMTD:setlocal.obj
 0001:00062370       ___get_current_locale      10063370 f   LIBCMTD:setlocal.obj
 0001:00062380       _setlocale                 10063380 f   LIBCMTD:setlocal.obj
 0001:00063230       __expandlocale             10064230 f   LIBCMTD:setlocal.obj
 0001:000634e0       ___init_dummy              100644e0 f   LIBCMTD:setlocal.obj
 0001:000634f0       __strcats                  100644f0 f   LIBCMTD:setlocal.obj
 0001:00063570       ___lc_strtolc              10064570 f   LIBCMTD:setlocal.obj
 0001:00063770       ___lc_lctostr              10064770 f   LIBCMTD:setlocal.obj
 0001:00063810       __VEC_memzero              10064810 f   LIBCMTD:p4_memset.obj
 0001:000638d0       _strtol                    100648d0 f   LIBCMTD:strtol.obj
 0001:00063e00       __strtol_l                 10064e00 f   LIBCMTD:strtol.obj
 0001:00063e30       _strtoul                   10064e30 f   LIBCMTD:strtol.obj
 0001:00063e80       __strtoul_l                10064e80 f   LIBCMTD:strtol.obj
 0001:00063eb0       __strtoi64                 10064eb0 f   LIBCMTD:strtoq.obj
 0001:00064420       __strtoi64_l               10065420 f   LIBCMTD:strtoq.obj
 0001:00064450       __strtoui64                10065450 f   LIBCMTD:strtoq.obj
 0001:000644a0       __strtoui64_l              100654a0 f   LIBCMTD:strtoq.obj
 0001:000644d0       ___tzset                   100654d0 f   LIBCMTD:tzset.obj
 0001:00064570       __tzset                    10065570 f   LIBCMTD:tzset.obj
 0001:00064b20       __set_daylight             10065b20 f i LIBCMTD:tzset.obj
 0001:00064b40       __set_dstbias              10065b40 f i LIBCMTD:tzset.obj
 0001:00064b60       __set_timezone             10065b60 f i LIBCMTD:tzset.obj
 0001:00064b80       __isindst                  10065b80 f   LIBCMTD:tzset.obj
 0001:00065230       __gmtime64_s               10066230 f   LIBCMTD:gmtime64.obj
 0001:00065630       __gmtime64                 10066630 f   LIBCMTD:gmtime64.obj
 0001:00065670       __get_daylight             10066670 f   LIBCMTD:timeset.obj
 0001:000656f0       __get_dstbias              100666f0 f   LIBCMTD:timeset.obj
 0001:00065770       __get_timezone             10066770 f   LIBCMTD:timeset.obj
 0001:000657f0       __get_tzname               100667f0 f   LIBCMTD:timeset.obj
 0001:000659c0       ___daylight                100669c0 f   LIBCMTD:timeset.obj
 0001:000659d0       ___dstbias                 100669d0 f   LIBCMTD:timeset.obj
 0001:000659e0       ___timezone                100669e0 f   LIBCMTD:timeset.obj
 0001:000659f0       ___tzname                  100669f0 f   LIBCMTD:timeset.obj
 0001:00065a00       __alldiv                   10066a00 f   LIBCMTD:lldiv.obj
 0001:00065ab0       __allrem                   10066ab0 f   LIBCMTD:llrem.obj
 0001:00065b70       __gmtime32_s               10066b70 f   LIBCMTD:gmtime.obj
 0001:00065e30       ___getgmtimebuf            10066e30 f   LIBCMTD:gmtime.obj
 0001:00065eb0       __gmtime32                 10066eb0 f   LIBCMTD:gmtime.obj
 0001:00065ef0       __aulldiv                  10066ef0 f   LIBCMTD:ulldiv.obj
 0001:00065f60       __fltin2                   10066f60 f   LIBCMTD:_cfin_.obj
 0001:00066040       __chvalidator              10067040 f   LIBCMTD:isctype.obj
 0001:00066090       __chvalidator_l            10067090 f   LIBCMTD:isctype.obj
 0001:00066140       __isctype_l                10067140 f   LIBCMTD:isctype.obj
 0001:00066260       __isctype                  10067260 f   LIBCMTD:isctype.obj
 0001:000662a0       ___strgtold12_l            100672a0 f   LIBCMTD:_strgtold_.obj
 0001:00066d50       ___multtenpow12            10067d50 f i LIBCMTD:_strgtold_.obj
 0001:00066e30       ___ld12mul                 10067e30 f i LIBCMTD:_strgtold_.obj
 0001:00067230       ___addl                    10068230 f i LIBCMTD:_strgtold_.obj
 0001:00067270       ___shl_12                  10068270 f i LIBCMTD:_strgtold_.obj
 0001:000672e0       ___shr_12                  100682e0 f i LIBCMTD:_strgtold_.obj
 0001:00067350       ___STRINGTOLD_L            10068350 f   LIBCMTD:_strgtold_.obj
 0001:000673c0       ___libm_setusermatherr     100683c0 f   LIBCMTD:_libm_error_.obj
 0001:00067400       ___libm_error_support      10068400 f   LIBCMTD:_libm_error_.obj
 0001:00067f30       __set_SSE2_enable          10068f30 f   LIBCMTD:_mathfcns_.obj
 0001:00067f50       __sse2_mathfcns_init       10068f50 f   LIBCMTD:_mathfcns_.obj
 0001:00067f70       __floor_default            10068f70 f   LIBCMTD:_floor_.obj
 0001:000680b0       __CIcos_pentium4           100690b0 f   LIBCMTD:_cos_pentium4_.obj
 0001:000680c8       __cos_pentium4             100690c8     LIBCMTD:_cos_pentium4_.obj
 0001:00068260       __trandisp1                10069260 f   LIBCMTD:_87disp_.obj
 0001:000682c7       __trandisp2                100692c7 f   LIBCMTD:_87disp_.obj
 0001:00068353       __rttospopde               10069353     LIBCMTD:_87disp_.obj
 0001:00068358       __rttospop                 10069358     LIBCMTD:_87disp_.obj
 0001:0006835a       __rtnospop                 1006935a     LIBCMTD:_87disp_.obj
 0001:0006835c       __rttosnpop                1006935c     LIBCMTD:_87disp_.obj
 0001:0006835d       __rtnospopde               1006935d     LIBCMTD:_87disp_.obj
 0001:00068364       __rtzeropop                10069364     LIBCMTD:_87disp_.obj
 0001:00068366       __rtzeronpop               10069366     LIBCMTD:_87disp_.obj
 0001:0006836b       __rtonepop                 1006936b     LIBCMTD:_87disp_.obj
 0001:0006836d       __rtonenpop                1006936d     LIBCMTD:_87disp_.obj
 0001:00068372       __tosnan1                  10069372     LIBCMTD:_87disp_.obj
 0001:0006839d       __nosnan2                  1006939d     LIBCMTD:_87disp_.obj
 0001:0006839f       __tosnan2                  1006939f     LIBCMTD:_87disp_.obj
 0001:000683c7       __nan2                     100693c7     LIBCMTD:_87disp_.obj
 0001:00068406       __rtindfpop                10069406     LIBCMTD:_87disp_.obj
 0001:00068408       __rtindfnpop               10069408     LIBCMTD:_87disp_.obj
 0001:00068419       __rttosnpopde              10069419     LIBCMTD:_87disp_.obj
 0001:00068423       __rtchsifneg               10069423     LIBCMTD:_87disp_.obj
 0001:00068430       __twoToTOS                 10069430 f   LIBCMTD:_common_.obj
 0001:00068445       __load_CW                  10069445 f   LIBCMTD:_common_.obj
 0001:0006845c       __convertTOStoQNaN         1006945c f   LIBCMTD:_common_.obj
 0001:00068475       __fload_withFB             10069475 f   LIBCMTD:_common_.obj
 0001:000684b8       __checkTOS_withFB          100694b8 f   LIBCMTD:_common_.obj
 0001:000684ce       __fast_exit                100694ce f   LIBCMTD:_common_.obj
 0001:000684db       __math_exit                100694db f   LIBCMTD:_common_.obj
 0001:00068505       __check_overflow_exit      10069505 f   LIBCMTD:_common_.obj
 0001:00068519       __check_range_exit         10069519 f   LIBCMTD:_common_.obj
 0001:000685c0       __startTwoArgErrorHandling 100695c0 f   LIBCMTD:_genexcep_.obj
 0001:000685d7       __startOneArgErrorHandling 100695d7 f   LIBCMTD:_genexcep_.obj
 0001:00068620       __CIsin_pentium4           10069620 f   LIBCMTD:_sin_pentium4_.obj
 0001:00068638       __sin_pentium4             10069638     LIBCMTD:_sin_pentium4_.obj
 0001:000687f0       __handle_qnan1             100697f0 f   LIBCMTD:_fpexcept_.obj
 0001:00068850       __handle_qnan2             10069850 f   LIBCMTD:_fpexcept_.obj
 0001:000688c0       __except1                  100698c0 f   LIBCMTD:_fpexcept_.obj
 0001:000689c0       __except2                  100699c0 f   LIBCMTD:_fpexcept_.obj
 0001:00068ad0       __raise_exc_ex             10069ad0 f   LIBCMTD:_fpexcept_.obj
 0001:00069000       __raise_exc                1006a000 f   LIBCMTD:_fpexcept_.obj
 0001:00069030       __raise_excf               1006a030 f   LIBCMTD:_fpexcept_.obj
 0001:00069060       __handle_exc               1006a060 f   LIBCMTD:_fpexcept_.obj
 0001:00069370       __umatherr                 1006a370 f   LIBCMTD:_fpexcept_.obj
 0001:00069410       __set_errno_from_matherr   1006a410 f   LIBCMTD:_fpexcept_.obj
 0001:000694a0       __errcode                  1006a4a0 f   LIBCMTD:_fpexcept_.obj
 0001:00069510       __set_exp                  1006a510 f   LIBCMTD:_util_.obj
 0001:00069550       __get_exp                  1006a550 f   LIBCMTD:_util_.obj
 0001:00069580       __add_exp                  1006a580 f   LIBCMTD:_util_.obj
 0001:000695c0       __set_bexp                 1006a5c0 f   LIBCMTD:_util_.obj
 0001:000695f0       __sptype                   1006a5f0 f   LIBCMTD:_util_.obj
 0001:00069670       __decomp                   1006a670 f   LIBCMTD:_util_.obj
 0001:000697a0       __statfp                   1006a7a0 f   LIBCMTD:_fpctrl_.obj
 0001:000697c0       __clrfp                    1006a7c0 f   LIBCMTD:_fpctrl_.obj
 0001:000697e0       __ctrlfp                   1006a7e0 f   LIBCMTD:_fpctrl_.obj
 0001:00069810       __set_statfp               1006a810 f   LIBCMTD:_fpctrl_.obj
 0001:00069880       ___get_fpsr_sse2           1006a880 f   LIBCMTD:_fpctrl_.obj
 0001:000698b0       ___set_fpsr_sse2           1006a8b0 f   LIBCMTD:_fpctrl_.obj
 0001:00069990       ___fclrf_sse2              1006a990 f   LIBCMTD:_fpctrl_.obj
 0001:000699b0       ___statfp_sse2             1006a9b0 f   LIBCMTD:_fpctrl_.obj
 0001:000699e0       ___clrfp_sse2              1006a9e0 f   LIBCMTD:_fpctrl_.obj
 0001:00069a20       ___ctrlfp_sse2             1006aa20 f   LIBCMTD:_fpctrl_.obj
 0001:00069a80       ___set_statfp_sse2         1006aa80 f   LIBCMTD:_fpctrl_.obj
 0001:00069ab0       __CIacos_pentium4          1006aab0 f   LIBCMTD:_acos_pentium4_.obj
 0001:00069ac8       __acos_pentium4            1006aac8     LIBCMTD:_acos_pentium4_.obj
 0001:0006a010       __input_l                  1006b010 f   LIBCMTD:input.obj
 0001:0006b890       __INTRN_LOCALE_CONV        1006c890 f i LIBCMTD:input.obj
 0001:0006b9c0       __input_s_l                1006c9c0 f   LIBCMTD:inputs.obj
 0001:0006d700       ___crtLCMapStringA         1006e700 f   LIBCMTD:a_map.obj
 0001:0006d9f0       __MarkAllocaS              1006e9f0 f i LIBCMTD:a_map.obj
 0001:0006da20       __freea                    1006ea20 f i LIBCMTD:a_map.obj
 0001:0006dae0       __isleadbyte_l             1006eae0 f i LIBCMTD:_wctype.obj
 0001:0006db30       _isleadbyte                1006eb30 f i LIBCMTD:_wctype.obj
 0001:0006db50       __iswalpha_l               1006eb50 f i LIBCMTD:_wctype.obj
 0001:0006db70       _iswalpha                  1006eb70 f i LIBCMTD:_wctype.obj
 0001:0006db90       __iswupper_l               1006eb90 f i LIBCMTD:_wctype.obj
 0001:0006dbb0       _iswupper                  1006ebb0 f i LIBCMTD:_wctype.obj
 0001:0006dbd0       __iswlower_l               1006ebd0 f i LIBCMTD:_wctype.obj
 0001:0006dbf0       _iswlower                  1006ebf0 f i LIBCMTD:_wctype.obj
 0001:0006dc10       __iswdigit_l               1006ec10 f i LIBCMTD:_wctype.obj
 0001:0006dc30       _iswdigit                  1006ec30 f i LIBCMTD:_wctype.obj
 0001:0006dc50       __iswxdigit_l              1006ec50 f i LIBCMTD:_wctype.obj
 0001:0006dc70       _iswxdigit                 1006ec70 f i LIBCMTD:_wctype.obj
 0001:0006dc90       __iswspace_l               1006ec90 f i LIBCMTD:_wctype.obj
 0001:0006dcb0       _iswspace                  1006ecb0 f i LIBCMTD:_wctype.obj
 0001:0006dcd0       __iswpunct_l               1006ecd0 f i LIBCMTD:_wctype.obj
 0001:0006dcf0       _iswpunct                  1006ecf0 f i LIBCMTD:_wctype.obj
 0001:0006dd10       __iswalnum_l               1006ed10 f i LIBCMTD:_wctype.obj
 0001:0006dd30       _iswalnum                  1006ed30 f i LIBCMTD:_wctype.obj
 0001:0006dd50       __iswprint_l               1006ed50 f i LIBCMTD:_wctype.obj
 0001:0006dd70       _iswprint                  1006ed70 f i LIBCMTD:_wctype.obj
 0001:0006dd90       __iswgraph_l               1006ed90 f i LIBCMTD:_wctype.obj
 0001:0006ddb0       _iswgraph                  1006edb0 f i LIBCMTD:_wctype.obj
 0001:0006ddd0       __iswcntrl_l               1006edd0 f i LIBCMTD:_wctype.obj
 0001:0006ddf0       _iswcntrl                  1006edf0 f i LIBCMTD:_wctype.obj
 0001:0006de10       _iswascii                  1006ee10 f i LIBCMTD:_wctype.obj
 0001:0006de30       __iswcsym_l                1006ee30 f i LIBCMTD:_wctype.obj
 0001:0006de70       ___iswcsym                 1006ee70 f i LIBCMTD:_wctype.obj
 0001:0006deb0       __iswcsymf_l               1006eeb0 f i LIBCMTD:_wctype.obj
 0001:0006def0       ___iswcsymf                1006eef0 f i LIBCMTD:_wctype.obj
 0001:0006df30       __CItan_pentium4           1006ef30 f   LIBCMTD:_tan_pentium4_.obj
 0001:0006df48       __tan_pentium4             1006ef48     LIBCMTD:_tan_pentium4_.obj
 0001:0006e1ac       __fFATN2                   1006f1ac     LIBCMTD:_87triga_.obj
 0001:0006e1fc       __rtpiby2                  1006f1fc     LIBCMTD:_87triga_.obj
 0001:0006e240       __cintrindisp2             1006f240 f   LIBCMTD:_87cdisp_.obj
 0001:0006e27e       __cintrindisp1             1006f27e f   LIBCMTD:_87cdisp_.obj
 0001:0006e2bb       __ctrandisp2               1006f2bb f   LIBCMTD:_87cdisp_.obj
 0001:0006e44a       __ctrandisp1               1006f44a f   LIBCMTD:_87cdisp_.obj
 0001:0006e47d       __fload                    1006f47d f   LIBCMTD:_87cdisp_.obj
 0001:0006e4c0       __ceil_default             1006f4c0 f   LIBCMTD:_ceil_.obj
 0001:0006e600       __CIatan_pentium4          1006f600 f   LIBCMTD:_atan_pentium4_.obj
 0001:0006e618       __atan_pentium4            1006f618     LIBCMTD:_atan_pentium4_.obj
 0001:0006e8f0       __CIasin_pentium4          1006f8f0 f   LIBCMTD:_asin_pentium4_.obj
 0001:0006e908       __asin_pentium4            1006f908     LIBCMTD:_asin_pentium4_.obj
 0001:0006ee70       __CIexp_pentium4           1006fe70 f   LIBCMTD:_exp_pentium4_.obj
 0001:0006ee88       __exp_pentium4             1006fe88     LIBCMTD:_exp_pentium4_.obj
 0001:0006f141       __fFEXP                    10070141     LIBCMTD:_87tran_.obj
 0001:0006f198       __rtinfpopse               10070198     LIBCMTD:_87tran_.obj
 0001:0006f19a       __rtinfnpopse              1007019a     LIBCMTD:_87tran_.obj
 0001:0006f1aa       __fFLN                     100701aa     LIBCMTD:_87tran_.obj
 0001:0006f25f       __rtinfpop                 1007025f     LIBCMTD:_87tran_.obj
 0001:0006f261       __rtinfnpop                10070261     LIBCMTD:_87tran_.obj
 0001:0006f27e       __ffexpm1                  1007027e     LIBCMTD:_87tran_.obj
 0001:0006f330       __flsbuf                   10070330 f   LIBCMTD:_flsbuf.obj
 0001:0006f5f0       __output_l                 100705f0 f   LIBCMTD:output.obj
 0001:00070a60       _get_int_arg               10071a60 f i LIBCMTD:output.obj
 0001:00070a80       _get_int64_arg             10071a80 f i LIBCMTD:output.obj
[...]
 0001:0003b7d0       ?CG_TestLights@@YAXXZ      1003c7d0 f   cg_test.obj
 0001:0003baf0       ?trap_Cmd_ExecuteText@@YAXHPBD@Z 1003caf0 f   cg_view.obj
 0001:0003c410       ?trap_R_AddEntityToScene@@YAXPBUentity_s@@@Z 1003d410 f   cg_view.obj
 0001:0003c440       ?trap_R_SkeletalGetNumBones@@YAHPBUmodel_s@@PAH@Z 1003d440 f   cg_view.obj
 0001:0003cc00       ?CG_CalcViewBob@@YAXXZ     1003dc00 f   cg_view.obj
 0001:0003ce40       ?CG_InterpolatePlayerState@@YAXPAUplayer_state_t@@@Z 1003de40 f   cg_view.obj
 0001:0003d030       ?CG_ThirdPersonOffsetView@@YAXPAUcg_viewdef_t@@@Z 1003e030 f   cg_view.obj
 0001:0003d4c0       ?trap_Cvar_Get@@YAPAUcvar_s@@PBD0H@Z 1003e4c0 f   cg_view.obj
 0001:0003dc60       ?trap_R_ClearScene@@YAXXZ  1003ec60 f   cg_view.obj
 0001:0003dc80       ?trap_R_RenderScene@@YAXPBUrefdef_s@@@Z 1003ec80 f   cg_view.obj
 0001:0003dcb0       ?trap_R_DrawStretchPic@@YAXHHHHMMMMQBMPAUshader_s@@@Z 1003ecb0 f   cg_view.obj
 0001:0003dd10       ?trap_S_Update@@YAXQBM00PBD@Z 1003ed10 f   cg_view.obj
 0001:0003dd40       ?CG_AddLocalSounds@@YAXXZ  1003ed40 f   cg_view.obj
 0001:0003df70       ?trap_S_RegisterSound@@YAPAUsfx_s@@PBD@Z 1003ef70 f   cg_view.obj
 0001:0003dfa0       ?trap_S_StartBackgroundTrack@@YAXPBD0@Z 1003efa0 f   cg_view.obj
 0001:0003dfd0       ?trap_S_StopBackgroundTrack@@YAXXZ 1003efd0 f   cg_view.obj
 0001:0003dff0       ?CG_FlashGameWindow@@YAXXZ 1003eff0 f   cg_view.obj
 0001:0003e100       ?trap_VID_FlashWindow@@YAXH@Z 1003f100 f   cg_view.obj
 0001:0003e130       ?CG_RenderFlags@@YAHXZ     1003f130 f   cg_view.obj
 0001:0003e270       ?CG_ChaseCamButtons@@YAXXZ 1003f270 f   cg_view.obj
 0001:0003e4e0       ?trap_NET_GetUserCmd@@YAXHPAUusercmd_s@@@Z 1003f4e0 f   cg_view.obj
 0001:0003e510       ?trap_NET_GetCurrentUserCmdNum@@YAHXZ 1003f510 f   cg_view.obj
 0001:0003ea20       ?CG_ViewWeapon_baseanimFromWeaponState@@YAHH@Z 1003fa20 f   cg_vweap.obj
 0001:0003f040       ?CG_ViewWeapon_UpdateProjectionSource@@YAXQAM000@Z 10040040 f   cg_vweap.obj
 0001:0003f250       ?CG_ViewWeapon_AddAngleEffects@@YAXQAM@Z 10040250 f   cg_vweap.obj
 0001:0003f9b0       ?CG_WeaponModelUpdateRegistration@@YA_NPAUweaponinfo_s@@PAD@Z 100409b0 f   cg_wmodels.obj
 0001:0003fbb0       ?CG_vWeap_ParseAnimationScript@@YA_NPAUweaponinfo_s@@PAD@Z 10040bb0 f   cg_wmodels.obj
 0001:00040610       ?trap_FS_FOpenFile@@YAHPBDPAHH@Z 10041610 f   cg_wmodels.obj
 0001:00040640       ?trap_FS_Read@@YAHPAXIH@Z  10041640 f   cg_wmodels.obj
 0001:00040670       ?trap_FS_FCloseFile@@YAXH@Z 10041670 f   cg_wmodels.obj
 0001:000406a0       ?trap_S_RegisterSound@@YAPAUsfx_s@@PBD@Z 100416a0 f   cg_wmodels.obj
 0001:000406d0       ?trap_MemAlloc@@YAPAXIPBDH@Z 100416d0 f   cg_wmodels.obj
 0001:00040700       ?trap_MemFree@@YAXPAXPBDH@Z 10041700 f   cg_wmodels.obj
 0001:00040730       ?CG_CreateHandDefaultAnimations@@YAXPAUweaponinfo_s@@@Z 10041730 f   cg_wmodels.obj
 0001:000408f0       ?CG_BuildProjectionOrigin@@YAXPAUweaponinfo_s@@@Z 100418f0 f   cg_wmodels.obj
 0001:00040b30       ?CG_FindWeaponModelSpot@@YAPAUweaponinfo_s@@PAD@Z 10041b30 f   cg_wmodels.obj
 0001:00041a50       ?GS_Cmd_UseWeaponStep_f@@YAPAUgitem_s@@PAUplayer_state_t@@HH@Z 10042a50 f   gs_items.obj
 0001:00042a00       ?GS_SetBaseAnims@@YAXPAUpm_anim_t@@H@Z 10043a00 f   gs_players.obj
 0001:00042a80       ?GS_SetBaseAnimUpper@@YAXPAUpm_anim_t@@H@Z 10043a80 f   gs_players.obj
 0001:00042b30       ?GS_SetBaseAnimLower@@YAXPAUpm_anim_t@@@Z 10043b30 f   gs_players.obj
 0001:00043f20       ?PM_StepSlideMove@@YAXXZ   10044f20 f   gs_pmove.obj
 0001:00044330       ?PM_SlideMove@@YAHXZ       10045330 f   gs_pmove.obj
 0001:00044bb0       ?PM_AddTouchEnt@@YAXH@Z    10045bb0 f   gs_pmove.obj
 0001:00044c40       ?PM_Friction@@YAXXZ        10045c40 f   gs_pmove.obj
 0001:00044e10       ?PM_WaterMove@@YAXXZ       10045e10 f   gs_pmove.obj
 0001:00044fc0       ?PM_Accelerate@@YAXQAMMM@Z 10045fc0 f   gs_pmove.obj
 0001:00045080       ?PM_AddCurrents@@YAXQAM@Z  10046080 f   gs_pmove.obj
 0001:000452a0       ?PM_Move@@YAXXZ            100462a0 f   gs_pmove.obj
 0001:000459f0       ?PM_AirAccelerate@@YAXQAMM@Z 100469f0 f   gs_pmove.obj
 0001:00045d10       ?PM_Aircontrol@@YAXPAUpmove_t@@QAMM@Z 10046d10 f   gs_pmove.obj
 0001:00045ea0       ?PM_CategorizePosition@@YAXXZ 10046ea0 f   gs_pmove.obj
 0001:00046250       ?PM_ClearDash@@YAXXZ       10047250 f   gs_pmove.obj
 0001:00046280       ?PM_ClearWallJump@@YAXXZ   10047280 f   gs_pmove.obj
 0001:000462d0       ?PM_ClearStun@@YAXXZ       100472d0 f   gs_pmove.obj
 0001:000462f0       ?PM_CheckJump@@YAXXZ       100472f0 f   gs_pmove.obj
 0001:000464f0       ?PM_CheckDash@@YAXXZ       100474f0 f   gs_pmove.obj
 0001:00046940       ?VectorNormalize2D@@YAMQAM@Z 10047940 f   gs_pmove.obj
 0001:000469d0       ?PM_CheckWallJump@@YAXXZ   100479d0 f   gs_pmove.obj
 0001:00047280       ?PlayerTouchWall@@YAXHMPAY02M@Z 10048280 f   gs_pmove.obj
 0001:00047590       ?PM_CheckSpecialMovement@@YAXXZ 10048590 f   gs_pmove.obj
 0001:000477f0       ?PM_FlyMove@@YAXW4qboolean@@@Z 100487f0 f   gs_pmove.obj
 0001:00047c80       ?PM_CheckZoom@@YAXXZ       10048c80 f   gs_pmove.obj
 0001:00047e60       ?PM_AdjustBBox@@YAXXZ      10048e60 f   gs_pmove.obj
 0001:00048710       ?PM_SnapPosition@@YAXXZ    10049710 f   gs_pmove.obj
 0001:000489e0       ?PM_GoodPosition@@YA?AW4qboolean@@QAH@Z 100499e0 f   gs_pmove.obj
 0001:00048b20       ?PM_InitialSnapPosition@@YAXXZ 10049b20 f   gs_pmove.obj
 0001:00048d40       ?PM_UpdateDeltaAngles@@YAXXZ 10049d40 f   gs_pmove.obj
 0001:00048dd0       ?PM_ApplyMouseAnglesClamp@@YAXXZ 10049dd0 f   gs_pmove.obj
 0001:000490e0       ?GS_GoodPosition@@YA?AW4qboolean@@QAHQAM1HH@Z 1004a0e0 f   gs_slidebox.obj
 0001:00049890       ?GS_ClearClippingPlanes@@YAXPAUmove_t@@@Z 1004a890 f   gs_slidebox.obj
 0001:000498a0       ?GS_ClipVelocityToClippingPlanes@@YAXPAUmove_t@@@Z 1004a8a0 f   gs_slidebox.obj
 0001:00049950       ?GS_SlideMoveClipMove@@YAHPAUmove_t@@@Z 1004a950 f   gs_slidebox.obj
 0001:00049c00       ?GS_AddTouchEnt@@YAXPAUmove_t@@H@Z 1004ac00 f   gs_slidebox.obj
 0001:00049c90       ?GS_AddClippingPlane@@YAXPAUmove_t@@QBM@Z 1004ac90 f   gs_slidebox.obj
 0001:0004b1f0       ?GS_CheckBladeAutoAttack@@YA?AW4qboolean@@PAUplayer_state_t@@H@Z 1004c1f0 f   gs_weapons.obj
 0001:0004f580       ?DualQuat_SetVector@@YAXQAMQBM@Z 10050580 f   q_math.obj
 0001:000521c0       ?Info_ValidateKey@@YA?AW4qboolean@@PBD@Z 100531c0 f   q_shared.obj
 0001:00052260       ?Info_FindKey@@YAPADPBD0@Z 10053260 f   q_shared.obj
 0001:00052690       ?Info_ValidateValue@@YA?AW4qboolean@@PBD@Z 10053690 f   q_shared.obj
 0001:00054090       _swprintf                  10055090 f   LIBCMTD:wassert.obj
 0001:00055690       _cmpBYTE                   10056690 f   LIBCMTD:memcmp.obj
 0001:000556c0       _cmpResult                 100566c0 f   LIBCMTD:memcmp.obj
 0001:000556e0       _unaligned_memcmp          100566e0 f   LIBCMTD:memcmp.obj
 0001:00055df0       _cmpWORD                   10056df0 f   LIBCMTD:memcmp.obj
 0001:00055e70       _cmpDWORD                  10056e70 f   LIBCMTD:memcmp.obj
 0001:00056530       _shortsort                 10057530 f   LIBCMTD:qsort.obj
 0001:000565a0       _swap                      100575a0 f   LIBCMTD:qsort.obj
 0001:00056b80       _vscan_fn                  10057b80 f   LIBCMTD:sscanf.obj
 0001:00058cf0       ___DllMainCRTStartup       10059cf0 f   LIBCMTD:dllcrt0.obj
 0001:00058f10       ?failwithmessage@@YAXPAXHHPBD@Z 10059f10 f   LIBCMTD:_error_.obj
 0001:00059130       ?DebuggerProbe@@YAHK@Z     1005a130 f   LIBCMTD:_error_.obj
 0001:000591c0       ?DebuggerRuntime@@YAHKHPAXPB_W@Z 1005a1c0 f   LIBCMTD:_error_.obj
 0001:000594a0       ?_getMemBlockDataString@@YAXPAD00I@Z 1005a4a0 f   LIBCMTD:_error_.obj
 0001:00059e20       __cftoe2_l                 1005ae20 f   LIBCMTD:cvt.obj
 0001:0005aba0       __cftof2_l                 1005bba0 f   LIBCMTD:cvt.obj
 0001:0005b180       __shift                    1005c180 f   LIBCMTD:cvt.obj
 0001:0005b490       _doexit                    1005c490 f   LIBCMTD:crt0dat.obj
 0001:0005b780       __initterm                 1005c780 f   LIBCMTD:crt0dat.obj
 0001:0005bdb0       _ctrlevent_capture@4       1005cdb0 f   LIBCMTD:winsig.obj
 0001:0005c1b0       _siglookup                 1005d1b0 f   LIBCMTD:winsig.obj
 0001:0005c4d0       _xtow_s@20                 1005d4d0 f   LIBCMTD:xtows.obj
 0001:0005c900       @x64tow_s@24               1005d900 f   LIBCMTD:xtows.obj
 0001:0005de60       _flsall                    1005ee60 f   LIBCMTD:fflush.obj
 0001:000604c0       ?getSystemCP@@YAHH@Z       100614c0 f   LIBCMTD:mbctype.obj
 0001:00060920       ?CPtoLCID@@YAHH@Z          10061920 f   LIBCMTD:mbctype.obj
 0001:000609a0       ?setSBCS@@YAXPAUthreadmbcinfostruct@@@Z 100619a0 f   LIBCMTD:mbctype.obj
 0001:00060a80       ?setSBUpLow@@YAXPAUthreadmbcinfostruct@@@Z 10061a80 f   LIBCMTD:mbctype.obj
 0001:000621e0       __copytlocinfo_nolock      100631e0 f   LIBCMTD:setlocal.obj
 0001:000625e0       _sync_legacy_variables_lk  100635e0 f   LIBCMTD:setlocal.obj
 0001:00062620       __setlocale_nolock         10063620 f   LIBCMTD:setlocal.obj
 0001:00062a10       __setlocale_set_cat        10063a10 f   LIBCMTD:setlocal.obj
 0001:00062f40       __setlocale_get_all        10063f40 f   LIBCMTD:setlocal.obj
 0001:00063920       ?strtoxl@@YAKPAUlocaleinfo_struct@@PBDPAPBDHH@Z 10064920 f   LIBCMTD:strtol.obj
 0001:00063f00       ?strtoxq@@YA_KPAUlocaleinfo_struct@@PBDPAPBDHH@Z 10064f00 f   LIBCMTD:strtoq.obj
 0001:000645f0       __tzset_nolock             100655f0 f   LIBCMTD:tzset.obj
 0001:00064c00       __isindst_nolock           10065c00 f   LIBCMTD:tzset.obj
 0001:00064f60       _cvtdate                   10065f60 f   LIBCMTD:tzset.obj
 0001:00069450       __get_fname                1006a450 f   LIBCMTD:_fpexcept_.obj
 0001:0006b790       ___check_float_string      1006c790 f   LIBCMTD:input.obj
 0001:0006b8b0       __hextodec                 1006c8b0 f   LIBCMTD:input.obj
 0001:0006b8f0       __inc                      1006c8f0 f   LIBCMTD:input.obj
 0001:0006b950       __un_inc                   1006c950 f   LIBCMTD:input.obj
 0001:0006b970       __whiteout                 1006c970 f   LIBCMTD:input.obj
 0001:0006d4f0       ___check_float_string      1006e4f0 f   LIBCMTD:inputs.obj
 0001:0006d5f0       __hextodec                 1006e5f0 f   LIBCMTD:inputs.obj
 0001:0006d630       __inc                      1006e630 f   LIBCMTD:inputs.obj
 0001:0006d690       __un_inc                   1006e690 f   LIBCMTD:inputs.obj
 0001:0006d6b0       __whiteout                 1006e6b0 f   LIBCMTD:inputs.obj
 0001:0006d760       ?__crtLCMapStringA_stat@@YAHPAUlocaleinfo_struct@@KKPBDHPADHHH@Z 1006e760 f   LIBCMTD:a_map.obj
 0001:0006da90       ?strncnt@@YAHPBDH@Z        1006ea90 f   LIBCMTD:a_map.obj
 0001:000708c0       _write_char                100718c0 f   LIBCMTD:output.obj
 0001:00070970       _write_multi_char          10071970 f   LIBCMTD:output.obj
 0001:000709b0       _write_string              100719b0 f   LIBCMTD:output.obj
 0001:00071910       __nh_malloc_dbg_impl       10072910 f   LIBCMTD:dbgheap.obj
 0001:000719b0       __heap_alloc_dbg_impl      100729b0 f   LIBCMTD:dbgheap.obj
 0001:00071f80       _realloc_help              10072f80 f   LIBCMTD:dbgheap.obj
 0001:00073040       _CheckBytes                10074040 f   LIBCMTD:dbgheap.obj
 0001:00073e00       ?_CrtMemDumpAllObjectsSince_stat@@YAXPBU_CrtMemState@@PAUlocaleinfo_struct@@@Z 10074e00 f   LIBCMTD:dbgheap.obj
 0001:00074110       __printMemBlockData        10075110 f   LIBCMTD:dbgheap.obj
 0001:00075510       _parse_cmdline             10076510 f   LIBCMTD:stdargv.obj
 0001:00075c30       _ValidateLocalCookies      10076c30 f   LIBCMTD:chandler4.obj
 0001:00075fa0       _xcptlookup                10076fa0 f   LIBCMTD:winxfltr.obj
 0001:000762d0       ?GetPdbDll@@YAPAUHINSTANCE__@@XZ 100772d0 f   LIBCMTD:_pdblkup_.obj
 0001:000763c0       ?GetPdbDllFromInstallPath@@YAPAUHINSTANCE__@@XZ 100773c0 f   LIBCMTD:_pdblkup_.obj
 0001:00076580       ?GetPdbDllPathFromFilePath@@YAHPB_WPA_WI@Z 10077580 f   LIBCMTD:_pdblkup_.obj
 0001:00077bb0       __onexit_nolock            10078bb0 f   LIBCMTD:onexit.obj
 0001:0007b120       _write_char                1007c120 f   LIBCMTD:woutput.obj
 0001:0007b180       _write_multi_char          1007c180 f   LIBCMTD:woutput.obj
 0001:0007b1c0       _write_string              1007c1c0 f   LIBCMTD:woutput.obj
 0001:0007c8d0       _write_char                1007d8d0 f   LIBCMTD:woutputs.obj
 0001:0007c930       _write_multi_char          1007d930 f   LIBCMTD:woutputs.obj
 0001:0007c970       _write_string              1007d970 f   LIBCMTD:woutputs.obj
 0001:000802d0       _write_char                100812d0 f   LIBCMTD:woutputp.obj
 0001:00080330       _write_multi_char          10081330 f   LIBCMTD:woutputp.obj
 0001:00080370       _write_string              10081370 f   LIBCMTD:woutputp.obj
 0001:00081fb0       ?CatchGuardHandler@@YA?AW4_EXCEPTION_DISPOSITION@@PAUEHExceptionRecord@@PAUCatchGuardRN@@PAX2@Z 10082fb0 f   LIBCMTD:_trnsctrl_.obj
 0001:000820f0       ?TranslatorGuardHandler@@YA?AW4_EXCEPTION_DISPOSITION@@PAUEHExceptionRecord@@PAUTranslatorGuardRN@@PAX2@Z 100830f0 f   LIBCMTD:_trnsctrl_.obj
 0001:00082340       ?__crtGetStringTypeA_stat@@YAHPAUlocaleinfo_struct@@KPBDHPAGHHH@Z 10083340 f   LIBCMTD:a_str.obj
 0001:00082540       __get_lc_time              10083540 f   LIBCMTD:inittime.obj
 0001:00083b20       _fix_grouping              10084b20 f   LIBCMTD:initnum.obj
 0001:000841c0       _fix_grouping              100851c0 f   LIBCMTD:initmon.obj
 0001:000856e0       _TranslateName             100866e0 f   LIBCMTD:getqloc.obj
 0001:00085770       _GetLcidFromLangCountry    10086770 f   LIBCMTD:getqloc.obj
 0001:00085830       _LangCountryEnumProc@4     10086830 f   LIBCMTD:getqloc.obj
 0001:00085c70       _GetLcidFromLanguage       10086c70 f   LIBCMTD:getqloc.obj
 0001:00085cf0       _LanguageEnumProc@4        10086cf0 f   LIBCMTD:getqloc.obj
 0001:00085e90       _GetLcidFromCountry        10086e90 f   LIBCMTD:getqloc.obj
 0001:00085ee0       _CountryEnumProc@4         10086ee0 f   LIBCMTD:getqloc.obj
 0001:00085fe0       _GetLcidFromDefault        10086fe0 f   LIBCMTD:getqloc.obj
 0001:00086020       _ProcessCodePage           10087020 f   LIBCMTD:getqloc.obj
 0001:000860d0       _TestDefaultCountry        100870d0 f   LIBCMTD:getqloc.obj
 0001:00086120       _TestDefaultLanguage       10087120 f   LIBCMTD:getqloc.obj
 0001:000861a0       _LcidFromHexString         100871a0 f   LIBCMTD:getqloc.obj
 0001:00086220       _GetPrimaryLen             10087220 f   LIBCMTD:getqloc.obj
 0001:000865d0       __getenv_s_helper          100875d0 f   LIBCMTD:getenv.obj
 0001:00086840       __dupenv_s_helper          10087840 f   LIBCMTD:getenv.obj
 0001:00089170       __is_LFH_enabled           1008a170 f   LIBCMTD:expand.obj
 0001:000899f0       ?x_ismbbtype_l@@YAHPAUlocaleinfo_struct@@IHH@Z 1008a9f0 f   LIBCMTD:ismbbyte.obj
 0001:00089b50       __unwind_handler4          1008ab50 f   LIBCMTD:exsup4.obj
 0001:0008ab70       __abstract_cw              1008bb70 f   LIBCMTD:_ieee87_.obj
 0001:0008acc0       __hw_cw                    1008bcc0 f   LIBCMTD:_ieee87_.obj
 0001:0008ae20       __abstract_sw              1008be20 f   LIBCMTD:_ieee87_.obj
 0001:0008aeb0       ___statusfp_sse2           1008beb0 f   LIBCMTD:_ieee87_.obj
 0001:0008aed0       ___clearfp_sse2            1008bed0 f   LIBCMTD:_ieee87_.obj
 0001:0008af00       ___control87_sse2          1008bf00 f   LIBCMTD:_ieee87_.obj
 0001:0008af80       ___abstract_cw_sse2        1008bf80 f   LIBCMTD:_ieee87_.obj
 0001:0008b0d0       ___hw_cw_sse2              1008c0d0 f   LIBCMTD:_ieee87_.obj
 0001:0008b220       ___abstract_sw_sse2        1008c220 f   LIBCMTD:_ieee87_.obj
 0001:0008b2b0       ___fpreset_sse2            1008c2b0 f   LIBCMTD:_ieee87_.obj
 0001:0008b8d0       ?__crtGetLocaleInfoA_stat@@YAHPAUlocaleinfo_struct@@KKPADH@Z 1008c8d0 f   LIBCMTD:a_loc.obj
 0001:0008de50       _write_char                1008ee50 f   LIBCMTD:outputs.obj
 0001:0008df00       _write_multi_char          1008ef00 f   LIBCMTD:outputs.obj
 0001:0008df40       _write_string              1008ef40 f   LIBCMTD:outputs.obj
 0001:00091cd0       _write_char                10092cd0 f   LIBCMTD:outputp.obj
 0001:00091d80       _write_multi_char          10092d80 f   LIBCMTD:outputp.obj
 0001:00091dc0       _write_string              10092dc0 f   LIBCMTD:outputp.obj
 0001:00091eb0       ?wcstoxl@@YAKPB_WPAPB_WHH@Z 10092eb0 f   LIBCMTD:wcstol.obj
 0001:00093430       _xtoa_s@20                 10094430 f   LIBCMTD:xtoas.obj
 0001:00093850       @x64toa_s@24               10094850 f   LIBCMTD:xtoas.obj
 0001:00094100       ?wcsncnt@@YAIPB_WI@Z       10095100 f   LIBCMTD:wcstombs.obj
 0001:000949f0       ?FindHandler@@YAXPAUEHExceptionRecord@@PAUEHRegistrationNode@@PAU_CONTEXT@@PAXPBU_s_FuncInfo@@EH1@Z 100959f0 f   LIBCMTD:frame.obj
 0001:00094f40       ?FindHandlerForForeignException@@YAXPAUEHExceptionRecord@@PAUEHRegistrationNode@@PAU_CONTEXT@@PAXPBU_s_FuncInfo@@HH1@Z 10095f40 f   LIBCMTD:frame.obj
 0001:00095380       ?CatchIt@@YAXPAUEHExceptionRecord@@PAUEHRegistrationNode@@PAU_CONTEXT@@PAXPBU_s_FuncInfo@@PBU_s_HandlerType@@PBU_s_CatchableType@@PBU_s_TryBlockMapEntry@@H1E@Z 10096380 f   LIBCMTD:frame.obj
 0001:00095440       ?CallCatchBlock@@YAPAXPAUEHExceptionRecord@@PAUEHRegistrationNode@@PAU_CONTEXT@@PBU_s_FuncInfo@@PAXHK@Z 10096440 f   LIBCMTD:frame.obj
 0001:000956d0       ?ExFilterRethrow@@YAHPAU_EXCEPTION_POINTERS@@@Z 100966d0 f   LIBCMTD:frame.obj
 0001:00096340       ?IsInExceptionSpec@@YAEPAUEHExceptionRecord@@PBU_s_ESTypeList@@@Z 10097340 f   LIBCMTD:frame.obj
 0001:00096400       ?CallUnexpected@@YAXPBU_s_ESTypeList@@@Z 10097400 f   LIBCMTD:frame.obj
 0001:0009644e       __catch$?CallUnexpected@@YAXPBU_s_ESTypeList@@@Z$0 1009744e f   LIBCMTD:frame.obj
 0001:00096490       ?Is_bad_exception_allowed@@YAEPBU_s_ESTypeList@@@Z 10097490 f   LIBCMTD:frame.obj
 0001:00098730       __unwind_handler           10099730 f   LIBCMTD:exsup.obj
 0001:00099a70       ?__crtCompareStringA_stat@@YAHPAUlocaleinfo_struct@@KKPBDH1HH@Z 1009aa70 f   LIBCMTD:a_cmp.obj
 0001:00099e00       ?strncnt@@YAHPBDH@Z        1009ae00 f   LIBCMTD:a_cmp.obj
 0001:0009a5c0       _findenv                   1009b5c0 f   LIBCMTD:setenv.obj
 0001:0009a640       _copy_environ              1009b640 f   LIBCMTD:setenv.obj
 0001:000a46e0       ?und_strlen@@YAIPBD@Z      100a56e0 f   LIBCMTD:undname.obj
 0001:000a4720       ?und_memcpy@@YAXPADPBDI@Z  100a5720 f   LIBCMTD:undname.obj
 0001:000a4760       ?und_strncmp@@YAIPBD0I@Z   100a5760 f   LIBCMTD:undname.obj
 0001:000a4a60       __unwindfunclet$?getSystemCP@@YAHH@Z$0 100a5a60 f   LIBCMTD:mbctype.obj
 0001:000a4a68       __ehhandler$?getSystemCP@@YAHH@Z 100a5a68 f   LIBCMTD:mbctype.obj
 0001:000a4a90       __unwindfunclet$?strtoxl@@YAKPAUlocaleinfo_struct@@PBDPAPBDHH@Z$0 100a5a90 f   LIBCMTD:strtol.obj
 0001:000a4a98       __ehhandler$?strtoxl@@YAKPAUlocaleinfo_struct@@PBDPAPBDHH@Z 100a5a98 f   LIBCMTD:strtol.obj
 0001:000a4ac0       __unwindfunclet$?strtoxq@@YA_KPAUlocaleinfo_struct@@PBDPAPBDHH@Z$0 100a5ac0 f   LIBCMTD:strtoq.obj
 0001:000a4ac8       __ehhandler$?strtoxq@@YA_KPAUlocaleinfo_struct@@PBDPAPBDHH@Z 100a5ac8 f   LIBCMTD:strtoq.obj
 0001:000a4af0       __unwindfunclet$?x_ismbbtype_l@@YAHPAUlocaleinfo_struct@@IHH@Z$0 100a5af0 f   LIBCMTD:ismbbyte.obj
 0001:000a4af8       __ehhandler$?x_ismbbtype_l@@YAHPAUlocaleinfo_struct@@IHH@Z 100a5af8 f   LIBCMTD:ismbbyte.obj
 0001:000a4b20       __ehhandler$?CallUnexpected@@YAXPBU_s_ESTypeList@@@Z 100a5b20 f   LIBCMTD:frame.obj
 0001:000a4b40       __unwindfunclet$?make@DNameStatusNode@@SAPAV1@W4DNameStatus@@@Z$0 100a5b40 f   LIBCMTD:undname.obj
 0001:000a4b4e       __ehhandler$?make@DNameStatusNode@@SAPAV1@W4DNameStatus@@@Z 100a5b4e f   LIBCMTD:undname.obj
